{
  "ping -c 4 www.google.com": "PING forcesafesearch.google.com (216.239.38.120) 56(84) bytes of data.\r\n64 bytes from any-in-2678.1e100.net (216.239.38.120): icmp_req=1 ttl=116 time=5.64 ms\r\n64 bytes from any-in-2678.1e100.net (216.239.38.120): icmp_req=2 ttl=116 time=5.42 ms\r\n64 bytes from any-in-2678.1e100.net (216.239.38.120): icmp_req=3 ttl=116 time=6.11 ms\r\n64 bytes from any-in-2678.1e100.net (216.239.38.120): icmp_req=4 ttl=116 time=5.80 ms\r\n\r\n--- forcesafesearch.google.com ping statistics ---\r\n4 packets transmitted, 4 received, 0% packet loss, time 3005ms\r\nrtt min/avg/max/mdev = 5.427/5.747/6.113/0.261 ms",
  "ping -c 4 142.250.203.174": "PING 142.250.203.174 (142.250.203.174) 56(84) bytes of data.\r\n64 bytes from 142.250.203.174: icmp_req=1 ttl=117 time=6.05 ms\r\n64 bytes from 142.250.203.174: icmp_req=2 ttl=117 time=5.86 ms\r\n64 bytes from 142.250.203.174: icmp_req=3 ttl=117 time=5.63 ms\r\n64 bytes from 142.250.203.174: icmp_req=4 ttl=117 time=5.94 ms\r\n\r\n--- 142.250.203.174 ping statistics ---\r\n4 packets transmitted, 4 received, 0% packet loss, time 3004ms\r\nrtt min/avg/max/mdev = 5.634/5.873/6.059/0.181 ms",
  "ip a": "1: lo: <LOOPBACK,UP,LOWER_UP> mtu 65536 qdisc noqueue state UNKNOWN qlen 1000\r\n    link/loopback 00:00:00:00:00:00 brd 00:00:00:00:00:00\r\n    inet 127.0.0.1/8 scope host lo\r\n       valid_lft forever preferred_lft forever\r\n    inet6 ::1/128 scope host \r\n       valid_lft forever preferred_lft forever\r\n2: eth0@if192: <BROADCAST,MULTICAST,UP,LOWER_UP,M-DOWN> mtu 1500 qdisc noqueue state UP \r\n    link/ether 5a:51:b4:10:76:7b brd ff:ff:ff:ff:ff:ff\r\n    inet 172.18.0.20/24 brd 172.18.0.255 scope global eth0\r\n       valid_lft forever preferred_lft forever",
  "ifconfig": "eth0      Link encap:Ethernet  HWaddr c0:92:e8:a5:17:3d\r\n          inet addr:172.18.0.4  Bcast:172.18.0.255  Mask:255.255.255.0\r\n          inet6 addr: fe64::de:56ff:fe57:2001/64 Scope:Link\r\n          UP BROADCAST RUNNING MULTICAST  MTU:1500  Metric:1\r\n          RX packets:67067 errors:0 dropped:0 overruns:0 frame:0\r\n          TX packets:22784 errors:0 dropped:0 overruns:0 carrier:0\r\n          collisions:0 txqueuelen:1000\r\n          RX bytes:74646165 (74.6 MB)  TX bytes:25359626 (25.4 MB)\r\n\r\n\r\nlo        Link encap:Local Loopback\r\n          inet addr:127.0.0.1  Mask:255.0.0.0\r\n          inet6 addr: ::1/128 Scope:Host\r\n          UP LOOPBACK RUNNING  MTU:65536  Metric:1\r\n          RX packets:38843 errors:0 dropped:0 overruns:0 frame:0\r\n          TX packets:38843 errors:0 dropped:0 overruns:0 carrier:0\r\n          collisions:0 txqueuelen:0\r\n          RX bytes:43233289 (43.2 MB)  TX bytes:43233289 (43.2 MB)",
  "curl www.google.com": "<!doctype html><html dir=\"rtl\" itemscope=\"\" itemtype=\"http://schema.org/WebPage\" lang=\"ar-AE\"><head><meta content=\"text/html; charset=UTF-8\" http-equiv=\"Content-Type\"><meta content=\"/images/branding/googleg/1x/googleg_standard_color_128dp.png\" itemprop=\"image\"><title>Google</title><script nonce=\"WQx2SL9Dx7UbJwSpqygj9g\">(function(){var _g={kEI:'Po81acyvH8y_5OUPsYWUmAU',kEXPI:'0,1304225,5,2935815,48791,30022,16105,78218,266578,238459,5294136,12,92,111,17,3,36811538,25228681,209509,8044,30629,9139,4599,328,6225,1117,49459,12880,709,61059,28340,48273,6285,9983,748,8149,3118,3,10463,33385,4719,11805,35297,5683,3605,593,20540,2845,3666,9407,20674,1223,1,4371,6292,16179,2747,2,4,1,1164,974,3952,13017,692,3343,10588,4913,793,403,187,4,1379,135,3355,196,571,5243,2,5999,15,238,9670,4384,2,876,21,2208,5089,19,3007,22,774,795,14250,6,8203,1400,425,10513,1031,5337,845,2047,446,1128,3,2842,9,27,8,360,2695,1012,1745,4,2007,10107,2257,1522,1187,7,280,178,432,5,1113,389,4,298,901,1448,5,2507,196,1241,22,27,22,27,22,146,609,15,164,570,298,2415,1396,498,4944,662,613,7,2834,2,2340,93,82,4,6961,237,4,82,33,2539,2,3519,1849,4,963,1649,4,2908,2818,185,1279,251,483,746,5,438,4,22,1345,1,2,827,3,516,371,188,5,243,36,3,2140,3,2760,77,10,215,441,156,2,2,637,1008,195,28,11,3527,16,4,555,774,766,1035,812,484,5,97,187,208,51,604,801,441,5,259,5,197,2366,19,694,749,4,93,4,235,139,140,875,36,126,473,4,16,320,164,139,954,81,111,4,7,903,5,455,113,6,154,5,131,1423,4,443,24,503,462,933,168,298,797,141,398,4,49,44,889,199,3,2,2,2,340,358,273,246,5,1123,36,151,1078,77,621,2,3,2,130,55,93,174,562,247,216,17,325,9,166,59,595,303,190,108,242,259,4,32,4,435,13,203,104,89,22,1123,261,209,91,153,4,1,1405,224,386,276,261,26,17,119,204,1,576,1364,59,352,412,136,415,188,478,4,98,211,447,808,266,75,241,4,338,20,19,66,3,2,2,2,56,5,86,4,1078,1706,632,90,4,418,1565,251,1187,501,1,2,352,17,609,2,3,2,2,2,21017123,18489,5,2992,4,2960,3,2022,6469,2,1562,3,10145,3028,1671,25,55,1140,3,739,6,1082,1387,2,4,2,2462,552,2,1244,4,417,297,87,270,287,3,88,15,635,513,6491850,164,75,43,2558,1980580,1651814,210234,704801,10139420,1,450961,4,540768,65432,1,112,8158,1,3,1900',kBL:'eK8A',kOPI:89978449};(function(){var a;((a=window.google)==null?0:a.stvsc)?google.kEI=_g.kEI:window.google=_g;}).call(this);})();(function(){google.sn='webhp';google.kHL='ar-AE';google.rdn=false;})();(function(){\r\nvar g=this||self;function k(){return window.google&&window.google.kOPI||null};var l,m=[];function n(a){for(var b;a&&(!a.getAttribute||!(b=a.getAttribute(\"eid\")));)a=a.parentNode;return b||l}function p(a){for(var b=null;a&&(!a.getAttribute||!(b=a.getAttribute(\"leid\")));)a=a.parentNode;return b}function q(a){/^http:/i.test(a)&&window.location.protocol===\"https:\"&&(google.ml&&google.ml(Error(\"a\"),!1,{src:a,glmm:1}),a=\"\");return a}\r\nfunction r(a,b,d,c,h){var e=\"\";b.search(\"&ei=\")===-1&&(e=\"&ei=\"+n(c),b.search(\"&lei=\")===-1&&(c=p(c))&&(e+=\"&lei=\"+c));var f=b.search(\"&cshid=\")===-1&&a!==\"slh\";c=\"&zx=\"+Date.now().toString();g._cshid&&f&&(c+=\"&cshid=\"+g._cshid);(d=d())&&(c+=\"&opi=\"+d);return\"/\"+(h||\"gen_204\")+\"?atyp=i&ct=\"+String(a)+\"&cad=\"+(b+e+c)};l=google.kEI;google.getEI=n;google.getLEI=p;google.ml=function(){return null};google.log=function(a,b,d,c,h,e){e=e===void 0?k:e;d||(d=r(a,b,e,c,h));if(d=q(d)){a=new Image;var f=m.length;m[f]=a;a.onerror=a.onload=a.onabort=function(){delete m[f]};a.src=d}};google.logUrl=function(a,b){b=b===void 0?k:b;return r(\"\",a,b)};}).call(this);(function(){google.y={};google.sy={};function e(a,b,c){if(a)var d=a.id;else{do d=Math.random();while(c[d])}c[d]=[a,b]}var f;(f=google).x||(f.x=function(a,b){e(a,b,google.y)});var g;(g=google).sx||(g.sx=function(a,b){e(a,b,google.sy)});google.lm=[];var h;(h=google).plm||(h.plm=function(a){google.lm.push.apply(google.lm,a)});google.lq=[];var k;(k=google).load||(k.load=function(a,b,c){google.lq.push([[a],b,c])});var l;(l=google).loadAll||(l.loadAll=function(a,b){google.lq.push([a,b])});google.bx=!1;var m;(m=google).lx||(m.lx=function(){});var n=[],p;(p=google).fce||(p.fce=function(a,b,c,d){n.push([a,b,c,d])});google.qce=n;google.adl=[];}).call(this);google.f={};(function(){\r\n900 !important}\r\ndadce0}.lst:focus{outline:none}.Ucigb{width:458px}</style><script nonce=\"WQx2SL9Dx7UbJwSpqygj9g\">(function(){window.google.erd={jsr:1,bv:2338,de:true,dpf:'8WE4fY3jTVzpxN_V768V_tbRy4XQ1PkYbdMIDddbn9o'};\r\nvar g=this||self;var k,l=(k=g.mei)!=null?k:1,m,p=(m=g.diel)!=null?m:0,q,r=(q=g.sdo)!=null?q:!0,t=0,u,w=google.erd,x=w.jsr;google.ml=function(a,b,d,n,e){e=e===void 0?2:e;b&&(u=a&&a.message);d===void 0&&(d={});d.cad=\"ple_\"+google.ple+\".aple_\"+google.aple;if(google.dl)return google.dl(a,e,d,!0),null;b=d;if(x<0){window.console&&console.error(a,b);if(x===-2)throw a;b=!1}else b=!a||!a.message||a.message===\"Error loading script\"||t>=l&&!n?!1:!0;if(!b)return null;t++;d=d||{};b=encodeURIComponent;var c=\"/gen_204?atyp=i&ei=\"+b(google.kEI);google.kEXPI&&(c+=\"&jexpid=\"+b(google.kEXPI));c+=\"&srcpg=\"+b(google.sn)+\"&jsr=\"+b(w.jsr)+\r\nfff\"><script nonce=\"WQx2SL9Dx7UbJwSpqygj9g\">(function(){var src='/images/nav_logo229.png';var iesg=false;document.body.onload = function(){window.n && window.n();if (document.images){new Image().src=src;}\r\nif (!iesg){document.f&&document.f.q.focus();document.gbqf&&document.gbqf.q.focus();}\r\n}\r\n1592;\" name=\"btnI\" type=\"submit\"><script nonce=\"WQx2SL9Dx7UbJwSpqygj9g\">(function(){var id='tsuid_Po81acyvH8y_5OUPsYWUmAU_2';document.getElementById(id).onclick = function(){if (this.form.q.value){this.checked = 1;if (this.form.iflsig)this.form.iflsig.disabled = false;}\r\n1583;</a></p></span></center><script nonce=\"WQx2SL9Dx7UbJwSpqygj9g\">(function(){window.google.cdo={height:757,width:1440};(function(){var a=window.innerWidth,b=window.innerHeight;if(!a||!b){var c=window.document,d=c.compatMode==\"CSS1Compat\"?c.documentElement:c.body;a=d.clientWidth;b=d.clientHeight}if(a&&b&&(a!=google.cdo.width||b!=google.cdo.height)){var e=google,f=e.log,g=\"/client_204?&atyp=i&biw=\"+a+\"&bih=\"+b+\"&ei=\"+google.kEI,h=\"\",k=window.google&&window.google.kOPI||null;k&&(h+=\"&opi=\"+k);f.call(e,\"\",\"\",g+h)};}).call(this);})();(function(){google.xjs={basecomb:'/xjs/_/js/k\\x3dxjs.hp.en.4u6DpDIiMkU.es5.O/ck\\x3dxjs.hp.q1CR7UNrboM.R.X.O/am\\x3dACAAAAAAAAAAAAIAAAAAAAAAAAAAAAAAAAAAAAAAAAAEAAAAABAQCAAAAAAAAAAAAAAAAAAAAAABAAAAAGQYAABAAQAhAAAAAAAIAAACAAAAAAASAEEBCAAAIL4jAAAAgABYBAAAAAB4AQ/d\\x3d1/ed\\x3d1/dg\\x3d0/ujg\\x3d1/rs\\x3dACT90oG24WRDbl5Aq6_O0-apigojJJMudA',basecss:'/xjs/_/ss/k\\x3dxjs.hp.q1CR7UNrboM.R.X.O/am\\x3dACAAAAAAAAAAAAIAAAAAAAAAAAAAAAAAAAAAAAAAAAAEAAAAABAACAAAAAAAAAAAAAAAAAAAAAAAAAAAACQAAABAAQAhAAAAAAAIAAACAAAAAAASAEEBCA/rs\\x3dACT90oHgDE4GPwFFitRLo6hflsWQ-hLaFg',basejs:'/xjs/_/js/k\\x3dxjs.hp.en.4u6DpDIiMkU.es5.O/am\\x3dAAAAAAAAAAAAAAAAAAAAAAAAAAAAAAAAAAAAAAAAAAAAAAAAAAAQAAAAAAAAAAAAAAAAAAAAAAABAAAAAEAYAAAAAAAAAAAAAAAAAAAAAAAAAAAAAAAAAAAAIL4jAAAAgABYBAAAAAB4AQ/dg\\x3d0/rs\\x3dACT90oFn-YFVI1iHleYakpiuMByofff72A',excm:[]};})();(function(){var u='/xjs/_/js/k\\x3dxjs.hp.en.4u6DpDIiMkU.es5.O/am\\x3dAAAAAAAAAAAAAAAAAAAAAAAAAAAAAAAAAAAAAAAAAAAAAAAAAAAQAAAAAAAAAAAAAAAAAAAAAAABAAAAAEAYAAAAAAAAAAAAAAAAAAAAAAAAAAAAAAAAAAAAIL4jAAAAgABYBAAAAAB4AQ/d\\x3d1/ed\\x3d1/dg\\x3d4/rs\\x3dACT90oFn-YFVI1iHleYakpiuMByofff72A/m\\x3dsb_he,d';var st=1;var amd=1000;var mmd=0;var pop=true;var povp=false;var fp='';var ecb=false;var cst=false;var pxp=false;\r\nvar f=this||self;function g(){var a=google.ia&&google.ia.r.B2Jtyd;return a&&[1,5,6].indexOf(a.m)>=0&&a.cbfd&&a.cbvi?a:void 0};function h(a){var b=document.createElement(\"link\");b.as=\"script\";b.href=a;b.rel=\"preload\";document.body.appendChild(b)}function k(){var a=[l];google.dp||(a.forEach(h),google.dp=!0)};google.ps=google.ps||[];function m(a){var b=l,c=function(){};google.lx=google.stvsc?c:function(){n(b,a);google.lx=c};google.bx||google.lx()}function p(a,b){b&&(a.src=b);fp&&google.caft&&google.caft(function(){a.fetchPriority=fp});var c=a.onload;a.onload=function(e){c&&c(e);google.ps=google.ps.filter(function(d){return a!==d})};google.ps.push(a);document.body.appendChild(a)}function q(a,b,c){b?requestAnimationFrame(function(){p(a,c)}):p(a,c)}google.as=p;function n(a,b){google.tick&&google.tick(\"load\",\"xjsls\");var c=document.createElement(\"script\");c.onerror=function(){google.ple=1};c.onload=function(){google.ple=0};google.xjsus=void 0;q(c,b,a);google.aple=-1;google.dp=!0};function r(){for(var a=document.getElementsByTagName(\"img\"),b=0,c=a.length;b<c;b++){var e=a[b],d;if(d=e.hasAttribute(\"data-lzy_\")&&Number(e.getAttribute(\"data-atf\"))&1)d=e.getAttribute(\"jscontroller\"),d=!((d===\"UBXHI\"||d===\"R3fhkb\"||d===\"TSZEqd\")&&e.hasAttribute(\"data-src\"));if(d)return!0}return!1};var l,t,w,x,y,z,A,B,C,D,E=\"\";function F(){l=pxp&&google.xjsup||u;var a=l.match(\"/cb=(loaded_h_\\\\d+)\");a&&a[1]&&(E=a[1]);google.xjsu=l;f._F_jsUrl=l;z=function(c){m(c)};t=!1;w=(st===1||st===3)&&!!google.caft&&!r();x=g();y=!E&&(st===2||st===3)&&!!x&&!r();if(E){var b=(st===2||st===3)&&!!x;f[E]=function(c){var e=!1,d=function(){e||(e=!0,cst?setTimeout(function(){return void c.call(window,window._)},0):c.call(window,window._))};b&&google.ia.adls?(x.cbvi.push(function(){delete google.ia.adls}),x.cbvi.push(d),setTimeout(d,mmd)):d()}}A=\r\npop;B=povp;C=A&&document.prerendering||B&&document.hidden;D=B?\"visibilitychange\":\"prerenderingchange\"}function G(a){t||w||y||C||(z(a),t=!0)}",
  "curl 142.250.203.174": "<HTML><HEAD><meta http-equiv=\"content-type\" content=\"text/html;charset=utf-8\">\r\n<TITLE>301 Moved</TITLE></HEAD><BODY>\r\n<H1>301 Moved</H1>\r\nThe document has moved\r\n<A HREF=\"http://www.google.com/\">here</A>.\r\r\n</BODY></HTML>",
  "traceroute www.google.com": "traceroute to www.google.com (216.239.38.120), 30 hops max, 60 byte packets\r\n 1  172.18.0.1 (172.18.0.1)  0.027 ms  0.014 ms  0.013 ms\r\n 2  dlinkrouter (192.168.0.1)  1.801 ms  1.725 ms  1.798 ms\r\n 3  bba-86-96-56-1.alshamil.net.ae (86.96.56.1)  4.688 ms  4.624 ms  4.671 ms\r\n 4  10.246.254.93 (10.246.254.93)  5.902 ms  5.245 ms 10.246.254.94 (10.246.254.94)  5.180 ms\r\n 5  195.229.4.88 (195.229.4.88)  6.701 ms 195.229.4.90 (195.229.4.90)  6.769 ms  6.957 ms\r\n 6  194.170.186.88 (194.170.186.88)  8.851 ms 194.170.186.132 (194.170.186.132)  8.284 ms *\r\n 7  * * *\r\n 8  any-in-2678.1e100.net (216.239.38.120)  5.954 ms  5.830 ms  5.981 ms",
  "netstat -tulpn": "Active Internet connections (w/o servers)\r\nProto Recv-Q Send-Q Local Address           Foreign Address         State\r\ntcp        0      0 *:ssh                   *:*                     LISTEN\r\ntcp6       0      0 [::]:ssh                [::]:*                  LISTEN\r\nActive UNIX domain sockets (only servers)\r\nProto RefCnt Flags       Type       State         I-Node   Path\r\nunix  2      [ ACC ]     STREAM     LISTENING     8969     /var/run/acpid.socket\r\nunix  2      [ ACC ]     STREAM     LISTENING     6807     @/com/ubuntu/upstart\r\nunix  2      [ ACC ]     STREAM     LISTENING     7299     /var/run/dbus/system_bus_socket\r\nunix  2      [ ACC ]     SEQPACKET  LISTENING     7159     /run/udev/control",
  "iptables -L": "Chain INPUT (policy ACCEPT)\r\ntarget     prot opt source               destination\r\nACCEPT     tcp  -- s anywhere             anywhere             tcp dpt:ssh\r\nDROP       all  -- s anywhere             anywhere              \r\n\r\nChain FORWARD (policy ACCEPT)\r\ntarget     prot opt source               destination\r\n\r\nChain OUTPUT (policy ACCEPT)\r\ntarget     prot opt source               destination",
  "cat /etc/resolv.conf": "nameserver 8.8.8.8\r\nnameserver 8.8.4.4",
  "wget www.google.com": "--2025-12-07 14:29:26--  http://www.google.com\r\nConnecting to www.google.com:80... connected.\r\nHTTP request sent, awaiting response... 200 OK\r\nLength: unspecified [text/html; charset=ISO-8859-1]\r\nSaving to: `index.html'\r\n\r\n\r  6K [>                                      ] 6,394        410.7K/s  eta 0s\r 21K [>                                      ] 20,799       466.3K/s  eta 0s\r100% [======================================>] 20,799       466.3K/s\r\n\r\n2025-12-07 14:29:27 (466.32 KB/s) - `index.html' saved [20799/20799]",
  "wget 142.250.203.174": "--2025-12-07 14:29:27--  http://142.250.203.174\r\nConnecting to 142.250.203.174:80... connected.\r\nHTTP request sent, awaiting response... 200 OK\r\nLength: unspecified [text/html; charset=ISO-8859-1]\r\nSaving to: `index.html'\r\n\r\n\r  7K [>                                      ] 6,689        1361.6K/s  eta 0s\r 21K [>                                      ] 20,756       1272.1K/s  eta 0s\r100% [======================================>] 20,756       1272.1K/s\r\n\r\n2025-12-07 14:29:28 (1272.15 KB/s) - `index.html' saved [20756/20756]",
  "traceroute 142.250.203.174": "traceroute to 142.250.203.174 (142.250.203.174), 30 hops max, 60 byte packets\r\n 1  172.18.0.1 (172.18.0.1)  0.037 ms  0.014 ms  0.016 ms\r\n 2  dlinkrouter (192.168.0.1)  1.582 ms  1.548 ms  1.606 ms\r\n 3  bba-86-96-56-1.alshamil.net.ae (86.96.56.1)  4.348 ms  4.343 ms  4.349 ms\r\n 4  10.246.254.94 (10.246.254.94)  4.969 ms  4.981 ms 10.246.254.93 (10.246.254.93)  4.840 ms\r\n 5  194.170.186.184 (194.170.186.184)  7.206 ms 195.229.4.94 (195.229.4.94)  6.558 ms 194.170.186.184 (194.170.186.184)  7.191 ms\r\n 6  195.229.4.55 (195.229.4.55)  5.834 ms 194.170.186.88 (194.170.186.88)  7.474 ms 195.229.6.9 (195.229.6.9)  5.668 ms\r\n 7  * * *\r\n 8  pnfjra-ah-in-f14.1e100.net (142.250.203.174)  5.704 ms 108.170.236.208 (108.170.236.208)  6.693 ms 142.251.51.56 (142.251.51.56)  5.692 ms",
  "iptables -t nat -L": "Chain PREROUTING (policy ACCEPT)\r\ntarget     prot opt source               destination\r\n\r\nChain OUTPUT (policy ACCEPT)\r\ntarget     prot opt source               destination",
  "iptables -A INPUT -m conntrack --ctstate ESTABLISHED RELATED -j ACCEPT && iptables -L INPUT": "Bad argument '-A'\r\nTry `iptables -h' or 'iptables --help' for more information.\r\nChain INPUT (policy ACCEPT)\r\ntarget     prot opt source               destination\r\nACCEPT     tcp  -- s anywhere             anywhere             tcp dpt:ssh\r\nDROP       all  -- s anywhere             anywhere              \r\n\r\nChain FORWARD (policy ACCEPT)\r\ntarget     prot opt source               destination\r\n\r\nChain OUTPUT (policy ACCEPT)\r\ntarget     prot opt source               destination",
  "iptables -A INPUT -s 245.21.189.17 -j DROP && iptables -L INPUT": "Chain INPUT (policy ACCEPT)\r\ntarget     prot opt source               destination\r\nACCEPT     tcp  -- s anywhere             anywhere             tcp dpt:ssh\r\nDROP       all  -- s anywhere             anywhere              \r\n\r\nChain FORWARD (policy ACCEPT)\r\ntarget     prot opt source               destination\r\n\r\nChain OUTPUT (policy ACCEPT)\r\ntarget     prot opt source               destination",
  "iptables -A OUTPUT -p tcp --sport 22 -m conntrack --ctstate ESTABLISHED -j ACCEPT && iptables -L OUTPUT": "Bad argument '-A'\r\nTry `iptables -h' or 'iptables --help' for more information.\r\nChain INPUT (policy ACCEPT)\r\ntarget     prot opt source               destination\r\nACCEPT     tcp  -- s anywhere             anywhere             tcp dpt:ssh\r\nDROP       all  -- s anywhere             anywhere              \r\n\r\nChain FORWARD (policy ACCEPT)\r\ntarget     prot opt source               destination\r\n\r\nChain OUTPUT (policy ACCEPT)\r\ntarget     prot opt source               destination",
  "netstat": "Active Internet connections (w/o servers)\r\nProto Recv-Q Send-Q Local Address           Foreign Address         State\r\ntcp        0    308 svr04:ssh               172.18.0.1:45040        ESTABLISHED\r\nActive UNIX domain sockets (only servers)\r\nProto RefCnt Flags       Type       State         I-Node   Path\r\nunix  4      [ ]         DGRAM                    7445     /dev/log\r\nunix  3      [ ]         STREAM     CONNECTED     7323\r\nunix  3      [ ]         STREAM     CONNECTED     7348     /var/run/dbus/system_bus_socket\r\nunix  3      [ ]         STREAM     CONNECTED     7330\r\nunix  2      [ ]         DGRAM                    8966\r\nunix  3      [ ]         STREAM     CONNECTED     7424     /var/run/dbus/system_bus_socket\r\nunix  3      [ ]         STREAM     CONNECTED     7140\r\nunix  3      [ ]         STREAM     CONNECTED     7145     @/com/ubuntu/upstart\r\nunix  3      [ ]         DGRAM                    7199\r\nunix  3      [ ]         STREAM     CONNECTED     7347\r\nunix  3      [ ]         STREAM     CONNECTED     8594\r\nunix  3      [ ]         STREAM     CONNECTED     7331\r\nunix  3      [ ]         STREAM     CONNECTED     7364     @/com/ubuntu/upstart\r\nunix  3      [ ]         STREAM     CONNECTED     7423\r\nunix  3      [ ]         DGRAM                    7198\r\nunix  2      [ ]         DGRAM                    9570\r\nunix  3      [ ]         STREAM     CONNECTED     8619     @/com/ubuntu/upstart",
  "whois 142.250.203.174": "getaddrinfo(whois.arin.net): Servname not supported for ai_socktype",
  "wget www.google.com && ls -la": "--2025-12-07 14:29:38--  http://www.google.com\r\nConnecting to www.google.com:80... connected.\r\nHTTP request sent, awaiting response... 200 OK\r\nLength: unspecified [text/html; charset=ISO-8859-1]\r\nSaving to: `index.html'\r\n\r\n\r  7K [>                                      ] 6,537        1120.3K/s  eta 0s\r 22K [>                                      ] 21,801       514.6K/s  eta 0s \r 36K [>                                      ] 35,807       716.1K/s  eta 0s\r 40K [>                                      ] 40,055       795.1K/s  eta 0s\r 57K [>                                      ] 56,849       981.8K/s  eta 0s\r 61K [>                                      ] 60,749       1042.7K/s  eta 0s\r 73K [>                                      ] 72,915       1110.6K/s  eta 0s\r 77K [>                                      ] 76,847       1164.9K/s  eta 0s\r 79K [>                                      ] 79,466       1084.6K/s  eta 0s\r100% [======================================>] 79,466       1084.6K/s\r\n\r\n2025-12-07 14:29:38 (1084.55 KB/s) - `index.html' saved [79466/79466]\r\n\r\ndrwx------ 1 root root 4096 2013-04-05 12:25 .\r\ndrwxr-xr-x 1 root root 4096 2013-04-05 12:03 ..\r\ndrwx------ 1 root root 4096 2013-04-05 11:58 .aptitude\r\n-rw-r--r-- 1 root root  570 2013-04-05 11:52 .bashrc\r\n-rw-r--r-- 1 root root  140 2013-04-05 11:52 .profile\r\ndrwx------ 1 root root 4096 2013-04-05 12:05 .ssh",
  "ip route": "default via 172.18.0.1 dev eth0 \r\n172.18.0.0/24 dev eth0  proto kernel  scope link  src 172.18.0.20",
  "ip link": "1: lo: <LOOPBACK,UP,LOWER_UP> mtu 65536 qdisc noqueue state UNKNOWN mode DEFAULT qlen 1000\r\n    link/loopback 00:00:00:00:00:00 brd 00:00:00:00:00:00\r\n2: eth0@if192: <BROADCAST,MULTICAST,UP,LOWER_UP,M-DOWN> mtu 1500 qdisc noqueue state UP mode DEFAULT \r\n    link/ether 5a:51:b4:10:76:7b brd ff:ff:ff:ff:ff:ff",
  "ip maddr": "1:\tlo\r\n\tinet  224.0.0.1\r\n\tinet6 ff02::1\r\n\tinet6 ff01::1\r\n2:\teth0\r\n\tlink  33:33:00:00:00:01\r\n\tlink  01:00:5e:00:00:01\r\n\tinet  224.0.0.1\r\n\tinet6 ff02::1\r\n\tinet6 ff01::1",
  "busybox wget": "wget: missing URL\r\nUsage: wget [OPTION]... [URL]...\r\n\r\nTry `wget --help' for more options.",
  "busybox wget http://142.250.203.174": "--2025-12-07 14:29:43--  http://142.250.203.174\r\nConnecting to 142.250.203.174:80... connected.\r\nHTTP request sent, awaiting response... 200 OK\r\nLength: unspecified [text/html; charset=ISO-8859-1]\r\nSaving to: `index.html'\r\n\r\n\r  6K [>                                      ] 6,414        1423.9K/s  eta 0s\r 21K [>                                      ] 20,792       1352.0K/s  eta 0s\r100% [======================================>] 20,792       1352.0K/s\r\n\r\n2025-12-07 14:29:43 (1352.00 KB/s) - `index.html' saved [20792/20792]",
  "uname -a": "1 SMP Debian 3.2.68-1+deb7u1 x86_64 GNU/Linux",
  "cat /proc/cpuinfo": "processor\t: 0\r\nvendor_id\t: GenuineIntel\r\ncpu family\t: 6\r\nmodel\t\t: 23\r\nmodel name\t: Intel(R) Core(TM)2 Duo CPU     E8200  @ 2.66GHz\r\nstepping\t: 6\r\ncpu MHz\t\t: 2133.304\r\ncache size\t: 6144 KB\r\nphysical id\t: 0\r\nsiblings\t: 2\r\ncore id\t\t: 0\r\ncpu cores\t: 2\r\napicid\t\t: 0\r\ninitial apicid\t: 0\r\nfpu\t\t: yes\r\nfpu_exception\t: yes\r\ncpuid level\t: 10\r\nwp\t\t: yes\r\nflags\t\t: fpu vme de pse tsc msr pae mce cx8 apic sep mtrr pge mca cmov pat pse36 clflush dts acpi mmx fxsr sse sse2 ss ht tm pbe syscall nx lm constant_tsc arch_perfmon pebs bts rep_good pni monitor ds_cpl vmx smx est tm2 ssse3 cx16 xtpr sse4_1 lahf_lm\r\nbogomips\t: 4270.03\r\nclflush size\t: 64\r\ncache_alignment\t: 64\r\naddress sizes\t: 36 bits physical, 48 bits virtual\r\npower management:\r\n\r\nprocessor\t: 1\r\nvendor_id\t: GenuineIntel\r\ncpu family\t: 6\r\nmodel\t\t: 23\r\nmodel name\t: Intel(R) Core(TM)2 Duo CPU     E8200  @ 2.66GHz\r\nstepping\t: 6\r\ncpu MHz\t\t: 2133.304\r\ncache size\t: 6144 KB\r\nphysical id\t: 0\r\nsiblings\t: 2\r\ncore id\t\t: 1\r\ncpu cores\t: 2\r\napicid\t\t: 1\r\ninitial apicid\t: 1\r\nfpu\t\t: yes\r\nfpu_exception\t: yes\r\ncpuid level\t: 10\r\nwp\t\t: yes\r\nflags\t\t: fpu vme de pse tsc msr pae mce cx8 apic sep mtrr pge mca cmov pat pse36 clflush dts acpi mmx fxsr sse sse2 ss ht tm pbe syscall nx lm constant_tsc arch_perfmon pebs bts rep_good pni monitor ds_cpl vmx smx est tm2 ssse3 cx16 xtpr sse4_1 lahf_lm\r\nbogomips\t: 4266.61\r\nclflush size\t: 64\r\ncache_alignment\t: 64\r\naddress sizes\t: 36 bits physical, 48 bits virtual\r\npower management:",
  "cat /proc/meminfo": "MemTotal:        4054744 kB\r\nMemFree:          997740 kB\r\nBuffers:           40276 kB\r\nCached:          1801864 kB\r\nSwapCached:        17656 kB\r\nActive:           879260 kB\r\nInactive:        1549432 kB\r\nActive(anon):     286488 kB\r\nInactive(anon):   351652 kB\r\nActive(file):     592772 kB\r\nInactive(file):  1197780 kB\r\nUnevictable:        2168 kB\r\nMlocked:            2168 kB\r\nSwapTotal:       2097148 kB\r\nSwapFree:        2026516 kB\r\nDirty:               240 kB\r\nWriteback:             0 kB\r\nAnonPages:        574040 kB\r\nMapped:            56220 kB\r\nShmem:             49908 kB\r\nSlab:             490824 kB\r\nSReclaimable:     444928 kB\r\nSUnreclaim:        45896 kB\r\nKernelStack:        3280 kB\r\nPageTables:        18352 kB\r\nNFS_Unstable:          0 kB\r\nBounce:                0 kB\r\nWritebackTmp:          0 kB\r\nCommitLimit:     4124520 kB\r\nCommitted_AS:    2625420 kB\r\nVmallocTotal:   34359738367 kB\r\nVmallocUsed:      363260 kB\r\nVmallocChunk:   34359366372 kB\r\nHardwareCorrupted:     0 kB\r\nAnonHugePages:         0 kB\r\nHugePages_Total:       0\r\nHugePages_Free:        0\r\nHugePages_Rsvd:        0\r\nHugePages_Surp:        0\r\nHugepagesize:       2048 kB\r\nDirectMap4k:      273984 kB\r\nDirectMap2M:     3911680 kB",
  "busybox": "for each function they wish to use and BusyBox\r\n    will act like whatever it was invoked as.\r\n\r\nCurrently defined functions:\r\n    [, [[, adjtimex, ar, arp, arping, ash, awk, basename, blockdev, brctl,\r\n    bunzip2, bzcat, bzip2, cal, cat, chgrp, chmod, chown, chroot, chvt,\r\n    clear, cmp, cp, cpio, cttyhack, cut, date, dc, dd, deallocvt, depmod,\r\n    df, diff, dirname, dmesg, dnsdomainname, dos2unix, du, dumpkmap,\r\n    dumpleases, echo, egrep, env, expand, expr, false, fgrep, find, fold,\r\n    free, freeramdisk, ftpget, ftpput, getopt, getty, grep, groups, gunzip,\r\n    gzip, halt, head, hexdump, hostid, hostname, httpd, hwclock, id,\r\n    ifconfig, init, insmod, ionice, ip, ipcalc, kill, killall, klogd, last,\r\n    less, ln, loadfont, loadkmap, logger, login, logname, logread, losetup,\r\n    ls, lsmod, lzcat, lzma, md5sum, mdev, microcom, mkdir, mkfifo, mknod,\r\n    mkswap, mktemp, modinfo, modprobe, more, mount, mt, mv, nameif, nc,\r\n    netstat, nslookup, od, openvt, patch, pidof, ping, ping6, pivot_root,\r\n    poweroff, printf, ps, pwd, rdate, readlink, realpath, reboot, renice,\r\n    reset, rev, rm, rmdir, rmmod, route, rpm, rpm2cpio, run-parts, sed, seq,\r\n    setkeycodes, setsid, sh, sha1sum, sha256sum, sha512sum, sleep, sort,\r\n    start-stop-daemon, stat, strings, stty, swapoff, swapon, switch_root,\r\n    sync, sysctl, syslogd, tac, tail, tar, taskset, tee, telnet, test, tftp,\r\n    time, timeout, top, touch, tr, traceroute, traceroute6, true, tty,\r\n    udhcpc, udhcpd, umount, uname, uncompress, unexpand, uniq, unix2dos,\r\n    unlzma, unxz, unzip, uptime, usleep, uudecode, uuencode, vconfig, vi,\r\n    watch, watchdog, wc, wget, which, who, whoami, xargs, xz, xzcat, yes,\r\n    zcat",
  "apt-get -y --force-yes install nmap": "E: Could not open lock file /var/lib/apt/lists/lock - open (13: Permission denied)\r\nE: Unable to lock the list directory",
  "apt-get -y --force-yes install telnetd": "E: Could not open lock file /var/lib/apt/lists/lock - open (13: Permission denied)\r\nE: Unable to lock the list directory",
  "w": "",
  "lscpu": "Architecture:          x86_64\r\nCPU op-mode(s):        32-bit, 64-bit\r\nByte Order:            Little Endian\r\nCPU(s):                2\r\nOn-line CPU(s) list:   0-1\r\nThread(s) per core:    1\r\nCore(s) per socket:    2\r\nSocket(s):             1\r\nNUMA node(s):          1\r\nVendor ID:             GenuineIntel\r\nCPU family:            6\r\nModel:                 23\r\nStepping:              6\r\nCPU MHz:               2200.000\r\nBogoMIPS:              4270.03\r\nHypervisor vendor:     KVM\r\nVirtualization type:   full\r\nL1d cache:             32K\r\nL1i cache:             32K\r\nL2 cache:              6144K\r\nNUMA node0 CPU(s):     0-1",
  "lsblk": "NAME        MAJ:MIN RM   SIZE RO TYPE MOUNTPOINT\r\nnvme0n1     259:0    0   477G  0 disk \r\n|-nvme0n1p5 259:5    0   735M  0 part \r\n|-nvme0n1p3 259:3    0    16M  0 part \r\n|-nvme0n1p1 259:1    0     1G  0 part \r\n|-nvme0n1p6 259:6    0  16.5G  0 part [SWAP]\r\n|-nvme0n1p4 259:4    0  79.3G  0 part \r\n`-nvme0n1p2 259:2    0 379.4G  0 part /etc/resolv.conf",
  "fdisk -l": "",
  "dd if=/dev/zero of=/opt/swap bs=1024 count=524288": "0+0 records in\r\n0+0 records out\r\n0 bytes transferred in 0.695821 secs (0 bytes/sec)",
  "service --status-all": "[ + ]  acpid\r\n[ - ]  alsa-utils\r\n[ + ]  anacron\r\n[ + ]  apparmor\r\n[ + ]  apport\r\n[ + ]  avahi-daemon\r\n[ + ]  bluetooth\r\n[ - ]  bootmisc.sh\r\n[ - ]  brltty\r\n[ - ]  checkfs.sh\r\n[ - ]  checkroot-bootclean.sh\r\n[ - ]  checkroot.sh\r\n[ + ]  console-setup\r\n[ + ]  cron\r\n[ + ]  cups\r\n[ + ]  cups-browsed\r\n[ + ]  dbus\r\n[ - ]  dns-clean\r\n[ + ]  grub-common\r\n[ - ]  hostname.sh\r\n[ - ]  hwclock.sh\r\n[ + ]  irqbalance\r\n[ - ]  kerneloops\r\n[ - ]  killprocs\r\n[ + ]  kmod\r\n[ + ]  lightdm\r\n[ - ]  mountall-bootclean.sh\r\n[ - ]  mountall.sh\r\n[ - ]  mountdevsubfs.sh\r\n[ - ]  mountkernfs.sh\r\n[ - ]  mountnfs-bootclean.sh\r\n[ - ]  mountnfs.sh\r\n[ + ]  network-manager\r\n[ + ]  networking\r\n[ + ]  ondemand\r\n[ + ]  open-vm-tools\r\n[ - ]  plymouth\r\n[ - ]  plymouth-log\r\n[ - ]  pppd-dns\r\n[ + ]  procps\r\n[ - ]  rc.local\r\n[ + ]  resolvconf\r\n[ - ]  rsync\r\n[ + ]  rsyslog\r\n[ - ]  saned\r\n[ - ]  sendsigs\r\n[ + ]  speech-dispatcher\r\n[ + ]  thermald\r\n[ + ]  udev\r\n[ + ]  ufw\r\n[ - ]  umountfs\r\n[ - ]  umountnfs.sh\r\n[ - ]  umountroot\r\n[ - ]  unattended-upgrades\r\n[ + ]  urandom\r\n[ - ]  uuidd\r\n[ + ]  whoopsie\r\n[ - ]  x11-common",
  "env": "HOME=/root\r\nLOGNAME=root\r\nSHELL=/bin/bash\r\nSHLVL=1\r\nTMOUT=1800\r\nUID=0\r\nUSER=root\r\nPATH=/usr/local/sbin:/usr/local/bin:/usr/sbin:/usr/bin:/sbin:/bin\r\nTERM=vt100\r\nCOLUMNS=80\r\nLINES=24",
  "dmesg": "[    0.000000] Initializing cgroup subsys cpuset\r\n[    0.000000] Initializing cgroup subsys cpu\r\n1 SMP Wed Nov 4 20:45:37 UTC 2009\r\n[    0.000000] BIOS-provided physical RAM map:\r\n[    0.000000]  BIOS-e820: 0000000000000000 - 000000000009f800 (usable)\r\n[    0.000000]  BIOS-e820: 000000000009f800 - 00000000000a0000 (reserved)\r\n[    0.000000]  BIOS-e820: 00000000000ca000 - 00000000000cc000 (reserved)\r\n[    0.000000]  BIOS-e820: 00000000000dc000 - 00000000000e0000 (reserved)\r\n[    0.000000]  BIOS-e820: 00000000000e4000 - 0000000000100000 (reserved)\r\n[    0.000000]  BIOS-e820: 0000000000100000 - 000000001fef0000 (usable)\r\n[    0.000000]  BIOS-e820: 000000001fef0000 - 000000001feff000 (ACPI data)\r\n[    0.000000]  BIOS-e820: 000000001feff000 - 000000001ff00000 (ACPI NVS)\r\n[    0.000000]  BIOS-e820: 000000001ff00000 - 0000000020000000 (usable)\r\n[    0.000000]  BIOS-e820: 00000000e0000000 - 00000000f0000000 (reserved)\r\n[    0.000000]  BIOS-e820: 00000000fec00000 - 00000000fec10000 (reserved)\r\n[    0.000000]  BIOS-e820: 00000000fee00000 - 00000000fee01000 (reserved)\r\n[    0.000000]  BIOS-e820: 00000000fffe0000 - 0000000100000000 (reserved)\r\n[    0.000000] 0MB HIGHMEM available.\r\n[    0.000000] 512MB LOWMEM available.\r\n[    0.000000] found SMP MP-table at [c00f6aa0] 000f6aa0\r\n[    0.000000] Entering add_active_range(0, 0, 131072) 0 entries of 256 used\r\n[    0.000000] Zone PFN ranges:\r\n[    0.000000]   DMA             0 ->     4096\r\n[    0.000000]   Normal       4096 ->   131072\r\n[    0.000000]   HighMem    131072 ->   131072\r\n[    0.000000] Movable zone start PFN for each node\r\n[    0.000000] early_node_map[1] active PFN ranges\r\n[    0.000000]     0:        0 ->   131072\r\n[    0.000000] On node 0 totalpages: 131072\r\n[    0.000000]   DMA zone: 32 pages used for memmap\r\n[    0.000000]   DMA zone: 0 pages reserved\r\n[    0.000000]   DMA zone: 4064 pages, LIFO batch:0\r\n[    0.000000]   Normal zone: 992 pages used for memmap\r\n[    0.000000]   Normal zone: 125984 pages, LIFO batch:31\r\n[    0.000000]   HighMem zone: 0 pages used for memmap\r\n[    0.000000]   Movable zone: 0 pages used for memmap\r\n[    0.000000] DMI present.\r\n[    0.000000] ACPI: RSDP 000F6A30, 0024 (r2 PTLTD )\r\n[    0.000000] ACPI: XSDT 1FEF0780, 004C (r1 INTEL  440BX     6040000 VMW   1324272)\r\n[    0.000000] ACPI: FACP 1FEFEE98, 00F4 (r4 INTEL  440BX     6040000 PTL     F4240)\r\n[    0.000000] ACPI: DSDT 1FEF0938, E560 (r1 PTLTD  Custom    6040000 MSFT  3000001)\r\n[    0.000000] ACPI: FACS 1FEFFFC0, 0040\r\n  6040000  LTP        1)\r\n[    0.000000] ACPI: APIC 1FEF08C0, 0050 (r1 PTLTD  \t APIC    6040000  LTP        0)\r\n  6040000  LTP        1)\r\n[    0.000000] ACPI: SRAT 1FEF0804, 0080 (r2 VMWARE MEMPLUG   6040000 VMW         1)\r\n[    0.000000] ACPI: PM-Timer IO Port: 0x1008\r\n[    0.000000] ACPI: Local APIC address 0xfee00000\r\n[    0.000000] ACPI: LAPIC (acpi_id[0x00] lapic_id[0x00] enabled)\r\n[    0.000000] ACPI: LAPIC_NMI (acpi_id[0x00] high edge lint[0x1])\r\n[    0.000000] ACPI: IOAPIC (id[0x01] address[0xfec00000] gsi_base[0])\r\n[    0.000000] IOAPIC[0]: apic_id 1, version 17, address 0xfec00000, GSI 0-23\r\n[    0.000000] ACPI: INT_SRC_OVR (bus 0 bus_irq 0 global_irq 2 high edge)\r\n[    0.000000] ACPI: IRQ0 used by override.\r\n[    0.000000] ACPI: IRQ2 used by override.\r\n[    0.000000] ACPI: IRQ9 used by override.\r\n[    0.000000] Enabling APIC mode:  Flat.  Using 1 I/O APICs\r\n[    0.000000] Using ACPI (MADT) for SMP configuration information\r\n[    0.000000] Allocating PCI resources starting at 30000000 (gap: 20000000:c0000000)\r\n[    0.000000] PM: Registered nosave memory: 000000000009f000 - 00000000000a0000\r\n[    0.000000] PM: Registered nosave memory: 00000000000a0000 - 00000000000ca000\r\n[    0.000000] PM: Registered nosave memory: 00000000000ca000 - 00000000000cc000\r\n[    0.000000] PM: Registered nosave memory: 00000000000cc000 - 00000000000dc000\r\n[    0.000000] PM: Registered nosave memory: 00000000000dc000 - 00000000000e0000\r\n[    0.000000] PM: Registered nosave memory: 00000000000e0000 - 00000000000e4000\r\n[    0.000000] PM: Registered nosave memory: 00000000000e4000 - 0000000000100000\r\n[    0.000000] PM: Registered nosave memory: 000000001fef0000 - 000000001feff000\r\n[    0.000000] PM: Registered nosave memory: 000000001feff000 - 000000001ff00000\r\n[    0.000000] SMP: Allowing 1 CPUs, 0 hotplug CPUs\r\n[    0.000000] PERCPU: Allocating 37992 bytes of per cpu data\r\n[    0.000000] NR_CPUS: 8, nr_cpu_ids: 1\r\n[    0.000000] Built 1 zonelists in Zone order, mobility grouping on.  Total pages: 130048\r\n[    0.000000] Kernel command line: root=/dev/sda1 ro quiet\r\n[    0.000000] mapped APIC to ffffb000 (fee00000)\r\n[    0.000000] mapped IOAPIC to ffffa000 (fec00000)\r\n[    0.000000] Enabling fast FPU save and restore... done.\r\n[    0.000000] Enabling unmasked SIMD FPU exception support... done.\r\n0\r\n[    0.000000] PID hash table entries: 2048 (order: 11, 8192 bytes)\r\n[    0.000000] Extended CMOS year: 2000\r\n[    0.000000] Detected 2133.123 MHz processor.\r\n[    0.004000] Console: colour VGA+ 80x25\r\n[    0.004000] console [tty0] enabled\r\n[    0.004000] Dentry cache hash table entries: 65536 (order: 6, 262144 bytes)\r\n[    0.004000] Inode-cache hash table entries: 32768 (order: 5, 131072 bytes)\r\n[    0.004000] Memory: 509764k/524288k available (1770k kernel code, 13832k reserved, 750k data, 244k init, 0k highmem)\r\n[    0.004000] virtual kernel memory layout:\r\n[    0.004000]     fixmap  : 0xfff4c000 - 0xfffff000   ( 716 kB)\r\n[    0.004000]     pkmap   : 0xff800000 - 0xffc00000   (4096 kB)\r\n[    0.004000]     vmalloc : 0xe0800000 - 0xff7fe000   ( 495 MB)\r\n[    0.004000]     lowmem  : 0xc0000000 - 0xe0000000   ( 512 MB)\r\n[    0.004000]       .init : 0xc037f000 - 0xc03bc000   ( 244 kB)\r\n[    0.004000]       .data : 0xc02baaa1 - 0xc0376620   ( 750 kB)\r\n[    0.004000]       .text : 0xc0100000 - 0xc02baaa1   (1770 kB)\r\n[    0.004000] Checking if this processor honours the WP bit even in supervisor mode...Ok.\r\n[    0.004000] CPA: page pool initialized 1 of 1 pages preallocated\r\n[    0.085099] Calibrating delay using timer specific routine.. 4287.59 BogoMIPS (lpj=8575183)\r\n[    0.085226] Security Framework initialized\r\n[    0.085244] SELinux:  Disabled at boot.\r\n[    0.085252] Capability LSM initialized\r\n[    0.085272] Mount-cache hash table entries: 512\r\n[    0.085782] Initializing cgroup subsys ns\r\n[    0.085800] Initializing cgroup subsys cpuacct\r\n[    0.085803] Initializing cgroup subsys devices\r\n[    0.085866] CPU: L1 I cache: 32K, L1 D cache: 32K\r\n[    0.085869] CPU: L2 cache: 6144K\r\n[    0.085882] Intel machine check architecture supported.\r\n0.\r\n[    0.085950] Checking 'hlt' instruction... OK.\r\n[    0.101148] SMP alternatives: switching to UP code\r\n[    0.141115] Freeing SMP alternatives: 16k freed\r\n[    0.141125] ACPI: Core revision 20080321\r\n[    0.145573] ENABLING IO-APIC IRQs\r\n[    0.145808] ..TIMER: vector=0x31 apic1=0 pin1=2 apic2=-1 pin2=-1\r\n[    0.185971] CPU0: Intel(R) Core(TM)2 Duo CPU     E8200  @ 2.66GHz stepping 08\r\n[    0.188011] Brought up 1 CPUs\r\n[    0.188011] Total of 1 processors activated (4287.59 BogoMIPS).\r\n[    0.188011] CPU0 attaching sched-domain:\r\n[    0.188011]  domain 0: span 0\r\n[    0.188011]   groups: 0\r\n[    0.188011] net_namespace: 660 bytes\r\n[    0.188011] Booting paravirtualized kernel on bare hardware\r\n[    0.188011] NET: Registered protocol family 16\r\n[    0.188011] ACPI: bus type pci registered\r\n[    0.188011] PCI: MCFG configuration 0: base e0000000 segment 0 buses 0 - 255\r\n[    0.188011] PCI: MCFG area at e0000000 reserved in E820\r\n[    0.188011] PCI: Using MMCONFIG for extended config space\r\n[    0.188011] PCI: Using configuration type 1 for base access\r\n[    0.188011] Setting up standard PCI resources\r\n[    0.188783] ACPI: EC: Look up EC in DSDT\r\n[    0.208163] ACPI: BIOS _OSI(Linux) query ignored\r\n[    0.208184] ACPI: Please send DMI info above to linux-acpi@vger.kernel.org\r\n[    0.208187] ACPI: If \"acpi_osi=Linux\" works better, please notify linux-acpi@vger.kernel.org\r\n[    0.208780] ACPI: Interpreter enabled\r\n[    0.208785] ACPI: (supports S0 S1 S4 S5)\r\n[    0.208795] ACPI: Using IOAPIC for interrupt routing\r\n[    0.225748] ACPI: PCI Root Bridge [PCI0] (0000:00)\r\n[    0.228108] pci 0000:00:07.3: quirk: region 1000-103f claimed by PIIX4 ACPI\r\n[    0.228128] pci 0000:00:07.3: quirk: region 1040-104f claimed by PIIX4 SMB\r\n[    0.248358] PCI: Transparent bridge - 0000:00:11.0\r\n[    0.267948] ACPI: PCI Interrupt Routing Table [\\_SB_.PCI0._PRT]\r\n[    0.462966] ACPI: PCI Interrupt Link [LNKA] (IRQs 3 4 5 6 7 *9 10 11 14 15)\r\n[    0.463154] ACPI: PCI Interrupt Link [LNKB] (IRQs 3 4 5 6 7 9 10 *11 14 15)\r\n[    0.463319] ACPI: PCI Interrupt Link [LNKC] (IRQs 3 4 5 6 7 9 *10 11 14 15)\r\n[    0.463483] ACPI: PCI Interrupt Link [LNKD] (IRQs 3 4 5 6 7 9 10 11 14 15) *0, disabled.\r\n[    0.463807] Linux Plug and Play Support v0.97 (c) Adam Belay\r\n[    0.463890] pnp: PnP ACPI init\r\n[    0.463899] ACPI: bus type pnp registered\r\n[    0.485406] pnp: PnP ACPI: found 13 devices\r\n[    0.485410] ACPI: ACPI bus type pnp unregistered\r\n[    0.485416] PnPBIOS: Disabled by ACPI PNP\r\n[    0.485920] PCI: Using ACPI for IRQ routing\r\n[    0.487363] system 00:01: ioport range 0x1000-0x103f has been reserved\r\n[    0.487367] system 00:01: ioport range 0x1040-0x104f has been reserved\r\n[    0.487378] system 00:0c: ioport range 0x1060-0x107f has been reserved\r\n[    0.487383] system 00:0c: iomem range 0xe0000000-0xefffffff could not be reserved\r\n[    0.487387] system 00:0c: iomem range 0xdb400000-0xdb5fffff has been reserved\r\n[    0.518866] PCI: Bridge: 0000:00:01.0\r\n[    0.518869]   IO window: disabled.\r\n[    0.518907]   MEM window: disabled.\r\n[    0.518947]   PREFETCH window: disabled.\r\n[    0.518996] PCI: Bridge: 0000:00:11.0\r\n[    0.519012]   IO window: 2000-3fff\r\n[    0.519051]   MEM window: 0xd8900000-0xd92fffff\r\n[    0.519077]   PREFETCH window: 0x00000000db600000-0x00000000dbafffff\r\n[    0.519126] PCI: Bridge: 0000:00:15.0\r\n[    0.519142]   IO window: 4000-4fff\r\n[    0.519180]   MEM window: 0xd9300000-0xd93fffff\r\n[    0.519206]   PREFETCH window: 0x00000000dbb00000-0x00000000dbbfffff\r\n[    0.519291] PCI: Bridge: 0000:00:15.1\r\n[    0.519306]   IO window: 8000-8fff\r\n[    0.519344]   MEM window: 0xd9700000-0xd97fffff\r\n[    0.519371]   PREFETCH window: 0x00000000dbf00000-0x00000000dbffffff\r\n[    0.519439] PCI: Bridge: 0000:00:15.2\r\n[    0.519455]   IO window: c000-cfff\r\n[    0.519493]   MEM window: 0xd9b00000-0xd9bfffff\r\n[    0.519520]   PREFETCH window: 0x00000000dc300000-0x00000000dc3fffff\r\n[    0.519642] PCI: Bridge: 0000:00:15.3\r\n[    0.519645]   IO window: disabled.\r\n[    0.519685]   MEM window: 0xd9f00000-0xd9ffffff\r\n[    0.519712]   PREFETCH window: 0x00000000dc700000-0x00000000dc7fffff\r\n[    0.519774] PCI: Bridge: 0000:00:15.4\r\n[    0.519777]   IO window: disabled.\r\n[    0.519816]   MEM window: 0xda300000-0xda3fffff\r\n[    0.519842]   PREFETCH window: 0x00000000dcb00000-0x00000000dcbfffff\r\n[    0.519911] PCI: Bridge: 0000:00:15.5\r\n[    0.519914]   IO window: disabled.\r\n[    0.519952]   MEM window: 0xda700000-0xda7fffff\r\n[    0.519978]   PREFETCH window: 0x00000000dcf00000-0x00000000dcffffff\r\n[    0.520037] PCI: Bridge: 0000:00:15.6\r\n[    0.520040]   IO window: disabled.\r\n[    0.520079]   MEM window: 0xdab00000-0xdabfffff\r\n[    0.520105]   PREFETCH window: 0x00000000dd300000-0x00000000dd3fffff\r\n[    0.520167] PCI: Bridge: 0000:00:15.7\r\n[    0.520170]   IO window: disabled.\r\n[    0.520208]   MEM window: 0xdaf00000-0xdaffffff\r\n[    0.520235]   PREFETCH window: 0x00000000dd700000-0x00000000dd7fffff\r\n[    0.520296] PCI: Bridge: 0000:00:16.0\r\n[    0.520312]   IO window: 5000-5fff\r\n[    0.520350]   MEM window: 0xd9400000-0xd94fffff\r\n[    0.520390]   PREFETCH window: 0x00000000dbc00000-0x00000000dbcfffff\r\n[    0.520452] PCI: Bridge: 0000:00:16.1\r\n[    0.520467]   IO window: 9000-9fff\r\n[    0.520505]   MEM window: 0xd9800000-0xd98fffff\r\n[    0.520532]   PREFETCH window: 0x00000000dc000000-0x00000000dc0fffff\r\n[    0.520593] PCI: Bridge: 0000:00:16.2\r\n[    0.520609]   IO window: d000-dfff\r\n[    0.520646]   MEM window: 0xd9c00000-0xd9cfffff\r\n[    0.520673]   PREFETCH window: 0x00000000dc400000-0x00000000dc4fffff\r\n[    0.520734] PCI: Bridge: 0000:00:16.3\r\n[    0.520741]   IO window: disabled.\r\n[    0.520780]   MEM window: 0xda000000-0xda0fffff\r\n[    0.520806]   PREFETCH window: 0x00000000dc800000-0x00000000dc8fffff\r\n[    0.520874] PCI: Bridge: 0000:00:16.4\r\n[    0.520877]   IO window: disabled.\r\n[    0.520915]   MEM window: 0xda400000-0xda4fffff\r\n[    0.520941]   PREFETCH window: 0x00000000dcc00000-0x00000000dccfffff\r\n[    0.521002] PCI: Bridge: 0000:00:16.5\r\n[    0.521005]   IO window: disabled.\r\n[    0.521043]   MEM window: 0xda800000-0xda8fffff\r\n[    0.521070]   PREFETCH window: 0x00000000dd000000-0x00000000dd0fffff\r\n[    0.521131] PCI: Bridge: 0000:00:16.6\r\n[    0.521134]   IO window: disabled.\r\n[    0.521172]   MEM window: 0xdac00000-0xdacfffff\r\n[    0.521198]   PREFETCH window: 0x00000000dd400000-0x00000000dd4fffff\r\n[    0.521259] PCI: Bridge: 0000:00:16.7\r\n[    0.521262]   IO window: disabled.\r\n[    0.521300]   MEM window: 0xdb000000-0xdb0fffff\r\n[    0.521327]   PREFETCH window: 0x00000000dd800000-0x00000000dd8fffff\r\n[    0.521401] PCI: Bridge: 0000:00:17.0\r\n[    0.521417]   IO window: 6000-6fff\r\n[    0.521455]   MEM window: 0xd9500000-0xd95fffff\r\n[    0.521481]   PREFETCH window: 0x00000000dbd00000-0x00000000dbdfffff\r\n[    0.521542] PCI: Bridge: 0000:00:17.1\r\n[    0.521558]   IO window: a000-afff\r\n[    0.521596]   MEM window: 0xd9900000-0xd99fffff\r\n[    0.521622]   PREFETCH window: 0x00000000dc100000-0x00000000dc1fffff\r\n[    0.521683] PCI: Bridge: 0000:00:17.2\r\n[    0.521700]   IO window: e000-efff\r\n[    0.521738]   MEM window: 0xd9d00000-0xd9dfffff\r\n[    0.521765]   PREFETCH window: 0x00000000dc500000-0x00000000dc5fffff\r\n[    0.521826] PCI: Bridge: 0000:00:17.3\r\n[    0.521843]   IO window: disabled.\r\n[    0.521882]   MEM window: 0xda100000-0xda1fffff\r\n[    0.521908]   PREFETCH window: 0x00000000dc900000-0x00000000dc9fffff\r\n[    0.521970] PCI: Bridge: 0000:00:17.4\r\n[    0.521973]   IO window: disabled.\r\n[    0.522011]   MEM window: 0xda500000-0xda5fffff\r\n[    0.522037]   PREFETCH window: 0x00000000dcd00000-0x00000000dcdfffff\r\n[    0.522099] PCI: Bridge: 0000:00:17.5\r\n[    0.522102]   IO window: disabled.\r\n[    0.522140]   MEM window: 0xda900000-0xda9fffff\r\n[    0.522166]   PREFETCH window: 0x00000000dd100000-0x00000000dd1fffff\r\n[    0.522227] PCI: Bridge: 0000:00:17.6\r\n[    0.522230]   IO window: disabled.\r\n[    0.522268]   MEM window: 0xdad00000-0xdadfffff\r\n[    0.522294]   PREFETCH window: 0x00000000dd500000-0x00000000dd5fffff\r\n[    0.522369] PCI: Bridge: 0000:00:17.7\r\n[    0.522372]   IO window: disabled.\r\n[    0.522410]   MEM window: 0xdb100000-0xdb1fffff\r\n[    0.522436]   PREFETCH window: 0x00000000dd900000-0x00000000dd9fffff\r\n[    0.522506] PCI: Bridge: 0000:00:18.0\r\n[    0.522522]   IO window: 7000-7fff\r\n[    0.522560]   MEM window: 0xd9600000-0xd96fffff\r\n[    0.522587]   PREFETCH window: 0x00000000dbe00000-0x00000000dbefffff\r\n[    0.522649] PCI: Bridge: 0000:00:18.1\r\n[    0.522664]   IO window: b000-bfff\r\n[    0.522702]   MEM window: 0xd9a00000-0xd9afffff\r\n[    0.522729]   PREFETCH window: 0x00000000dc200000-0x00000000dc2fffff\r\n[    0.522791] PCI: Bridge: 0000:00:18.2\r\n[    0.522820]   IO window: f000-ffff\r\n[    0.522858]   MEM window: 0xd9e00000-0xd9efffff\r\n[    0.522885]   PREFETCH window: 0x00000000dc600000-0x00000000dc6fffff\r\n[    0.522946] PCI: Bridge: 0000:00:18.3\r\n[    0.522949]   IO window: disabled.\r\n[    0.522987]   MEM window: 0xda200000-0xda2fffff\r\n[    0.523014]   PREFETCH window: 0x00000000dca00000-0x00000000dcafffff\r\n[    0.523075] PCI: Bridge: 0000:00:18.4\r\n[    0.523078]   IO window: disabled.\r\n[    0.523116]   MEM window: 0xda600000-0xda6fffff\r\n[    0.523143]   PREFETCH window: 0x00000000dce00000-0x00000000dcefffff\r\n[    0.523204] PCI: Bridge: 0000:00:18.5\r\n[    0.523207]   IO window: disabled.\r\n[    0.523245]   MEM window: 0xdaa00000-0xdaafffff\r\n[    0.523271]   PREFETCH window: 0x00000000dd200000-0x00000000dd2fffff\r\n[    0.523346] PCI: Bridge: 0000:00:18.6\r\n[    0.523352]   IO window: disabled.\r\n[    0.523391]   MEM window: 0xdae00000-0xdaefffff\r\n[    0.523417]   PREFETCH window: 0x00000000dd600000-0x00000000dd6fffff\r\n[    0.523479] PCI: Bridge: 0000:00:18.7\r\n[    0.523482]   IO window: disabled.\r\n[    0.523520]   MEM window: 0xdb200000-0xdb2fffff\r\n[    0.523546]   PREFETCH window: 0x00000000dda00000-0x00000000ddafffff\r\n[    0.523694] PCI: Setting latency timer of device 0000:00:01.0 to 64\r\n[    0.523939] PCI: Setting latency timer of device 0000:00:15.0 to 64\r\n[    0.524101] PCI: Setting latency timer of device 0000:00:15.1 to 64\r\n[    0.524247] PCI: Setting latency timer of device 0000:00:15.2 to 64\r\n[    0.524405] PCI: Setting latency timer of device 0000:00:15.3 to 64\r\n[    0.524550] PCI: Setting latency timer of device 0000:00:15.4 to 64\r\n[    0.524695] PCI: Setting latency timer of device 0000:00:15.5 to 64\r\n[    0.524853] PCI: Setting latency timer of device 0000:00:15.6 to 64\r\n[    0.524998] PCI: Setting latency timer of device 0000:00:15.7 to 64\r\n[    0.525143] PCI: Setting latency timer of device 0000:00:16.0 to 64\r\n[    0.525295] PCI: Setting latency timer of device 0000:00:16.1 to 64\r\n[    0.525440] PCI: Setting latency timer of device 0000:00:16.2 to 64\r\n[    0.525585] PCI: Setting latency timer of device 0000:00:16.3 to 64\r\n[    0.525730] PCI: Setting latency timer of device 0000:00:16.4 to 64\r\n[    0.525889] PCI: Setting latency timer of device 0000:00:16.5 to 64\r\n[    0.526034] PCI: Setting latency timer of device 0000:00:16.6 to 64\r\n[    0.526178] PCI: Setting latency timer of device 0000:00:16.7 to 64\r\n[    0.526330] PCI: Setting latency timer of device 0000:00:17.0 to 64\r\n[    0.526475] PCI: Setting latency timer of device 0000:00:17.1 to 64\r\n[    0.526620] PCI: Setting latency timer of device 0000:00:17.2 to 64\r\n[    0.526771] PCI: Setting latency timer of device 0000:00:17.3 to 64\r\n[    0.526917] PCI: Setting latency timer of device 0000:00:17.4 to 64\r\n[    0.527062] PCI: Setting latency timer of device 0000:00:17.5 to 64\r\n[    0.527212] PCI: Setting latency timer of device 0000:00:17.6 to 64\r\n[    0.527358] PCI: Setting latency timer of device 0000:00:17.7 to 64\r\n[    0.527503] PCI: Setting latency timer of device 0000:00:18.0 to 64\r\n[    0.527743] PCI: Setting latency timer of device 0000:00:18.1 to 64\r\n[    0.527888] PCI: Setting latency timer of device 0000:00:18.2 to 64\r\n[    0.528038] PCI: Setting latency timer of device 0000:00:18.3 to 64\r\n[    0.528191] PCI: Setting latency timer of device 0000:00:18.4 to 64\r\n[    0.528336] PCI: Setting latency timer of device 0000:00:18.5 to 64\r\n[    0.528483] PCI: Setting latency timer of device 0000:00:18.6 to 64\r\n[    0.528629] PCI: Setting latency timer of device 0000:00:18.7 to 64\r\n[    0.528698] NET: Registered protocol family 2\r\n[    0.528878] IP route cache hash table entries: 16384 (order: 4, 65536 bytes)\r\n[    0.529069] TCP established hash table entries: 65536 (order: 7, 524288 bytes)\r\n[    0.531439] TCP bind hash table entries: 65536 (order: 7, 524288 bytes)\r\n[    0.533930] TCP: Hash tables configured (established 65536 bind 65536)\r\n[    0.533934] TCP reno registered\r\n[    0.534042] NET: Registered protocol family 1\r\n[    0.534209] checking if image is initramfs... it is\r\n[    0.872916] Freeing initrd memory: 6035k freed\r\n[    0.873234] Simple Boot Flag at 0x36 set to 0x1\r\n[    0.874681] audit: initializing netlink socket (disabled)\r\n[    0.874694] type=2000 audit(1259135020.871:1): initialized\r\n[    0.874960] Total HugeTLB memory allocated, 0\r\n[    0.875107] VFS: Disk quotas dquot_6.5.1\r\n[    0.875145] Dquot-cache hash table entries: 1024 (order 0, 4096 bytes)\r\n[    0.875210] msgmni has been set to 1007\r\n[    0.875432] Block layer SCSI generic (bsg) driver version 0.4 loaded (major 253)\r\n[    0.875437] io scheduler noop registered\r\n[    0.875440] io scheduler anticipatory registered\r\n[    0.875442] io scheduler deadline registered\r\n[    0.875450] io scheduler cfq registered (default)\r\n[    0.875463] pci 0000:00:00.0: Limiting direct PCI/PCI transfers\r\n[    0.875491] pci 0000:00:0f.0: Boot video device\r\n[    0.875822] PCI: Setting latency timer of device 0000:00:15.0 to 64\r\n[    0.876454] assign_interrupt_mode Found MSI capability\r\n[    0.877050] Allocate Port Service[0000:00:15.0:pcie00]\r\n[    0.877182] Allocate Port Service[0000:00:15.0:pcie02]\r\n[    0.877953] PCI: Setting latency timer of device 0000:00:15.1 to 64\r\n[    0.878508] assign_interrupt_mode Found MSI capability\r\n[    0.879093] Allocate Port Service[0000:00:15.1:pcie00]\r\n[    0.879176] Allocate Port Service[0000:00:15.1:pcie02]\r\n[    0.880015] PCI: Setting latency timer of device 0000:00:15.2 to 64\r\n[    0.880570] assign_interrupt_mode Found MSI capability\r\n[    0.881142] Allocate Port Service[0000:00:15.2:pcie00]\r\n[    0.881227] Allocate Port Service[0000:00:15.2:pcie02]\r\n[    0.881977] PCI: Setting latency timer of device 0000:00:15.3 to 64\r\n[    0.882561] assign_interrupt_mode Found MSI capability\r\n[    0.883139] Allocate Port Service[0000:00:15.3:pcie00]\r\n[    0.883223] Allocate Port Service[0000:00:15.3:pcie02]\r\n[    0.883984] PCI: Setting latency timer of device 0000:00:15.4 to 64\r\n[    0.884554] assign_interrupt_mode Found MSI capability\r\n[    0.885128] Allocate Port Service[0000:00:15.4:pcie00]\r\n[    0.885292] Allocate Port Service[0000:00:15.4:pcie02]\r\n[    0.886078] PCI: Setting latency timer of device 0000:00:15.5 to 64\r\n[    0.886636] assign_interrupt_mode Found MSI capability\r\n[    0.887215] Allocate Port Service[0000:00:15.5:pcie00]\r\n[    0.887313] Allocate Port Service[0000:00:15.5:pcie02]\r\n[    0.888231] PCI: Setting latency timer of device 0000:00:15.6 to 64\r\n[    0.888791] assign_interrupt_mode Found MSI capability\r\n[    0.889362] Allocate Port Service[0000:00:15.6:pcie00]\r\n[    0.889475] Allocate Port Service[0000:00:15.6:pcie02]\r\n[    0.890197] PCI: Setting latency timer of device 0000:00:15.7 to 64\r\n[    0.890754] assign_interrupt_mode Found MSI capability\r\n[    0.891333] Allocate Port Service[0000:00:15.7:pcie00]\r\n[    0.891381] Allocate Port Service[0000:00:15.7:pcie02]\r\n[    0.892126] PCI: Setting latency timer of device 0000:00:16.0 to 64\r\n[    0.892683] assign_interrupt_mode Found MSI capability\r\n[    0.893262] Allocate Port Service[0000:00:16.0:pcie00]\r\n[    0.893311] Allocate Port Service[0000:00:16.0:pcie02]\r\n[    0.894033] PCI: Setting latency timer of device 0000:00:16.1 to 64\r\n[    0.894580] assign_interrupt_mode Found MSI capability\r\n[    0.895188] Allocate Port Service[0000:00:16.1:pcie00]\r\n[    0.895236] Allocate Port Service[0000:00:16.1:pcie02]\r\n[    0.896004] PCI: Setting latency timer of device 0000:00:16.2 to 64\r\n[    0.896556] assign_interrupt_mode Found MSI capability\r\n[    0.897128] Allocate Port Service[0000:00:16.2:pcie00]\r\n[    0.897177] Allocate Port Service[0000:00:16.2:pcie02]\r\n[    0.897928] PCI: Setting latency timer of device 0000:00:16.3 to 64\r\n[    0.898487] assign_interrupt_mode Found MSI capability\r\n[    0.899059] Allocate Port Service[0000:00:16.3:pcie00]\r\n[    0.899109] Allocate Port Service[0000:00:16.3:pcie02]\r\n[    0.899895] PCI: Setting latency timer of device 0000:00:16.4 to 64\r\n[    0.900468] assign_interrupt_mode Found MSI capability\r\n[    0.901040] Allocate Port Service[0000:00:16.4:pcie00]\r\n[    0.901089] Allocate Port Service[0000:00:16.4:pcie02]\r\n[    0.901815] PCI: Setting latency timer of device 0000:00:16.5 to 64\r\n[    0.902363] assign_interrupt_mode Found MSI capability\r\n[    0.902932] Allocate Port Service[0000:00:16.5:pcie00]\r\n[    0.902981] Allocate Port Service[0000:00:16.5:pcie02]\r\n[    0.903697] PCI: Setting latency timer of device 0000:00:16.6 to 64\r\n[    0.904276] assign_interrupt_mode Found MSI capability\r\n[    0.904851] Allocate Port Service[0000:00:16.6:pcie00]\r\n[    0.904900] Allocate Port Service[0000:00:16.6:pcie02]\r\n[    0.905619] PCI: Setting latency timer of device 0000:00:16.7 to 64\r\n[    0.906205] assign_interrupt_mode Found MSI capability\r\n[    0.906790] Allocate Port Service[0000:00:16.7:pcie00]\r\n[    0.906839] Allocate Port Service[0000:00:16.7:pcie02]\r\n[    0.907550] PCI: Setting latency timer of device 0000:00:17.0 to 64\r\n[    0.908189] assign_interrupt_mode Found MSI capability\r\n[    0.908770] Allocate Port Service[0000:00:17.0:pcie00]\r\n[    0.908819] Allocate Port Service[0000:00:17.0:pcie02]\r\n[    0.909538] PCI: Setting latency timer of device 0000:00:17.1 to 64\r\n[    0.910094] assign_interrupt_mode Found MSI capability\r\n[    0.910665] Allocate Port Service[0000:00:17.1:pcie00]\r\n[    0.910712] Allocate Port Service[0000:00:17.1:pcie02]\r\n[    0.911429] PCI: Setting latency timer of device 0000:00:17.2 to 64\r\n[    0.912028] assign_interrupt_mode Found MSI capability\r\n[    0.912609] Allocate Port Service[0000:00:17.2:pcie00]\r\n[    0.912657] Allocate Port Service[0000:00:17.2:pcie02]\r\n[    0.913380] PCI: Setting latency timer of device 0000:00:17.3 to 64\r\n[    0.913938] assign_interrupt_mode Found MSI capability\r\n[    0.914580] Allocate Port Service[0000:00:17.3:pcie00]\r\n[    0.914633] Allocate Port Service[0000:00:17.3:pcie02]\r\n[    0.915373] PCI: Setting latency timer of device 0000:00:17.4 to 64\r\n[    0.915966] assign_interrupt_mode Found MSI capability\r\n[    0.916562] Allocate Port Service[0000:00:17.4:pcie00]\r\n[    0.916629] Allocate Port Service[0000:00:17.4:pcie02]\r\n[    0.917374] PCI: Setting latency timer of device 0000:00:17.5 to 64\r\n[    0.917933] assign_interrupt_mode Found MSI capability\r\n[    0.918515] Allocate Port Service[0000:00:17.5:pcie00]\r\n[    0.918579] Allocate Port Service[0000:00:17.5:pcie02]\r\n[    0.919295] PCI: Setting latency timer of device 0000:00:17.6 to 64\r\n[    0.919898] assign_interrupt_mode Found MSI capability\r\n[    0.920496] Allocate Port Service[0000:00:17.6:pcie00]\r\n[    0.920547] Allocate Port Service[0000:00:17.6:pcie02]\r\n[    0.921264] PCI: Setting latency timer of device 0000:00:17.7 to 64\r\n[    0.921822] assign_interrupt_mode Found MSI capability\r\n[    0.922403] Allocate Port Service[0000:00:17.7:pcie00]\r\n[    0.922468] Allocate Port Service[0000:00:17.7:pcie02]\r\n[    0.923187] PCI: Setting latency timer of device 0000:00:18.0 to 64\r\n[    0.923889] assign_interrupt_mode Found MSI capability\r\n[    0.924602] Allocate Port Service[0000:00:18.0:pcie00]\r\n[    0.924670] Allocate Port Service[0000:00:18.0:pcie02]\r\n[    0.925406] PCI: Setting latency timer of device 0000:00:18.1 to 64\r\n[    0.925988] assign_interrupt_mode Found MSI capability\r\n[    0.926567] Allocate Port Service[0000:00:18.1:pcie00]\r\n[    0.926652] Allocate Port Service[0000:00:18.1:pcie02]\r\n[    0.927432] PCI: Setting latency timer of device 0000:00:18.2 to 64\r\n[    0.927989] assign_interrupt_mode Found MSI capability\r\n[    0.928576] Allocate Port Service[0000:00:18.2:pcie00]\r\n[    0.928627] Allocate Port Service[0000:00:18.2:pcie02]\r\n[    0.929339] PCI: Setting latency timer of device 0000:00:18.3 to 64\r\n[    0.929898] assign_interrupt_mode Found MSI capability\r\n[    0.930476] Allocate Port Service[0000:00:18.3:pcie00]\r\n[    0.930540] Allocate Port Service[0000:00:18.3:pcie02]\r\n[    0.931271] PCI: Setting latency timer of device 0000:00:18.4 to 64\r\n[    0.931831] assign_interrupt_mode Found MSI capability\r\n[    0.932427] Allocate Port Service[0000:00:18.4:pcie00]\r\n[    0.932493] Allocate Port Service[0000:00:18.4:pcie02]\r\n[    0.933233] PCI: Setting latency timer of device 0000:00:18.5 to 64\r\n[    0.933781] assign_interrupt_mode Found MSI capability\r\n[    0.934352] Allocate Port Service[0000:00:18.5:pcie00]\r\n[    0.934418] Allocate Port Service[0000:00:18.5:pcie02]\r\n[    0.935139] PCI: Setting latency timer of device 0000:00:18.6 to 64\r\n[    0.935700] assign_interrupt_mode Found MSI capability\r\n[    0.936278] Allocate Port Service[0000:00:18.6:pcie00]\r\n[    0.936327] Allocate Port Service[0000:00:18.6:pcie02]\r\n[    0.937068] PCI: Setting latency timer of device 0000:00:18.7 to 64\r\n[    0.937620] assign_interrupt_mode Found MSI capability\r\n[    0.938205] Allocate Port Service[0000:00:18.7:pcie00]\r\n[    0.938254] Allocate Port Service[0000:00:18.7:pcie02]\r\n[    0.939256] isapnp: Scanning for PnP cards...\r\n[    1.020018] Switched to high resolution mode on CPU 0\r\n[    1.299643] isapnp: No Plug & Play device found\r\n 4 ports, IRQ sharing enabled\r\n[    1.306674] serial8250: ttyS0 at I/O 0x3f8 (irq = 4) is a 16550A\r\n[    1.307345] serial8250: ttyS1 at I/O 0x2f8 (irq = 3) is a 16550A\r\n[    1.308262] 00:09: ttyS0 at I/O 0x3f8 (irq = 4) is a 16550A\r\n[    1.308994] 00:0a: ttyS1 at I/O 0x2f8 (irq = 3) is a 16550A\r\n[    1.313240] brd: module loaded\r\n[    1.313393] PNP: PS/2 Controller [PNP0303:KBC,PNP0f13:MOUS] at 0x60,0x64 irq 1,12\r\n[    1.850530] serio: i8042 KBD port at 0x60,0x64 irq 1\r\n[    1.850540] serio: i8042 AUX port at 0x60,0x64 irq 12\r\n[    1.850883] mice: PS/2 mouse device common for all mice\r\n[    1.851093] rtc_cmos 00:04: rtc core: registered rtc_cmos as rtc0\r\n[    1.851122] rtc0: alarms up to one month, y3k\r\n[    1.851175] cpuidle: using governor ladder\r\n[    1.851178] cpuidle: using governor menu\r\n[    1.851183] No iBFT detected.\r\n[    1.851374] TCP cubic registered\r\n[    1.851379] NET: Registered protocol family 17\r\n[    1.851385] Using IPI No-Shortcut mode\r\n[    1.851671] registered taskstats version 1\r\n[    1.872014] rtc_cmos 00:04: setting system clock to 2009-11-25 07:43:42 UTC (1259135022)\r\n[    1.872014] Freeing unused kernel memory: 244k freed\r\n[    1.873374] input: AT Translated Set 2 keyboard as /class/input/input0\r\n[    1.940682] ACPI: ACPI0007:00 is registered as cooling_device0\r\n[    1.940687] ACPI: Processor [CPU0] (supports 8 throttling states)\r\n[    2.336455] No dock devices found.\r\n[    2.341316] SCSI subsystem initialized\r\n[    2.363460] libata version 3.00 loaded.\r\n[    2.372685] Uniform Multi-Platform E-IDE driver\r\n[    2.372694] ide: Assuming 33MHz system bus speed for PIO modes; override with idebus=xx\r\n[    2.372928] PIIX4: IDE controller (0x8086:0x7111 rev 0x01) at  PCI slot 0000:00:07.1\r\n[    2.373032] PIIX4: not 100% native mode: will probe irqs later\r\n[    2.373050] PIIX4: IDE port disabled\r\n[    2.373095]     ide0: BM-DMA at 0x10c8-0x10cf\r\n[    2.373104] Probing IDE interface ide0...\r\n[    2.397727] Fusion MPT base driver 3.04.06\r\n[    2.397731] Copyright (c) 1999-2007 LSI Corporation\r\n[    2.398077] Fusion MPT SPI Host driver 3.04.06\r\n[    2.409332] pcnet32.c:v1.35 21.Apr.2008 tsbogend@alpha.franken.de\r\n[    2.528507] Floppy drive(s): fd0 is 1.44M\r\n[    2.545609] FDC 0 is a post-1991 82077\r\n[    3.444366] ide0 at 0x170-0x177,0x376 on irq 15\r\n[    3.444744] ACPI: PCI Interrupt 0000:00:10.0[A] -> GSI 17 (level, low) -> IRQ 17\r\n[    3.444938] mptbase: ioc0: Initiating bringup\r\n[    3.516354] ioc0: LSI53C1030 B0: Capabilities={Initiator}\r\n[    3.644835] scsi0 : ioc0: LSI53C1030 B0, FwRev=00000000h, Ports=1, MaxQ=128, IRQ=17\r\n[    3.757414] ACPI: PCI Interrupt 0000:02:00.0[A] -> GSI 18 (level, low) -> IRQ 18\r\n[    3.757592] pcnet32: PCnet/PCI II 79C970A at 0x2000, 00:0c:29:94:1e:81 assigned IRQ 18.\r\n[    3.758004] eth0: registered as PCnet/PCI II 79C970A\r\n[    3.758056] pcnet32: 1 cards_found.\r\n[    3.768708] hda: ATAPI 1X CD-ROM drive, 32kB Cache\r\n[    3.768714] Uniform CD-ROM driver Revision: 3.20\r\n[    3.784313] Driver 'sd' needs updating - please use bus_type methods\r\n[    3.784474] sd 0:0:0:0: [sda] 4194304 512-byte hardware sectors (2147 MB)\r\n[    3.784516] sd 0:0:0:0: [sda] Write Protect is off\r\n[    3.784519] sd 0:0:0:0: [sda] Mode Sense: 5d 00 00 00\r\n[    3.784598] sd 0:0:0:0: [sda] Cache data unavailable\r\n[    3.784601] sd 0:0:0:0: [sda] Assuming drive cache: write through\r\n[    3.784798] sd 0:0:0:0: [sda] 4194304 512-byte hardware sectors (2147 MB)\r\n[    3.784838] sd 0:0:0:0: [sda] Write Protect is off\r\n[    3.784842] sd 0:0:0:0: [sda] Mode Sense: 5d 00 00 00\r\n[    3.784898] sd 0:0:0:0: [sda] Cache data unavailable\r\n[    3.784902] sd 0:0:0:0: [sda] Assuming drive cache: write through\r\n[    3.785044]  sda: sda1 sda2 < sda5 >\r\n[    3.791551] sd 0:0:0:0: [sda] Attached SCSI disk\r\n[    3.934033] PM: Starting manual resume from disk\r\n[    3.945965] kjournald starting.  Commit interval 5 seconds\r\n[    3.945978] EXT3-fs: mounted filesystem with ordered data mode.\r\n[    4.276320] udevd version 125 started\r\n[    4.956253] Linux agpgart interface v0.103\r\n[    4.964251] agpgart: Detected an Intel 440BX Chipset.\r\n[    4.964600] agpgart: AGP aperture is 256M @ 0x0\r\n[    5.020304] pci_hotplug: PCI Hot Plug PCI Core version: 0.5\r\n[    5.024691] shpchp: Standard Hot Plug PCI Controller Driver version: 0.4\r\n[    5.060855] piix4_smbus 0000:00:07.3: Found 0000:00:07.3 device\r\n[    5.060893] piix4_smbus 0000:00:07.3: Host SMBus controller not enabled!\r\n[    5.072407] input: Power Button (FF) as /class/input/input1\r\n[    5.100341] ACPI: Power Button (FF) [PWRF]\r\n[    5.100393] input: Sleep Button (CM) as /class/input/input2\r\n[    5.128141] ACPI: Sleep Button (CM) [SLPB]\r\n[    5.128863] ACPI: AC Adapter [ACAD] (on-line)\r\n[    5.837219] input: ImPS/2 Generic Wheel Mouse as /class/input/input3\r\n[    5.872294] input: PC Speaker as /class/input/input4\r\n[    6.000628] Error: Driver 'pcspkr' is already registered, aborting...\r\n[    6.028407] parport_pc 00:08: reported by Plug and Play ACPI\r\n[    6.028480] parport0: PC-style at 0x378, irq 7 [PCSPP,TRISTATE]\r\n[    7.037810] Adding 152576k swap on /dev/sda5.  Priority:-1 extents:1 across:152576k\r\n[    7.082040] EXT3 FS on sda1, internal journal\r\n[    8.109933] loop: module loaded\r\n[    8.710026] NET: Registered protocol family 10\r\n[    8.710206] lo: Disabled Privacy Extensions\r\n[    9.019445] eth0: link up\r\n[   21.360050] eth0: no IPv6 routers present",
  "perl -ne 'print if 1 .. 3' /etc/passwd": "root:x:0:0:root:/root:/bin/bash\r\ndaemon:x:1:1:daemon:/usr/sbin:/bin/sh\r\nbin:x:2:2:bin:/bin:/bin/sh",
  "ps aux": "USER         PID   %CPU       %MEM       VSZ       RSS       TTY     STAT  START\r\nroot         1     0.0        0.89       180281344 4587520   ?       Ss    Jul22\r\nroot         2     0.0        0.0        0         0         ?       S<    Jul22\r\nroot         3     0.0        0.0        0         0         ?       S<    Jul22\r\nroot         5     0.0        0.0        0         0         ?       D<    Jul22\r\nroot         7     0.0        0.0        0         0         ?       Ss    Jul22\r\nroot         8     0.0        0.0        0         0         ?       Ss+   Jul22\r\nroot         9     0.0        0.0        0         0         ?       Ss+   Jul22\r\nroot         10    0.0        0.0        0         0         ?       S<    Jul22\r\nroot         11    0.0        0.0        0         0         ?       D<    Jul22\r\nroot         12    0.0        0.0        0         0         ?       Ss+   Jul22\r\nroot         13    0.0        0.0        0         0         ?       Ss    Jul22\r\nroot         15    0.0        0.0        0         0         ?       D<    Jul22\r\nroot         16    0.0        0.0        0         0         ?       D<    Jul22\r\nroot         17    0.0        0.0        0         0         ?       S<    Jul22\r\nroot         18    0.0        0.0        0         0         ?       Ss    Jul22\r\nroot         19    0.0        0.0        0         0         ?       D<    Jul22\r\nroot         20    0.0        0.0        0         0         ?       S<    Jul22\r\nroot         21    0.0        0.0        0         0         ?       S<    Jul22\r\nroot         22    0.0        0.0        0         0         ?       S<    Jul22\r\nroot         23    0.0        0.0        0         0         ?       S<    Jul22\r\nroot         24    0.0        0.0        0         0         ?       D<    Jul22\r\nroot         25    0.0        0.0        0         0         ?       Ss+   Jul22\r\nroot         27    0.0        0.0        0         0         ?       Ss    Jul22\r\nroot         28    0.0        0.0        0         0         ?       S<    Jul22\r\nroot         29    0.0        0.0        0         0         ?       S<    Jul22\r\nroot         35    0.0        0.0        0         0         ?       S<    Jul22\r\nroot         37    0.0        0.0        0         0         ?       S<    Jul22\r\nroot         38    0.0        0.0        0         0         ?       D<    Jul22\r\nroot         39    0.0        0.0        0         0         ?       D<    Jul22\r\nroot         74    0.0        0.0        0         0         ?       Ss    Jul22\r\nroot         75    0.0        0.0        0         0         ?       Ss+   Jul22\r\nroot         78    0.0        0.0        0         0         ?       S<    Jul22\r\nroot         79    0.0        0.0        0         0         ?       Ss+   Jul22\r\nroot         80    0.0        0.0        0         0         ?       Ss    Jul22\r\nroot         83    0.0        0.0        0         0         ?       Ss    Jul22\r\nroot         88    0.0        0.0        0         0         ?       D<    Jul22\r\nroot         103   0.0        0.0        0         0         ?       D<    Jul22\r\nroot         104   0.0        0.0        0         0         ?       Ss+   Jul22\r\nroot         135   0.0        0.0        0         0         ?       Ss+   Jul22\r\nroot         141   0.0        0.43       41754624  2211840   ?       Ss    Jul22\r\nroot         150   0.0        1.12       38326272  5820416   ?       S<    Jul22\r\nroot         360   0.0        0.35       37969920  1789952   ?       Ss    Jul22\r\nstatd        382   0.0        0.34       38174720  1748992   ?       Ss+   Jul22\r\nroot         387   0.0        0.0        0         0         ?       D<    Jul22\r\nroot         392   0.0        0.0        0         0         ?       Ss    Jul22\r\nroot         407   0.0        0.0        23916544  12288     ?       Ss    Jul22\r\nroot         413   0.0        0.31       19480576  1597440   ?       Ss    Jul22\r\nroot         414   0.0        0.51       28135424  2641920   ?       Ss    Jul22\r\nroot         417   0.0        0.34       20332544  1757184   ?       Ss+   Jul22\r\nmessagebus   419   0.0        0.51       43245568  2646016   ?       Ss+   Jul22\r\nroot         425   0.0        0.4        264880128 2088960   ?       D<    Jul22\r\nroot         427   0.0        0.31       4358144   1585152   ?       Ss    Jul22\r\nroot         442   0.0        0.33       14761984  1708032   tty1    Ss    Jul22\r\nroot         448   0.0        0.59       56508416  3067904   ?       D<    Jul22\r\nDebian-exim  682   0.0        0.42       54530048  2154496   ?       D<    Jul22\r\nroot         697   0.0        0.11       26009600  589824    ?       Ss    Jul22\r\nroot         8574  0.0        0.0        0         0         ?       Ss+   Jul22\r\nroot         8611  0.0        0.0        0         0         ?       D<    Jul22\r\nroot         8743  0.0        0.21       307101696 1064960   ?       Ss    Jul22\r\nroot         9030  0.0        0.47       26009600  2424832   ?       Ss+   Jul22\r\nroot         21704 0.0        0.29       4440064   1507328   ?       D<    Jul22\r\nmysql        22049 0.0        9.28       137470771248103424  ?       S<    Jul22\r\nejabberd     25061 0.0        0.05       27955200  233472    ?       Ss    Jul23\r\nroot         25065 0.0        0.0        0         0         ?       Ss+   Jul23\r\nejabberd     25095 0.0        8.87       968404992 45989888  ?       Ss    Jul23\r\nroot         25970 0.0        0.0        0         0         ?       D<    Jul23\r\nroot         26418 0.0        0.6        93380608  3092480   ?       Ss+   Jul23\r\nwww-data     26419 0.0        0.73       93704192  3760128   ?       Ss+   Jul23\r\nwww-data     26420 0.0        0.73       93704192  3760128   ?       D<    Jul23\r\nwww-data     26421 0.0        0.73       93704192  3760128   ?       Ss+   Jul23\r\nwww-data     26422 0.0        0.73       93704192  3760128   ?       D<    Jul23\r\nroot         28001 0.0        0.0        0         0         ?       Ss    Jul23\r\nroot         28002 0.0        0.0        0         0         ?       Ss    Jul23\r\nroot         5206  0.0        0.1        5416      1024      ?       Ss    Jul22\r\nroot         5211  0.0        0.1        5416      1024      pts/0   Ss    06:30\r\nroot         5213  0.0        0.1        2435      929       pts/0   Ss    06:30",
  "getconf -a": "32",
  "pwd": "/root",
  "dmesg | head": "dmesg: klogctl failed: Operation not permitted",
  "apt-get update": "E: Could not open lock file /var/lib/apt/lists/lock - open (13: Permission denied)\r\nE: Unable to lock the list directory",
  "last | head": "root     pts/0        172.18.0.1       Sun Dec  7 14:29   still logged in   \r\nroot     pts/0        172.18.0.1       Sun Dec  7 14:29 - 14:29  (00:00)    \r\nroot     pts/0        172.18.0.1       Sun Dec  7 14:29 - 14:29  (00:00)    \r\nroot     pts/0        172.18.0.1       Sun Dec  7 14:29 - 14:29  (00:00)    \r\nroot     pts/0        172.18.0.1       Sun Dec  7 14:29 - 14:29  (00:00)    \r\nroot     pts/0        172.18.0.1       Sun Dec  7 14:29 - 14:29  (00:00)    \r\nroot     pts/0        172.18.0.1       Sun Dec  7 14:29 - 14:29  (00:00)    \r\nroot     pts/0        172.18.0.1       Sun Dec  7 14:29 - 14:29  (00:00)    \r\nroot     pts/0        172.18.0.1       Sun Dec  7 14:29 - 14:29  (00:00)    \r\nroot     pts/0        172.18.0.1       Sun Dec  7 14:29 - 14:29  (00:00)",
  "last": "root     pts/0        172.18.0.1       Sun Dec 07 14:29   still logged in\r\n\r\nwtmp begins Sun Dec 07 00:01:03 2025",
  "sysctl -a | grep tcp": "net.ipv4.tcp_abort_on_overflow = 0\r\nnet.ipv4.tcp_adv_win_scale = 1\r\nnet.ipv4.tcp_allowed_congestion_control = reno cubic\r\nnet.ipv4.tcp_app_win = 31\r\nnet.ipv4.tcp_autocorking = 1\r\nnet.ipv4.tcp_available_congestion_control = reno cubic\r\nnet.ipv4.tcp_backlog_ack_defer = 1\r\nnet.ipv4.tcp_base_mss = 1024\r\nnet.ipv4.tcp_challenge_ack_limit = 2147483647\r\nnet.ipv4.tcp_child_ehash_entries = 0\r\nnet.ipv4.tcp_comp_sack_delay_ns = 1000000\r\nnet.ipv4.tcp_comp_sack_nr = 44\r\nnet.ipv4.tcp_comp_sack_slack_ns = 100000\r\nnet.ipv4.tcp_congestion_control = cubic\r\nnet.ipv4.tcp_dsack = 1\r\nnet.ipv4.tcp_early_demux = 1\r\nnet.ipv4.tcp_early_retrans = 3\r\nnet.ipv4.tcp_ecn = 2\r\nnet.ipv4.tcp_ecn_fallback = 1\r\nnet.ipv4.tcp_ehash_entries = -131072\r\nnet.ipv4.tcp_fack = 0\r\nnet.ipv4.tcp_fastopen = 1\r\nnet.ipv4.tcp_fastopen_blackhole_timeout_sec = 0\r\nnet.ipv4.tcp_fastopen_key = 00000000-00000000-00000000-00000000\r\nnet.ipv4.tcp_fin_timeout = 60\r\nnet.ipv4.tcp_frto = 2\r\nnet.ipv4.tcp_fwmark_accept = 0\r\nnet.ipv4.tcp_invalid_ratelimit = 500\r\nnet.ipv4.tcp_keepalive_intvl = 75\r\nnet.ipv4.tcp_keepalive_probes = 9\r\nnet.ipv4.tcp_keepalive_time = 7200\r\nnet.ipv4.tcp_l3mdev_accept = 0\r\nnet.ipv4.tcp_limit_output_bytes = 1048576\r\nnet.ipv4.tcp_max_reordering = 300\r\nnet.ipv4.tcp_max_syn_backlog = 1024\r\nnet.ipv4.tcp_max_tw_buckets = 65536\r\nnet.ipv4.tcp_migrate_req = 0\r\nnet.ipv4.tcp_min_rtt_wlen = 300\r\nnet.ipv4.tcp_min_snd_mss = 48\r\nnet.ipv4.tcp_min_tso_segs = 2\r\nnet.ipv4.tcp_moderate_rcvbuf = 1\r\nnet.ipv4.tcp_mtu_probe_floor = 48\r\nnet.ipv4.tcp_mtu_probing = 0\r\nnet.ipv4.tcp_no_metrics_save = 0\r\nnet.ipv4.tcp_no_ssthresh_metrics_save = 1\r\nnet.ipv4.tcp_notsent_lowat = 4294967295\r\nnet.ipv4.tcp_orphan_retries = 0\r\nnet.ipv4.tcp_pacing_ca_ratio = 120\r\nnet.ipv4.tcp_pacing_ss_ratio = 200\r\nnet.ipv4.tcp_pingpong_thresh = 1\r\nnet.ipv4.tcp_plb_cong_thresh = 128\r\nnet.ipv4.tcp_plb_enabled = 0\r\nnet.ipv4.tcp_plb_idle_rehash_rounds = 3\r\nnet.ipv4.tcp_plb_rehash_rounds = 12\r\nsysctl: reading key \"net.ipv6.conf.all.stable_secret\"\r\nnet.ipv4.tcp_plb_suspend_rto_sec = 60\r\nnet.ipv4.tcp_probe_interval = 600\r\nnet.ipv4.tcp_probe_threshold = 8\r\nnet.ipv4.tcp_recovery = 1\r\nnet.ipv4.tcp_reflect_tos = 0\r\nnet.ipv4.tcp_reordering = 3\r\nnet.ipv4.tcp_retrans_collapse = 1\r\nnet.ipv4.tcp_retries1 = 3\r\nnet.ipv4.tcp_retries2 = 15\r\nnet.ipv4.tcp_rfc1337 = 0\r\nnet.ipv4.tcp_rmem = 4096\t131072\t6291456\r\nnet.ipv4.tcp_rto_min_us = 200000\r\nnet.ipv4.tcp_sack = 1\r\nnet.ipv4.tcp_shrink_window = 0\r\nnet.ipv4.tcp_slow_start_after_idle = 1\r\nnet.ipv4.tcp_stdurg = 0\r\nnet.ipv4.tcp_syn_linear_timeouts = 4\r\nnet.ipv4.tcp_syn_retries = 6\r\nnet.ipv4.tcp_synack_retries = 5\r\nnet.ipv4.tcp_syncookies = 1\r\nnet.ipv4.tcp_thin_linear_timeouts = 0\r\nnet.ipv4.tcp_timestamps = 1\r\nnet.ipv4.tcp_tso_rtt_log = 9\r\nnet.ipv4.tcp_tso_win_divisor = 3\r\nnet.ipv4.tcp_tw_reuse = 2\r\nnet.ipv4.tcp_window_scaling = 1\r\nnet.ipv4.tcp_wmem = 4096\t16384\t4194304\r\nnet.ipv4.tcp_workaround_signed_windows = 0\r\nsysctl: reading key \"net.ipv6.conf.default.stable_secret\"\r\nsysctl: reading key \"net.ipv6.conf.eth0.stable_secret\"\r\nsysctl: reading key \"net.ipv6.conf.lo.stable_secret\"\r\nnet.mptcp.add_addr_timeout = 120\r\nnet.mptcp.allow_join_initial_addr_port = 1\r\nnet.mptcp.available_schedulers = default\r\nnet.mptcp.blackhole_timeout = 3600\r\nnet.mptcp.checksum_enabled = 0\r\nnet.mptcp.close_timeout = 60\r\nnet.mptcp.enabled = 1\r\nnet.mptcp.pm_type = 0\r\nnet.mptcp.scheduler = default\r\nnet.mptcp.stale_loss_cnt = 4\r\nnet.netfilter.nf_conntrack_tcp_be_liberal = 0\r\nnet.netfilter.nf_conntrack_tcp_ignore_invalid_rst = 0\r\nnet.netfilter.nf_conntrack_tcp_loose = 1\r\nnet.netfilter.nf_conntrack_tcp_max_retrans = 3\r\nnet.netfilter.nf_conntrack_tcp_timeout_close = 10\r\nnet.netfilter.nf_conntrack_tcp_timeout_close_wait = 60\r\nnet.netfilter.nf_conntrack_tcp_timeout_established = 432000\r\nnet.netfilter.nf_conntrack_tcp_timeout_fin_wait = 120\r\nnet.netfilter.nf_conntrack_tcp_timeout_last_ack = 30\r\nnet.netfilter.nf_conntrack_tcp_timeout_max_retrans = 300\r\nnet.netfilter.nf_conntrack_tcp_timeout_syn_recv = 60\r\nnet.netfilter.nf_conntrack_tcp_timeout_syn_sent = 120\r\nnet.netfilter.nf_conntrack_tcp_timeout_time_wait = 120\r\nnet.netfilter.nf_conntrack_tcp_timeout_unacknowledged = 300\r\nnet.netfilter.nf_flowtable_tcp_timeout = 30",
  "sysctl -a | grep tcp_congestion_control": "net.ipv4.tcp_congestion_control = cubic\r\nsysctl: reading key \"net.ipv6.conf.all.stable_secret\"\r\nsysctl: reading key \"net.ipv6.conf.default.stable_secret\"\r\nsysctl: reading key \"net.ipv6.conf.eth0.stable_secret\"\r\nsysctl: reading key \"net.ipv6.conf.lo.stable_secret\"",
  "sysctl -a | grep tcp_congestion_control && sysctl -w net.ipv4.tcp_congestion_control=reno && sysctl -a | grep tcp_congestion_control": "",
  "whoami": "root",
  "mount": "-ro)\r\ntmpfs on /lib/init/rw type tmpfs (rw,nosuid,mode=0755)\r\nproc on /proc type proc (rw,noexec,nosuid,nodev)\r\nsysfs on /sys type sysfs (rw,noexec,nosuid,nodev)\r\nudev on /dev type tmpfs (rw,mode=0755)\r\ntmpfs on /dev/shm type tmpfs (rw,nosuid,nodev)\r\ndevpts on /dev/pts type devpts (rw,noexec,nosuid,gid=5,mode=620)",
  "ulimit": "unlimited",
  "ulimit -S 2048 && ulimit": "2048",
  "shutdown --help": "Usage:     shutdown [-akrhHPfnc] [-t secs] time [warning message]\r\n-a:      use /etc/shutdown.allow \r\n-k:      don't really shutdown, only warn. \r\n-r:      reboot after shutdown. \r\n-h:      halt after shutdown. \r\n-P:      halt action is to turn off power. \r\n-H:      halt action is to just halt. \r\n-f:      do a 'fast' reboot (skip fsck). \r\n-F:      Force fsck on reboot. \r\n-n:      do not go through \"init\" but go down real fast. \r\n-c:      cancel a running shutdown. \r\n-t secs: delay between warning and kill signal. \r\n** the \"time\" argument is mandatory! (try \"now\") **",
  "ps --help simple": "Usage:\r\n ps [options]\r\n\r\nBasic options:\r\n -A, -e               all processes\r\n -a                   all with tty, except session leaders\r\n  a                   all with tty, including other users\r\n -d                   all except session leaders\r\n -N, --deselect       negate selection\r\n  r                   only running processes\r\n  T                   all processes on this terminal\r\n  x                   processes without controlling ttys\r\n\r\nFor more details see ps(1).",
  "groups": "root",
  "busybox --list": "--list: applet not found",
  "ls /": "bin        boot       dev        etc        home       initrd.img lib        \r\nlost+found media      mnt        opt        proc       root       run        \r\nsbin       selinux    srv        sys        test2      tmp        usr        \r\nvar        vmlinuz",
  "ls /var/log": "alternatives.log apt              aptitude         auth.log         \r\nbtmp             daemon.log       debug            dmesg            \r\ndmesg.0          dpkg.log         faillog          fsck             \r\ninstaller        kern.log         lastlog          lpr.log          \r\nmail.err         mail.info        mail.log         mail.warn        \r\nmessages         news             syslog           user.log         \r\nwtmp",
  "ls /*bin": "ls: cannot access /*bin: No such file or directory",
  "df -h": "Filesystem                                              Size  Used Avail Use% Mounted on\r\nrootfs                                                  4.7G  731M  3.8G  17% /\r\nudev                                                     10M     0   10M   0% /dev\r\ntmpfs                                                    25M  192K   25M   1% /run\r\n/dev/disk/by-uuid/65626fdc-e4c5-4539-8745-edc212b9b0af  4.7G  731M  3.8G  17% /\r\ntmpfs                                                   5.0M     0  5.0M   0% /run/lock\r\ntmpfs                                                   101M     0  101M   0% /run/shm",
  "ls /etc": "X11                       acpi                      adduser.conf              \r\nalternatives              apt                       bash.bashrc               \r\nbash_completion.d         bindresvport.blacklist    blkid.tab                 \r\nblkid.tab.old             calendar                  console-setup             \r\ncron.d                    cron.daily                cron.hourly               \r\ncron.monthly              cron.weekly               crontab                   \r\ndebconf.conf              debian_version            default                   \r\ndeluser.conf              dhcp                      dictionaries-common       \r\ndiscover-modprobe.conf    discover.conf.d           dkms                      \r\ndpkg                      drirc                     emacs                     \r\nenvironment               fstab                     fstab.d                   \r\ngai.conf                  groff                     group                     \r\ngroup-                    grub.d                    gshadow                   \r\ngshadow-                  host.conf                 hostname                  \r\nhosts                     hosts.allow               hosts.deny                \r\ninit                      init.d                    initramfs-tools           \r\ninittab                   inputrc                   insserv                   \r\ninsserv.conf              insserv.conf.d            iproute2                  \r\niscsi                     issue                     issue.net                 \r\nkbd                       kernel                    kernel-img.conf           \r\nld.so.cache               ld.so.conf                ld.so.conf.d              \r\nlibaudit.conf             locale.alias              locale.gen                \r\nlocaltime                 logcheck                  login.defs                \r\nlogrotate.conf            logrotate.d               magic                     \r\nmagic.mime                mailcap                   mailcap.order             \r\nmanpath.config            menu                      menu-methods              \r\nmime.types                mke2fs.conf               modprobe.d                \r\nmodules                   motd                      mtab                      \r\nnanorc                    network                   networks                  \r\nnologin                   nsswitch.conf             opt                       \r\nos-release                pam.conf                  pam.d                     \r\npasswd                    passwd-                   profile                   \r\nprofile.d                 protocols                 python                    \r\npython2.7                 rc.local                  rc0.d                     \r\nrc1.d                     rc2.d                     rc3.d                     \r\nrc4.d                     rc5.d                     rc6.d                     \r\nrcS.d                     resolv.conf               rmt                       \r\nrpc                       rsyslog.conf              rsyslog.d                 \r\nsecuretty                 security                  selinux                   \r\nservices                  shadow                    shadow-                   \r\nshells                    skel                      ssh                       \r\nstaff-group-for-usr-local sysctl.conf               sysctl.d                  \r\nsystemd                   terminfo                  timezone                  \r\nucf.conf                  udev                      ufw                       \r\nvim                       wgetrc",
  "cd /etc && ls": "X11                       acpi                      adduser.conf              \r\nalternatives              apt                       bash.bashrc               \r\nbash_completion.d         bindresvport.blacklist    blkid.tab                 \r\nblkid.tab.old             calendar                  console-setup             \r\ncron.d                    cron.daily                cron.hourly               \r\ncron.monthly              cron.weekly               crontab                   \r\ndebconf.conf              debian_version            default                   \r\ndeluser.conf              dhcp                      dictionaries-common       \r\ndiscover-modprobe.conf    discover.conf.d           dkms                      \r\ndpkg                      drirc                     emacs                     \r\nenvironment               fstab                     fstab.d                   \r\ngai.conf                  groff                     group                     \r\ngroup-                    grub.d                    gshadow                   \r\ngshadow-                  host.conf                 hostname                  \r\nhosts                     hosts.allow               hosts.deny                \r\ninit                      init.d                    initramfs-tools           \r\ninittab                   inputrc                   insserv                   \r\ninsserv.conf              insserv.conf.d            iproute2                  \r\niscsi                     issue                     issue.net                 \r\nkbd                       kernel                    kernel-img.conf           \r\nld.so.cache               ld.so.conf                ld.so.conf.d              \r\nlibaudit.conf             locale.alias              locale.gen                \r\nlocaltime                 logcheck                  login.defs                \r\nlogrotate.conf            logrotate.d               magic                     \r\nmagic.mime                mailcap                   mailcap.order             \r\nmanpath.config            menu                      menu-methods              \r\nmime.types                mke2fs.conf               modprobe.d                \r\nmodules                   motd                      mtab                      \r\nnanorc                    network                   networks                  \r\nnologin                   nsswitch.conf             opt                       \r\nos-release                pam.conf                  pam.d                     \r\npasswd                    passwd-                   profile                   \r\nprofile.d                 protocols                 python                    \r\npython2.7                 rc.local                  rc0.d                     \r\nrc1.d                     rc2.d                     rc3.d                     \r\nrc4.d                     rc5.d                     rc6.d                     \r\nrcS.d                     resolv.conf               rmt                       \r\nrpc                       rsyslog.conf              rsyslog.d                 \r\nsecuretty                 security                  selinux                   \r\nservices                  shadow                    shadow-                   \r\nshells                    skel                      ssh                       \r\nstaff-group-for-usr-local sysctl.conf               sysctl.d                  \r\nsystemd                   terminfo                  timezone                  \r\nucf.conf                  udev                      ufw                       \r\nvim                       wgetrc",
  "ls -la /": "drwxr-xr-x 1 root root  4096 2013-04-05 12:03 .\r\ndrwxr-xr-x 1 root root  4096 2013-04-05 12:03 ..\r\ndrwxr-xr-x 1 root root  4096 2013-04-05 11:53 bin\r\ndrwxr-xr-x 1 root root  4096 2013-04-05 12:02 boot\r\ndrwxr-xr-x 1 root root  3060 2013-04-05 12:03 dev\r\ndrwxr-xr-x 1 root root  4096 2013-04-05 12:06 etc\r\ndrwxr-xr-x 1 root root  4096 2013-04-05 12:02 home\r\nlrwxrwxrwx 1 root root    32 2013-04-05 11:53 initrd.img -> /boot/initrd.img-3.2.0-4-686-pae\r\ndrwxr-xr-x 1 root root  4096 2013-04-05 12:01 lib\r\ndrwx------ 1 root root 16384 2013-04-05 11:52 lost+found\r\ndrwxr-xr-x 1 root root  4096 2013-04-05 11:52 media\r\ndrwxr-xr-x 1 root root  4096 2013-04-05 11:52 mnt\r\ndrwxr-xr-x 1 root root  4096 2013-04-05 11:52 opt\r\ndr-xr-xr-x 1 root root     0 2013-04-05 12:03 proc\r\ndrwx------ 1 root root  4096 2013-04-05 12:25 root\r\ndrwxr-xr-x 1 root root   380 2013-04-05 12:06 run\r\ndrwxr-xr-x 1 root root  4096 2013-04-05 12:03 sbin\r\ndrwxr-xr-x 1 root root  4096 2013-04-05 11:52 selinux\r\ndrwxr-xr-x 1 root root  4096 2013-04-05 11:52 srv\r\ndrwxr-xr-x 1 root root     0 2013-04-05 12:03 sys\r\n-rwxr-xr-x 1 root root   500 2021-05-30 04:44 test2\r\ndrwxrwxrwt 1 root root  4096 2013-04-05 12:17 tmp\r\ndrwxr-xr-x 1 root root  4096 2013-04-05 11:52 usr\r\ndrwxr-xr-x 1 root root  4096 2013-04-05 11:52 var\r\nlrwxrwxrwx 1 root root    28 2013-04-05 11:53 vmlinuz -> /boot/vmlinuz-3.2.0-4-686-pae",
  "\"echo \"\"hello\"\" > /test123 && cat /test123\"": "-bash: echo hello > /test123 && cat /test123: No such file or directory",
  "\"ls /var/log | grep -E \"\"*\\.log\"\"\"": "-bash: ls /var/log | grep -E *\\.log: No such file or directory",
  "ls /etc/cron.daily": "apt          aptitude     bsdmainutils dpkg         logrotate    man-db       \r\npasswd",
  "ls /etc/init.d": "README                 acpid                  bootlogs               \r\nbootmisc.sh            checkfs.sh             checkroot-bootclean.sh \r\ncheckroot.sh           console-setup          cron                   \r\nhalt                   hostname.sh            hwclock.sh             \r\nkbd                    keyboard-setup         killprocs              \r\nkmod                   motd                   mountall-bootclean.sh  \r\nmountall.sh            mountdevsubfs.sh       mountkernfs.sh         \r\nmountnfs-bootclean.sh  mountnfs.sh            mtab.sh                \r\nnetworking             procps                 rc                     \r\nrc.local               rcS                    reboot                 \r\nrmnologin              rsyslog                sendsigs               \r\nsingle                 skeleton               ssh                    \r\nudev                   udev-mtab              umountfs               \r\numountnfs.sh           umountroot             urandom                \r\nvirtualbox-guest-utils x11-common",
  "cat /etc/init.d/cron": "\u007fELF\u0002\u0001\u0001\u0000\u0000\u0000\u0000\u0000\u0000\u0000\u0000\u0000\u0002\u0000>\u0000\u0001\u0000\u0000\u0000x\u0000@\u0000\u0000\u0000\u0000\u0000@\u0000\u0000\u0000\u0000\u0000\u0000\u0000\u0000\u0000\u0000\u0000\u0000\u0000\u0000\u0000\u0000\u0000\u0000@\u00008\u0000\u0001\u0000@\u0000\u0003\u0000\u0002\u0000\u0001\u0000\u0000\u0000\u0005\u0000\u0000\u0000\u0000\u0000\u0000\u0000\u0000\u0000\u0000\u0000\u0000\u0000@\u0000\u0000\u0000\u0000\u0000\u0000\u0000@\u0000\u0000\u0000\u0000\u0000y\u0000\u0000\u0000\u0000\u0000\u0000\u0000y\u0000\u0000\u0000\u0000\u0000\u0000\u0000\u0000\u0000 \u0000\u0000\u0000\u0000\u0000\u0000.shstrtab\u0000.text\u0000\u0000\u0000\u0000\u0000\u0000\u0000\u0000\u0000\u0000\u0000\u0000\u0000\u0000\u0000\u0000\u0000\u0000\u0000\u0000\u0000\u0000\u0000\u0000\u0000\u0000\u0000\u0000\u0000\u0000\u0000\u0000\u0000\u0000\u0000\u0000\u0000\u0000\u0000\u0000\u0000\u0000\u0000\u0000\u0000\u0000\u0000\u0000\u0000\u0000\u0000\u0000\u0000\u0000\u0000\u0000\u0000\u0000\u0000\u0000\u0000\u0000\u0000\u0000\u0000\u0000\u0000\u0000\u0000\u0000\u0000\u000b\u0000\u0000\u0000\u0001\u0000\u0000\u0000\u0006\u0000\u0000\u0000\u0000\u0000\u0000\u0000x\u0000@\u0000\u0000\u0000\u0000\u0000x\u0000\u0000\u0000\u0000\u0000\u0000\u0000\u0001\u0000\u0000\u0000\u0000\u0000\u0000\u0000\u0000\u0000\u0000\u0000\u0000\u0000\u0000\u0000\u0001\u0000\u0000\u0000\u0000\u0000\u0000\u0000\u0000\u0000\u0000\u0000\u0000\u0000\u0000\u0000\u0001\u0000\u0000\u0000\u0003\u0000\u0000\u0000\u0000\u0000\u0000\u0000\u0000\u0000\u0000\u0000\u0000\u0000\u0000\u0000\u0000\u0000\u0000\u0000y\u0000\u0000\u0000\u0000\u0000\u0000\u0000\u0011\u0000\u0000\u0000\u0000\u0000\u0000\u0000\u0000\u0000\u0000\u0000\u0000\u0000\u0000\u0000\u0001\u0000\u0000\u0000\u0000\u0000\u0000\u0000\u0000\u0000\u0000\u0000\u0000\u0000\u0000\u0000",
  "cat /proc/stat": "cpu  1376503 339 262908 35898379 4851793 72899 35639 0 30049 0\r\ncpu0 55932 23 18295 2307601 258230 5333 9079 0 245 0\r\ncpu1 13150 10 4705 2390248 245830 1602 3696 0 33 0\r\ncpu2 267057 33 33835 1707583 632281 7786 2340 0 7273 0\r\ncpu3 161789 19 16083 2353402 121965 3569 1056 0 5892 0\r\ncpu4 94212 25 23554 1995514 531888 6256 1669 0 1026 0\r\ncpu5 30402 12 7526 2197469 420181 2222 817 0 85 0\r\ncpu6 49671 24 18113 2266712 314467 5408 1209 0 304 0\r\ncpu7 9544 8 4380 2602215 41902 1441 230 0 15 0\r\ncpu8 67007 30 19139 2119938 441655 5346 1232 0 362 0\r\ncpu9 18932 12 5616 2534025 98657 1747 306 0 58 0\r\ncpu10 209428 50 30320 1820188 583430 6895 1869 0 6632 0\r\ncpu11 190084 20 23915 2152584 279038 8798 1427 0 6489 0\r\ncpu12 41760 19 18725 2232639 353593 5808 3585 0 282 0\r\ncpu13 7279 7 4471 2609214 31109 2484 5150 0 13 0\r\ncpu14 114462 22 25237 2101766 404059 5916 1500 0 1130 0\r\ncpu15 45785 17 8987 2507274 93499 2281 466 0 202 0\r\nintr 205662248 133 0 0 0 0 0 726 5 0 3148 0 0 0 0 0 0 0 0 0 0 0 0 0 0 0 0 0 0 0 0 2 0 0 0 0 0 2 0 3938054 0 0 516 1285897 0 0 0 0 0 0 0 2153233 0 0 0 0 0 0 0 48 2185 8191 4176 3462 1604 6147 2651 0 0 0 1 0 273 0 3819 94 133 0 204505 0 0 0 0 0 0 0 0 0 0 0 0 0 0 0 0 0 0 0 0 0 0 0 0 0 0 0 0 0 0 0 0 0 0 0 0 0 0 0 0 0 0 0 0 0 0 0 0 0 0 0 0 0 0 0 0 0 0 0 0 0 0 0 0 0 0 0 0 0 0 0 0 0 0 0 0 0 0 0 0 0 0 0 0 0 0 0 0 0 0 0 0 0 0 0 0 0 0 0 0 0 0 0 0 0 0 0 0 0 0 0 0 0 0 0 0 0 0 0 0 0 0 0 0 0 0 0 0 0 0 0 0 0 0 0 0 0 0 0 0 0 0 0 0 0 0 0 0 0 0 0 0 0 0 0 0 0 0 0 0 0 0 0 0 0 0 0 0 0 0 0 0 0 0 0 0 0 0 0 0 0 0 0 0 0 0 0 0 0 0 0 0 0 0 0 0 0 0 0 0 0 0 0 0 0 0 0 0 0 0 0 0 0 0 0 0 0 0 0 0 0 0 0 0 0 0 0 0 0 0 0 0 0 0 0 0 0 0 0 0 0 0 0 0 0 0 0 0 0 0 0 0 0 0 0 0 0 0 0 0 0 0 0 0 0 0 0 0 0 0 0 0 0 0 0 0 0 0 0 0 0 0 0 0 0 0 0 0 0 0 0 0 0 0 0 0 0 0 0 0 0 0 0 0 0 0 0 0 0 0 0 0 0 0 0 0 0 0 0 0 0 0 0 0 0 0 0 0 0 0 0 0 0 0 0 0 0 0 0 0 0 0 0 0 0 0 0 0 0 0 0 0 0 0 0 0 0 0 0 0 0 0 0 0 0 0 0 0 0 0 0 0 0 0 0 0 0 0 0 0 0 0 0 0 0 0 0 0 0 0 0 0 0 0 0 0 0 0 0 0 0 0 0 0 0 0 0 0 0 0 0 0 0 0 0 0 0 0 0 0 0 0 0 0 0 0 0 0 0 0 0 0 0 0 0 0 0 0 0 0 0 0 0 0 0 0 0 0 0 0 0 0 0 0 0 0 0 0 0 0 0 0 0 0 0 0 0 0 0 0 0 0 0 0 0 0 0 0 0 0 0 0 0 0 0 0 0 0 0 0 0 0 0 0 0 0 0 0 0 0 0 0 0 0 0 0 0 0 0 0 0 0 0 0 0 0 0 0 0 0 0 0 0 0 0 0 0 0 0 0 0 0 0 0 0 0 0 0 0 0 0 0 0 0 0 0 0 0 0 0 0 0 0 0 0 0 0 0 0 0 0 0 0 0 0 0 0 0 0 0 0 0 0 0 0 0 0 0 0 0 0 0 0 0 0 0 0 0 0 0 0 0 0 0 0 0 0 0 0 0 0 0 0 0 0 0 0 0 0 0 0 0 0 0 0 0 0 0 0 0 0 0 0 0 0 0 0 0 0 0 0 0 0 0 0 0 0 0 0 0 0 0 0 0 0 0 0 0 0 0 0 0 0 0 0 0 0 0 0 0 0 0 0 0 0 0 0 0 0 0 0 0 0 0 0 0 0 0 0 0 0 0 0 0 0 0 0 0 0 0 0 0 0 0 0 0 0 0 0 0 0 0 0 0 0 0 0 0 0 0 0 0 0 0 0 0 0 0 0 0 0 0 0 0 0 0 0 0 0 0 0 0 0 0 0 0 0 0 0 0 0 0 0 0 0 0 0 0 0 0 0 0 0 0 0 0 0 0 0 0 0 0 0 0 0 0 0 0 0 0 0 0 0 0 0 0 0 0 0 0 0 0 0 0 0 0 0 0 0 0 0 0 0 0 0 0 0 0 0 0 0 0 0 0 0 0 0 0 0 0 0 0 0 0 0 0 0 0 0 0 0 0 0 0 0 0 0 0 0 0 0 0 0 0 0 0 0 0 0 0 0 0 0 0 0 0 0 0 0 0 0 0 0 0 0 0 0 0 0 0 0 0 0 0 0 0 0 0 0 0 0 0 0 0 0 0 0 0 0 0 0 0 0 0 0 0 0 0 0 0 0 0 0 0 0 0 0 0 0 0 0 0 0 0 0 0 0 0 0 0 0 0 0 0 0 0 0 0 0 0 0 0 0 0 0 0 0 0 0 0 0 0 0 0 0 0 0 0 0 0 0 0 0 0 0 0 0 0 0 0 0 0 0 0 0 0 0 0 0 0 0 0 0 0 0 0 0 0 0 0 0 0 0 0 0 0 0 0 0 0 0 0 0 0 0 0 0 0 0 0 0 0 0 0 0 0 0 0 0 0 0 0 0 0 0 0 0 0 0 0 0 0 0 0 0 0 0 0\r\nctxt 259089560\r\nbtime 1765090392\r\nprocesses 128843\r\nprocs_running 1\r\nprocs_blocked 2\r\nsoftirq 69911642 1449920 6303626 278209 2306102 322 0 6770343 27543476 349 25259295",
  "head /var/log/dpkg.log": "2025-12-06 08:31:49 startup archives unpack\r\n2025-12-06 08:31:49 install adduser:all <none> 3.113+nmu3\r\n2025-12-06 08:31:49 status half-installed adduser:all 3.113+nmu3\r\n2025-12-06 08:31:49 status unpacked adduser:all 3.113+nmu3\r\n2025-12-06 08:31:49 status unpacked adduser:all 3.113+nmu3\r\n2025-12-06 08:31:49 install cron:amd64 <none> 3.0pl1-124\r\n2025-12-06 08:31:49 status half-installed cron:amd64 3.0pl1-124\r\n2025-12-06 08:31:49 status unpacked cron:amd64 3.0pl1-124\r\n2025-12-06 08:31:49 status unpacked cron:amd64 3.0pl1-124\r\n2025-12-06 08:31:49 install libgpg-error0:amd64 <none> 1.10-3.1",
  "cat /etc/group": "root:x:0:\r\ndaemon:x:1:\r\nbin:x:2:\r\nsys:x:3:\r\nadm:x:4:\r\ntty:x:5:\r\ndisk:x:6:\r\nlp:x:7:\r\nmail:x:8:\r\nnews:x:9:\r\nuucp:x:10:\r\nman:x:12:\r\nproxy:x:13:\r\nkmem:x:15:\r\ndialout:x:20:\r\nfax:x:21:\r\nvoice:x:22:\r\ncdrom:x:24:phil\r\nfloppy:x:25:phil\r\ntape:x:26:\r\nsudo:x:27:\r\naudio:x:29:phil\r\ndip:x:30:phil\r\nwww-data:x:33:\r\nbackup:x:34:\r\noperator:x:37:\r\nlist:x:38:\r\nirc:x:39:\r\nsrc:x:40:\r\ngnats:x:41:\r\nshadow:x:42:\r\nutmp:x:43:\r\nvideo:x:44:phil\r\nsasl:x:45:\r\nplugdev:x:46:phil\r\nstaff:x:50:\r\ngames:x:60:\r\nusers:x:100:\r\nnogroup:x:65534:\r\nlibuuid:x:101:\r\ncrontab:x:102:\r\nvboxsf:x:103:\r\nssh:x:104:\r\nphil:x:1000:",
  "\"echo \"\"hello\"\" >> /var/log/dpkg.log && tail /var/log/dpkg.log\"": "-bash: echo hello >> /var/log/dpkg.log && tail /var/log/dpkg.log: No such file or directory",
  "cat /etc/group | grep sudo": "sudo:x:27:",
  "cat /etc/passwd | cut -d : -f 1": "root\r\ndaemon\r\nbin\r\nsys\r\nsync\r\ngames\r\nman\r\nlp\r\nmail\r\nnews\r\nuucp\r\nproxy\r\nwww-data\r\nbackup\r\nlist\r\nirc\r\ngnats\r\nnobody\r\nlibuuid\r\nphil\r\nsshd",
  "ls -la / | awk '{ print $1 }'": "drwxr-xr-x\r\ndrwxr-xr-x\r\ndrwxr-xr-x\r\ndrwxr-xr-x\r\ndrwxr-xr-x\r\ndrwxr-xr-x\r\ndrwxr-xr-x\r\nlrwxrwxrwx\r\ndrwxr-xr-x\r\ndrwx------\r\ndrwxr-xr-x\r\ndrwxr-xr-x\r\ndrwxr-xr-x\r\ndr-xr-xr-x\r\ndrwx------\r\ndrwxr-xr-x\r\ndrwxr-xr-x\r\ndrwxr-xr-x\r\ndrwxr-xr-x\r\ndrwxr-xr-x\r\n-rwxr-xr-x\r\ndrwxrwxrwt\r\ndrwxr-xr-x\r\ndrwxr-xr-x\r\nlrwxrwxrwx",
