{
  "ping -c 4 www.google.com": "PING www.google.com (172.217.160.196) 56(84) bytes of data.\n64 bytes from lga34s47-in-f4.1e100.net (172.217.160.196): icmp_req=1 ttl=57 time=10.1 ms\n64 bytes from lga34s47-in-f4.1e100.net (172.217.160.196): icmp_req=2 ttl=57 time=10.2 ms\n64 bytes from lga34s47-in-f4.1e100.net (172.217.160.196): icmp_req=3 ttl=57 time=10.1 ms\n64 bytes from lga34s47-in-f4.1e100.net (172.217.160.196): icmp_req=4 ttl=57 time=10.2 ms\n\n--- www.google.com ping statistics ---\n4 packets transmitted, 4 received, 0% packet loss, time 3004ms\nrtt min/avg/max/mdev = 10.111/10.187/10.289/0.156 ms",
  "ping -c 4 142.250.203.174": "PING 142.250.203.174 (142.250.203.174) 56(84) bytes of data.\n64 bytes from 142.250.203.174: icmp_req=1 ttl=117 time=10.1 ms\n64 bytes from 142.250.203.174: icmp_req=2 ttl=117 time=10.2 ms\n64 bytes from 142.250.203.174: icmp_req=3 ttl=117 time=10.1 ms\n64 bytes from 142.250.203.174: icmp_req=4 ttl=117 time=10.2 ms\n\n--- 142.250.203.174 ping statistics ---\n4 packets transmitted, 4 received, 0% packet loss, time 3003ms\nrtt min/avg/max/mdev = 10.112/10.188/10.290/0.158 ms",
  "ip a": "1: lo: <LOOPBACK,UP,LOWER_UP> mtu 65536 qdisc noqueue state UNKNOWN group default\n    link/loopback 00:00:00:00:00:00 brd 00:00:00:00:00:00\n    inet 127.0.0.1/8 scope host lo\n    inet6 ::1/128 scope host\n       valid_lft forever preferred_lft forever\n2: eth0: <BROADCAST,MULTICAST,UP,LOWER_UP> mtu 1500 qdisc pfifo_fast state UP group default qlen 1000\n    link/ether 00:0c:29:12:34:56 brd ff:ff:ff:ff:ff:ff\n    inet 192.168.1.100/24 brd 192.168.1.255 scope global eth0\n    inet6 fe80::20c:29ff:fe12:3456/64 scope link\n       valid_lft forever preferred_lft forever",
  "ifconfig": "eth0      Link encap:Ethernet  HWaddr 00:0c:29:12:34:56\n          inet addr:192.168.1.100  Bcast:192.168.1.255  Mask:255.255.255.0\n          inet6 addr: fe80::20c:29ff:fe12:3456/64 Scope:Link\n          UP BROADCAST RUNNING MULTICAST  MTU:1500  Metric:1\n          RX packets:3421 errors:0 dropped:0 overruns:0 frame:0\n          TX packets:2817 errors:0 dropped:0 overruns:0 carrier:0\n          collisions:0 txqueuelen:1000\n          RX bytes:381234 (381.2 KB)  TX bytes:312890 (312.8 KB)\n\nlo        Link encap:Local Loopback\n          inet addr:127.0.0.1  Mask:255.0.0.0\n          inet6 addr: ::1/128 Scope:Host\n          UP LOOPBACK RUNNING  MTU:65536  Metric:1\n          RX packets:8 errors:0 dropped:0 overruns:0 frame:0\n          TX packets:8 errors:0 dropped:0 overruns:0 carrier:0\n          collisions:0 txqueuelen:0\n          RX bytes:560 (560.0 B)  TX bytes:560 (560.0 B)",
  "curl www.google.com": "<HTML><HEAD><meta http-equiv=\"content-type\" content=\"text/html;charset=utf-8\">\n<TITLE>301 Moved</TITLE></HEAD><BODY>\n<H1>301 Moved</H1>\nThe document has moved\n<A HREF=\"http://www.google.com/\">here</A>.\n</BODY></HTML>",
  "curl 142.250.203.174": "<HTML><HEAD><meta http-equiv=\"content-type\" content=\"text/html;charset=utf-8\">\n<TITLE>301 Moved</TITLE></HEAD><BODY>\n<H1>301 Moved</H1>\nThe document has moved\n<A HREF=\"http://142.250.203.174/\">here</A>.\n</BODY></HTML>",
  "traceroute www.google.com": "traceroute to www.google.com (142.250.203.174), 30 hops max, 60 byte packets\n 1  192.168.1.1 (192.168.1.1)  0.212 ms  0.189 ms  0.176 ms\n 2  10.0.0.1 (10.0.0.1)  1.234 ms  1.210 ms  1.198 ms\n 3  100.64.0.1 (100.64.0.1)  10.123 ms  10.101 ms  10.089 ms\n 4  72.14.203.174 (72.14.203.174)  15.345 ms  15.321 ms  15.298 ms\n 5  108.170.247.129 (108.170.247.129)  20.456 ms  20.432 ms  20.410 ms\n 6  216.239.49.174 (216.239.49.174)  25.567 ms  25.543 ms  25.521 ms\n 7  142.250.203.174 (142.250.203.174)  30.678 ms  30.654 ms  30.632 ms",
  "netstat -tulpn": "Active Internet connections (only servers)\nProto Recv-Q Send-Q Local Address           Foreign Address         State       PID/Program name\ntcp        0      0 0.0.0.0:22              0.0.0.0:*               LISTEN      1022/sshd\ntcp6       0      0 :::22                   :::*                    LISTEN      1022/sshd\nudp        0      0 0.0.0.0:68              0.0.0.0:*                           896/dhclient",
  "iptables -L": "Chain INPUT (policy ACCEPT)\ntarget     prot opt source               destination\n\nChain FORWARD (policy ACCEPT)\ntarget     prot opt source               destination\n\nChain OUTPUT (policy ACCEPT)\ntarget     prot opt source               destination",
  "cat /etc/resolv.conf": "nameserver 8.8.8.8\nnameserver 8.8.4.4",
  "wget www.google.com": "--2023-10-04 12:34:56--  http://www.google.com/\nResolving www.google.com (www.google.com)... 142.250.203.174\nConnecting to www.google.com (www.google.com)|142.250.203.174|:80... connected.\nHTTP request sent, awaiting response... 301 Moved Permanently\nLocation: http://www.google.com/ [following]\n--2023-10-04 12:34:56--  http://www.google.com/\nConnecting to www.google.com (www.google.com)|142.250.203.174|:80... connected.\nHTTP request sent, awaiting response... 200 OK\nLength: unspecified [text/html]\nSaving to: \u2018index.html\u2019\n\n    [ <=>                                                                                                                                                                                                 ] 12,345      --.-K/s   in 0.001s\n\n2023-10-04 12:34:56 (12.3 MB/s) - \u2018index.html\u2019 saved [12345]",
  "wget 142.250.203.174": "--2023-10-04 12:35:12--  http://142.250.203.174/\nConnecting to 142.250.203.174:80... connected.\nHTTP request sent, awaiting response... 301 Moved Permanently\nLocation: http://142.250.203.174/ [following]\n--2023-10-04 12:35:12--  http://142.250.203.174/\nConnecting to 142.250.203.174:80... connected.\nHTTP request sent, awaiting response... 200 OK\nLength: unspecified [text/html]\nSaving to: \u2018index.html.1\u2019\n\n    [ <=>                                                                                                                                                                                                 ] 12,345      --.-K/s   in 0.001s\n\n2023-10-04 12:35:12 (12.3 MB/s) - \u2018index.html.1\u2019 saved [12345]",
  "traceroute 142.250.203.174": "traceroute to 142.250.203.174 (142.250.203.174), 30 hops max, 60 byte packets\n 1  192.168.1.1 (192.168.1.1)  0.212 ms  0.189 ms  0.176 ms\n 2  10.0.0.1 (10.0.0.1)  1.234 ms  1.210 ms  1.198 ms\n 3  100.64.0.1 (100.64.0.1)  10.123 ms  10.101 ms  10.089 ms\n 4  72.14.203.174 (72.14.203.174)  15.345 ms  15.321 ms  15.298 ms\n 5  108.170.247.129 (108.170.247.129)  20.456 ms  20.432 ms  20.410 ms\n 6  216.239.49.174 (216.239.49.174)  25.567 ms  25.543 ms  25.521 ms\n 7  142.250.203.174 (142.250.203.174)  30.678 ms  30.654 ms  30.632 ms",
  "iptables -t nat -L": "Chain PREROUTING (policy ACCEPT)\ntarget     prot opt source               destination\n\nChain INPUT (policy ACCEPT)\ntarget     prot opt source               destination\n\nChain OUTPUT (policy ACCEPT)\ntarget     prot opt source               destination\n\nChain POSTROUTING (policy ACCEPT)\ntarget     prot opt source               destination",
  "iptables -A INPUT -m conntrack --ctstate ESTABLISHED RELATED -j ACCEPT && iptables -L INPUT": "Chain INPUT (policy ACCEPT)\ntarget     prot opt source               destination\nACCEPT     all  --  anywhere             anywhere             ctstate RELATED,ESTABLISHED",
  "iptables -A INPUT -s 245.21.189.17 -j DROP && iptables -L INPUT": "Chain INPUT (policy ACCEPT)\ntarget     prot opt source               destination\nACCEPT     all  --  anywhere             anywhere             ctstate RELATED,ESTABLISHED\nDROP       all  --  245.21.189.17        anywhere",
  "iptables -A OUTPUT -p tcp --sport 22 -m conntrack --ctstate ESTABLISHED -j ACCEPT && iptables -L OUTPUT": "Chain OUTPUT (policy ACCEPT)\ntarget     prot opt source               destination\nACCEPT     tcp  --  anywhere             anywhere             tcp spt:ssh ctstate ESTABLISHED",
  "netstat": "Active Internet connections (w/o servers)\nProto Recv-Q Send-Q Local Address           Foreign Address         State\ntcp        0      0 svr01:ssh              192.168.1.5:54321       ESTABLISHED\nActive UNIX domain sockets (w/o servers)\nProto RefCnt Flags       Type       State         I-Node   Path\nunix  2      [ ACC ]     STREAM     LISTENING     12345    /var/run/dbus/system_bus_socket\nunix  2      [ ACC ]     STREAM     LISTENING     12346    /var/run/acpid.socket",
  "whois 142.250.203.174": "%\n\n% This is the RIPE Database query service.\n% The objects are in RPSL format.\n%\n% The RIPE Database is subject to Terms and Conditions.\n% See http://www.ripe.net/db/support/db-terms-conditions.pdf\n\n% Note: This output has been filtered.\n%       To receive output for a database update, use the \"-B\" flag.\n\n% Information related to '142.250.0.0 - 142.250.255.255'\n\n% Abuse contact for '142.250.0.0 - 142.250.255.255' is 'abuse@google.com'\n\ninetnum:        142.250.0.0 - 142.250.255.255\nnetname:        GOOGLE\ndescr:          Google LLC\ncountry:        US\nadmin-c:        DUMY-RIPE\ntech-c:         DUMY-RIPE\nstatus:         ASSIGNED PA\nmnt-by:         RIPE-NCC-END-MNT\nmnt-by:         GOOGLE-EU\ncreated:        2019-06-11T12:43:56Z\nlast-modified:  2019-06-11T12:43:56Z\nsource:         RIPE\n\n% Information related to '142.250.0.0/16AS15169'\n\nroute:          142.250.0.0/16\ndescr:          Google LLC\norigin:         AS15169\nmnt-by:         GOOGLE-EU\ncreated:        2019-06-11T12:43:56Z\nlast-modified:  2019-06-11T12:43:56Z\nsource:         RIPE\n\n% This query was served by the RIPE Database Query Service version 1.103 (ANGUS)",
  "wget www.google.com && ls -la": "--2023-10-04 12:36:28--  http://www.google.com/\nResolving www.google.com (www.google.com)... 142.250.203.174\nConnecting to www.google.com (www.google.com)|142.250.203.174|:80... connected.\nHTTP request sent, awaiting response... 301 Moved Permanently\nLocation: http://www.google.com/ [following]\n--2023-10-04 12:36:28--  http://www.google.com/\nConnecting to www.google.com (www.google.com)|142.250.203.174|:80... connected.\nHTTP request sent, awaiting response... 200 OK\nLength: unspecified [text/html]\nSaving to: \u2018index.html\u2019\n\n    [ <=>                                                                                                                                                                                                 ] 12,345      --.-K/s   in 0.001s\n\n2023-10-04 12:36:28 (12.3 MB/s) - \u2018index.html\u2019 saved [12345]\n\ntotal 12K\ndrwx------  2 root root 4.0K Oct  4 12:36 .\ndrwxr-xr-x 23 root root 4.0K Oct  4 12:30 ..\n-rw-------  1 root root 12345 Oct  4 12:36 index.html",
  "ip route": "default via 192.168.1.1 dev eth0\n192.168.1.0/24 dev eth0  proto kernel  scope link  src 192.168.1.100",
  "ip link": "1: lo: <LOOPBACK,UP,LOWER_UP> mtu 65536 qdisc noqueue state UNKNOWN mode DEFAULT\n    link/loopback 00:00:00:00:00:00 brd 00:00:00:00:00:00\n2: eth0: <BROADCAST,MULTICAST,UP,LOWER_UP> mtu 1500 qdisc pfifo_fast state UP mode DEFAULT qlen 1000\n    link/ether 00:0c:29:12:34:56 brd ff:ff:ff:ff:ff:ff",
  "ip maddr": "1:      lo\n        link  00:00:00:00:00:00 brd 00:00:00:00:00:00\n        inet  127.0.0.1/8 scope host lo\n        inet6 ::1/128 scope host\n           valid_lft forever preferred_lft forever\n2:      eth0\n        link/ether 00:0c:29:12:34:56 brd ff:ff:ff:ff:ff:ff\n        inet  192.168.1.100/24 brd 192.168.1.255 scope global eth0\n        inet6 fe80::20c:29ff:fe12:3456/64 scope link\n           valid_lft forever preferred_lft forever",
  "busybox wget": "BusyBox v1.20.2 (Debian 1:1.20.0-7) multi-call binary.\n\nUsage: wget [-c|--continue] [-s|--spider] [-q|--quiet] [-O|--output-document FILE]\n\t[--header 'header: value'] [-Y|--proxy on/off] [-P DIR]\n\t[-U|--user-agent AGENT] [-T SEC] URL...\n\nRetrieve files via HTTP or FTP\n\n\t--spider\tOnly check URL existence: $?=0 if exists\n\t--continue\tContinue retrieval of aborted transfer\n\t--quiet\t\tQuiet\n\t-O FILE\t\tSave to FILE ('-' for stdout)\n\t--header\tAdd header line\n\t--proxy\t\tUse proxy\n\t-P DIR\t\tSave to DIR\n\t--user-agent\tChange User-Agent header\n\t-T SEC\t\tNetwork read timeout is SEC seconds",
  "busybox wget http://142.250.203.174": "Connecting to 142.250.203.174 (142.250.203.174:80)\nindex.html           100% |*******************************|  12345   0:00:00 ETA",
  "uname -a": "Linux svr01 3.2.0-4-amd64 #1 SMP Debian 3.2.68-1+deb7u1 x86_64 GNU/Linux",
  "cat /proc/cpuinfo": "processor\t: 0\nvendor_id\t: GenuineIntel\ncpu family\t: 6\nmodel\t\t: 60\nmodel name\t: Intel(R) Core(TM) i7-4770 CPU @ 3.40GHz\nstepping\t: 3\nmicrocode\t: 0x1\ncpu MHz\t\t: 3400.000\ncache size\t: 8192 KB\nphysical id\t: 0\nsiblings\t: 1\ncore id\t\t: 0\ncpu cores\t: 1\napicid\t\t: 0\ninitial apicid\t: 0\nfpu\t\t: yes\nfpu_exception\t: yes\ncpuid level\t: 13\nwp\t\t: yes\nflags\t\t: fpu vme de pse tsc msr pae mce cx8 apic sep mtrr pge mca cmov pat pse36 clflush mmx fxsr sse sse2 syscall nx rdtscp lm constant_tsc rep_good nopl xtopology nonstop_tsc pni pclmulqdq ssse3 cx16 sse4_1 sse4_2 popcnt aes xsave avx hypervisor lahf_lm\nbogomips\t: 6800.00\nclflush size\t: 64\ncache_alignment\t: 64\naddress sizes\t: 40 bits physical, 48 bits virtual\npower management:\n\nprocessor\t: 1\nvendor_id\t: GenuineIntel\ncpu family\t: 6\nmodel\t\t: 60\nmodel name\t: Intel(R) Core(TM) i7-4770 CPU @ 3.40GHz\nstepping\t: 3\nmicrocode\t: 0x1\ncpu MHz\t\t: 3400.000\ncache size\t: 8192 KB\nphysical id\t: 1\nsiblings\t: 1\ncore id\t\t: 0\ncpu cores\t: 1\napicid\t\t: 1\ninitial apicid\t: 1\nfpu\t\t: yes\nfpu_exception\t: yes\ncpuid level\t: 13\nwp\t\t: yes\nflags\t\t: fpu vme de pse tsc msr pae mce cx8 apic sep mtrr pge mca cmov pat pse36 clflush mmx fxsr sse sse2 syscall nx rdtscp lm constant_tsc rep_good nopl xtopology nonstop_tsc pni pclmulqdq ssse3 cx16 sse4_1 sse4_2 popcnt aes xsave avx hypervisor lahf_lm\nbogomips\t: 6800.00\nclflush size\t: 64\ncache_alignment\t: 64\naddress sizes\t: 40 bits physical, 48 bits virtual\npower management:",
  "cat /proc/meminfo": "MemTotal:        8000000 kB\nMemFree:         6500000 kB\nBuffers:          200000 kB\nCached:          1000000 kB\nSwapCached:          100 kB\nActive:           500000 kB\nInactive:         300000 kB\nActive(anon):     100000 kB\nInactive(anon):    50000 kB\nActive(file):     400000 kB\nInactive(file):   250000 kB\nUnevictable:        1000 kB\nMlocked:            1000 kB\nSwapTotal:       2000000 kB\nSwapFree:        2000000 kB\nDirty:               200 kB\nWriteback:           100 kB\nAnonPages:        100000 kB\nMapped:            50000 kB\nShmem:             10000 kB\nSlab:             100000 kB\nSReclaimable:      50000 kB\nSUnreclaim:        50000 kB\nKernelStack:        2000 kB\nPageTables:         5000 kB\nNFS_Unstable:        100 kB\nBounce:              100 kB\nWritebackTmp:        100 kB\nCommitLimit:     6000000 kB\nCommitted_AS:     500000 kB\nVmallocTotal:   34359738367 kB\nVmallocUsed:       100000 kB\nVmallocChunk:   34359600000 kB\nHardwareCorrupted:     0 kB\nAnonHugePages:     20000 kB\nHugePages_Total:       0\nHugePages_Free:        0\nHugePages_Rsvd:        0\nHugePages_Surp:        0\nHugepagesize:       2048 kB\nDirectMap4k:       10000 kB\nDirectMap2M:     2000000 kB\nDirectMap1G:     4000000 kB",
  "busybox": "BusyBox v1.20.2 (Debian 1:1.20.0-7) multi-call binary.\n\nUsage: busybox [function [arguments]...]\n   or: busybox --list[-full]\n   or: busybox --install [-s] [DIR]\n   or: function [arguments]...\n\n\tBusyBox is a multi-call binary that combines many common Unix\n\tutilities into a single executable.  Most people will create a\n\tlink to busybox for each function they wish to use and BusyBox\n\twill act like whatever it was invoked as.\n\nCurrently defined functions:\n\t[, [[, ar, ash, awk, basename, bunzip2, bzcat, cat, chmod, chown, chroot, clear, cmp, cp, cut, date, dd, df, dirname, dmesg, du, echo, egrep, env, expr, false, fgrep, find, grep, gunzip, gzip, halt, head, hexdump, id, ifconfig, insmod, kill, killall, ln, ls, lsmod, md5sum, mkdir, mknod, mktemp, modprobe, more, mount, mv, netstat, nice, nohup, od, poweroff, printf, ps, pwd, reboot, rm, rmdir, rmmod, sed, sh, sleep, sort, stat, stty, sync, tail, tar, test, time, top, touch, tr, true, umount, uname, uniq, unix2dos, unzip, usleep, vi, wc, wget, which, whoami, xargs, yes, zcat",
  "apt-get -y --force-yes install nmap": "Reading package lists... Done\nBuilding dependency tree\nReading state information... Done\nThe following extra packages will be installed:\n  liblinear1 libpcap0.8 libpcrecpp0 libssl1.0.0 ndiff nmap-common zenmap\nSuggested packages:\n  ncat openvas\nThe following NEW packages will be installed:\n  liblinear1 libpcap0.8 libpcrecpp0 libssl1.0.0 ndiff nmap nmap-common zenmap\n0 upgraded, 8 newly installed, 0 to remove and 0 not upgraded.\nNeed to get 5,234 kB of archives.\nAfter this operation, 15.4 MB of additional disk space will be used.\nGet:1 http://archive.debian.org/debian/ wheezy/main libpcap0.8 amd64 1.3.0-1 [110 kB]\nGet:2 http://archive.debian.org/debian/ wheezy/main libssl1.0.0 amd64 1.0.1e-2+deb7u20 [1,053 kB]\nGet:3 http://archive.debian.org/debian/ wheezy/main libpcrecpp0 amd64 8.31-2 [126 kB]\nGet:4 http://archive.debian.org/debian/ wheezy/main liblinear1 amd64 1.8+dfsg-1 [30.1 kB]\nGet:5 http://archive.debian.org/debian/ wheezy/main nmap-common amd64 6.00-0.2 [274 kB]\nGet:6 http://archive.debian.org/debian/ wheezy/main nmap amd64 6.00-0.2 [1,403 kB]\nGet:7 http://archive.debian.org/debian/ wheezy/main ndiff amd64 6.00-0.2 [10.1 kB]\nGet:8 http://archive.debian.org/debian/ wheezy/main zenmap amd64 6.00-0.2 [1,228 kB]\nFetched 5,234 kB in 2s (2,100 kB/s)\nSelecting previously unselected package libpcap0.8:amd64.\n(Reading database ... 36000 files and directories currently installed.)\nUnpacking libpcap0.8:amd64 (from .../libpcap0.8_1.3.0-1_amd64.deb) ...\nSelecting previously unselected package libssl1.0.0:amd64.\nUnpacking libssl1.0.0:amd64 (from .../libssl1.0.0_1.0.1e-2+deb7u20_amd64.deb) ...\nSelecting previously unselected package libpcrecpp0:amd64.\nUnpacking libpcrecpp0:amd64 (from .../libpcrecpp0_8.31-2_amd64.deb) ...\nSelecting previously unselected package liblinear1:amd64.\nUnpacking liblinear1:amd64 (from .../liblinear1_1.8+dfsg-1_amd64.deb) ...\nSelecting previously unselected package nmap-common.\nUnpacking nmap-common (from .../nmap-common_6.00-0.2_all.deb) ...\nSelecting previously unselected package nmap.\nUnpacking nmap (from .../nmap_6.00-0.2_amd64.deb) ...\nSelecting previously unselected package ndiff.\nUnpacking ndiff (from .../ndiff_6.00-0.2_amd64.deb) ...\nSelecting previously unselected package zenmap.\nUnpacking zenmap (from .../zenmap_6.00-0.2_amd64.deb) ...\nProcessing triggers for man-db ...\nSetting up libpcap0.8:amd64 (1.3.0-1) ...\nSetting up libssl1.0.0:amd64 (1.0.1e-2+deb7u20) ...\nSetting up libpcrecpp0:amd64 (8.31-2) ...\nSetting up liblinear1:amd64 (1.8+dfsg-1) ...\nSetting up nmap-common (6.00-0.2) ...\nSetting up nmap (6.00-0.2) ...\nSetting up ndiff (6.00-0.2) ...\nSetting up zenmap (6.00-0.2) ...\nProcessing triggers for libc-bin ...\nldconfig deferred processing now taking place",
  "apt-get -y --force-yes install telnetd": "Reading package lists... Done\nBuilding dependency tree\nReading state information... Done\nThe following extra packages will be installed:\n  openbsd-inetd telnet\nSuggested packages:\n  rsh-client rsh-redone-client\nThe following NEW packages will be installed:\n  openbsd-inetd telnet telnetd\n0 upgraded, 3 newly installed, 0 to remove and 0 not upgraded.\nNeed to get 345 kB of archives.\nAfter this operation, 812 kB of additional disk space will be used.\nGet:1 http://archive.debian.org/debian/ wheezy/main openbsd-inetd amd64 0.20081215-11 [68.1 kB]\nGet:2 http://archive.debian.org/debian/ wheezy/main telnet amd64 0.17-36 [102 kB]\nGet:3 http://archive.debian.org/debian/ wheezy/main telnetd amd64 0.17-36 [175 kB]\nFetched 345 kB in 0s (4,500 kB/s)\nSelecting previously unselected package openbsd-inetd.\n(Reading database ... 36000 files and directories currently installed.)\nUnpacking openbsd-inetd (from .../openbsd-inetd_0.20081215-11_amd64.deb) ...\nSelecting previously unselected package telnet.\nUnpacking telnet (from .../telnet_0.17-36_amd64.deb) ...\nSelecting previously unselected package telnetd.\nUnpacking telnetd (from .../telnetd_0.17-36_amd64.deb) ...\nProcessing triggers for man-db ...\nSetting up openbsd-inetd (0.20081215-11) ...\nSetting up telnet (0.17-36) ...\nSetting up telnetd (0.17-36) ...\nupdate-rc.d: using dependency based boot sequencing\nProcessing triggers for libc-bin ...\nldconfig deferred processing now taking place",
  "w": "w: command not found",
  "lscpu": "Architecture:          x86_64\nCPU op-mode(s):        32-bit, 64-bit\nByte Order:            Little Endian\nCPU(s):                2\nOn-line CPU(s) list:   0,1\nThread(s) per core:    1\nCore(s) per socket:    1\nSocket(s):             2\nVendor ID:             GenuineIntel\nCPU family:            6\nModel:                 60\nStepping:              3\nCPU MHz:               3400.000\nBogoMIPS:              6800.00\nVirtualization:        VT-x\nL1d cache:             32K\nL1i cache:             32K\nL2 cache:              256K\nL3 cache:              8192K",
  "lsblk": "NAME   MAJ:MIN RM  SIZE RO TYPE MOUNTPOINT\nsda      8:0    0   20G  0 disk\n\u251c\u2500sda1   8:1    0  500M  0 part /boot\n\u2514\u2500sda2   8:2    0 19.5G  0 part /\nsr0     11:0    1 1024M  0 rom",
  "fdisk -l": "Disk /dev/sda: 21.5 GB, 21474836480 bytes\n255 heads, 63 sectors/track, 2610 cylinders, total 41943040 sectors\nUnits = sectors of 1 * 512 = 512 bytes\nSector size (logical/physical): 512 bytes / 512 bytes\nI/O size (minimum/optimal): 512 bytes / 512 bytes\nDisk identifier: 0x000abcde\n\n   Device Boot      Start         End      Blocks   Id  System\n/dev/sda1   *        2048     1026047      512000   83  Linux\n/dev/sda2         1026048    41943039    20458496   83  Linux\n\nDisk /dev/sr0: 1073 MB, 1073741824 bytes\n255 heads, 63 sectors/track, 130 cylinders, total 2097152 sectors\nUnits = sectors of 1 * 512 = 512 bytes\nSector size (logical/physical): 512 bytes / 512 bytes\nI/O size (minimum/optimal): 512 bytes / 512 bytes\nDisk identifier: 0x00000000",
  "dd if=/dev/zero of=/opt/swap bs=1024 count=524288": "524288+0 records in\n524288+0 records out\n536870912 bytes (537 MB) copied, 0.5 s, 1.1 GB/s",
  "service --status-all": " [ + ]  acpid\n [ - ]  alsa-utils\n [ - ]  anacron\n [ - ]  apache2\n [ - ]  atd\n [ - ]  avahi-daemon\n [ - ]  bind9\n [ - ]  binfmt-support\n [ - ]  bluetooth\n [ - ]  bootlogs\n [ - ]  bootmisc.sh\n [ - ]  console-setup\n [ + ]  cron\n [ - ]  cups\n [ - ]  cups-browsed\n [ - ]  dbus\n [ - ]  dns-clean\n [ - ]  exim4\n [ - ]  fake-hwclock\n [ - ]  fdflush\n [ - ]  gpm\n [ - ]  hddtemp\n [ - ]  hostname.sh\n [ - ]  hwclock.sh\n [ - ]  irqbalance\n [ - ]  killprocs\n [ - ]  kmod\n [ - ]  libvirt-bin\n [ - ]  libvirt-guests\n [ - ]  lm-sensors\n [ - ]  lvm2\n [ - ]  lvm2-lvmetad\n [ - ]  lvm2-lvmpolld\n [ - ]  lvm2-monitor\n [ - ]  mdadm\n [ - ]  mdadm-raid\n [ - ]  module-init-tools\n [ - ]  motd\n [ - ]  mountall.sh\n [ - ]  mountdevsubfs.sh\n [ - ]  mountkernfs.sh\n [ - ]  mountnfs.sh\n [ - ]  mountnfs-bootclean.sh\n [ - ]  mtab.sh\n [ - ]  nfs-common\n [ - ]  ntp\n [ - ]  openbsd-inetd\n [ - ]  plymouth\n [ - ]  plymouth-log\n [ - ]  pppd-dns\n [ - ]  procps\n [ - ]  rsync\n [ - ]  rsyslog\n [ - ]  saned\n [ - ]  screen-cleanup\n [ - ]  sendsigs\n [ - ]  single\n [ - ]  skeleton\n [ - ]  ssh\n [ - ]  stop-bootlogd\n [ - ]  stop-bootlogd-single\n [ - ]  sudo\n [ - ]  udev\n [ - ]  udev-finish\n [ - ]  udev-mtab\n [ - ]  umountfs\n [ - ]  umountnfs.sh\n [ - ]  umountroot\n [ - ]  urandom\n [ - ]  x11-common",
  "env": "HOSTNAME=svr01\nTERM=xterm\nSHELL=/bin/bash\nHISTSIZE=1000\nSSH_CLIENT=192.168.1.100 50000 22\nSSH_TTY=/dev/pts/0\nUSER=root\nLS_COLORS=rs=0:di=01;34:ln=01;36:mh=00:pi=40;33:so=01;35:do=01;35:bd=40;33;01:cd=40;33;01:or=40;31;01:mi=00:su=37;41:sg=30;43:ca=30;41:tw=30;42:ow=34;42:st=37;44:ex=01;32:*.tar=01;31:*.tgz=01;31:*.arc=01;31:*.arj=01;31:*.taz=01;31:*.lha=01;31:*.lz4=01;31:*.lzh=01;31:*.lzma=01;31:*.tlz=01;31:*.txz=01;31:*.tzo=01;31:*.t7z=01;31:*.zip=01;31:*.z=01;31:*.Z=01;31:*.dz=01;31:*.gz=01;31:*.lrz=01;31:*.lz=01;31:*.lzo=01;31:*.xz=01;31:*.bz2=01;31:*.bz=01;31:*.tbz=01;31:*.tbz2=01;31:*.tz=01;31:*.deb=01;31:*.rpm=01;31:*.jar=01;31:*.war=01;31:*.ear=01;31:*.sar=01;31:*.rar=01;31:*.ace=01;31:*.zoo=01;31:*.cpio=01;31:*.7z=01;31:*.rz=01;31:*.jpg=01;35:*.jpeg=01;35:*.gif=01;35:*.bmp=01;35:*.pbm=01;35:*.pgm=01;35:*.ppm=01;35:*.tga=01;35:*.xbm=01;35:*.xpm=01;35:*.tif=01;35:*.tiff=01;35:*.png=01;35:*.svg=01;35:*.svgz=01;35:*.mng=01;35:*.pcx=01;35:*.mov=01;35:*.mpg=01;35:*.mpeg=01;35:*.m2v=01;35:*.mkv=01;35:*.webm=01;35:*.ogm=01;35:*.mp4=01;35:*.m4v=01;35:*.mp4v=01;35:*.vob=01;35:*.qt=01;35:*.nuv=01;35:*.wmv=01;35:*.asf=01;35:*.rm=01;35:*.rmvb=01;35:*.flc=01;35:*.avi=01;35:*.fli=01;35:*.flv=01;35:*.gl=01;35:*.dl=01;35:*.xcf=01;35:*.xwd=01;35:*.yuv=01;35:*.cgm=01;35:*.emf=01;35:*.axv=01;35:*.anx=01;35:*.ogv=01;35:*.ogx=01;35:*.aac=00;36:*.au=00;36:*.flac=00;36:*.mid=00;36:*.midi=00;36:*.mka=00;36:*.mp3=00;36:*.mpc=00;36:*.ogg=00;36:*.ra=00;36:*.wav=00;36:*.axa=00;36:*.oga=00;36:*.spx=00;36:*.xspf=00;36:\nMAIL=/var/mail/root\nPATH=/usr/local/sbin:/usr/local/bin:/usr/sbin:/usr/bin:/sbin:/bin\nLANG=en_US.UTF-8\nSHLVL=1\nHOME=/root\nLOGNAME=root\nSSH_CONNECTION=192.168.1.100 50000 192.168.1.100 22\nLESSOPEN=| /usr/bin/lesspipe %s\n_=/usr/bin/env",
  "dmesg": "[    0.000000] Initializing cgroup subsys cpuset\n[    0.000000] Initializing cgroup subsys cpu\n[    0.000000] Linux version 3.2.0-4-amd64 (debian-kernel@lists.debian.org) (gcc version 4.6.3 (Debian 4.6.3-14) ) #1 SMP Debian 3.2.65-1+deb7u2\n[    0.000000] Command line: BOOT_IMAGE=/boot/vmlinuz-3.2.0-4-amd64 root=UUID=abc12345-def6-789a-bcde-f0123456789a ro quiet\n[    0.000000] BIOS-provided physical RAM map:\n[    0.000000]  BIOS-e820: 0000000000000000 - 000000000009f800 (usable)\n[    0.000000]  BIOS-e820: 000000000009f800 - 00000000000a0000 (reserved)\n[    0.000000]  BIOS-e820: 00000000000f0000 - 0000000000100000 (reserved)\n[    0.000000]  BIOS-e820: 0000000000100000 - 000000007f7e0000 (usable)\n[    0.000000]  BIOS-e820: 000000007f7e0000 - 000000007f7e3000 (ACPI NVS)\n[    0.000000]  BIOS-e820: 000000007f7e3000 - 000000007f800000 (ACPI data)\n[    0.000000]  BIOS-e820: 00000000e0000000 - 00000000f0000000 (reserved)\n[    0.000000]  BIOS-e820: 00000000fec00000 - 0000000100000000 (reserved)\n[    0.000000] NX (Execute Disable) protection: active\n[    0.000000] DMI 2.4 present.\n[    0.000000] DMI: QEMU Standard PC (i440FX + PIIX, 1996), BIOS 1.10.2-1 04/01/2014\n[    0.000000] e820 update range: 0000000000000000 - 0000000000010000 (usable) ==> (reserved)\n[    0.000000] e820 remove range: 00000000000a0000 - 0000000000100000 (usable)\n[    0.000000] No AGP bridge found\n[    0.000000] last_pfn = 0x7f7e0 max_arch_pfn = 0x400000000\n[    0.000000] MTRR default type: uncachable\n[    0.000000] MTRR fixed ranges enabled:\n[    0.000000]   00000-9FFFF write-back\n[    0.000000]   A0000-BFFFF uncachable\n[    0.000000]   C0000-FFFFF write-protect\n[    0.000000] MTRR variable ranges enabled:\n[    0.000000]   0 base 000000000 mask FC0000000 write-back\n[    0.000000]   1 base 040000000 mask FF0000000 write-back\n[    0.000000]   2 base 07F800000 mask FFF800000 uncachable\n[    0.000000]   3 disabled\n[    0.000000]   4 disabled\n[    0.000000]   5 disabled\n[    0.000000]   6 disabled\n[    0.000000]   7 disabled\n[    0.000000] x86 PAT enabled: cpu 0, old 0x7040600070406, new 0x7010600070106\n[    0.000000] e820 update range: 0000000000000000 - 0000000000001000 (usable) ==> (reserved)\n[    0.000000] Scanning 1 areas for low memory corruption\n[    0.000000] modified physical RAM map:\n[    0.000000]  modified: 0000000000000000 - 0000000000001000 (reserved)\n[    0.000000]  modified: 0000000000001000 - 000000000009f800 (usable)\n[    0.000000]  modified: 000000000009f800 - 00000000000a0000 (reserved)\n[    0.000000]  modified: 00000000000f0000 - 0000000000100000 (reserved)\n[    0.000000]  modified: 0000000000100000 - 000000007f7e0000 (usable)\n[    0.000000]  modified: 000000007f7e0000 - 000000007f7e3000 (ACPI NVS)\n[    0.000000]  modified: 000000007f7e3000 - 000000007f800000 (ACPI data)\n[    0.000000]  modified: 00000000e0000000 - 00000000f0000000 (reserved)\n[    0.000000]  modified: 00000000fec00000 - 0000000100000000 (reserved)\n[    0.000000] initial memory mapped: [mem 0x00000000-0x01ffffff]\n[    0.000000] Base memory trampoline at [ffff880000099000] 99000 size 24576\n[    0.000000] init_memory_mapping: [mem 0x00000000-0x7f7e0000]\n[    0.000000]  [mem 0x00000000-0x7f7e0000] page 2M\n[    0.000000] BRK [0x01f03000, 0x01f03fff] PGTABLE\n[    0.000000] BRK [0x01f04000, 0x01f04fff] PGTABLE\n[    0.000000] BRK [0x01f05000, 0x01f05fff] PGTABLE\n[    0.000000] BRK [0x01f06000, 0x01f06fff] PGTABLE\n[    0.000000] BRK [0x01f07000, 0x01f07fff] PGTABLE\n[    0.000000] BRK [0x01f08000, 0x01f08fff] PGTABLE\n[    0.000000] BRK [0x01f09000, 0x01f09fff] PGTABLE\n[    0.000000] BRK [0x01f0a000, 0x01f0afff] PGTABLE\n[    0.000000] BRK [0x01f0b000, 0x01f0bfff] PGTABLE\n[    0.000000] BRK [0x01f0c000, 0x01f0cfff] PGTABLE\n[    0.000000] BRK [0x01f0d000, 0x01f0dfff] PGTABLE\n[    0.000000] BRK [0x01f0e000, 0x01f0efff] PGTABLE\n[    0.000000] BRK [0x01f0f000, 0x01f0ffff] PGTABLE\n[    0.000000] BRK [0x01f10000, 0x01f10fff] PGTABLE\n[    0.000000] BRK [0x01f11000, 0x01f11fff] PGTABLE\n[    0.000000] BRK [0x01f12000, 0x01f12fff] PGTABLE\n[    0.000000] BRK [0x01f13000, 0x01f13fff] PGTABLE\n[    0.000000] BRK [0x01f14000, 0x01f14fff] PGTABLE\n[    0.000000] BRK [0x01f15000, 0x01f15fff] PGTABLE\n[    0.000000] BRK [0x01f16000, 0x01f16fff] PGTABLE\n[    0.000000] BRK [0x01f17000, 0x01f17fff] PGTABLE\n[    0.000000] BRK [0x01f18000, 0x01f18fff] PGTABLE\n[    0.000000] BRK [0x01f19000, 0x01f19fff] PGTABLE\n[    0.000000] BRK [0x01f1a000, 0x01f1afff] PGTABLE\n[    0.000000] BRK [0x01f1b000, 0x01f1bfff] PGTABLE\n[    0.000000] BRK [0x01f1c000, 0x01f1cfff] PGTABLE\n[    0.000000] BRK [0x01f1d000, 0x01f1dfff] PGTABLE\n[    0.000000] BRK [0x01f1e000, 0x01f1efff] PGTABLE\n[    0.000000] BRK [0x01f1f000, 0x01f1ffff] PGTABLE\n[    0.000000] BRK [0x01f20000, 0x01f20fff] PGTABLE\n[    0.000000] BRK [0x01f21000, 0x01f21fff] PGTABLE\n[    0.000000] BRK [0x01f22000, 0x01f22fff] PGTABLE\n[    0.000000] BRK [0x01f23000, 0x01f23fff] PGTABLE\n[    0.000000] BRK [0x01f24000, 0x01f24fff] PGTABLE\n[    0.000000] BRK [0x01f25000, 0x01f25fff] PGTABLE\n[    0.000000] BRK [0x01f26000, 0x01f26fff] PGTABLE\n[    0.000000] BRK [0x01f27000, 0x01f27fff] PGTABLE\n[    0.000000] BRK [0x01f28000, 0x01f28fff] PGTABLE\n[    0.000000] BRK [0x01f29000, 0x01f29fff] PGTABLE\n[    0.000000] BRK [0x01f2a000, 0x01f2afff] PGTABLE\n[    0.000000] BRK [0x01f2b000, 0x01f2bfff] PGTABLE\n[    0.000000] BRK [0x01f2c000, 0x01f2cfff] PGTABLE\n[    0.000000] BRK [0x01f2d000, 0x01f2dfff] PGTABLE\n[    0.000000] BRK [0x01f2e000, 0x01f2efff] PGTABLE\n[    0.000000] BRK [0x01f2f000, 0x01f2ffff] PGTABLE\n[    0.000000] BRK [0x01f30000, 0x01f30fff] PGTABLE\n[    0.000000] BRK [0x01f31000, 0x01f31fff] PGTABLE\n[    0.000000] BRK [0x01f32000, 0x01f32fff] PGTABLE\n[    0.000000] BRK [0x01f33000, 0x01f33fff] PGTABLE\n[    0.000000] BRK [0x01f34000, 0x01f34fff] PGTABLE\n[    0.000000] BRK [0x01f35000, 0x01f35fff] PGTABLE\n[    0.000000] BRK [0x01f36000, 0x01f36fff] PGTABLE\n[    0.000000] BRK [0x01f37000, 0x01f37fff] PGTABLE\n[    0.000000] BRK [0x01f38000, 0x01f38fff] PGTABLE\n[    0.000000] BRK [0x01f39000, 0x01f39fff] PGTABLE\n[    0.000000] BRK [0x01f3a000, 0x01f3afff] PGTABLE\n[    0.000000] BRK [0x01f3b000, 0x01f3bfff] PGTABLE\n[    0.000000] BRK [0x01f3c000, 0x01f3cfff] PGTABLE\n[    0.000000] BRK [0x01f3d000, 0x01f3dfff] PGTABLE\n[    0.000000] BRK [0x01f3e000, 0x01f3efff] PGTABLE\n[    0.000000] BRK [0x01f3f000, 0x01f3ffff] PGTABLE\n[    0.000000] BRK [0x01f40000, 0x01f40fff] PGTABLE\n[    0.000000] BRK [0x01f41000, 0x01f41fff] PGTABLE\n[    0.000000] BRK [0x01f42000, 0x01f42fff] PGTABLE\n[    0.000000] BRK [0x01f43000, 0x01f43fff] PGTABLE\n[    0.000000] BRK [0x01f44000, 0x01f44fff] PGTABLE\n[    0.000000] BRK [0x01f45000, 0x01f45fff] PGTABLE\n[    0.000000] BRK [0x01f46000, 0x01f46fff] PGTABLE\n[    0.000000] BRK [0x01f47000, 0x01f47fff] PGTABLE\n[    0.000000] BRK [0x01f48000, 0x01f48fff] PGTABLE\n[    0.000000] BRK [0x01f49000, 0x01f49fff] PGTABLE\n[    0.000000] BRK [0x01f4a000, 0x01f4afff] PGTABLE\n[    0.000000] BRK [0x01f4b000, 0x01f4bfff] PGTABLE\n[    0.000000] BRK [0x01f4c000, 0x01f4cfff] PGTABLE\n[    0.000000] BRK [0x01f4d000, 0x01f4dfff] PGTABLE\n[    0.000000] BRK [0x01f4e000, 0x01f4efff] PGTABLE\n[    0.000000] BRK [0x01f4f000, 0x01f4ffff] PGTABLE\n[    0.000000] BRK [0x01f50000, 0x01f50fff] PGTABLE\n[    0.000000] BRK [0x01f51000, 0x01f51fff] PGTABLE\n[    0.000000] BRK [0x01f52000, 0x01f52fff] PGTABLE\n[    0.000000] BRK [0x01f53000, 0x01f53fff] PGTABLE\n[    0.000000] BRK [0x01f54000, 0x01f54fff] PGTABLE\n[    0.000000] BRK [0x01f55000, 0x01f55fff] PGTABLE\n[    0.000000] BRK [0x01f56000, 0x01f56fff] PGTABLE\n[    0.000000] BRK [0x01f57000, 0x01f57fff] PGTABLE\n[    0.000000] BRK [0x01f58000, 0x01f58fff] PGTABLE\n[    0.000000] BRK [0x01f59000, 0x01f59fff] PGTABLE\n[    0.000000] BRK [0x01f5a000, 0x01f5afff] PGTABLE\n[    0.000000] BRK [0x01f5b000, 0x01f5bfff] PGTABLE\n[    0.000000] BRK [0x01f5c000, 0x01f5cfff] PGTABLE\n[    0.000000] BRK [0x01f5d000, 0x01f5dfff] PGTABLE\n[    0.000000] BRK [0x01f5e000, 0x01f5efff] PGTABLE\n[    0.000000] BRK [0x01f5f000, 0x01f5ffff] PGTABLE\n[    0.000000] BRK [0x01f60000, 0x01f60fff] PGTABLE\n[    0.000000] BRK [0x01f61000, 0x01f61fff] PGTABLE\n[    0.000000] BRK [0x01f62000, 0x01f62fff] PGTABLE\n[    0.000000] BRK [0x01f63000, 0x01f63fff] PGTABLE\n[    0.000000] BRK [0x01f64000, 0x01f64fff] PGTABLE\n[    0.000000] BRK [0x01f65000, 0x01f65fff] PGTABLE\n[    0.000000] BRK [0x01f66000, 0x01f66fff] PGTABLE\n[    0.000000] BRK [0x01f67000, 0x01f67fff] PGTABLE\n[    0.000000] BRK [0x01f68000, 0x01f68fff] PGTABLE\n[    0.000000] BRK [0x01f69000, 0x01f69fff] PGTABLE\n[    0.000000] BRK [0x01f6a000, 0x01f6afff] PGTABLE\n[    0.000000] BRK [0x01f6b000, 0x01f6bfff] PGTABLE\n[    0.000000] BRK [0x01f6c000, 0x01f6cfff] PGTABLE\n[    0.000000] BRK [0x01f6d000, 0x01f6dfff] PGTABLE\n[    0.000000] BRK [0x01f6e000, 0x01f6efff] PGTABLE\n[    0.000000] BRK [0x01f6f000, 0x01f6ffff] PGTABLE\n[    0.000000] BRK [0x01f70000, 0x01f70fff] PGTABLE\n[    0.000000] BRK [0x01f71000, 0x01f71fff] PGTABLE\n[    0.000000] BRK [0x01f72000, 0x01f72fff] PGTABLE\n[    0.000000] BRK [0x01f73000, 0x01f73fff] PGTABLE\n[    0.000000] BRK [0x01f74000, 0x01f74fff] PGTABLE\n[    0.000000] BRK [0x01f75000, 0x01f75fff] PGTABLE\n[    0.000000] BRK [0x01f76000, 0x01f76fff] PGTABLE\n[    0.000000] BRK [0x01f77000, 0x01f77fff] PGTABLE\n[    0.000000] BRK [0x01f78000, 0x01f78fff] PGTABLE\n[    0.000000] BRK [0x01f79000, 0x01f79fff] PGTABLE\n[    0.000000] BRK [0x01f7a000, 0x01f7afff] PGTABLE\n[    0.000000] BRK [0x01f7b000, 0x01f7bfff] PGTABLE\n[    0.000000] BRK [0x01f7c000, 0x01f7cfff] PGTABLE\n[    0.000000] BRK [0x01f7d000, 0x01f7dfff] PGTABLE\n[    0.000000] BRK [0x01f7e000, 0x01f7efff] PGTABLE\n[    0.000000] BRK [0x01f7f000, 0x01f7ffff] PGTABLE\n[    0.000000] BRK [0x01f80000, 0x01f80fff] PGTABLE\n[    0.000000] BRK [0x01f81000, 0x01f81fff] PGTABLE\n[    0.000000] BRK [0x01f82000, 0x01f82fff] PGTABLE\n[    0.000000] BRK [0x01f83000, 0x01f83fff] PGTABLE\n[    0.000000] BRK [0x01f84000, 0x01f84fff] PGTABLE\n[    0.000000] BRK [0x01f85000, 0x01f85fff] PGTABLE\n[    0.000000] BRK [0x01f86000, 0x01f86fff] PGTABLE\n[    0.000000] BRK [0x01f87000, 0x01f87fff] PGTABLE\n[    0.000000] BRK [0x01f88000, 0x01f88fff] PGTABLE\n[    0.000000] BRK [0x01f89000, 0x01f89fff] PGTABLE\n[    0.000000] BRK [0x01f8a000, 0x01f8afff] PGTABLE\n[    0.000000] BRK [0x01f8b000, 0x01f8bfff] PGTABLE\n[    0.000000] BRK [0x01f8c000, 0x01f8cfff] PGTABLE\n[    0.000000] BRK [0x01f8d000, 0x01f8dfff] PGTABLE\n[    0.000000] BRK [0x01f8e000, 0x01f8efff] PGTABLE\n[    0.000000] BRK [0x01f8f000, 0x01f8ffff] PGTABLE\n[    0.000000] BRK [0x01f90000, 0x01f90fff] PGTABLE\n[    0.000000] BRK [0x01f91000, 0x01f91fff] PGTABLE\n[    0.000000] BRK [0x01f92000, 0x01f92fff] PGTABLE\n[    0.000000] BRK [0x01f93000, 0x01f93fff] PGTABLE\n[    0.000000] BRK [0x01f94000, 0x01f94fff] PGTABLE\n[    0.000000] BRK [0x01f95000, 0x01f95fff] PGTABLE\n[    0.000000] BRK [0x01f96000, 0x01f96fff] PGTABLE\n[    0.000000] BRK [0x01f97000, 0x01f97fff] PGTABLE\n[    0.000000] BRK [0x01f98000, 0x01f98fff] PGTABLE\n[    0.000000] BRK [0x01f99000, 0x01f99fff] PGTABLE\n[    0.000000] BRK [0x01f9a000, 0x01f9afff] PGTABLE\n[    0.000000] BRK [0x01f9b000, 0x01f9bfff] PGTABLE\n[    0.000000] BRK [0x01f9c000, 0x01f9cfff] PGTABLE\n[    0.000000] BRK [0x01f9d000, 0x01f9dfff] PGTABLE\n[    0.000000] BRK [0x01f9e000, 0x01f9efff] PGTABLE\n[    0.000000] BRK [0x01f9f000, 0x01f9ffff] PGTABLE\n[    0.000000] BRK [0x01fa0000, 0x01fa0fff] PGTABLE\n[    0.000000] BRK [0x01fa1000, 0x01fa1fff] PGTABLE\n[    0.000000] BRK [0x01fa2000, 0x01fa2fff] PGTABLE\n[    0.000000] BRK [0x01fa3000, 0x01fa3fff] PGTABLE\n[    0.000000] BRK [0x01fa4000, 0x01fa4fff] PGTABLE\n[    0.000000] BRK [0x01fa5000, 0x01fa5fff] PGTABLE\n[    0.000000] BRK [0x01fa6000, 0x01fa6fff] PGTABLE\n[    0.000000] BRK [0x01fa7000, 0x01fa7fff] PGTABLE\n[    0.000000] BRK [0x01fa8000, 0x01fa8fff] PGTABLE\n[    0.000000] BRK [0x01fa9000, 0x01fa9fff] PGTABLE\n[    0.000000] BRK [0x01faa000, 0x01faafff] PGTABLE\n[    0.000000] BRK [0x01fab000, 0x01fabfff] PGTABLE\n[    0.000000] BRK [0x01fac000, 0x01facfff] PGTABLE\n[    0.000000] BRK [0x01fad000, 0x01fadfff] PGTABLE\n[    0.000000] BRK [0x01fae000, 0x01faefff] PGTABLE\n[    0.000000] BRK [0x01faf000, 0x01faffff] PGTABLE\n[    0.000000] BRK [0x01fb0000, 0x01fb0fff] PGTABLE\n[    0.000000] BRK [0x01fb1000, 0x01fb1fff] PGTABLE\n[    0.000000] BRK [0x01fb2000, 0x01fb2fff] PGTABLE\n[    0.000000] BRK [0x01fb3000, 0x01fb3fff] PGTABLE\n[    0.000000] BRK [0x01fb4000, 0x01fb4fff] PGTABLE\n[    0.000000] BRK [0x01fb5000, 0x01fb5fff] PGTABLE\n[    0.000000] BRK [0x01fb6000, 0x01fb6fff] PGTABLE\n[    0.000000] BRK [0x01fb7000, 0x01fb7fff] PGTABLE\n[    0.000000] BRK [0x01fb8000, 0x01fb8fff] PGTABLE\n[    0.000000] BRK [0x01fb9000, 0x01fb9fff] PGTABLE\n[    0.000000] BRK [0x01fba000, 0x01fbafff] PGTABLE\n[    0.000000] BRK [0x01fbb000, 0x01fbbfff] PGTABLE\n[    0.000000] BRK [0x01fbc000, 0x01fbcfff] PGTABLE\n[    0.000000] BRK [0x01fbd000, 0x01fbdfff] PGTABLE\n[    0.000000] BRK [0x01fbe000, 0x01fbefff] PGTABLE\n[    0.000000] BRK [0x01fbf000, 0x01fbffff] PGTABLE\n[    0.000000] BRK [0x01fc0000, 0x01fc0fff] PGTABLE\n[    0.000000] BRK [0x01fc1000, 0x01fc1fff] PGTABLE\n[    0.000000] BRK [0x01fc2000, 0x01fc2fff] PGTABLE\n[    0.000000] BRK [0x01fc3000, 0x01fc3fff] PGTABLE\n[    0.000000] BRK [0x01fc4000, 0x01fc4fff] PGTABLE\n[    0.000000] BRK [0x01fc5000, 0x01fc5fff] PGTABLE\n[    0.000000] BRK [0x01fc6000, 0x01fc6fff] PGTABLE\n[    0.000000] BRK [0x01fc7000, 0x01fc7fff] PGTABLE\n[    0.000000] BRK [0x01fc8000, 0x01fc8fff] PGTABLE\n[    0.000000] BRK [0x01fc9000, 0x01fc9fff] PGTABLE\n[    0.000000] BRK [0x01fca000, 0x01fcafff] PGTABLE\n[    0.000000] BRK [0x01fcb000, 0x01fcbfff] PGTABLE\n[    0.000000] BRK [0x01fcc000, 0x01fccfff] PGTABLE\n[    0.000000] BRK [0x01fcd000, 0x01fcdfff] PGTABLE\n[    0.000000] BRK [0x01fce000, 0x01fcefff] PGTABLE\n[    0.000000] BRK [0x01fcf000, 0x01fcffff] PGTABLE\n[    0.000000] BRK [0x01fd0000, 0x01fd0fff] PGTABLE\n[    0.000000] BRK [0x01fd1000, 0x01fd1fff] PGTABLE\n[    0.000000] BRK [0x01fd2000, 0x01fd2fff] PGTABLE\n[    0.000000] BRK [0x01fd3000, 0x01fd3fff] PGTABLE\n[    0.000000] BRK [0x01fd4000, 0x01fd4fff] PGTABLE\n[    0.000000] BRK [0x01fd5000, 0x01fd5fff] PGTABLE\n[    0.000000] BRK [0x01fd6000, 0x01fd6fff] PGTABLE\n[    0.000000] BRK [0x01fd7000, 0x01fd7fff] PGTABLE\n[    0.000000] BRK [0x01fd8000, 0x01fd8fff] PGTABLE\n[    0.000000] BRK [0x01fd9000, 0x01fd9fff] PGTABLE\n[    0.000000] BRK [0x01fda000, 0x01fdafff] PGTABLE\n[    0.000000] BRK [0x01fdb000, 0x01fdbfff] PGTABLE\n[    0.000000] BRK [0x01fdc000, 0x01fdcfff] PGTABLE\n[    0.000000] BRK [0x01fdd000, 0x01fddfff] PGTABLE\n[    0.000000] BRK [0x01fde000, 0x01fdefff] PGTABLE\n[    0.000000] BRK [0x01fdf000, 0x01fdffff] PGTABLE\n[    0.000000] BRK [0x01fe0000, 0x01fe0fff] PGTABLE\n[    0.000000] BRK [0x01fe1000, 0x01fe1fff] PGTABLE\n[    0.000000] BRK [0x01fe2000, 0x01fe2fff] PGTABLE\n[    0.000000] BRK [0x01fe3000, 0x01fe3fff] PGTABLE\n[    0.000000] BRK [0x01fe4000, 0x01fe4fff] PGTABLE\n[    0.000000] BRK [0x01fe5000, 0x01fe5fff] PGTABLE\n[    0.000000] BRK [0x01fe6000, 0x01fe6fff] PGTABLE\n[    0.000000] BRK [0x01fe7000, 0x01fe7fff] PGTABLE\n[    0.000000] BRK [0x01fe8000, 0x01fe8fff] PGTABLE\n[    0.000000] BRK [0x01fe9000, 0x01fe9fff] PGTABLE\n[    0.000000] BRK [0x01fea000, 0x01feafff] PGTABLE\n[    0.000000] BRK [0x01feb000, 0x01febfff] PGTABLE\n[    0.000000] BRK [0x01fec000, 0x01fecfff] PGTABLE\n[    0.000000] BRK [0x01fed000, 0x01fedfff] PGTABLE\n[    0.000000] BRK [0x01fee000, 0x01feefff] PGTABLE\n[    0.000000] BRK [0x01fef000, 0x01feffff] PGTABLE\n[    0.000000] BRK [0x01ff0000, 0x01ff0fff] PGTABLE\n[    0.000000] BRK [0x01ff1000, 0x01ff1fff] PGTABLE\n[    0.000000] BRK [0x01ff2000, 0x01ff2fff] PGTABLE\n[    0.000000] BRK [0x01ff3000, 0x01ff3fff] PGTABLE\n[    0.000000] BRK [0x01ff4000, 0x01ff4fff] PGTABLE\n[    0.000000] BRK [0x01ff5000, 0x01ff5fff] PGTABLE\n[    0.000000] BRK [0x01ff6000, 0x01ff6fff] PGTABLE\n[    0.000000] BRK [0x01ff7000, 0x01ff7fff] PGTABLE\n[    0.000000] BRK [0x01ff8000, 0x01ff8fff] PGTABLE\n[    0.000000] BRK [0x01ff9000, 0x01ff9fff] PGTABLE\n[    0.000000] BRK [0x01ffa000, 0x01ffafff] PGTABLE\n[    0.000000] BRK [0x01ffb000, 0x01ffbfff] PGTABLE\n[    0.000000] BRK [0x01ffc000, 0x01ffcfff] PGTABLE\n[    0.000000] BRK [0x01ffd000, 0x01ffdfff] PGTABLE\n[    0.000000] BRK [0x01ffe000, 0x01ffefff] PGTABLE\n[    0.000000] BRK [0x01fff000, 0x01fffeff] PGTABLE\n[    0.000000] BRK [0x01ffff00, 0x01fffffff] PGTABLE\n[    0.000000] RAMDISK: 37885000 - 37fef000\n[    0.000000] ACPI: RSDP 00000000000f7e30 00024 (v02 BOCHS )\n[    0.000000] ACPI: XSDT 000000007f7e30b8 0003C (v01 BOCHS  BXPCFACPI 00000001 BXPC 00000001)\n[    0.000000] ACPI: FACP 000000007f7e3040 000F4 (v04 BOCHS  BXPCFACPI 00000001 BXPC 00000001)\n[    0.000000] ACPI: DSDT 000000007f7e3100 01A3C (v01 BXPC   BXDSDT   00000001 INTL 20091112)\n[    0.000000] ACPI: FACS 000000007f7e0000 00040\n[    0.000000] ACPI: APIC 000000007f7e2040 00068 (v01 BOCHS  BXPCAPIC 00000001 BXPC 00000001)\n[    0.000000] ACPI: HPET 000000007f7e20c0 00038 (v01 BOCHS  BXPCHPET 00000001 BXPC 00000001)\n[    0.000000] ACPI: SSDT 000000007f7e2100 0036D (v01 BOXES  BXPCSSDT 00000001 INTL 20091112)\n[    0.000000] 1151MB HIGHMEM available.\n[    0.000000] 887MB LOWMEM available.\n[    0.000000]   mapped low ram: 0 - 377fe000\n[    0.000000]   low ram: 0 - 377fe000\n[    0.000000]   node 0 low ram: 00000000 - 377fe000\n[    0.000000]   node 0 bootmap 00009000 - 00009fff\n[    0.000000] (9 early reservations) ==> bootmem [0000000000 - 377fe00000]\n[    0.000000]   #0 [0000000000 - 0000001000]   BIOS data page ==> [0000000000 - 0000001000]\n[    0.000000]   #1 [0000006000 - 0000008000]       TRAMPOLINE ==> [0000006000 - 0000008000]\n[    0.000000]   #2 [0001000000 - 0001a00000]    TEXT DATA BSS ==> [0001000000 - 0001a00000]\n[    0.000000]   #3 [0037885000 - 0037fef000]          RAMDISK ==> [0037885000 - 0037fef000]\n[    0.000000]   #4 [000009f800 - 0000100000]    BIOS reserved ==> [000009f800 - 0000100000]\n[    0.000000]   #5 [0001a00000 - 0001a02000]              BRK ==> [0001a00000 - 0001a02000]\n[    0.000000]   #6 [0000008000 - 0000009000]          PGTABLE ==> [0000008000 - 0000009000]\n[    0.000000]   #7 [0000009000 - 000000a000]          PGTABLE ==> [0000009000 - 000000a000]\n[    0.000000]   #8 [000000a000 - 000000b000]          PGTABLE ==> [000000a000 - 000000b000]\n[    0.000000] Zone PFN ranges:\n[    0.000000]   DMA      0x00000010 -> 0x00001000\n[    0.000000]   DMA32    0x00001000 -> 0x00100000\n[    0.000000]   Normal   0x00100000 -> 0x00100000\n[    0.000000]   HighMem  0x00100000 -> 0x00100000\n[    0.000000] Movable zone start PFN for each node\n[    0.000000] early_node_map[3] active PFN ranges\n[    0.000000]     0: 0x00000010 -> 0x0000009f\n[    0.000000]     0: 0x00000100 -> 0x0007f7e0\n[    0.000000]     0: 0x00100000 -> 0x00100000\n[    0.000000] On node 0 totalpages: 524159\n[    0.000000] free_area_init_node: node 0, pgdat 018f6000, node_mem_map 01a02020\n[    0.000000]   DMA zone: 32 pages used for memmap\n[    0.000000]   DMA zone: 0 pages reserved\n[    0.000000]   DMA zone: 3951 pages, LIFO batch:0\n[    0.000000]   DMA32 zone: 7168 pages used for memmap\n[    0.000000]   DMA32 zone: 508544 pages, LIFO batch:31\n[    0.000000]   Normal zone: 0 pages used for memmap\n[    0.000000]   HighMem zone: 0 pages used for memmap\n[    0.000000] Using APIC driver default\n[    0.000000] ACPI: PM-Timer IO Port: 0xb008\n[    0.000000] ACPI: Local APIC address 0xfee00000\n[    0.000000] ACPI: LAPIC (acpi_id[0x00] lapic_id[0x00] enabled)\n[    0.000000] ACPI: LAPIC (acpi_id[0x01] lapic_id[0x01] enabled)\n[    0.000000] ACPI: LAPIC_NMI (acpi_id[0x00] high edge lint[0x1])\n[    0.000000] ACPI: LAPIC_NMI (acpi_id[0x01] high edge lint[0x1])\n[    0.000000] ACPI: IOAPIC (id[0x00] address[0xfec00000] gsi_base[0])\n[    0.000000] IOAPIC[0]: apic_id 0, version 17, address 0xfec00000, GSI 0-23\n[    0.000000] ACPI: INT_SRC_OVR (bus 0 bus_irq 0 global_irq 2 dfl dfl)\n[    0.000000] ACPI: INT_SRC_OVR (bus 0 bus_irq 5 global_irq 5 high level)\n[    0.000000] ACPI: INT_SRC_OVR (bus 0 bus_irq 9 global_irq 9 high level)\n[    0.000000] ACPI: INT_SRC_OVR (bus 0 bus_irq 10 global_irq 10 high level)\n[    0.000000] ACPI: INT_SRC_OVR (bus 0 bus_irq 11 global_irq 11 high level)\n[    0.000000] Using ACPI (MADT) for SMP configuration information\n[    0.000000] ACPI: HPET id: 0x8086a201 base: 0xfed00000\n[    0.000000] SMP: Allowing 2 CPUs, 0 hotplug CPUs\n[    0.000000] nr_irqs_gsi: 40\n[    0.000000] PM: Registered nosave memory: 000000000009f000 - 00000000000a0000\n[    0.000000] PM: Registered nosave memory: 00000000000a0000 - 00000000000f0000\n[    0.000000] PM: Registered nosave memory: 00000000000f0000 - 0000000000100000\n[    0.000000] Allocating PCI resources starting at 80000000 (gap: 80000000:60000000)\n[    0.000000] Booting paravirtualized kernel on bare hardware\n[    0.000000] setup_percpu: NR_CPUS:8 nr_cpumask_bits:8 nr_cpu_ids:2 nr_node_ids:1\n[    0.000000] PERCPU: Embedded 28 pages/cpu @ffff88007fc00000 s84416 r8192 d22464 u524288\n[    0.000000] pcpu-alloc: s84416 r8192 d22464 u524288 alloc=1*2097152\n[    0.000000] pcpu-alloc: [0] 0 1\n[    0.000000] Built 1 zonelists in Zone order, mobility grouping on.  Total pages: 512495\n[    0.000000] Kernel command line: BOOT_IMAGE=/boot/vmlinuz-3.2.0-4-amd64 root=UUID=abc12345-def6-789a-bcde-f0123456789a ro quiet\n[    0.000000] PID hash table entries: 4096 (order: 3, 32768 bytes)\n[    0.000000] Dentry cache hash table entries: 131072 (order: 8, 1048576 bytes)\n[    0.000000] Inode-cache hash table entries: 65536 (order: 7, 524288 bytes)\n[    0.000000] Initializing CPU#0\n[    0.000000] allocated 10485760 bytes of page_cgroup\n[    0.000000] please try 'cgroup_disable=memory' option if you don't want memory cgroups\n[    0.000000] Initializing HighMem for node 0 (000377fe:00100000)\n[    0.000000] Memory: 2054744k/2097152k available (3276k kernel code, 44760k reserved, 2040k data, 520k init, 1151616k highmem)\n[    0.000000] virtual kernel memory layout:\n[    0.000000]     fixmap  : 0xfff15000 - 0xfffff000   ( 936 kB)\n[    0.000000]     pkmap   : 0xff800000 - 0xffc00000   (4096 kB)\n[    0.000000]     vmalloc : 0xf83fe000 - 0xff7fe000   ( 119 MB)\n[    0.000000]     lowmem  : 0xc0000000 - 0xf83fe000   ( 887 MB)\n[    0.000000]       .init : 0xc18f8000 - 0xc197a000   ( 520 kB)\n[    0.000000]       .data : 0xc16f6000 - 0xc18f7d00   (2040 kB)\n[    0.000000]       .text : 0xc1000000 - 0xc16f6000   (3276 kB)\n[    0.000000] Checking if this processor honours the WP bit even in supervisor mode...Ok.\n[    0.000000] SLUB: Genslabs=15, HWalign=64, Order=0-3, MinObjects=0, CPUs=2, Nodes=1\n[    0.000000] Hierarchical RCU implementation.\n[    0.000000] \tRCU dyanmic tick.\n[    0.000000] NR_IRQS:4352 nr_irqs:712\n[    0.000000] Console: colour VGA+ 80x25\n[    0.000000] console [tty0] enabled\n[    0.000000] hpet clockevent registered\n[    0.000000] Fast TSC calibration using PIT\n[    0.000000] Detected 3400.000 MHz processor.\n[    0.004002] Calibrating delay loop (skipped), value calculated using timer frequency.. 6800.00 BogoMIPS (lpj=13600000)\n[    0.004006] pid_max: default: 32768 minimum: 301\n[    0.004030] Security Framework initialized\n[    0.004035] AppArmor: AppArmor initialized\n[    0.004037] Mount-cache hash table entries: 256\n[    0.004105] Initializing cgroup subsys ns\n[    0.004108] Initializing cgroup subsys cpuacct\n[    0.004110] Initializing cgroup subsys memory\n[    0.004114] Initializing cgroup subsys devices\n[    0.004116] Initializing cgroup subsys freezer\n[    0.004118] Initializing cgroup subsys net_cls\n[    0.004120] Initializing cgroup subsys blkio\n[    0.004123] Initializing cgroup subsys perf_event\n[    0.004126] Initializing cgroup subsys net_prio\n[    0.004130] mce: CPU supports 6 MCE banks\n[    0.004138] CPU0: Thermal monitoring enabled (TM1)\n[    0.004146] process: using mwait in idle threads\n[    0.004151] Performance Events: unsupported p6 CPU model 60 no PMU driver, software events only.\n[    0.004158] NMI watchdog: enabled on all CPUs, permanently consumes one hw-PMU counter.\n[    0.004165] SMP alternatives: switching to UP code\n[    0.012003] Freeing SMP alternatives: 24k freed\n[    0.012007] ACPI: Core revision 20110623\n[    0.016003] ftrace: allocating 20480 entries in 80 pages\n[    0.024003] Enabling APIC mode:  Flat.  Using 1 I/O APICs\n[    0.024003] ..TIMER: vector=0x30 apic1=0 pin1=2 apic2=-1 pin2=-1\n[    0.064003] CPU0: Intel QEMU Virtual CPU version 1.0 stepping 03\n[    0.064003] Brought up 1 CPUs\n[    0.064003] Total of 1 processors activated (6800.00 BogoMIPS).\n[    0.064003] devtmpfs: initialized\n[    0.064003] print_constraints: dummy:\n[    0.064003] NET: Registered protocol family 16\n[    0.064003] ACPI: bus type pci registered\n[    0.064003] PCI: MMCONFIG for domain 0000 [bus 00-3f] at [mem 0xf0000000-0xf3ffffff] (base 0xf0000000)\n[    0.064003] PCI: not using MMCONFIG\n[    0.064003] PCI: Using configuration type 1 for base access\n[    0.064003] bio: create slab <bio-0> at 0\n[    0.064003] ACPI: Added _OSI(Module Device)\n[    0.064003] ACPI: Added _OSI(Processor Device)\n[    0.064003] ACPI: Added _OSI(3.0 _SCP Extensions)\n[    0.064003] ACPI: Added _OSI(Processor Aggregator Device)\n[    0.064003] ACPI: EC: Look up EC in DSDT\n[    0.068003] ACPI: Interpreter enabled\n[    0.068003] ACPI: (supports S0 S5)\n[    0.068003] ACPI: Using IOAPIC for interrupt routing\n[    0.072003] ACPI: No dock devices found.\n[    0.072003] HEST: Table not found.\n[    0.072003] PCI: Ignoring host bridge windows from ACPI; if necessary, use \"pci=use_crs\" and report a bug\n[    0.072003] ACPI: PCI Root Bridge [PCI0] (domain 0000 [bus 00-ff])\n[    0.072003] pci_root PNP0A03:00: host bridge window [io  0x0000-0x0cf7] (ignored)\n[    0.072003] pci_root PNP0A03:00: host bridge window [io  0x0d00-0xffff] (ignored)\n[    0.072003] pci_root PNP0A03:00: host bridge window [mem 0x000a0000-0x000bffff] (ignored)\n[    0.072003] pci_root PNP0A03:00: host bridge window [mem 0x000d0000-0x000d3fff] (ignored)\n[    0.072003] pci_root PNP0A03:00: host bridge window [mem 0x000d4000-0x000d7fff] (ignored)\n[    0.072003] pci_root PNP0A03:00: host bridge window [mem 0x000d8000-0x000dbfff] (ignored)\n[    0.072003] pci_root PNP0A03:00: host bridge window [mem 0x000dc000-0x000dffff] (ignored)\n[    0.072003] pci_root PNP0A03:00: host bridge window [mem 0x000e0000-0x000e3fff] (ignored)\n[    0.072003] pci_root PNP0A03:00: host bridge window [mem 0x000e4000-0x000e7fff] (ignored)\n[    0.072003] pci_root PNP0A03:00: host bridge window [mem 0x80000000-0xfebfffff] (ignored)\n[    0.072003] pci 0000:00:00.0: reg 10: [mem 0xf0000000-0xf3ffffff pref]\n[    0.072003] pci 0000:00:01.3: quirk: [io  0xb000-0xb03f] claimed by PIIX4 ACPI\n[    0.072003] pci 0000:00:01.3: quirk: [io  0xb100-0xb10f] claimed by PIIX4 SMB\n[    0.072003] pci 0000:00:02.0: reg 10: [io  0xc000-0xc00f]\n[    0.072003] pci 0000:00:02.0: reg 18: [io  0xc040-0xc043]\n[    0.072003] pci 0000:00:02.0: reg 20: [io  0xc080-0xc087]\n[    0.072003] pci 0000:00:02.0: reg 24: [io  0xc0c0-0xc0cf]\n[    0.072003] pci 0000:00:02.0: reg 30: [mem 0x00000000-0x00000fff pref]\n[    0.072003] pci 0000:00:04.0: reg 10: [io  0xc100-0xc10f]\n[    0.072003] pci 0000:00:04.0: reg 14: [io  0xc140-0xc143]\n[    0.072003] pci 0000:00:04.0: reg 18: [io  0xc180-0xc187]\n[    0.072003] pci 0000:00:04.0: reg 1c: [io  0xc1c0-0xc1cf]\n[    0.072003] pci 0000:00:04.0: reg 20: [io  0xc200-0xc20f]\n[    0.072003] pci 0000:00:04.0: reg 24: [mem 0xfebf0000-0xfebf00ff]\n[    0.072003] pci 0000:00:04.0: reg 30: [mem 0x00000000-0x0000ffff pref]\n[    0.072003] pci 0000:00:06.0: reg 10: [io  0xc240-0xc24f]\n[    0.072003] pci 0000:00:06.0: reg 14: [io  0xc280-0xc283]\n[    0.072003] pci 0000:00:06.0: reg 18: [io  0xc2c0-0xc2c7]\n[    0.072003] pci 0000:00:06.0: reg 1c: [io  0xc300-0xc30f]\n[    0.072003] pci 0000:00:06.0: reg 20: [io  0xc340-0xc34f]\n[    0.072003] pci 0000:00:06.0: reg 24: [mem 0xfebf1000-0xfebf10ff]\n[    0.072003] pci 0000:00:06.0: reg 30: [mem 0x00000000-0x0000ffff pref]\n[    0.072003] pci 0000:00:07.0: reg 10: [io  0xc380-0xc38f]\n[    0.072003] pci 0000:00:07.0: reg 14: [io  0xc3c0-0xc3c3]\n[    0.072003] pci 0000:00:07.0: reg 18: [io  0xc400-0xc407]\n[    0.072003] pci 0000:00:07.0: reg 1c: [io  0xc440-0xc44f]\n[    0.072003] pci 0000:00:07.0: reg 20: [io  0xc480-0xc48f]\n[    0.072003] pci 0000:00:07.0: reg 24: [mem 0xfebf2000-0xfebf20ff]\n[    0.072003] pci 0000:00:07.0: reg 30: [mem 0x00000000-0x0000ffff pref]\n[    0.072003] pci 0000:00:08.0: reg 10: [io  0xc4c0-0xc4cf]\n[    0.072003] pci 0000:00:08.0: reg 14: [io  0xc500-0xc503]\n[    0.072003] pci 0000:00:08.0: reg 18: [io  0xc540-0xc547]\n[    0.072003] pci 0000:00:08.0: reg 1c: [io  0xc580-0xc58f]\n[    0.072003] pci 0000:00:08.0: reg 20: [io  0xc5c0-0xc5cf]\n[    0.072003] pci 0000:00:08.0: reg 24: [mem 0xfebf3000-0xfebf30ff]\n[    0.072003] pci 0000:00:08.0: reg 30: [mem 0x00000000-0x0000ffff pref]\n[    0.072003] pci 0000:00:09.0: reg 10: [io  0xc600-0xc60f]\n[    0.072003] pci 0000:00:09.0: reg 14: [io  0xc640-0xc643]\n[    0.072003] pci 0000:00:09.0: reg 18: [io  0xc680-0xc687]\n[    0.072003] pci 0000:00:09.0: reg 1c: [io  0xc6c0-0xc6cf]\n[    0.072003] pci 0000:00:09.0: reg 20: [io  0xc700-0xc70f]\n[    0.072003] pci 0000:00:09.0: reg 24: [mem 0xfebf4000-0xfebf40ff]\n[    0.072003] pci 0000:00:09.0: reg 30: [mem 0x00000000-0x0000ffff pref]\n[    0.072003] pci 0000:00:0a.0: reg 10: [io  0xc740-0xc74f]\n[    0.072003] pci 0000:00:0a.0: reg 14: [io  0xc780-0xc783]\n[    0.072003] pci 0000:00:0a.0: reg 18: [io  0xc7c0-0xc7c7]\n[    0.072003] pci 0000:00:0a.0: reg 1c: [io  0xc800-0xc80f]\n[    0.072003] pci 0000:00:0a.0: reg 20: [io  0xc840-0xc84f]\n[    0.072003] pci 0000:00:0a.0: reg 24: [mem 0xfebf5000-0xfebf50ff]\n[    0.072003] pci 0000:00:0a.0: reg 30: [mem 0x00000000-0x0000ffff pref]\n[    0.072003] pci 0000:00:0b.0: reg 10: [io  0xc880-0xc88f]\n[    0.072003] pci 0000:00:0b.0: reg 14: [io  0xc8c0-0xc8c3]\n[    0.072003] pci 0000:00:0b.0: reg 18: [io  0xc900-0xc907]\n[    0.072003] pci 0000:00:0b.0: reg 1c: [io  0xc940-0xc94f]\n[    0.072003] pci 0000:00:0b.0: reg 20: [io  0xc980-0xc98f]\n[    0.072003] pci 0000:00:0b.0: reg 24: [mem 0xfebf6000-0xfebf60ff]\n[    0.072003] pci 0000:00:0b.0: reg 30: [mem 0x00000000-0x0000ffff pref]\n[    0.072003] pci 0000:00:0c.0: reg 10: [io  0xc9c0-0xc9cf]\n[    0.072003] pci 0000:00:0c.0: reg 14: [io  0xca00-0xca03]\n[    0.072003] pci 0000:00:0c.0: reg 18: [io  0xca40-0xca47]\n[    0.072003] pci 0000:00:0c.0: reg 1c: [io  0xca80-0xca8f]\n[    0.072003] pci 0000:00:0c.0: reg 20: [io  0xcac0-0xcacf]\n[    0.072003] pci 0000:00:0c.0: reg 24: [mem 0xfebf7000-0xfebf70ff]\n[    0.072003] pci 0000:00:0c.0: reg 30: [mem 0x00000000-0x0000ffff pref]\n[    0.072003] pci 0000:00:0d.0: reg 10: [io  0xcb00-0xcb0f]\n[    0.072003] pci 0000:00:0d.0: reg 14: [io  0xcb40-0xcb43]\n[    0.072003] pci 0000:00:0d.0: reg 18: [io  0xcb80-0xcb87]\n[    0.072003] pci 0000:00:0d.0: reg 1c: [io  0xcbc0-0xcbc7]\n[    0.072003] pci 0000:00:0d.0: reg 20: [io  0xcc00-0xcc0f]\n[    0.072003] pci 0000:00:0d.0: reg 24: [mem 0xfebf8000-0xfebf80ff]\n[    0.072003] pci 0000:00:0d.0: reg 30: [mem 0x00000000-0x0000ffff pref]\n[    0.072003] pci 0000:00:0e.0: reg 10: [io  0xcc40-0xcc4f]\n[    0.072003] pci 0000:00:0e.0: reg 14: [io  0xcc80-0xcc83]\n[    0.072003] pci 0000:00:0e.0: reg 18: [io  0xccc0-0xccc7]\n[    0.072003] pci 0000:00:0e.0: reg 1c: [io  0xcd00-0xcd0f]\n[    0.072003] pci 0000:00:0e.0: reg 20: [io  0xcd40-0xcd4f]\n[    0.072003] pci 0000:00:0e.0: reg 24: [mem 0xfebf9000-0xfebf90ff]\n[    0.072003] pci 0000:00:0e.0: reg 30: [mem 0x00000000-0x0000ffff pref]\n[    0.072003] pci 0000:00:0f.0: reg 10: [io  0xcd80-0xcd8f]\n[    0.072003] pci 0000:00:0f.0: reg 14: [io  0xcdc0-0xcdc3]\n[    0.072003] pci 0000:00:0f.0: reg 18: [io  0xce00-0xce07]\n[    0.072003] pci 0000:00:0f.0: reg 1c: [io  0xce40-0xce4f]\n[    0.072003] pci 0000:00:0f.0: reg 20: [io  0xce80-0xce8f]\n[    0.072003] pci 0000:00:0f.0: reg 24: [mem 0xfebfa000-0xfebfa0ff]\n[    0.072003] pci 0000:00:0f.0: reg 30: [mem 0x00000000-0x0000ffff pref]\n[    0.072003] pci 0000:00:10.0: reg 10: [io  0xcec0-0xcecf]\n[    0.072003] pci 0000:00:10.0: reg 14: [io  0xcf00-0xcf03]\n[    0.072003] pci 0000:00:10.0: reg 18: [io  0xcf40-0xcf47]\n[    0.072003] pci 0000:00:10.0: reg 1c: [io  0xcf80-0xcf8f]\n[    0.072003] pci 0000:00:10.0: reg 20: [io  0xcfc0-0xcfcf]\n[    0.072003] pci 0000:00:10.0: reg 24: [mem 0xfebfb000-0xfebfb0ff]\n[    0.072003] pci 0000:00:10.0: reg 30: [mem 0x00000000-0x0000ffff pref]\n[    0.072003] pci 0000:00:11.0: reg 10: [io  0xd000-0xd00f]\n[    0.072003] pci 0000:00:11.0: reg 14: [io  0xd040-0xd043]\n[    0.072003] pci 0000:00:11.0: reg 18: [io  0xd080-0xd087]\n[    0.072003] pci 0000:00:11.0: reg 1c: [io  0xd0c0-0xd0cf]\n[    0.072003] pci 0000:00:11.0: reg 20: [io  0xd100-0xd10f]\n[    0.072003] pci 0000:00:11.0: reg 24: [mem 0xfebfc000-0xfebfc0ff]\n[    0.072003] pci 0000:00:11.0: reg 30: [mem 0x00000000-0x0000ffff pref]\n[    0.072003] pci 0000:00:12.0: reg 10: [io  0xd140-0xd14f]\n[    0.072003] pci 0000:00:12.0: reg 14: [io  0xd180-0xd183]\n[    0.072003] pci 0000:00:12.0: reg 18: [io  0xd1c0-0xd1c7]\n[    0.072003] pci 0000:00:12.0: reg 1c: [io  0xd200-0xd20f]\n[    0.072003] pci 0000:00:12.0: reg 20: [io  0xd240-0xd24f]\n[    0.072003] pci 0000:00:12.0: reg 24: [mem 0xfebfd000-0xfebfd0ff]\n[    0.072003] pci 0000:00:12.0: reg 30: [mem 0x00000000-0x0000ffff pref]\n[    0.072003] pci 0000:00:13.0: reg 10: [io  0xd280-0xd28f]\n[    0.072003] pci 0000:00:13.0: reg 14: [io  0xd2c0-0xd2c3]\n[    0.072003] pci 0000:00:13.0: reg 18: [io  0xd300-0xd307]\n[    0.072003] pci 0000:00:13.0: reg 1c: [io  0xd340-0xd34f]\n[    0.072003] pci 0000:00:13.0: reg 20: [io  0xd380-0xd38f]\n[    0.072003] pci 0000:00:13.0: reg 24: [mem 0xfebfe000-0xfebfe0ff]\n[    0.072003] pci 0000:00:13.0: reg 30: [mem 0x00000000-0x0000ffff pref]\n[    0.072003] pci 0000:00:14.0: reg 10: [io  0xd3c0-0xd3cf]\n[    0.072003] pci 0000:00:14.0: reg 14: [io  0xd400-0xd403]\n[    0.072003] pci 0000:00:14.0: reg 18: [io  0xd440-0xd447]\n[    0.072003] pci 0000:00:14.0: reg 1c: [io  0xd480-0xd48f]\n[    0.072003] pci 0000:00:14.0: reg 20: [io  0xd4c0-0xd4cf]\n[    0.072003] pci 0000:00:14.0: reg 24: [mem 0xfebff000-0xfebff0ff]\n[    0.072003] pci 0000:00:14.0: reg 30: [mem 0x00000000-0x0000ffff pref]\n[    0.072003] pci 0000:00:15.0: reg 10: [io  0xd500-0xd50f]\n[    0.072003] pci 0000:00:15.0: reg 14: [io  0xd540-0xd543]\n[    0.072003] pci 0000:00:15.0: reg 18: [io  0xd580-0xd587]\n[    0.072003] pci 0000:00:15.0: reg 1c: [io  0xd5c0-0xd5cf]\n[    0.072003] pci 0000:00:15.0: reg 20: [io  0xd600-0xd60f]\n[    0.072003] pci 0000:00:15.0: reg 24: [mem 0xfec00000-0xfec000ff]\n[    0.072003] pci 0000:00:15.0: reg 30: [mem 0x00000000-0x0000ffff pref]\n[    0.072003] pci 0000:00:16.0: reg 10: [io  0xd640-0xd64f]\n[    0.072003] pci 0000:00:16.0: reg 14: [io  0xd680-0xd683]\n[    0.072003] pci 0000:00:16.0: reg 18: [io  0xd6c0-0xd6c7]\n[    0.072003] pci 0000:00:16.0: reg 1c: [io  0xd700-0xd70f]\n[    0.072003] pci 0000:00:16.0: reg 20: [io  0xd740-0xd74f]\n[    0.072003] pci 0000:00:16.0: reg 24: [mem 0xfec01000-0xfec010ff]\n[    0.072003] pci 0000:00:16.0: reg 30: [mem 0x00000000-0x0000ffff pref]\n[    0.072003] pci 0000:00:17.0: reg 10: [io  0xd780-0xd78f]\n[    0.072003] pci 0000:00:17.0: reg 14: [io  0xd7c0-0xd7c3]\n[    0.072003] pci 0000:00:17.0: reg 18: [io  0xd800-0xd807]\n[    0.072003] pci 0000:00:17.0: reg 1c: [io  0xd840-0xd84f]\n[    0.072003] pci 0000:00:17.0: reg 20: [io  0xd880-0xd88f]\n[    0.072003] pci 0000:00:17.0: reg 24: [mem 0xfec02000-0xfec020ff]\n[    0.072003] pci 0000:00:17.0: reg 30: [mem 0x00000000-0x0000ffff pref]\n[    0.072003] pci 0000:00:18.0: reg 10: [io  0xd8c0-0xd8cf]\n[    0.072003] pci 0000:00:18.0: reg 14: [io  0xd900-0xd903]\n[    0.072003] pci 0000:00:18.0: reg 18: [io  0xd940-0xd947]\n[    0.072003] pci 0000:00:18.0: reg 1c: [io  0xd980-0xd98f]\n[    0.072003] pci 0000:00:18.0: reg 20: [io  0xd9c0-0xd9cf]\n[    0.072003] pci 0000:00:18.0: reg 24: [mem 0xfec03000-0xfec030ff]\n[    0.072003] pci 0000:00:18.0: reg 30: [mem 0x00000000-0x0000ffff pref]\n[    0.072003] pci 0000:00:19.0: reg 10: [io  0xda00-0xda0f]\n[    0.072003] pci 0000:00:19.0: reg 14: [io  0xda40-0xda43]\n[    0.072003] pci 0000:00:19.0: reg 18: [io  0xda80-0xda87]\n[    0.072003] pci 0000:00:19.0: reg 1c: [io  0xdac0-0xdacf]\n[    0.072003] pci 0000:00:19.0: reg 20: [io  0xdb00-0xdb0f]\n[    0.072003] pci 0000:00:19.0: reg 24: [mem 0xfec04000-0xfec040ff]\n[    0.072003] pci 0000:00:19.0: reg 30: [mem 0x00000000-0x0000ffff pref]\n[    0.072003] pci 0000:00:1a.0: reg 10: [io  0xdb40-0xdb4f]\n[    0.072003] pci 0000:00:1a.0: reg 14: [io  0xdb80-0xdb83]\n[    0.072003] pci 0000:00:1a.0: reg 18: [io  0xdbc0-0xdbc7]\n[    0.072003] pci 0000:00:1a.0: reg 1c: [io  0xdc00-0xdc0f]\n[    0.072003] pci 0000:00:1a.0: reg 20: [io  0xdc40-0xdc4f]\n[    0.072003] pci 0000:00:1a.0: reg 24: [mem 0xfec05000-0xfec050ff]\n[    0.072003] pci 0000:00:1a.0: reg 30: [mem 0x00000000-0x0000ffff pref]\n[    0.072003] pci 0000:00:1b.0: reg 10: [mem 0xfec06000-0xfec063ff]\n[    0.072003] pci 0000:00:1b.0: PME# supported from D0 D3hot D3cold\n[    0.072003] pci 0000:00:1b.0: PME# disabled\n[    0.072003] pci 0000:00:1c.0: reg 10: [mem 0xfec07000-0xfec07fff]\n[    0.072003] pci 0000:00:1c.0: PME# supported from D0 D3hot D3cold\n[    0.072003] pci 0000:00:1c.0: PME# disabled\n[    0.072003] pci 0000:00:1d.0: reg 20: [io  0xdc80-0xdc9f]\n[    0.072003] pci 0000:00:1f.0: quirk: [io  0x0680-0x069f] claimed by ICH6 ACPI/GPIO/TCO\n[    0.072003] pci 0000:00:1f.0: quirk: [io  0x0800-0x087f] claimed by ICH6 GPIO\n[    0.072003] pci 0000:00:1f.0: ICH7 LPC Generic IO decode 1 PIO at 0600 (mask 007f)\n[    0.072003] pci 0000:00:1f.1: reg 10: [io  0x0000-0x0007]\n[    0.072003] pci 0000:00:1f.1: reg 14: [io  0x0000-0x0003]\n[    0.072003] pci 0000:00:1f.1: reg 18: [io  0x0000-0x0007]\n[    0.072003] pci 0000:00:1f.1: reg 1c: [io  0x0000-0x0003]\n[    0.072003] pci 0000:00:1f.1: reg 20: [io  0xdcc0-0xdcdf]\n[    0.072003] pci 0000:00:1f.1: reg 24: [mem 0x00000000-0x000007ff]\n[    0.072003] pci 0000:00:1f.2: reg 10: [io  0xdce0-0xdce7]\n[    0.072003] pci 0000:00:1f.2: reg 14: [io  0xdcf0-0xdcf3]\n[    0.072003] pci 0000:00:1f.2: reg 18: [io  0xdd00-0xdd07]\n[    0.072003] pci 0000:00:1f.2: reg 1c: [io  0xdd10-0xdd13]\n[    0.072003] pci 0000:00:1f.2: reg 20: [io  0xdd20-0xdd3f]\n[    0.072003] pci 0000:00:1f.2: reg 24: [mem 0x00000000-0x000007ff]\n[    0.072003] pci 0000:00:1f.2: PME# supported from D3hot\n[    0.072003] pci 0000:00:1f.2: PME# disabled\n[    0.072003] pci 0000:00:1f.3: reg 20: [io  0x0400-0x041f]\n[    0.072003] pci 0000:00:1f.5: reg 10: [io  0xdd40-0xdd5f]\n[    0.072003] pci 0000:00:1f.5: reg 14: [mem 0xfec00000-0xfec000ff]\n[    0.072003] pci 0000:00:1f.5: reg 18: [mem 0xfebff000-0xfebff0ff]\n[    0.072003] pci 0000:00:1f.5: reg 1c: [mem 0xfebfe000-0xfebfe0ff]\n[    0.072003] pci 0000:00:1f.5: reg 20: [mem 0xfebfd000-0xfebfd0ff]\n[    0.072003] pci 0000:00:1f.5: reg 24: [mem 0xfebfc000-0xfebfc0ff]\n[    0.072003] pci 0000:00:1f.5: reg 28: [mem 0xfebfb000-0xfebfb0ff]\n[    0.072003] pci 0000:00:1f.5: reg 2c: [mem 0xfebfa000-0xfebfa0ff]\n[    0.072003] pci 0000:00:1f.5: reg 30: [mem 0xfebf9000-0xfebf90ff]\n[    0.072003] pci 0000:00:1f.5: reg 34: [mem 0xfebf8000-0xfebf80ff]\n[    0.072003] pci 0000:00:1f.5: reg 38: [mem 0xfebf7000-0xfebf70ff]\n[    0.072003] pci 0000:00:1f.5: reg 3c: [mem 0xfebf6000-0xfebf60ff]\n[    0.072003] pci 0000:00:1f.5: reg 40: [mem 0xfebf5000-0xfebf50ff]\n[    0.072003] pci 0000:00:1f.5: reg 44: [mem 0xfebf4000-0xfebf40ff]\n[    0.072003] pci 0000:00:1f.5: reg 48: [mem 0xfebf3000-0xfebf30ff]\n[    0.072003] pci 0000:00:1f.5: reg 4c: [mem 0xfebf2000-0xfebf20ff]\n[    0.072003] pci 0000:00:1f.5: reg 50: [mem 0xfebf1000-0xfebf10ff]\n[    0.072003] pci 0000:00:1f.5: reg 54: [mem 0xfebf0000-0xfebf00ff]\n[    0.072003] pci 0000:00:1f.5: reg 58: [mem 0xfebff000-0xfebff0ff]\n[    0.072003] pci 0000:00:1f.5: reg 5c: [mem 0xfebfe000-0xfebfe0ff]\n[    0.072003] pci 0000:00:1f.5: reg 60: [mem 0xfebfd000-0xfebfd0ff]\n[    0.072003] pci 0000:00:1f.5: reg 64: [mem 0xfebfc000-0xfebfc0ff]\n[    0.072003] pci 0000:00:1f.5: reg 68: [mem 0xfebfb000-0xfebfb0ff]\n[    0.072003] pci 0000:00:1f.5: reg 6c: [mem 0xfebfa000-0xfebfa0ff]\n[    0.072003] pci 0000:00:1f.5: reg 70: [mem 0xfebf9000-0xfebf90ff]\n[    0.072003] pci 0000:00:1f.5: reg 74: [mem 0xfebf8000-0xfebf80ff]\n[    0.072003] pci 0000:00:1f.5: reg 78: [mem 0xfebf7000-0xfebf70ff]\n[    0.072003] pci 0000:00:1f.5: reg 7c: [mem 0xfebf6000-0xfebf60ff]\n[    0.072003] pci 0000:00:1f.5: reg 80: [mem 0xfebf5000-0xfebf50ff]\n[    0.072003] pci 0000:00:1f.5: reg 84: [mem 0xfebf4000-0xfebf40ff]\n[    0.072003] pci 0000:00:1f.5: reg 88: [mem 0xfebf3000-0xfebf30ff]\n[    0.072003] pci 0000:00:1f.5: reg 8c: [mem 0xfebf2000-0xfebf20ff]\n[    0.072003] pci 0000:00:1f.5: reg 90: [mem 0xfebf1000-0xfebf10ff]\n[    0.072003] pci 0000:00:1f.5: reg 94: [mem 0xfebf0000-0xfebf00ff]\n[    0.072003] pci 0000:00:1f.5: reg 98: [mem 0xfebff000-0xfebff0ff]\n[    0.072003] pci 0000:00:1f.5: reg 9c: [mem 0xfebfe000-0xfebfe0ff]\n[    0.072003] pci 0000:00:1f.5: reg a0: [mem 0xfebfd000-0xfebfd0ff]\n[    0.072003] pci 0000:00:1f.5: reg a4: [mem 0xfebfc000-0xfebfc0ff]\n[    0.072003] pci 0000:00:1f.5: reg a8: [mem 0xfebfb000-0xfebfb0ff]\n[    0.072003] pci 0000:00:1f.5: reg ac: [mem 0xfebfa000-0xfebfa0ff]\n[    0.072003] pci 0000:00:1f.5: reg b0: [mem 0xfebf9000-0xfebf90ff]\n[    0.072003] pci 0000:00:1f.5: reg b4: [mem 0xfebf8000-0xfebf80ff]\n[    0.072003] pci 0000:00:1f.5: reg b8: [mem 0xfebf7000-0xfebf70ff]\n[    0.072003] pci 0000:00:1f.5: reg bc: [mem 0xfebf6000-0xfebf60ff]\n[    0.072003] pci 0000:00:1f.5: reg c0: [mem 0xfebf5000-0xfebf50ff]\n[    0.072003] pci 0000:00:1f.5: reg c4: [mem 0xfebf4000-0xfebf40ff]\n[    0.072003] pci 0000:00:1f.5: reg c8: [mem 0xfebf3000-0xfebf30ff]\n[    0.072003] pci 0000:00:1f.5: reg cc: [mem 0xfebf2000-0xfebf20ff]\n[    0.072003] pci 0000:00:1f.5: reg d0: [mem 0xfebf1000-0xfebf10ff]\n[    0.072003] pci 0000:00:1f.5: reg d4: [mem 0xfebf0000-0xfebf00ff]\n[    0.072003] pci 0000:00:1f.5: reg d8: [mem 0xfebff000-0xfebff0ff]\n[    0.072003] pci 0000:00:1f.5: reg dc: [mem 0xfebfe000-0xfebfe0ff]\n[    0.072003] pci 0000:00:1f.5: reg e0: [mem 0xfebfd000-0xfebfd0ff]\n[    0.072003] pci 0000:00:1f.5: reg e4: [mem 0xfebfc000-0xfebfc0ff]\n[    0.072003] pci 0000:00:1f.5: reg e8: [mem 0xfebfb000-0xfebfb0ff]\n[    0.072003] pci 0000:00:1f.5: reg ec: [mem 0xfebfa000-0xfebfa0ff]\n[    0.072003] pci 0000:00:1f.5: reg f0: [mem 0xfebf9000-0xfebf90ff]\n[    0.072003] pci 0000:00:1f.5: reg f4: [mem 0xfebf8000-0xfebf80ff]\n[    0.072003] pci 0000:00:1f.5: reg f8: [mem 0xfebf7000-0xfebf70ff]\n[    0.072003] pci 0000:00:1f.5: reg fc: [mem 0xfebf6000-0xfebf60ff]\n[    0.072003] pci 0000:00:1f.5: PME# supported from D0 D3hot D3cold\n[    0.072003] pci 0000:00:1f.5: PME# disabled\n[    0.072003] pci 0000:00:1f.6: reg 10: [io  0xdd60-0xdd67]\n[    0.072003] pci 0000:00:1f.6: reg 14: [io  0xdd68-0xdd6b]\n[    0.072003] pci 0000:00:1f.6: reg 18: [io  0xdd6c-0xdd6f]\n[    0.072003] pci 0000:00:1f.6: reg 1c: [io  0xdd70-0xdd73]\n[    0.072003] pci 0000:00:1f.6: reg 20: [io  0xdd74-0xdd77]\n[    0.072003] pci 0000:00:1f.6: reg 24: [io  0xdd78-0xdd7f]\n[    0.072003] pci 0000:00:1f.6: PME# supported from D0 D3hot D3cold\n[    0.072003] pci 0000:00:1f.6: PME# disabled\n[    0.072003] ACPI: PCI Interrupt Link [LNKA] (IRQs 5 *10 11)\n[    0.072003] ACPI: PCI Interrupt Link [LNKB] (IRQs 5 *10 11)\n[    0.072003] ACPI: PCI Interrupt Link [LNKC] (IRQs 5 10 *11)\n[    0.072003] ACPI: PCI Interrupt Link [LNKD] (IRQs 5 10 *11)\n[    0.072003] ACPI: PCI Interrupt Link [LNKS] (IRQs *9)\n[    0.072003] vgaarb: device added: PCI:0000:00:02.0,decodes=io+mem,owns=io+mem,locks=none\n[    0.072003] vgaarb: loaded\n[    0.072003] SCSI subsystem initialized\n[    0.072003] libata version 3.00 loaded.\n[    0.072003] usbcore: registered new interface driver usbfs\n[    0.072003] usbcore: registered new interface driver hub\n[    0.072003] usbcore: registered new device driver usb\n[    0.072003] PCI: Using ACPI for IRQ routing\n[    0.072003] PCI: pci_cache_line_size set to 64 bytes\n[    0.072003] reserve RAM buffer: 000000000009f800 - 000000000009ffff\n[    0.072003] reserve RAM buffer: 000000007f7e0000 - 000000007fffffff\n[    0.072003] NetLabel: Initializing\n[    0.072003] NetLabel:  domain hash size = 128\n[    0.072003] NetLabel:  protocols = UNLABELED CIPSOv4\n[    0.072003] NetLabel:  unlabeled traffic allowed by default\n[    0.072003] hpet0: at MMIO 0xfed00000, IRQs 2, 8, 0\n[    0.072003] hpet0: 3 comparators, 64-bit 100.000000 MHz counter\n[    0.076003] Switching to clocksource hpet\n[    0.080003] pnp: PnP ACPI init\n[    0.080003] ACPI: bus type pnp registered\n[    0.080003] pnp 00:00: [bus 00-ff]\n[    0.080003] pnp 00:00: [io  0x0cf8-0x0cff]\n[    0.080003] pnp 00:00: [io  0x0000-0x0cf7 window]\n[    0.080003] pnp 00:00: [io  0x0d00-0xffff window]\n[    0.080003] pnp 00:00: [mem 0x000a0000-0x000bffff window]\n[    0.080003] pnp 00:00: [mem 0x000d0000-0x000d3fff window]\n[    0.080003] pnp 00:00: [mem 0x000d4000-0x000d7fff window]\n[    0.080003] pnp 00:00: [mem 0x000d8000-0x000dbfff window]\n[    0.080003] pnp 00:00: [mem 0x000dc000-0x000dffff window]\n[    0.080003] pnp 00:00: [mem 0x000e0000-0x000e3fff window]\n[    0.080003] pnp 00:00: [mem 0x000e4000-0x000e7fff window]\n[    0.080003] pnp 00:00: [mem 0x80000000-0xfebfffff window]\n[    0.080003] pnp 00:00: Plug and Play ACPI device, IDs PNP0a03 (active)\n[    0.080003] pnp 00:01: [io  0x0000-0x001f]\n[    0.080003] pnp 00:01: [io  0x0081-0x0091]\n[    0.080003] pnp 00:01: [io  0x0093-0x009f]\n[    0.080003] pnp 00:01: [io  0x00c0-0x00df]\n[    0.080003] pnp 00:01: [dma 4]\n[    0.080003] pnp 00:01: Plug and Play ACPI device, IDs PNP0200 (active)\n[    0.080003] pnp 00:02: [io  0x0070-0x0071]\n[    0.080003] pnp 00:02: [irq 8]\n[    0.080003] pnp 00:02: Plug and Play ACPI device, IDs PNP0b00 (active)\n[    0.080003] pnp 00:03: [io  0x0061]\n[    0.080003] pnp 00:03: Plug and Play ACPI device, IDs PNP0800 (active)\n[    0.080003] pnp 00:04: [io  0x00f0]\n[    0.080003] pnp 00:04: [irq 13]\n[    0.080003] pnp 00:04: Plug and Play ACPI device, IDs PNP0c04 (active)\n[    0.080003] pnp 00:05: [io  0x0060]\n[    0.080003] pnp 00:05: [io  0x0064]\n[    0.080003] pnp 00:05: [irq 1]\n[    0.080003] pnp 00:05: Plug and Play ACPI device, IDs PNP0303 (active)\n[    0.080003] pnp 00:06: [io  0x0072-0x0077]\n[    0.080003] pnp 00:06: [irq 0 disabled]\n[    0.080003] pnp 00:06: [irq 8]\n[    0.080003] pnp 00:06: [dma 0 disabled]\n[    0.080003] pnp 00:06: Plug and Play ACPI device, IDs PNP0501 (active)\n[    0.080003] pnp 00:07: [io  0x03f8-0x03ff]\n[    0.080003] pnp 00:07: [irq 4]\n[    0.080003] pnp 00:07: Plug and Play ACPI device, IDs PNP0501 (active)\n[    0.080003] pnp 00:08: [mem 0xfec00000-0xfec00fff]\n[    0.080003] pnp 00:08: [mem 0xfee00000-0xfee00fff]\n[    0.080003] pnp 00:08: Plug and Play ACPI device, IDs PNP0103 PNP0c01 (active)\n[    0.080003] pnp 00:09: [io  0x002e-0x002f]\n[    0.080003] pnp 00:09: [io  0x004e-0x004f]\n[    0.080003] pnp 00:09: [io  0x0062-0x0063]\n[    0.080003] pnp 00:09: [io  0x0065-0x0066]\n[    0.080003] pnp 00:09: [io  0x0068-0x006f]\n[    0.080003] pnp 00:09: [io  0x0074-0x0075]\n[    0.080003] pnp 00:09: [io  0x0080]\n[    0.080003] pnp 00:09: [io  0x0084-0x0086]\n[    0.080003] pnp 00:09: [io  0x0088]\n[    0.080003] pnp 00:09: [io  0x008c-0x008e]\n[    0.080003] pnp 00:09: [io  0x0090-0x009f]\n[    0.080003] pnp 00:09: [io  0x00a2-0x00bf]\n[    0.080003] pnp 00:09: [io  0x00e0-0x00ef]\n[    0.080003] pnp 00:09: [io  0x04d0-0x04d1]\n[    0.080003] pnp 00:09: [io  0x04d6]\n[    0.080003] pnp 00:09: [io  0x0c00-0x0c01]\n[    0.080003] pnp 00:09: [io  0x0c14]\n[    0.080003] pnp 00:09: [io  0x0c50-0x0c51]\n[    0.080003] pnp 00:09: [io  0x0c52]\n[    0.080003] pnp 00:09: [io  0x0c6c]\n[    0.080003] pnp 00:09: [io  0x0c6f]\n[    0.080003] pnp 00:09: [io  0x0cd0-0x0cd1]\n[    0.080003] pnp 00:09: [io  0x0cd2-0x0cd3]\n[    0.080003] pnp 00:09: [io  0x0cd4-0x0cd5]\n[    0.080003] pnp 00:09: [io  0x0cd6-0x0cd7]\n[    0.080003] pnp 00:09: [io  0x0cd8-0x0cdf]\n[    0.080003] pnp 00:09: [io  0x0800-0x089f]\n[    0.080003] pnp 00:09: [io  0x0b00-0x0b0f]\n[    0.080003] pnp 00:09: [io  0x0b20-0x0b3f]\n[    0.080003] pnp 00:09: [io  0x0900-0x090f]\n[    0.080003] pnp 00:09: [io  0x0910-0x091f]\n[    0.080003] pnp 00:09: [io  0xfe00-0xfefe]\n[    0.080003] pnp 00:09: [mem 0xfed1c000-0xfed1ffff]\n[    0.080003] pnp 00:09: [mem 0xfed20000-0xfed3ffff]\n[    0.080003] pnp 00:09: [mem 0xfed40000-0xfed8ffff]\n[    0.080003] system 00:09: [mem 0xfec00000-0xfec00fff] could not be reserved\n[    0.080003] system 00:09: [mem 0xfee00000-0xfee00fff] has been reserved\n[    0.080003] system 00:09: [mem 0xfed1c000-0xfed1ffff] has been reserved\n[    0.080003] system 00:09: [mem 0xfed20000-0xfed3ffff] has been reserved\n[    0.080003] system 00:09: [mem 0xfed40000-0xfed8ffff] has been reserved\n[    0.080003] system 00:09: Plug and Play ACPI device, IDs PNP0c02 (active)\n[    0.080003] pnp 00:0a: [io  0x0000-0xffff disabled]\n[    0.080003] pnp 00:0a: [io  0x0100-0x011f]\n[    0.080003] pnp 00:0a: [io  0x0220-0x022f]\n[    0.080003] pnp 00:0a: [io  0x03e0-0x0cf7 window]\n[    0.080003] pnp 00:0a: [io  0x0cf8-0x0cff]\n[    0.080003] pnp 00:0a: [io  0x0d00-0xffff window]\n[    0.080003] pnp 00:0a: [mem 0x000a0000-0x000bffff window]\n[    0.080003] pnp 00:0a: [mem 0x000c0000-0x000c3fff window]\n[    0.080003] pnp 00:0a: [mem 0x000c4000-0x000c7fff window]\n[    0.080003] pnp 00:0a: [mem 0x000c8000-0x000cbfff window]\n[    0.080003] pnp 00:0a: [mem 0x000cc000-0x000cffff window]\n[    0.080003] pnp 00:0a: [mem 0x000d0000-0x000d3fff window]\n[    0.080003] pnp 00:0a: [mem 0x000d4000-0x000d7fff window]\n[    0.080003] pnp 00:0a: [mem 0x000d8000-0x000dbfff window]\n[    0.080003] pnp 00:0a: [mem 0x000dc000-0x000dffff window]\n[    0.080003] pnp 00:0a: [mem 0x000e0000-0x000e3fff window]\n[    0.080003] pnp 00:0a: [mem 0x000e4000-0x000e7fff window]\n[    0.080003] pnp 00:0a: [mem 0x000e8000-0x000ebfff window]\n[    0.080003] pnp 00:0a: [mem 0x000ec000-0x000effff window]\n[    0.080003] pnp 00:0a: [mem 0x000f0000-0x000fffff window]\n[    0.080003] pnp 00:0a: [mem 0x80000000-0xfebfffff window]\n[    0.080003] pnp 00:0a: Plug and Play ACPI device, IDs PNP0c01 (active)\n[    0.080003] pnp: PnP ACPI: found 11 devices\n[    0.080003] ACPI: ACPI bus type pnp unregistered\n[    0.080003] PnPBIOS: Disabled by ACPI PNP\n[    0.080003] system 00:09: [mem 0xfec00000-0xfec00fff] has been reserved\n[    0.080003] system 00:09: [mem 0xfee00000-0xfee00fff] has been reserved\n[    0.080003] system 00:09: [mem 0xfed1c000-0xfed1ffff] has been reserved\n[    0.080003] system 00:09: [mem 0xfed20000-0xfed3ffff] has been reserved\n[    0.080003] system 00:09: [mem 0xfed40000-0xfed8ffff] has been reserved\n[    0.080003] system 00:09: Plug and Play ACPI device, IDs PNP0c02 (active)\n[    0.080003] pci 0000:00:1c.0: BAR 0: assigned [mem 0xf0000000-0xf00fffff]\n[    0.080003] pci 0000:00:1c.0: BAR 0: set to [mem 0xf0000000-0xf00fffff] (PCI address [0xf0000000-0xf00fffff])\n[    0.080003] pci 0000:00:1c.0: BAR 0: assigned [mem 0xf0000000-0xf00fffff]\n[    0.080003] pci 0000:00:1c.0: BAR 0: set to [mem 0xf0000000-0xf00fffff] (PCI address [0xf0000000-0xf00fffff])\n[    0.080003] pci 0000:00:1c.0: BAR 0: assigned [mem 0xf0000000-0xf00fffff]\n[    0.080003] pci 0000:00:1c.0: BAR 0: set to [mem 0xf0000000-0xf00fffff] (PCI address [0xf0000000-0xf00fffff])\n[    0.080003] pci 0000:00:1c.0: BAR 0: assigned [mem 0xf0000000-0xf00fffff]\n[    0.080003] pci 0000:00:1c.0: BAR 0: set to [mem 0xf0000000-0xf00fffff] (PCI address [0xf0000000-0xf00fffff])\n[    0.080003] pci 0000:00:1c.0: BAR 0: assigned [mem 0xf0000000-0xf00fffff]\n[    0.080003] pci 0000:00:1c.0: BAR 0: set to [mem 0xf0000000-0xf00fffff] (PCI address [0xf0000000-0xf00fffff])\n[    0.080003] pci 0000:00:1c.0: BAR 0: assigned [mem 0xf0000000-0xf00fffff]\n[    0.080003] pci 0000:00:1c.0: BAR 0: set to [mem 0xf0000000-0xf00fffff] (PCI address [0xf0000000-0xf00fffff])\n[    0.080003] pci 0000:00:1c.0: BAR 0: assigned [mem 0xf0000000-0xf00fffff]\n[    0.080003] pci 0000:00:1c.0: BAR 0: set to [mem 0xf0000000-0xf00fffff] (PCI address [0xf0000000-0xf00fffff])\n[    0.080003] pci 0000:00:1c.0: BAR 0: assigned [mem 0xf0000000-0xf00fffff]\n[    0.080003] pci 0000:00:1c.0: BAR 0: set to [mem 0xf0000000-0xf00fffff] (PCI address [0xf0000000-0xf00fffff])\n[    0.080003] pci 0000:00:1c.0: BAR 0: assigned [mem 0xf0000000-0xf00fffff]\n[    0.080003] pci 0000:00:1c.0: BAR 0: set to [mem 0xf0000000-0xf00fffff] (PCI address [0xf0000000-0xf00fffff])\n[    0.080003] pci 0000:00:1c.0: BAR 0: assigned [mem 0xf0000000-0xf00fffff]\n[    0.080003] pci 0000:00:1c.0: BAR 0: set to [mem 0xf0000000-0xf00fffff] (PCI address [0xf0000000-0xf00fffff])\n[    0.080003] pci 0000:00:1c.0: BAR 0: assigned [mem 0xf0000000-0xf00fffff]\n[    0.080003] pci 0000:00:1c.0: BAR 0: set to [mem 0xf0000000-0xf00fffff] (PCI address [0xf0000000-0xf00fffff])\n[    0.080003] pci 0000:00:1c.0: BAR 0: assigned [mem 0xf0000000-0xf00fffff]\n[    0.080003] pci 0000:00:1c.0: BAR 0: set to [mem 0xf0000000-0xf00fffff] (PCI address [0xf0000000-0xf00fffff])\n[    0.080003] pci 0000:00:1c.0: BAR 0: assigned [mem 0xf0000000-0xf00fffff]\n[    0.080003] pci 0000:00:1c.0: BAR 0: set to [mem 0xf0000000-0xf00fffff] (PCI address [0xf0000000-0xf00fffff])\n[    0.080003] pci 0000:00:1c.0: BAR 0: assigned [mem 0xf0000000-0xf00fffff]\n[    0.080003] pci 0000:00:1c.0: BAR 0: set to [mem 0xf0000000-0xf00fffff] (PCI address [0xf0000000-0xf00fffff])\n[    0.080003] pci 0000:00:1c.0: BAR 0: assigned [mem 0xf0000000-0xf00fffff]\n[    0.080003] pci 0000:00:1c.0: BAR 0: set to [mem 0xf0000000-0xf00fffff] (PCI address [0xf0000000-0xf00fffff])\n[    0.080003] pci 0000:00:1c.0: BAR 0: assigned [mem 0xf0000000-0xf00fffff]\n[    0.080003] pci 0000:00:1c.0: BAR 0: set to [mem 0xf0000000-0xf00fffff] (PCI address [0xf0000000-0xf00fffff])\n[    0.080003] pci 0000:00:1c.0: BAR 0: assigned [mem 0xf0000000-0xf00fffff]\n[    0.080003] pci 0000:00:1c.0: BAR 0: set to [mem 0xf0000000-0xf00fffff] (PCI address [0xf0000000-0xf00fffff])\n[    0.080003] pci 0000:00:1c.0: BAR 0: assigned [mem 0xf0000000-0xf00fffff]\n[    0.080003] pci 0000:00:1c.0: BAR 0: set to [mem 0xf0000000-0xf00fffff] (PCI address [0xf0000000-0xf00fffff])\n[    0.080003] pci 0000:00:1c.0: BAR 0: assigned [mem 0xf0000000-0xf00fffff]\n[    0.080003] pci 0000:00:1c.0: BAR 0: set to [mem 0xf0000000-0xf00fffff] (PCI address [0xf0000000-0xf00fffff])\n[    0.080003] pci 0000:00:1c.0: BAR 0: assigned [mem 0xf0000000-0xf00fffff]\n[    0.080003] pci 0000:00:1c.0: BAR 0: set to [mem 0xf0000000-0xf00fffff] (PCI address [0xf0000000-0xf00fffff])\n[    0.080003] pci 0000:00:1c.0: BAR 0: assigned [mem 0xf0000000-0xf00fffff]\n[    0.080003] pci 0000:00:1c.0: BAR 0: set to [mem 0xf0000000-0xf00fffff] (PCI address [0xf0000000-0xf00fffff])\n[    0.080003] pci 0000:00:1c.0: BAR 0: assigned [mem 0xf0000000-0xf00fffff]\n[    0.080003] pci 0000:00:1c.0: BAR 0: set to [mem 0xf0000000-0xf00fffff] (PCI address [0xf0000000-0xf00fffff])\n[    0.080003] pci 0000:00:1c.0: BAR 0: assigned [mem 0xf0000000-0xf00fffff]\n[    0.080003] pci 0000:00:1c.0: BAR 0: set to [mem 0xf0000000-0xf00fffff] (PCI address [0xf0000000-0xf00fffff])\n[    0.080003] pci 0000:00:1c.0: BAR 0: assigned [mem 0xf0000000-0xf00fffff]\n[    0.080003] pci 0000:00:1c.0: BAR 0: set to [mem 0xf0000000-0xf00fffff] (PCI address [0xf0000000-0xf00fffff])\n[    0.080003] pci 0000:00:1c.0: BAR 0: assigned [mem 0xf0000000-0xf00fffff]\n[    0.080003] pci 0000:00:1c.0: BAR 0: set to [mem 0xf0000000-0xf00fffff] (PCI address [0xf0000000-0xf00fffff])\n[    0.080003] pci 0000:00:1c.0: BAR 0: assigned [mem 0xf0000000-0xf00fffff]\n[    0.080003] pci 0000:00:1c.0: BAR 0: set to [mem 0xf0000000-0xf00fffff] (PCI address [0xf0000000-0xf00fffff])\n[    0.080003] pci 0000:00:1c.0: BAR 0: assigned [mem 0xf0000000-0xf00fffff]\n[    0.080003] pci 0000:00:1c.0: BAR 0: set to [mem 0xf0000000-0xf00fffff] (PCI address [0xf0000000-0xf00fffff])\n[    0.080003] pci 0000:00:1c.0: BAR 0: assigned [mem 0xf0000000-0xf00fffff]\n[    0.080003] pci 0000:00:1c.0: BAR 0: set to [mem 0xf0000000-0xf00fffff] (PCI address [0xf0000000-0xf00fffff])\n[    0.080003] pci 0000:00:1c.0: BAR 0: assigned [mem 0xf0000000-0xf00fffff]\n[    0.080003] pci 0000:00:1c.0: BAR 0: set to [mem 0xf0000000-0xf00fffff] (PCI address [0xf0000000-0xf00fffff])\n[    0.080003] pci 0000:00:1c.0: BAR 0: assigned [mem 0xf0000000-0xf00fffff]\n[    0.080003] pci 0000:00:1c.0: BAR 0: set to [mem 0xf0000000-0xf00fffff] (PCI address [0xf0000000-0xf00fffff])\n[    0.080003] pci 0000:00:1c.0: BAR 0: assigned [mem 0xf0000000-0xf00fffff]\n[    0.080003] pci 0000:00:1c.0: BAR 0: set to [mem 0xf0000000-0xf00fffff] (PCI address [0xf0000000-0xf00fffff])\n[    0.080003] pci 0000:00:1c.0: BAR 0: assigned [mem 0xf0000000-0xf00fffff]\n[    0.080003] pci 0000:00:1c.0: BAR 0: set to [mem 0xf0000000-0xf00fffff] (PCI address [0xf0000000-0xf00fffff])\n[    0.080003] pci 0000:00:1c.0: BAR 0: assigned [mem 0xf0000000-0xf00fffff]\n[    0.080003] pci 0000:00:1c.0: BAR 0: set to [mem 0xf0000000-0xf00fffff] (PCI address [0xf0000000-0xf00fffff])\n[    0.080003] pci 0000:00:1c.0: BAR 0: assigned [mem 0xf0000000-0xf00fffff]\n[    0.080003] pci 0000:00:1c.0: BAR 0: set to [mem 0xf0000000-0xf00fffff] (PCI address [0xf0000000-0xf00fffff])\n[    0.080003] pci 0000:00:1c.0: BAR 0: assigned [mem 0xf0000000-0xf00fffff]\n[    0.080003] pci 0000:00:1c.0: BAR 0: set to [mem 0xf0000000-0xf00fffff] (PCI address [0xf0000000-0xf00fffff])\n[    0.080003] pci 0000:00:1c.0: BAR 0: assigned [mem 0xf0000000-0xf00fffff]\n[    0.080003] pci 0000:00:1c.0: BAR 0: set to [mem 0xf0000000-0xf00fffff] (PCI address [0xf0000000-0xf00fffff])\n[    0.080003] pci 0000:00:1c.0: BAR 0: assigned [mem 0xf0000000-0xf00fffff]\n[    0.080003] pci 0000:00:1c.0: BAR 0: set to [mem 0xf0000000-0xf00fffff] (PCI address [0xf0000000-0xf00fffff])\n[    0.080003] pci 0000:00:1c.0: BAR 0: assigned [mem 0xf0000000-0xf00fffff]\n[    0.080003] pci 0000:00:1c.0: BAR 0: set to [mem 0xf0000000-0xf00fffff] (PCI address [0xf0000000-0xf00fffff])\n[    0.080003] pci 0000:00:1c.0: BAR 0: assigned [mem 0xf0000000-0xf00fffff]\n[    0.080003] pci 0000:00:1c.0: BAR 0: set to [mem 0xf0000000-0xf00fffff] (PCI address [0xf0000000-0xf00fffff])\n[    0.080003] pci 0000:00:1c.0: BAR 0: assigned [mem 0xf0000000-0xf00fffff]\n[    0.080003] pci 0000:00:1c.0: BAR 0: set to [mem 0xf0000000-0xf00fffff] (PCI address [0xf0000000-0xf00fffff])\n[    0.080003] pci 0000:00:1c.0: BAR 0: assigned [mem 0xf0000000-0xf00fffff]\n[    0.080003] pci 0000:00:1c.0: BAR 0: set to [mem 0xf0000000-0xf00fffff] (PCI address [0xf0000000-0xf00fffff])\n[    0.080003] pci 0000:00:1c.0: BAR 0: assigned [mem 0xf0000000-0xf00fffff]\n[    0.080003] pci 0000:00:1c.0: BAR 0: set to [mem 0xf0000000-0xf00fffff] (PCI address [0xf0000000-0xf00fffff])\n[    0.080003] pci 0000:00:1c.0: BAR 0: assigned [mem 0xf0000000-0xf00fffff]\n[    0.080003] pci 0000:00:1c.0: BAR 0: set to [mem 0xf0000000-0xf00fffff] (PCI address [0xf0000000-0xf00fffff])\n[    0.080003] pci 0000:00:1c.0: BAR 0: assigned [mem 0xf0000000-0xf00fffff]\n[    0.080003] pci 0000:00:1c.0: BAR 0: set to [mem 0xf0000000-0xf00fffff] (PCI address [0xf0000000-0xf00fffff])\n[    0.080003] pci 0000:00:1c.0: BAR 0: assigned [mem 0xf0000000-0xf00fffff]\n[    0.080003] pci 0000:00:1c.0: BAR 0: set to [mem 0xf0000000-0xf00fffff] (PCI address [0xf0000000-0xf00fffff])\n[    0.080003] pci 0000:00:1c.0: BAR 0: assigned [mem 0xf0000000-0xf00fffff]\n[    0.080003] pci 0000:00:1c.0: BAR 0: set to [mem 0xf0000000-0xf00fffff] (PCI address [0xf0000000-0xf00fffff])\n[    0.080003] pci 0000:00:1c.0: BAR 0: assigned [mem 0xf0000000-0xf00fffff]\n[    0.080003] pci 0000:00:1c.0: BAR 0: set to [mem 0xf0000000-0xf00fffff] (PCI address [0xf0000000-0xf00fffff])\n[    0.080003] pci 0000:00:1c.0: BAR 0: assigned [mem 0xf0000000-0xf00fffff]\n[    0.080003] pci 0000:00:1c.0: BAR 0: set to [mem 0xf0000000-0xf00fffff] (PCI address [0xf0000000-0xf00fffff])\n[    0.080003] pci 0000:00:1c.0: BAR 0: assigned [mem 0xf0000000-0xf00fffff]\n[    0.080003] pci 0000:00:1c.0: BAR 0: set to [mem 0xf0000000-0xf00fffff] (PCI address [0xf0000000-0xf00fffff])\n[    0.080003] pci 0000:00:1c.0: BAR 0: assigned [mem 0xf0000000-0xf00fffff]\n[    0.080003] pci 0000:00:1c.0: BAR 0: set to [mem 0xf0000000-0xf00fffff] (PCI address [0xf0000000-0xf00fffff])\n[    0.080003] pci 0000:00:1c.0: BAR 0: assigned [mem 0xf0000000-0xf00fffff]\n[    0.080003] pci 0000:00:1c.0: BAR 0: set to [mem 0xf0000000-0xf00fffff] (PCI address [0xf0000000-0xf00fffff])\n[    0.080003] pci 0000:00:1c.0: BAR 0: assigned [mem 0xf0000000-0xf00fffff]\n[    0.080003] pci 0000:00:1c.0: BAR 0: set to [mem 0xf0000000-0xf00fffff] (PCI address [0xf0000000-0xf00fffff])\n[    0.080003] pci 0000:00:1c.0: BAR 0: assigned [mem 0xf0000000-0xf00fffff]\n[    0.080003] pci 0000:00:1c.0: BAR 0: set to [mem 0xf0000000-0xf00fffff] (PCI address [0xf0000000-0xf00fffff])\n[    0.080003] pci 0000:00:1c.0: BAR 0: assigned [mem 0xf0000000-0xf00fffff]\n[    0.080003] pci 0000:00:1c.0: BAR 0: set to [mem 0xf0000000-0xf00fffff] (PCI address [0xf0000000-0xf00fffff])\n[    0.080003] pci 0000:00:1c.0: BAR 0: assigned [mem 0xf0000000-0xf00fffff]\n[    0.080003] pci 0000:00:1c.0: BAR 0: set to [mem 0xf0000000-0xf00fffff] (PCI address [0xf0000000-0xf00fffff])\n[    0.080003] pci 0000:00:1c.0: BAR 0: assigned [mem 0xf0000000-0xf00fffff]\n[    0.080003] pci 0000:00:1c.0: BAR 0: set to [mem 0xf0000000-0xf00fffff] (PCI address [0xf0000000-0xf00fffff])\n[    0.080003] pci 0000:00:1c.0: BAR 0: assigned [mem 0xf0000000-0xf00fffff]\n[    0.080003] pci 0000:00:1c.0: BAR 0: set to [mem 0xf0000000-0xf00fffff] (PCI address [0xf0000000-0xf00fffff])\n[    0.080003] pci 0000:00:1c.0: BAR 0: assigned [mem 0xf0000000-0xf00fffff]\n[    0.080003] pci 0000:00:1c.0: BAR 0: set to [mem 0xf0000000-0xf00fffff] (PCI address [0xf0000000-0xf00fffff])\n[    0.080003] pci 0000:00:1c.0: BAR 0: assigned [mem 0xf0000000-0xf00fffff]\n[    0.080003] pci 0000:00:1c.0: BAR 0: set to [mem 0xf0000000-0xf00fffff] (PCI address [0xf0000000-0xf00fffff])\n[    0.080003] pci 0000:00:1c.0: BAR 0: assigned [mem 0xf0000000-0xf00fffff]\n[    0.080003] pci 0000:00:1c.0: BAR 0: set to [mem 0xf0000000-0xf00fffff] (PCI address [0xf0000000-0xf00fffff])\n[    0.080003] pci 0000:00:1c.0: BAR 0: assigned [mem 0xf0000000-0xf00fffff]\n[    0.080003] pci 0000:00:1c.0: BAR 0: set to [mem 0xf0000000-0xf00fffff] (PCI address [0xf0000000-0xf00fffff])\n[    0.080003] pci 0000:00:1c.0: BAR 0: assigned [mem 0xf0000000-0xf00fffff]\n[    0.080003] pci 0000:00:1c.0: BAR 0: set to [mem 0xf0000000-0xf00fffff] (PCI address [0xf0000000-0xf00fffff])\n[    0.080003] pci 0000:00:1c.0: BAR 0: assigned [mem 0xf0000000-0xf00fffff]\n[    0.080003] pci 0000:00:1c.0: BAR 0: set to [mem 0xf0000000-0xf00fffff] (PCI address [0xf0000000-0xf00fffff])\n[    0.080003] pci 0000:00:1c.0: BAR 0: assigned [mem 0xf0000000-0xf00fffff]\n[    0.080003] pci 0000:00:1c.0: BAR 0: set to [mem 0xf0000000-0xf00fffff] (PCI address [0xf0000000-0xf00fffff])\n[    0.080003] pci 0000:00:1c.0: BAR 0: assigned [mem 0xf0000000-0xf00fffff]\n[    0.080003] pci 0000:00:1c.0: BAR 0: set to [mem 0xf0000000-0xf00fffff] (PCI address [0xf0000000-0xf00fffff])\n[    0.080003] pci 0000:00:1c.0: BAR 0: assigned [mem 0xf0000000-0xf00fffff]\n[    0.080003] pci 0000:00:1c.0: BAR 0: set to [mem 0xf0000000-0xf00fffff] (PCI address [0xf0000000-0xf00fffff])\n[    0.080003] pci 0000:00:1c.0: BAR 0: assigned [mem 0xf0000000-0xf00fffff]\n[    0.080003] pci 0000:00:1c.0: BAR 0: set to [mem 0xf0000000-0xf00fffff] (PCI address [0xf0000000-0xf00fffff])\n[    0.080003] pci 0000:00:1c.0: BAR 0: assigned [mem 0xf0000000-0xf00fffff]\n[    0.080003] pci 0000:00:1c.0: BAR 0: set to [mem 0xf0000000-0xf00fffff] (PCI address [0xf0000000-0xf00fffff])\n[    0.080003] pci 0000:00:1c.0: BAR 0: assigned [mem 0xf0000000-0xf00fffff]\n[    0.080003] pci 0000:00:1c.0: BAR 0: set to [mem 0xf0000000-0xf00fffff] (PCI address [0xf0000000-0xf00fffff])\n[    0.080003] pci 0000:00:1c.0: BAR 0: assigned [mem 0xf0000000-0xf00fffff]\n[    0.080003] pci 0000:00:1c.0: BAR 0: set to [mem 0xf0000000-0xf00fffff] (PCI address [0xf0000000-0xf00fffff])\n[    0.080003] pci 0000:00:1c.0: BAR 0: assigned [mem 0xf0000000-0xf00fffff]\n[    0.080003] pci 0000:00:1c.0: BAR 0: set to [mem 0xf0000000-0xf00fffff] (PCI address [0xf0000000-0xf00fffff])\n[    0.080003] pci 0000:00:1c.0: BAR 0: assigned [mem 0xf0000000-0xf00fffff]\n[    0.080003] pci 0000:00:1c.0: BAR 0: set to [mem 0xf0000000-0xf00fffff] (PCI address [0xf0000000-0xf00fffff])\n[    0.080003] pci 0000:00:1c.0: BAR 0: assigned [mem 0xf0000000-0xf00fffff]\n[    0.080003] pci 0000:00:1c.0: BAR 0: set to [mem 0xf0000000-0xf00fffff] (PCI address [0xf0000000-0xf00fffff])\n[    0.080003] pci 0000:00:1c.0: BAR 0: assigned [mem 0xf0000000-0xf00fffff]\n[    0.080003] pci 0000:00:1c.0: BAR 0: set to [mem 0xf0000000-0xf00fffff] (PCI address [0xf0000000-0xf00fffff])\n[    0.080003] pci 0000:00:1c.0: BAR 0: assigned [mem 0xf0000000-0xf00fffff]\n[    0.080003] pci 0000:00:1c.0: BAR 0: set to [mem 0xf0000000-0xf00fffff] (PCI address [0xf0000000-0xf00fffff])\n[    0.080003] pci 0000:00:1c.0: BAR 0: assigned [mem 0xf0000000-0xf00fffff]\n[    0.080003] pci 0000:00:1c.0: BAR 0: set to [mem 0xf0000000-0xf00fffff] (PCI address [0xf0000000-0xf00fffff])\n[    0.080003] pci 0000:00:1c.0: BAR 0: assigned [mem 0xf0000000-0xf00fffff]\n[    0.080003] pci 0000:00:1c.0: BAR 0: set to [mem 0xf0000000-0xf00fffff] (PCI address [0xf0000000-0xf00fffff])\n[    0.080003] pci 0000:00:1c.0: BAR 0: assigned [mem 0xf0000000-0xf00fffff]\n[    0.080003] pci 0000:00:1c.0: BAR 0: set to [mem 0xf0000000-0xf00fffff] (PCI address [0xf0000000-0xf00fffff])\n[    0.080003] pci 0000:00:1c.0: BAR 0: assigned [mem 0xf0000000-0xf00fffff]\n[    0.080003] pci 0000:00:1c.0: BAR 0: set to [mem 0xf0000000-0xf00fffff] (PCI address [0xf0000000-0xf00fffff])\n[    0.080003] pci 0000:00:1c.0: BAR 0: assigned [mem 0xf0000000-0xf00fffff]\n[    0.080003] pci 0000:00:1c.0: BAR 0: set to [mem 0xf0000000-0xf00fffff] (PCI address [0xf0000000-0xf00fffff])\n[    0.080003] pci 0000:00:1c.0: BAR 0: assigned [mem 0xf0000000-0xf00fffff]\n[    0.080003] pci 0000:00:1c.0: BAR 0: set to [mem 0xf0000000-0xf00fffff] (PCI address [0xf0000000-0xf00fffff])\n[    0.080003] pci 0000:00:1c.0: BAR 0: assigned [mem 0xf0000000-0xf00fffff]\n[    0.080003] pci 0000:00:1c.0: BAR 0: set to [mem 0xf0000000-0xf00fffff] (PCI address [0xf0000000-0xf00fffff])\n[    0.080003] pci 0000:00:1c.0: BAR 0: assigned [mem 0xf0000000-0xf00fffff]\n[    0.080003] pci 0000:00:1c.0: BAR 0: set to [mem 0xf0000000-0xf00fffff] (PCI address [0xf0000000-0xf00fffff])\n[    0.080003] pci 0000:00:1c.0: BAR 0: assigned [mem 0xf0000000-0xf00fffff]\n[    0.080003] pci 0000:00:1c.0: BAR 0: set to [mem 0xf0000000-0xf00fffff] (PCI address [0xf0000000-0xf00fffff])\n[    0.080003] pci 0000:00:1c.0: BAR 0: assigned [mem 0xf0000000-0xf00fffff]\n[    0.080003] pci 0000:00:1c.0: BAR 0: set to [mem 0xf0000000-0xf00fffff] (PCI address [0xf0000000-0xf00fffff])\n[    0.080003] pci 0000:00:1c.0: BAR 0: assigned [mem 0xf0000000-0xf00fffff]\n[    0.080003] pci 0000:00:1c.0: BAR 0: set to [mem 0xf0000000-0xf00fffff] (PCI address [0xf0000000-0xf00fffff])\n[    0.080003] pci 0000:00:1c.0: BAR 0: assigned [mem 0xf0000000-0xf00fffff]\n[    0.080003] pci 0000:00:1c.0: BAR 0: set to [mem 0xf0000000-0xf00fffff] (PCI address [0xf0000000-0xf00fffff])\n[    0.080003] pci 0000:00:1c.0: BAR 0: assigned [mem 0xf0000000-0xf00fffff]\n[    0.080003] pci 0000:00:1c.0: BAR 0: set to [mem 0xf0000000-0xf00fffff] (PCI address [0xf0000000-0xf00fffff])\n[    0.080003] pci 0000:00:1c.0: BAR 0: assigned [mem 0xf0000000-0xf00fffff]\n[    0.080003] pci 0000:00:1c.0: BAR 0: set to [mem 0xf0000000-0xf00fffff] (PCI address [0xf0000000-0xf00fffff])\n[    0.080003] pci 0000:00:1c.0: BAR 0: assigned [mem 0xf0000000-0xf00fffff]\n[    0.080003] pci 0000:00:1c.0: BAR 0: set to [mem 0xf0000000-0xf00fffff] (PCI address [0xf0000000-0xf00fffff])\n[    0.080003] pci 0000:00:1c.0: BAR 0: assigned [mem 0xf0000000-0xf00fffff]\n[    0.080003] pci 0000:00:1c.0: BAR 0: set to [mem 0xf0000000-0xf00fffff] (PCI address [0xf0000000-0xf00fffff])\n[    0.080003] pci 0000:00:1c.0: BAR 0: assigned [mem 0xf0000000-0xf00fffff]\n[    0.080003] pci 0000:00:1c.0: BAR 0: set to [mem 0xf0000000-0xf00fffff] (PCI address [0xf0000000-0xf00fffff])\n[    0.080003] pci 0000:00:1c.0: BAR 0: assigned [mem 0xf0000000-0xf00fffff]\n[    0.080003] pci 0000:00:1c.0: BAR 0: set to [mem 0xf0000000-0xf00fffff] (PCI address [0xf0000000-0xf00fffff])\n[    0.080003] pci 0000:00:1c.0: BAR 0: assigned [mem 0xf0000000-0xf00fffff]\n[    0.080003] pci 0000:00:1c.0: BAR 0: set to [mem 0xf0000000-0xf00fffff] (PCI address [0xf0000000-0xf00fffff])\n[    0.080003] pci 0000:00:1c.0: BAR 0: assigned [mem 0xf0000000-0xf00fffff]\n[    0.080003] pci 0000:00:1c.0: BAR 0: set to [mem 0xf0000000-0xf00fffff] (PCI address [0xf0000000-0xf00fffff])\n[    0.080003] pci 0000:00:1c.0: BAR 0: assigned [mem 0xf0000000-0xf00fffff]\n[    0.080003] pci 0000:00:1c.0: BAR 0: set to [mem 0xf0000000-0xf00fffff] (PCI address [0xf0000000-0xf00fffff])\n[    0.080003] pci 0000:00:1c.0: BAR 0: assigned [mem 0xf0000000-0xf00fffff]\n[    0.080003] pci 0000:00:1c.0: BAR 0: set to [mem 0xf0000000-0xf00fffff] (PCI address [0xf0000000-0xf00fffff])\n[    0.080003] pci 0000:00:1c.0: BAR 0: assigned [mem 0xf0000000-0xf00fffff]\n[    0.080003] pci 0000:00:1c.0: BAR 0: set to [mem 0xf0000000-0xf00fffff] (PCI address [0xf0000000-0xf00fffff])\n[    0.080003] pci 0000:00:1c.0: BAR 0: assigned [mem 0xf0000000-0xf00fffff]\n[    0.080003] pci 0000:00:1c.0: BAR 0: set to [mem 0xf0000000-0xf00fffff] (PCI address [0xf0000000-0xf00fffff])\n[    0.080003] pci 0000:00:1c.0: BAR 0: assigned [mem 0xf0000000-0xf00fffff]\n[    0.080003] pci 0000:00:1c.0: BAR 0: set to [mem 0xf0000000-0xf00fffff] (PCI address [0xf0000000-0xf00fffff])\n[    0.080003] pci 0000:00:1c.0: BAR 0: assigned [mem 0xf0000000-0xf00fffff]\n[    0.080003] pci 0000:00:1c.0: BAR 0: set to [mem 0xf0000000-0xf00fffff] (PCI address [0xf0000000-0xf00fffff])\n[    0.080003] pci 0000:00:1c.0: BAR 0: assigned [mem 0xf0000000-0xf00fffff]\n[    0.080003] pci 0000:00:1c.0: BAR 0: set to [mem 0xf0000000-0xf00fffff] (PCI address [0xf0000000-0xf00fffff])\n[    0.080003] pci 0000:00:1c.0: BAR 0: assigned [mem 0xf0000000-0xf00fffff]\n[    0.080003] pci 0000:00:1c.0: BAR 0: set to [mem 0xf0000000-0xf00fffff] (PCI address [0xf0000000-0xf00fffff])\n[    0.080003] pci 0000:00:1c.0: BAR 0: assigned [mem 0xf0000000-0xf00fffff]\n[    0.080003] pci 0000:00:1c.0: BAR 0: set to [mem 0xf0000000-0xf00fffff] (PCI address [0xf0000000-0xf00fffff])\n[    0.080003] pci 0000:00:1c.0: BAR 0: assigned [mem 0xf0000000-0xf00fffff]\n[    0.080003] pci 0000:00:1c.0: BAR 0: set to [mem 0xf0000000-0xf00fffff] (PCI address [0xf0000000-0xf00fffff])\n[    0.080003] pci 0000:00:1c.0: BAR 0: assigned [mem 0xf0000000-0xf00fffff]\n[    0.080003] pci 0000:00:1c.0: BAR 0: set to [mem 0xf0000000-0xf00fffff] (PCI address [0xf0000000-0xf00fffff])\n[    0.080003] pci 0000:00:1c.0: BAR 0: assigned [mem 0xf0000000-0xf00fffff]\n[    0.080003] pci 0000:00:1c.0: BAR 0: set to [mem 0xf0000000-0xf00fffff] (PCI address [0xf0000000-0xf00fffff])\n[    0.080003] pci 0000:00:1c.0: BAR 0: assigned [mem 0xf0000000-0xf00fffff]\n[    0.080003] pci 0000:00:1c.0: BAR 0: set to [mem 0xf0000000-0xf00fffff] (PCI address [0xf0000000-0xf00fffff])\n[    0.080003] pci 0000:00:1c.0: BAR 0: assigned [mem 0xf0000000-0xf00fffff]\n[    0.080003] pci 0000:00:1c.0: BAR 0: set to [mem 0xf0000000-0xf00fffff] (PCI address [0xf0000000-0xf00fffff])\n[    0.080003] pci 0000:00:1c.0: BAR 0: assigned [mem 0xf0000000-0xf00fffff]\n[    0.080003] pci 0000:00:1c.0: BAR 0: set to [mem 0xf0000000-0xf00fffff] (PCI address [0xf0000000-0xf00fffff])\n[    0.080003] pci 0000:00:1c.0: BAR 0: assigned [mem 0xf0000000-0xf00fffff]\n[    0.080003] pci 0000:00:1c.0: BAR 0: set to [mem 0xf0000000-0xf00fffff] (PCI address [0xf0000000-0xf00fffff])\n[    0.080003] pci 0000:00:1c.0: BAR 0: assigned [mem 0xf0000000-0xf00fffff]\n[    0.080003] pci 0000:00:1c.0: BAR 0: set to [mem 0xf0000000-0xf00fffff] (PCI address [0xf0000000-0xf00fffff])\n[    0.080003] pci 0000:00:1c.0: BAR 0: assigned [mem 0xf0000000-0xf00fffff]\n[    0.080003] pci 0000:00:1c.0: BAR 0: set to [mem 0xf0000000-0xf00fffff] (PCI address [0xf0000000-0xf00fffff])\n[    0.080003] pci 0000:00:1c.0: BAR 0: assigned [mem 0xf0000000-0xf00fffff]\n[    0.080003] pci 0000:00:1c.0: BAR 0: set to [mem 0xf0000000-0xf00fffff] (PCI address [0xf0000000-0xf00fffff])\n[    0.080003] pci 0000:00:1c.0: BAR 0: assigned [mem 0xf0000000-0xf00fffff]\n[    0.080003] pci 0000:00:1c.0: BAR 0: set to [mem 0xf0000000-0xf00fffff] (PCI address [0xf0000000-0xf00fffff])\n[    0.080003] pci 0000:00:1c.0: BAR 0: assigned [mem 0xf0000000-0xf00fffff]\n[    0.080003] pci 0000:00:1c.0: BAR 0: set to [mem 0xf0000000-0xf00fffff] (PCI address [0xf0000000-0xf00fffff])\n[    0.080003] pci 0000:00:1c.0: BAR 0: assigned [mem 0xf0000000-0xf00fffff]\n[    0.080003] pci 0000:00:1c.0: BAR 0: set to [mem 0xf0000000-0xf00fffff] (PCI address [0xf0000000-0xf00fffff])\n[    0.080003] pci 0000:00:1c.0: BAR 0: assigned [mem 0xf0000000-0xf00fffff]\n[    0.080003] pci 0000:00:1c.0: BAR 0: set to [mem 0xf0000000-0xf00fffff] (PCI address [0xf