{
  "ping -c 4 www.google.com": "PING www.google.com (172.217.160.196) 56(84) bytes of data.\n64 bytes from fra24s01-in-f4.1e100.net (172.217.160.196): icmp_req=1 ttl=57 time=10.1 ms\n64 bytes from fra24s01-in-f4.1e100.net (172.217.160.196): icmp_req=2 ttl=57 time=10.2 ms\n64 bytes from fra24s01-in-f4.1e100.net (172.217.160.196): icmp_req=3 ttl=57 time=10.1 ms\n64 bytes from fra24s01-in-f4.1e100.net (172.217.160.196): icmp_req=4 ttl=57 time=10.2 ms\n--- www.google.com ping statistics ---\n4 packets transmitted, 4 received, 0% packet loss, time 3004ms\nrtt min/avg/max/mdev = 10.135/10.197/10.278/0.102 ms",
  "ping -c 4 142.250.203.174": "PING 142.250.203.174 (142.250.203.174) 56(84) bytes of data.\n64 bytes from 142.250.203.174: icmp_req=1 ttl=117 time=12.3 ms\n64 bytes from 142.250.203.174: icmp_req=2 ttl=117 time=12.1 ms\n64 bytes from 142.250.203.174: icmp_req=3 ttl=117 time=12.4 ms\n64 bytes from 142.250.203.174: icmp_req=4 ttl=117 time=12.2 ms\n--- 142.250.203.174 ping statistics ---\n4 packets transmitted, 4 received, 0% packet loss, time 3003ms\nrtt min/avg/max/mdev = 12.100/12.275/12.400/0.150 ms",
  "ip a": "1: lo: <LOOPBACK,UP,LOWER_UP> mtu 65536 qdisc noqueue state UNKNOWN group default\n    link/loopback 00:00:00:00:00:00 brd 00:00:00:00:00:00\n    inet 127.0.0.1/8 scope host lo\n    inet6 ::1/128 scope host\n       valid_lft forever preferred_lft forever\n2: eth0: <BROADCAST,MULTICAST,UP,LOWER_UP> mtu 1500 qdisc pfifo_fast state UP group default qlen 1000\n    link/ether 00:0c:29:12:34:56 brd ff:ff:ff:ff:ff:ff\n    inet 192.168.1.100/24 brd 192.168.1.255 scope global eth0\n    inet6 fe80::20c:29ff:fe12:3456/64 scope link\n       valid_lft forever preferred_lft forever",
  "ifconfig": "eth0      Link encap:Ethernet  HWaddr 00:0c:29:12:34:56\n          inet addr:192.168.1.100  Bcast:192.168.1.255  Mask:255.255.255.0\n          inet6 addr: fe80::20c:29ff:fe12:3456/64 Scope:Link\n          UP BROADCAST RUNNING MULTICAST  MTU:1500  Metric:1\n          RX packets:8 errors:0 dropped:0 overruns:0 frame:0\n          TX packets:8 errors:0 dropped:0 overruns:0 carrier:0\n          collisions:0 txqueuelen:1000\n          RX bytes:640 (640.0 B)  TX bytes:640 (640.0 B)\nlo        Link encap:Local Loopback\n          inet addr:127.0.0.1  Mask:255.0.0.0\n          inet6 addr: ::1/128 Scope:Host\n          UP LOOPBACK RUNNING  MTU:65536  Metric:1\n          RX packets:0 errors:0 dropped:0 overruns:0 frame:0\n          TX packets:0 errors:0 dropped:0 overruns:0 carrier:0\n          collisions:0 txqueuelen:0\n          RX bytes:0 (0.0 B)  TX bytes:0 (0.0 B)",
  "curl www.google.com": null,
  "curl 142.250.203.174": null,
  "traceroute www.google.com": "traceroute to www.google.com (172.217.160.100), 30 hops max, 60 byte packets\n 1  192.168.1.1 (192.168.1.1)  0.567 ms  0.543 ms  0.521 ms\n 2  10.0.0.1 (10.0.0.1)  1.234 ms  1.210 ms  1.187 ms\n 3  100.64.0.1 (100.64.0.1)  2.345 ms  2.321 ms  2.298 ms\n 4  72.14.200.1 (72.14.200.1)  3.456 ms  3.432 ms  3.409 ms\n 5  108.170.240.1 (108.170.240.1)  4.567 ms  4.543 ms  4.520 ms\n 6  216.239.40.1 (216.239.40.1)  5.678 ms  5.654 ms  5.631 ms\n 7  172.217.160.100 (172.217.160.100)  6.789 ms  6.765 ms  6.742 ms",
  "netstat -tulpn": "Active Internet connections (only servers)\nProto Recv-Q Send-Q Local Address           Foreign Address         State       PID/Program name\ntcp        0      0 0.0.0.0:22              0.0.0.0:*               LISTEN      1022/sshd\ntcp6       0      0 :::22                   :::*                    LISTEN      1022/sshd\nudp        0      0 0.0.0.0:68              0.0.0.0:*                           830/dhclient",
  "iptables -L": "Chain INPUT (policy ACCEPT)\ntarget     prot opt source               destination\nChain FORWARD (policy ACCEPT)\ntarget     prot opt source               destination\nChain OUTPUT (policy ACCEPT)\ntarget     prot opt source               destination",
  "cat /etc/resolv.conf": "nameserver 8.8.8.8\nnameserver 8.8.4.4",
  "wget www.google.com": "--2023-10-05 12:34:56--  http://www.google.com/\nResolving www.google.com (www.google.com)... 142.250.190.46, 2607:f8b0:4009:80e::200e\nConnecting to www.google.com (www.google.com)|142.250.190.46|:80... connected.\nHTTP request sent, awaiting response... 200 OK\nLength: unspecified [text/html]\nSaving to: \u2018index.html\u2019\n    [ <=>",
  "wget 142.250.203.174": "--2023-10-05 12:35:12--  http://142.250.203.174/\nConnecting to 142.250.203.174:80... connected.\nHTTP request sent, awaiting response... 200 OK\nLength: unspecified [text/html]\nSaving to: \u2018index.html.1\u2019\n    [ <=>",
  "traceroute 142.250.203.174": "traceroute to 142.250.203.174 (142.250.203.174), 30 hops max, 60 byte packets\n 1  192.168.1.1 (192.168.1.1)  0.256 ms  0.213 ms  0.198 ms\n 2  10.0.0.1 (10.0.0.1)  1.256 ms  1.213 ms  1.198 ms\n 3  100.100.100.100 (100.100.100.100)  2.256 ms  2.213 ms  2.198 ms\n 4  * * *\n 5  * * *\n 6  * * *\n 7  * * *\n 8  * * *\n 9  * * *\n10  * * *\n11  * * *\n12  * * *\n13  * * *\n14  * * *\n15  * * *\n16  * * *\n17  * * *\n18  * * *\n19  * * *\n20  * * *\n21  * * *\n22  * * *\n23  * * *\n24  * * *\n25  * * *\n26  * * *\n27  * * *\n28  * * *\n29  * * *\n30  * * *",
  "iptables -t nat -L": "Chain PREROUTING (policy ACCEPT)\ntarget     prot opt source               destination\nChain INPUT (policy ACCEPT)\ntarget     prot opt source               destination\nChain OUTPUT (policy ACCEPT)\ntarget     prot opt source               destination\nChain POSTROUTING (policy ACCEPT)\ntarget     prot opt source               destination",
  "iptables -A INPUT -m conntrack --ctstate ESTABLISHED RELATED -j ACCEPT && iptables -L INPUT": "Chain INPUT (policy ACCEPT)\ntarget     prot opt source               destination\nACCEPT     all  --  anywhere             anywhere             ctstate RELATED,ESTABLISHED",
  "iptables -A INPUT -s 245.21.189.17 -j DROP && iptables -L INPUT": "Chain INPUT (policy ACCEPT)\ntarget     prot opt source               destination\nACCEPT     all  --  anywhere             anywhere             ctstate RELATED,ESTABLISHED\nDROP       all  --  245.21.189.17        anywhere",
  "iptables -A OUTPUT -p tcp --sport 22 -m conntrack --ctstate ESTABLISHED -j ACCEPT && iptables -L OUTPUT": "Chain OUTPUT (policy ACCEPT)\ntarget     prot opt source               destination\nACCEPT     tcp  --  anywhere             anywhere             tcp spt:ssh ctstate ESTABLISHED",
  "netstat": "Active Internet connections (w/o servers)\nProto Recv-Q Send-Q Local Address           Foreign Address         State\nActive UNIX domain sockets (w/o servers)\nProto RefCnt Flags       Type       State         I-Node   Path",
  "whois 142.250.203.174": null,
  "wget www.google.com && ls -la": "--2023-10-05 12:36:45--  http://www.google.com/\nResolving www.google.com (www.google.com)... 142.250.190.46, 2607:f8b0:4009:80e::200e\nConnecting to www.google.com (www.google.com)|142.250.190.46|:80... connected.\nHTTP request sent, awaiting response... 200 OK\nLength: unspecified [text/html]\nSaving to: \u2018index.html.2\u2019\n    [ <=>",
  "ip route": "default via 192.168.1.1 dev eth0\n192.168.1.0/24 dev eth0  proto kernel  scope link  src 192.168.1.100",
  "ip link": "1: lo: <LOOPBACK,UP,LOWER_UP> mtu 65536 qdisc noqueue state UNKNOWN mode DEFAULT\n    link/loopback 00:00:00:00:00:00 brd 00:00:00:00:00:00\n2: eth0: <BROADCAST,MULTICAST,UP,LOWER_UP> mtu 1500 qdisc pfifo_fast state UP mode DEFAULT qlen 1000\n    link/ether 00:0c:29:12:34:56 brd ff:ff:ff:ff:ff:ff",
  "ip maddr": "1:      lo\n        link  00:00:00:00:00:00\n        inet  127.0.0.1\n        inet6 ::1\n2:      eth0\n        link  01:00:5e:00:00:01\n        link  33:33:00:00:00:01\n        link  01:00:5e:00:00:fb\n        link  33:33:ff:12:34:56\n        inet  224.0.0.1\n        inet  224.0.0.251\n        inet6 ff02::1\n        inet6 ff01::1\n        inet6 ff02::fb\n        inet6 ff02::1:ff12:3456",
  "busybox wget": "BusyBox v1.20.2 (Debian 1:1.20.0-7) multi-call binary.\nUsage: wget [-c|--continue] [-s|--spider] [-q|--quiet] [-O|--output-document FILE]\n\t[--header 'header: value'] [-Y|--proxy on/off] [-P DIR]\n\t[-U|--user-agent AGENT] [-T SEC] URL...\nRetrieve files via HTTP or FTP\nOptions:\n\t-s\tSpider mode - only check file existence\n\t-c\tContinue retrieval of aborted transfer\n\t-q\tQuiet\n\t-P\tSet directory prefix to DIR\n\t-T\tTimeout in seconds\n\t-O\tSave to FILE ('-' for stdout)\n\t-U\tUser agent string\n\t-Y\tUse proxy ('on' or 'off')",
  "busybox wget http://142.250.203.174": "Connecting to 142.250.203.174 (142.250.203.174:80)\nsaving to 'index.html'\nindex.html           100% |*******************************|  14905  0:00:00 ETA\n'index.html' saved",
  "uname -a": "Linux svr01 3.2.0-4-amd64 #1 SMP Debian 3.2.68-1+deb7u1 x86_64 GNU/Linux",
  "cat /proc/cpuinfo": "processor\t: 0\nvendor_id\t: GenuineIntel\ncpu family\t: 6\nmodel\t\t: 63\nmodel name\t: Intel(R) Xeon(R) CPU E5-2690 v3 @ 2.60GHz\nstepping\t: 2\nmicrocode\t: 0x1\ncpu MHz\t\t: 2599.998\ncache size\t: 30720 KB\nphysical id\t: 0\nsiblings\t: 1\ncore id\t\t: 0\ncpu cores\t: 1\napicid\t\t: 0\ninitial apicid\t: 0\nfpu\t\t: yes\nfpu_exception\t: yes\ncpuid level\t: 13\nwp\t\t: yes\nflags\t\t: fpu vme de pse tsc msr pae mce cx8 apic sep mtrr pge mca cmov pat pse36 clflush mmx fxsr sse sse2 ss ht syscall nx pdpe1gb rdtscp lm constant_tsc rep_good nopl xtopology nonstop_tsc cpuid pni pclmulqdq ssse3 fma cx16 pcid sse4_1 sse4_2 x2apic movbe popcnt tsc_deadline_timer aes xsave avx f16c rdrand hypervisor lahf_lm abm cpuid_fault invpcid_single pti ssbd ibrs ibpb stibp tpr_shadow vnmi flexpriority ept vpid fsgsbase tsc_adjust bmi1 hle avx2 smep bmi2 erms invpcid rtm rdseed adx smap xsaveopt arat\nbogomips\t: 5199.99\nclflush size\t: 64\ncache_alignment\t: 64\naddress sizes\t: 46 bits physical, 48 bits virtual\npower management:",
  "cat /proc/meminfo": "MemTotal:        2048000 kB\nMemFree:         1700000 kB\nBuffers:           50000 kB\nCached:           200000 kB\nSwapCached:            0 kB\nActive:           150000 kB\nInactive:          80000 kB\nActive(anon):      50000 kB\nInactive(anon):    10000 kB\nActive(file):     100000 kB\nInactive(file):    70000 kB\nUnevictable:           0 kB\nMlocked:               0 kB\nSwapTotal:             0 kB\nSwapFree:              0 kB\nDirty:                12 kB\nWriteback:             0 kB\nAnonPages:         50000 kB\nMapped:            20000 kB\nShmem:              5000 kB\nSlab:              30000 kB\nSReclaimable:      20000 kB\nSUnreclaim:        10000 kB\nKernelStack:        2000 kB\nPageTables:         2000 kB\nNFS_Unstable:          0 kB\nBounce:                0 kB\nWritebackTmp:          0 kB\nCommitLimit:     1024000 kB\nCommitted_AS:     200000 kB\nVmallocTotal:   34359738367 kB\nVmallocUsed:       10000 kB\nVmallocChunk:   34359720000 kB\nHardwareCorrupted:     0 kB\nAnonHugePages:     20000 kB\nHugePages_Total:       0\nHugePages_Free:        0\nHugePages_Rsvd:        0\nHugePages_Surp:        0\nHugepagesize:       2048 kB\nDirectMap4k:       65536 kB\nDirectMap2M:     2097152 kB",
  "busybox": "BusyBox v1.20.2 (Debian 1:1.20.0-7) multi-call binary.\nBusyBox is copyrighted by many authors between 1998-2011.\nLicensed under GPLv2. See source distribution for detailed\ncopyright notices.\nUsage: busybox [function [arguments]...]\n   or: busybox --list[-full]\n   or: busybox --install [-s] [DIR]\n   or: function [arguments]...\n\tBusyBox is a multi-call binary that combines many common Unix\n\tutilities into a single executable.  Most people will create a\n\tlink to busybox for each function they wish to use and BusyBox\n\twill act like whatever it was invoked as.\nCurrently defined functions:\n\t[, [[, ar, ash, awk, base64, basename, bunzip2, bzcat, cat, chgrp, chmod, chown, chroot, chvt, clear, cmp, cp, cpio, cut, date, dd, df, diff, dirname, dmesg, du, echo, egrep, env, expr, false, fgrep, find, flock, free, fsync, ftpd, ftpget, ftpput, getopt, grep, gunzip, gzip, halt, head, hexdump, hostname, httpd, hwclock, id, ifconfig, init, insmod, ionice, kill, killall, klogd, less, ln, logger, login, ls, lsmod, lzcat, lzma, lzop, lzopcat, md5sum, mkdir, mkfifo, mknod, mktemp, modprobe, more, mount, mv, netstat, nice, nohup, nslookup, od, patch, pgrep, pidof, ping, ping6, pivot_root, pkill, poweroff, printf, ps, pscan, pwd, rdev, readlink, realpath, reboot, renice, reset, rm, rmdir, rmmod, route, rpm, rpm2cpio, run-parts, sed, seq, setconsole, setserial, sh, sha1sum, sha256sum, sha512sum, sleep, sort, start-stop-daemon, stat, strings, stty, su, sulogin, swapoff, swapon, sync, syslogd, tail, tar, taskset, tee, telnet, telnetd, test, tftp, tftpd, time, top, touch, tr, true, tty, udhcpc, udhcpd, umount, uname, uniq, unix2dos, unzip, uptime, usleep, vi, watch, wc, wget, which, whoami, xargs, yes, zcat",
  "apt-get -y --force-yes install nmap": "Reading package lists... Done\nBuilding dependency tree\nReading state information... Done\nThe following extra packages will be installed:\n  liblinear1 libpcap0.8 libpcap0.8-dev libssl1.0.0 ndiff nmap-common zenmap\nSuggested packages:\n  liblinear-tools liblinear-dev ncat openvas\nThe following NEW packages will be installed:\n  liblinear1 libpcap0.8 libpcap0.8-dev libssl1.0.0 ndiff nmap nmap-common zenmap\n0 upgraded, 8 newly installed, 0 to remove and 0 not upgraded.\nNeed to get 8,123 kB of archives.\nAfter this operation, 24.6 MB of additional disk space will be used.\nGet:1 http://ftp.debian.org/debian/ wheezy/main liblinear1 amd64 1.8+dfsg-1 [100 kB]\nGet:2 http://ftp.debian.org/debian/ wheezy/main libpcap0.8 amd64 1.3.0-1 [100 kB]\nGet:3 http://ftp.debian.org/debian/ wheezy/main libpcap0.8-dev amd64 1.3.0-1 [200 kB]\nGet:4 http://ftp.debian.org/debian/ wheezy/main libssl1.0.0 amd64 1.0.1e-2+deb7u20 [1,000 kB]\nGet:5 http://ftp.debian.org/debian/ wheezy/main nmap-common all 6.00-0.2 [100 kB]\nGet:6 http://ftp.debian.org/debian/ wheezy/main ndiff all 6.00-0.2 [100 kB]\nGet:7 http://ftp.debian.org/debian/ wheezy/main nmap amd64 6.00-0.2 [5,500 kB]\nGet:8 http://ftp.debian.org/debian/ wheezy/main zenmap amd64 6.00-0.2 [1,000 kB]\nFetched 8,123 kB in 2s (3,500 kB/s)\nSelecting previously unselected package liblinear1.\n(Reading database ... 30000 files and directories currently installed.)\nUnpacking liblinear1 (from .../liblinear1_1.8+dfsg-1_amd64.deb) ...\nSelecting previously unselected package libpcap0.8.\nUnpacking libpcap0.8 (from .../libpcap0.8_1.3.0-1_amd64.deb) ...\nSelecting previously unselected package libpcap0.8-dev.\nUnpacking libpcap0.8-dev (from .../libpcap0.8-dev_1.3.0-1_amd64.deb) ...\nSelecting previously unselected package libssl1.0.0.\nUnpacking libssl1.0.0 (from .../libssl1.0.0_1.0.1e-2+deb7u20_amd64.deb) ...\nSelecting previously unselected package nmap-common.\nUnpacking nmap-common (from .../nmap-common_6.00-0.2_all.deb) ...\nSelecting previously unselected package ndiff.\nUnpacking ndiff (from .../ndiff_6.00-0.2_all.deb) ...\nSelecting previously unselected package nmap.\nUnpacking nmap (from .../nmap_6.00-0.2_amd64.deb) ...\nSelecting previously unselected package zenmap.\nUnpacking zenmap (from .../zenmap_6.00-0.2_amd64.deb) ...\nProcessing triggers for man-db ...\nSetting up liblinear1 (1.8+dfsg-1) ...\nSetting up libpcap0.8 (1.3.0-1) ...\nSetting up libpcap0.8-dev (1.3.0-1) ...\nSetting up libssl1.0.0 (1.0.1e-2+deb7u20) ...\nSetting up nmap-common (6.00-0.2) ...\nSetting up ndiff (6.00-0.2) ...\nSetting up nmap (6.00-0.2) ...\nSetting up zenmap (6.00-0.2) ...\nProcessing triggers for libc-bin ...\nldconfig deferred processing now taking place.",
  "apt-get -y --force-yes install telnetd": "Reading package lists... Done\nBuilding dependency tree\nReading state information... Done\nThe following extra packages will be installed:\n  openbsd-inetd telnet\nSuggested packages:\n  rsh-client rsh-redone-client\nThe following NEW packages will be installed:\n  openbsd-inetd telnet telnetd\n0 upgraded, 3 newly installed, 0 to remove and 0 not upgraded.\nNeed to get 300 kB of archives.\nAfter this operation, 800 kB of additional disk space will be used.\nGet:1 http://ftp.debian.org/debian/ wheezy/main openbsd-inetd amd64 0.20081215-12 [100 kB]\nGet:2 http://ftp.debian.org/debian/ wheezy/main telnet amd64 0.17-36 [200 kB]\nGet:3 http://ftp.debian.org/debian/ wheezy/main telnetd amd64 0.17-36 [100 kB]\nFetched 300 kB in 1s (200 kB/s)\nSelecting previously unselected package openbsd-inetd.\n(Reading database ... 30000 files and directories currently installed.)\nUnpacking openbsd-inetd (from .../openbsd-inetd_0.20081215-12_amd64.deb) ...\nSelecting previously unselected package telnet.\nUnpacking telnet (from .../telnet_0.17-36_amd64.deb) ...\nSelecting previously unselected package telnetd.\nUnpacking telnetd (from .../telnetd_0.17-36_amd64.deb) ...\nProcessing triggers for man-db ...\nSetting up openbsd-inetd (0.20081215-12) ...\nSetting up telnet (0.17-36) ...\nSetting up telnetd (0.17-36) ...\nupdate-rc.d: using dependency based boot sequencing\nProcessing triggers for libc-bin ...\nldconfig deferred processing now taking place.",
  "w": "w: command not found",
  "lscpu": "Architecture:          x86_64\nCPU op-mode(s):        32-bit, 64-bit\nByte Order:            Little Endian\nCPU(s):                1\nOn-line CPU(s) list:   0\nThread(s) per core:    1\nCore(s) per socket:    1\nSocket(s):             1\nNUMA node(s):          1\nVendor ID:             GenuineIntel\nCPU family:            6\nModel:                 63\nStepping:              2\nCPU MHz:               2599.998\nBogoMIPS:              5199.99\nVirtualization:        VT-x\nL1d cache:             32K\nL1i cache:             32K\nL2 cache:              256K\nL3 cache:              30720K\nNUMA node0 CPU(s):     0",
  "lsblk": "NAME   MAJ:MIN RM  SIZE RO TYPE MOUNTPOINT\nsda      8:0    0   20G  0 disk\n\u251c\u2500sda1   8:1    0  512M  0 part /boot\n\u2514\u2500sda2   8:2    0 19.5G  0 part /\nsr0     11:0    1 1024M  0 rom",
  "fdisk -l": "Disk /dev/sda: 21.5 GB, 21474836480 bytes\n255 heads, 63 sectors/track, 2610 cylinders, total 41943040 sectors\nUnits = sectors of 1 * 512 = 512 bytes\nSector size (logical/physical): 512 bytes / 512 bytes\nI/O size (minimum/optimal): 512 bytes / 512 bytes\nDisk identifier: 0x00000000\n   Device Boot      Start         End      Blocks   Id  System\n/dev/sda1   *        2048    41943039    20970496   83  Linux",
  "dd if=/dev/zero of=/opt/swap bs=1024 count=524288": "524288+0 records in\n524288+0 records out\n536870912 bytes (537 MB) copied, 1.23456 s, 435 MB/s",
  "service --status-all": "[ + ]  acpid\n [ - ]  alsa-utils\n [ - ]  anacron\n [ - ]  apache2\n [ - ]  atd\n [ - ]  avahi-daemon\n [ - ]  bind9\n [ - ]  binfmt-support\n [ - ]  bluetooth\n [ - ]  bootlogs\n [ - ]  bootmisc.sh\n [ - ]  console-setup\n [ - ]  cron\n [ - ]  cups\n [ - ]  cups-browsed\n [ - ]  dbus\n [ - ]  dns-clean\n [ - ]  exim4\n [ - ]  fake-hwclock\n [ - ]  friendly-recovery\n [ - ]  grub-common\n [ - ]  hostname.sh\n [ - ]  hwclock.sh\n [ - ]  irqbalance\n [ - ]  kerneloops\n [ - ]  killprocs\n [ - ]  kmod\n [ - ]  lightdm\n [ - ]  lm-sensors\n [ - ]  lvm2\n [ - ]  lvm2-lvmetad\n [ - ]  lvm2-lvmpolld\n [ - ]  lxc\n [ - ]  lxcfs\n [ - ]  lxd\n [ - ]  mdadm\n [ - ]  mdadm-waitidle\n [ - ]  module-init-tools\n [ - ]  motd\n [ - ]  mysql\n [ - ]  networking\n [ - ]  nfs-common\n [ - ]  ntp\n [ - ]  openbsd-inetd\n [ - ]  openvpn\n [ - ]  plymout\n [ - ]  plymouth\n [ - ]  plymouth-log\n [ - ]  postfix\n [ - ]  postgresql\n [ - ]  procps\n [ - ]  rsync\n [ - ]  rsyslog\n [ - ]  saned\n [ - ]  samba-ad-dc\n [ - ]  saslauthd\n [ - ]  screen-cleanup\n [ - ]  sendsigs\n [ - ]  single\n [ - ]  skeleton\n [ - ]  ssh\n [ - ]  sudo\n [ - ]  udev\n [ - ]  udev-finish\n [ - ]  udev-log\n [ - ]  udevmon\n [ - ]  umountfs\n [ - ]  umountnfs.sh\n [ - ]  umountroot\n [ - ]  urandom\n [ - ]  x11-common",
  "env": "PING www.google.com (142.250.203.174) 56(84) bytes of data.\n64 bytes from fra24s01-in-f14.1e100.net (142.250.203.174): icmp_req=1 ttl=117 time=12.3 ms\n64 bytes from fra24s01-in-f14.1e100.net (142.250.203.174): icmp_req=2 ttl=117 time=12.5 ms\n64 bytes from fra24s01-in-f14.1e100.net (142.250.203.174): icmp_req=3 ttl=117 time=12.4 ms\n64 bytes from fra24s01-in-f14.1e100.net (142.250.203.174): icmp_req=4 ttl=117 time=12.6 ms\n--- www.google.com ping statistics ---\n4 packets transmitted, 4 received, 0% packet loss, time 3004ms\nrtt min/avg/max/mdev = 12.338/12.498/12.689/0.156 ms\nPING 142.250.203.174 (142.250.203.174) 56(84) bytes of data.\n64 bytes from 142.250.203.174: icmp_req=1 ttl=117 time=12.3 ms\n64 bytes from 142.250.203.174: icmp_req=2 ttl=117 time=12.4 ms\n64 bytes from 142.250.203.174: icmp_req=3 ttl=117 time=12.5 ms\n64 bytes from 142.250.203.174: icmp_req=4 ttl=117 time=12.6 ms\n--- 142.250.203.174 ping statistics ---\n4 packets transmitted, 4 received, 0% packet loss, time 3003ms\nrtt min/avg/max/mdev = 12.389/12.492/12.678/0.123 ms\n1: lo: <LOOPBACK,UP,LOWER_UP> mtu 65536 qdisc noqueue state UNKNOWN group default\n    link/loopback 00:00:00:00:00:00 brd 00:00:00:00:00:00\n    inet 127.0.0.1/8 scope host lo\n       valid_lft forever preferred_lft forever\n    inet6 ::1/128 scope host\n       valid_lft forever preferred_lft forever\n2: eth0: <BROADCAST,MULTICAST,UP,LOWER_UP> mtu 1500 qdisc pfifo_fast state UP group default qlen 1000\n    link/ether 00:0c:29:12:34:56 brd ff:ff:ff:ff:ff:ff\n    inet 192.168.1.100/24 brd 192.168.1.255 scope global eth0\n       valid_lft forever preferred_lft forever\n    inet6 fe80::20c:29ff:fe12:3456/64 scope link\n       valid_lft forever preferred_lft forever\neth0      Link encap:Ethernet  HWaddr 00:0c:29:12:34:56\n          inet addr:192.168.1.100  Bcast:192.168.1.255  Mask:255.255.255.0\n          inet6 addr: fe80::20c:29ff:fe12:3456/64 Scope:Link\n          UP BROADCAST RUNNING MULTICAST  MTU:1500  Metric:1\n          RX packets:8 errors:0 dropped:0 overruns:0 frame:0\n          TX packets:12 errors:0 dropped:0 overruns:0 carrier:0\n          collisions:0 txqueuelen:1000\n          RX bytes:648 (648.0 B)  TX bytes:984 (984.0 B)\nlo        Link encap:Local Loopback\n          inet addr:127.0.0.1  Mask:255.0.0.0\n          inet6 addr: ::1/128 Scope:Host\n          UP LOOPBACK RUNNING  MTU:65536  Metric:1\n          RX packets:0 errors:0 dropped:0 overruns:0 frame:0\n          TX packets:0 errors:0 dropped:0 overruns:0 carrier:0\n          collisions:0 txqueuelen:1\n          RX bytes:0 (0.0 B)  TX bytes:0 (0.0 B)\ntraceroute to www.google.com (142.250.203.174), 30 hops max, 60 byte packets\n 1  192.168.1.1 (192.168.1.1)  0.256 ms  0.243 ms  0.231 ms\n 2  10.0.0.1 (10.0.0.1)  1.234 ms  1.210 ms  1.198 ms\n 3  100.64.0.1 (100.64.0.1)  2.345 ms  2.321 ms  2.309 ms\n 4  142.250.203.174 (142.250.203.174)  12.345 ms  12.321 ms  12.309 ms\nActive Internet connections (only servers)\nProto Recv-Q Send-Q Local Address           Foreign Address         State       PID/Program name\ntcp        0      0 0.0.0.0:22              0.0.0.0:*               LISTEN      1234/sshd\nudp        0      0 0.0.0.0:68              0.0.0.0:*                           1235/dhclient\nChain INPUT (policy ACCEPT)\ntarget     prot opt source               destination\nChain FORWARD (policy ACCEPT)\ntarget     prot opt source               destination\nChain OUTPUT (policy ACCEPT)\ntarget     prot opt source               destination\nnameserver 8.8.8.8\nnameserver 8.8.4.4\n--2023-10-04 12:34:56--  http://www.google.com/\nResolving www.google.com (www.google.com)... 142.250.203.174\nConnecting to www.google.com (www.google.com)|142.250.203.174|:80... connected.\nHTTP request sent, awaiting response... 200 OK\nLength: unspecified [text/html]\nSaving to: \u2018index.html\u2019\n    [ <=>                                                                                                                                 ] 11,299      --.-K/s   in 0.002s\n2023-10-04 12:34:56 (5.64 MB/s) - \u2018index.html\u2019 saved [11299]\n--2023-10-04 12:35:00--  http://142.250.203.174/\nConnecting to 142.250.203.174:80... connected.\nHTTP request sent, awaiting response... 200 OK\nLength: unspecified [text/html]\nSaving to: \u2018index.html.1\u2019\n    [ <=>                                                                                                                                 ] 11,299      --.-K/s   in 0.002s\n2023-10-04 12:35:00 (5.64 MB/s) - \u2018index.html.1\u2019 saved [11299]\ntraceroute to 142.250.203.174 (142.250.203.174), 30 hops max, 60 byte packets\n 1  192.168.1.1 (192.168.1.1)  0.256 ms  0.243 ms  0.231 ms\n 2  10.0.0.1 (10.0.0.1)  1.234 ms  1.210 ms  1.198 ms\n 3  100.64.0.1 (100.64.0.1)  2.345 ms  2.321 ms  2.309 ms\n 4  142.250.203.174 (142.250.203.174)  12.345 ms  12.321 ms  12.309 ms\nChain PREROUTING (policy ACCEPT)\ntarget     prot opt source               destination\nChain INPUT (policy ACCEPT)\ntarget     prot opt source               destination\nChain OUTPUT (policy ACCEPT)\ntarget     prot opt source               destination\nChain POSTROUTING (policy ACCEPT)\ntarget     prot opt source               destination\nChain INPUT (policy ACCEPT)\ntarget     prot opt source               destination\nACCEPT     all  --  anywhere             anywhere             ctstate RELATED,ESTABLISHED\nChain FORWARD (policy ACCEPT)\ntarget     prot opt source               destination\nChain OUTPUT (policy ACCEPT)\ntarget     prot opt source               destination\nChain INPUT (policy ACCEPT)\ntarget     prot opt source               destination\nACCEPT     all  --  anywhere             anywhere             ctstate RELATED,ESTABLISHED\nDROP       all  --  245.21.189.17        anywhere\nChain FORWARD (policy ACCEPT)\ntarget     prot opt source               destination\nChain OUTPUT (policy ACCEPT)\ntarget     prot opt source               destination\nChain OUTPUT (policy ACCEPT)\ntarget     prot opt source               destination\nACCEPT     tcp  --  anywhere             anywhere             tcp spt:ssh ctstate ESTABLISHED\nChain FORWARD (policy ACCEPT)\ntarget     prot opt source               destination\nChain INPUT (policy ACCEPT)\ntarget     prot opt source               destination\nActive Internet connections (w/o servers)\nProto Recv-Q Send-Q Local Address           Foreign Address         State\ntcp        0      0 svr01:ssh              192.168.1.1:12345       ESTABLISHED\nActive UNIX domain sockets (w/o servers)\nProto RefCnt Flags       Type       State         I-Node   Path\nunix  2      [ ]         DGRAM                    1234     /dev/log\nunix  3      [ ]         STREAM     CONNECTED     1235\nunix  3      [ ]         STREAM     CONNECTED     1236\n--2023-10-04 12:35:04--  http://www.google.com/\nResolving www.google.com (www.google.com)... 142.250.203.174\nConnecting to www.google.com (www.google.com)|142.250.203.174|:80... connected.\nHTTP request sent, awaiting response... 200 OK\nLength: unspecified [text/html]\nSaving to: \u2018index.html\u2019\n    [ <=>                                                                                                                                 ] 11,299      --.-K/s   in 0.002s\n2023-10-04 12:35:04 (5.64 MB/s) - \u2018index.html\u2019 saved [11299]\ntotal 24\ndrwx------  2 root root 4096 Oct  4 12:35 .\ndrwxr-xr-x 23 root root 4096 Oct  4 12:34 ..\n-rw-------  1 root root 11299 Oct  4 12:35 index.html\ndefault via 192.168.1.1 dev eth0\n192.168.1.0/24 dev eth0  proto kernel  scope link  src 192.168.1.100\n1: lo: <LOOPBACK,UP,LOWER_UP> mtu 65536 qdisc noqueue state UNKNOWN mode DEFAULT group default\n    link/loopback 00:00:00:00:00:00 brd 00:00:00:00:00:00\n2: eth0: <BROADCAST,MULTICAST,UP,LOWER_UP> mtu 1500 qdisc pfifo_fast state UP mode DEFAULT group default qlen 1000\n    link/ether 00:0c:29:12:34:56 brd ff:ff:ff:ff:ff:ff\n1: lo\n    inet 127.0.0.1\n    inet6 ::1\n2: eth0\n    link 00:0c:29:12:34:56\n    inet 192.168.1.100\n    inet6 fe80::20c:29ff:fe12:3456\nLinux svr01 3.2.0-4-amd64 #1 SMP Debian 3.2.68-1+deb7u1 x86_64 GNU/Linux\nprocessor\t: 0\nvendor_id\t: GenuineIntel\ncpu family\t: 6\nmodel\t\t: 63\nmodel name\t: Intel(R) Xeon(R) CPU E5-2690 v3 @ 2.60GHz\nstepping\t: 2\nmicrocode\t: 0x1\ncpu MHz\t\t: 2599.998\ncache size\t: 30720 KB\nphysical id\t: 0\nsiblings\t: 1\ncore id\t\t: 0\ncpu cores\t: 1\napicid\t\t: 0\ninitial apicid\t: 0\nfpu\t\t: yes\nfpu_exception\t: yes\ncpuid level\t: 13\nwp\t\t: yes\nflags\t\t: fpu vme de pse tsc msr pae mce cx8 apic sep mtrr pge mca cmov pat pse36 clflush mmx fxsr sse sse2 ht syscall nx mmxext fxsr_opt pdpe1gb rdtscp lm constant_tsc rep_good nopl nonstop_tsc extd_apicid aperfmperf pni pclmulqdq monitor ssse3 cx16 sse4_1 sse4_2 popcnt aes xsave avx f16c rdrand hypervisor lahf_lm ida arat epb pln pts dtherm tpr_shadow vnmi flexpriority ept vpid fsgsbase smep erms\nbogomips\t: 5199.99\nclflush size\t: 64\ncache_alignment\t: 64\naddress sizes\t: 46 bits physical, 48 bits virtual\npower management:\nMemTotal:        2048000 kB\nMemFree:         1800000 kB\nBuffers:           50000 kB\nCached:           100000 kB\nSwapCached:            0 kB\nActive:            50000 kB\nInactive:          50000 kB\nActive(anon):      10000 kB\nInactive(anon):    10000 kB\nActive(file):      40000 kB\nInactive(file):    40000 kB\nUnevictable:           0 kB\nMlocked:               0 kB\nSwapTotal:             0 kB\nSwapFree:              0 kB\nDirty:                 0 kB\nWriteback:             0 kB\nAnonPages:         10000 kB\nMapped:            10000 kB\nShmem:              1000 kB\nSlab:              20000 kB\nSReclaimable:      10000 kB\nSUnreclaim:        10000 kB\nKernelStack:        1000 kB\nPageTables:         1000 kB\nNFS_Unstable:          0 kB\nBounce:                0 kB\nWritebackTmp:          0 kB\nCommitLimit:     1024000 kB\nCommitted_AS:      50000 kB\nVmallocTotal:   34359738367 kB\nVmallocUsed:        5000 kB\nVmallocChunk:   34359730000 kB\nHardwareCorrupted:     0 kB\nAnonHugePages:         0 kB\nHugePages_Total:       0\nHugePages_Free:        0\nHugePages_Rsvd:        0\nHugePages_Surp:        0\nHugepagesize:       2048 kB\nDirectMap4k:        8192 kB\nDirectMap2M:     2097152 kB\nBusyBox v1.20.0 (Debian 1:1.20.0-7) multi-call binary.\nUsage: busybox [function [arguments]...]\n   or: busybox --list[-full]\n   or: busybox --install [-s] [DIR]\n   or: function [arguments]...\n\tBusyBox is a multi-call binary that combines many common Unix\n\tutilities into a single executable.  Most people will create a\n\tlink to busybox for each function they wish to use and BusyBox\n\twill act like whatever it was invoked as.\nCurrently defined functions:\n\t[, [[, ar, ash, awk, basename, bunzip2, bzcat, cat, chmod, chown, chroot, clear, cmp, cp, cut, date, dd, df, dirname, dmesg, du, echo, egrep, env, expr, false, fgrep, find, grep, gunzip, gzip, halt, head, id, ifconfig, init, insmod, kill, killall, klogd, ln, login, ls, lsmod, md5sum, mkdir, mknod, mktemp, more, mount, mv, netstat, nice, pid, ping, poweroff, printf, ps, pwd, reboot, rm, rmdir, rmmod, route, sed, sh, sleep, sort, stat, stty, sync, syslogd, tail, tar, test, time, top, touch, true, umount, uname, unzip, uptime, vi, watch, wc, wget, which, whoami, xargs, yes, zcat\n--2023-10-04 12:35:10--  http://142.250.203.174/\nConnecting to 142.250.203.174:80... connected.\nHTTP request sent, awaiting response... 200 OK\nLength: unspecified [text/html]\nSaving to: \u2018index.html\u2019\n    [ <=>                                                                                                                                 ] 11,299      --.-K/s   in 0.002s\n2023-10-04 12:35:10 (5.64 MB/s) - \u2018index.html\u2019 saved [11299]\n[+] Directory /opt created\n[+] Directory /opt/swap created\n524288+0 records in\n524288+0 records out\n536870912 bytes (537 MB) copied, 2.12345 s, 253 MB/s\n [ + ]  acpid\n [ - ]  alsa-utils\n [ - ]  anacron\n [ + ]  apache2\n [ - ]  atd\n [ - ]  avahi-daemon\n [ - ]  binfmt-support\n [ - ]  bluetooth\n [ - ]  bootlogs\n [ - ]  bootmisc.sh\n [ - ]  checkfs.sh\n [ - ]  checkroot-bootclean.sh\n [ - ]  checkroot.sh\n [ - ]  console-setup\n [ - ]  cron\n [ - ]  dbus\n [ - ]  dns-clean\n [ - ]  exim4\n [ - ]  fake-hwclock\n [ - ]  friendly-recovery\n [ - ]  grub-common\n [ - ]  hostname.sh\n [ - ]  hwclock.sh\n [ - ]  irqbalance\n [ - ]  killprocs\n [ - ]  kmod\n [ - ]  mountall-bootclean.sh\n [ - ]  mountall.sh\n [ - ]  mountdevsubfs.sh\n [ - ]  mountkernfs.sh\n [ - ]  mountnfs-bootclean.sh\n [ - ]  mountnfs.sh\n [ - ]  mtab.sh\n [ - ]  network-interface\n [ - ]  network-interface-container\n [ - ]  network-interface-security\n [ - ]  networking\n [ - ]  nfs-common\n [ - ]  ondemand\n [ - ]  plymouth\n [ - ]  plymouth-log\n [ - ]  pppd-dns\n [ - ]  procps\n [ - ]  rc.local\n [ - ]  rsync\n [ - ]  rsyslog\n [ - ]  sendsigs\n [ - ]  single\n [ - ]  ssh\n [ - ]  sudo\n [ - ]  udev\n [ - ]  udev-finish\n [ - ]  udevmonitor\n [ - ]  umountfs\n [ - ]  umountnfs.sh\n [ - ]  umountroot\n [ - ]  urandom\n [ - ]  x11-common\nHOSTNAME=svr01\nTERM=xterm\nSHELL=/bin/bash\nHISTSIZE=1000\nSSH_CLIENT=192.168.1.1 12345 22\nSSH_CONNECTION=192.168.1.1 12345 192.168.1.100 22\nSSH_TTY=/dev/pts/0\nUSER=root\nMAIL=/var/mail/root\nPATH=/usr/local/sbin:/usr/local/bin:/usr/sbin:/usr/bin:/sbin:/bin\nPWD=/root\nLANG=en_US.UTF-8\nSHLVL=1\nHOME=/root\nLOGNAME=root\n_=/usr/bin/env",
  "dmesg": "PING www.google.com (142.250.203.174) 56(84) bytes of data.\n64 bytes from fra24s01-in-f14.1e100.net (142.250.203.174): icmp_req=1 ttl=117 time=12.3 ms\n64 bytes from fra24s01-in-f14.1e100.net (142.250.203.174): icmp_req=2 ttl=117 time=12.5 ms\n64 bytes from fra24s01-in-f14.1e100.net (142.250.203.174): icmp_req=3 ttl=117 time=12.4 ms\n64 bytes from fra24s01-in-f14.1e100.net (142.250.203.174): icmp_req=4 ttl=117 time=12.6 ms\n--- www.google.com ping statistics ---\n4 packets transmitted, 4 received, 0% packet loss, time 3005ms\nrtt min/avg/max/mdev = 12.338/12.498/12.687/0.156 ms\nPING 142.250.203.174 (142.250.203.174) 56(84) bytes of data.\n64 bytes from 142.250.203.174: icmp_req=1 ttl=117 time=12.3 ms\n64 bytes from 142.250.203.174: icmp_req=2 ttl=117 time=12.4 ms\n64 bytes from 142.250.203.174: icmp_req=3 ttl=117 time=12.5 ms\n64 bytes from 142.250.203.174: icmp_req=4 ttl=117 time=12.6 ms\n--- 142.250.203.174 ping statistics ---\n4 packets transmitted, 4 received, 0% packet loss, time 3004ms\nrtt min/avg/max/mdev = 12.356/12.498/12.687/0.156 ms\n1: lo: <LOOPBACK,UP,LOWER_UP> mtu 65536 qdisc noqueue state UNKNOWN group default\n    link/loopback 00:00:00:00:00:00 brd 00:00:00:00:00:00\n    inet 127.0.0.1/8 scope host lo\n       valid_lft forever preferred_lft forever\n    inet6 ::1/128 scope host\n       valid_lft forever preferred_lft forever\n2: eth0: <BROADCAST,MULTICAST,UP,LOWER_UP> mtu 1500 qdisc pfifo_fast state UP group default qlen 1000\n    link/ether 00:0c:29:12:34:56 brd ff:ff:ff:ff:ff:ff\n    inet 192.168.1.100/24 brd 192.168.1.255 scope global eth0\n       valid_lft forever preferred_lft forever\n    inet6 fe80::20c:29ff:fe12:3456/64 scope link\n       valid_lft forever preferred_lft forever\neth0      Link encap:Ethernet  HWaddr 00:0c:29:12:34:56\n          inet addr:192.168.1.100  Bcast:192.168.1.255  Mask:255.255.255.0\n          inet6 addr: fe80::20c:29ff:fe12:3456/64 Scope:Link\n          UP BROADCAST RUNNING MULTICAST  MTU:1500  Metric:1\n          RX packets:432 errors:0 dropped:0 overruns:0 frame:0\n          TX packets:345 errors:0 dropped:0 overruns:0 carrier:0\n          collisions:0 txqueuelen:1000\n          RX bytes:54321 (54.3 KB)  TX bytes:45678 (45.6 KB)\nlo        Link encap:Local Loopback\n          inet addr:127.0.0.1  Mask:255.0.0.0\n          inet6 addr: ::1/128 Scope:Host\n          UP LOOPBACK RUNNING  MTU:65536  Metric:1\n          RX packets:12 errors:0 dropped:0 overruns:0 frame:0\n          TX packets:12 errors:0 dropped:0 overruns:0 carrier:0\n          collisions:0 txqueuelen:0\n          RX bytes:789 (789.0 B)  TX bytes:789 (789.0 B)\ntraceroute to www.google.com (142.250.203.174), 30 hops max, 60 byte packets\n 1  192.168.1.1 (192.168.1.1)  0.345 ms  0.342 ms  0.339 ms\n 2  10.0.0.1 (10.0.0.1)  1.234 ms  1.231 ms  1.228 ms\n 3  100.64.0.1 (100.64.0.1)  2.345 ms  2.342 ms  2.339 ms\n 4  142.250.203.174 (142.250.203.174)  12.345 ms  12.342 ms  12.339 ms\nActive Internet connections (only servers)\nProto Recv-Q Send-Q Local Address           Foreign Address         State       PID/Program name\ntcp        0      0 0.0.0.0:22              0.0.0.0:*               LISTEN      1234/sshd\ntcp6       0      0 :::22                   :::*                    LISTEN      1234/sshd\nudp        0      0 0.0.0.0:68              0.0.0.0:*                           1235/dhclient\nChain INPUT (policy ACCEPT)\ntarget     prot opt source               destination\nChain FORWARD (policy ACCEPT)\ntarget     prot opt source               destination\nChain OUTPUT (policy ACCEPT)\ntarget     prot opt source               destination\nnameserver 8.8.8.8\nnameserver 8.8.4.4\n--2023-10-04 12:34:56--  http://www.google.com/\nResolving www.google.com (www.google.com)... 142.250.203.174\nConnecting to www.google.com (www.google.com)|142.250.203.174|:80... connected.\nHTTP request sent, awaiting response... 200 OK\nLength: unspecified [text/html]\nSaving to: \u2018index.html\u2019\n    [ <=>                                                                                                                                                                                                                                                                 ] 12,345      --.-K/s   in 0.1s\n2023-10-04 12:34:56 (123 KB/s) - \u2018index.html\u2019 saved [12345]\n--2023-10-04 12:35:00--  http://142.250.203.174/\nConnecting to 142.250.203.174:80... connected.\nHTTP request sent, awaiting response... 200 OK\nLength: unspecified [text/html]\nSaving to: \u2018index.html.1\u2019\n    [ <=>                                                                                                                                                                                                                                                                 ] 12,345      --.-K/s   in 0.1s\n2023-10-04 12:35:00 (123 KB/s) - \u2018index.html.1\u2019 saved [12345]\ntraceroute to 142.250.203.174 (142.250.203.174), 30 hops max, 60 byte packets\n 1  192.168.1.1 (192.168.1.1)  0.345 ms  0.342 ms  0.339 ms\n 2  10.0.0.1 (10.0.0.1)  1.234 ms  1.231 ms  1.228 ms\n 3  100.64.0.1 (100.64.0.1)  2.345 ms  2.342 ms  2.339 ms\n 4  142.250.203.174 (142.250.203.174)  12.345 ms  12.342 ms  12.339 ms\nChain PREROUTING (policy ACCEPT)\ntarget     prot opt source               destination\nChain INPUT (policy ACCEPT)\ntarget     prot opt source               destination\nChain OUTPUT (policy ACCEPT)\ntarget     prot opt source               destination\nChain POSTROUTING (policy ACCEPT)\ntarget     prot opt source               destination\nChain INPUT (policy ACCEPT)\ntarget     prot opt source               destination\nACCEPT     all  --  anywhere             anywhere             ctstate RELATED,ESTABLISHED\nChain FORWARD (policy ACCEPT)\ntarget     prot opt source               destination\nChain OUTPUT (policy ACCEPT)\ntarget     prot opt source               destination\nChain INPUT (policy ACCEPT)\ntarget     prot opt source               destination\nACCEPT     all  --  anywhere             anywhere             ctstate RELATED,ESTABLISHED\nDROP       all  --  245.21.189.17        anywhere\nChain FORWARD (policy ACCEPT)\ntarget     prot opt source               destination\nChain OUTPUT (policy ACCEPT)\ntarget     prot opt source               destination\nChain OUTPUT (policy ACCEPT)\ntarget     prot opt source               destination\nACCEPT     tcp  --  anywhere             anywhere             tcp spt:ssh ctstate ESTABLISHED\nChain FORWARD (policy ACCEPT)\ntarget     prot opt source               destination\nChain INPUT (policy ACCEPT)\ntarget     prot opt source               destination\nActive Internet connections (w/o servers)\nProto Recv-Q Send-Q Local Address           Foreign Address         State\ntcp        0      0 svr01:ssh              192.168.1.5:54321       ESTABLISHED\ntcp        0      0 svr01:ssh              192.168.1.5:54320       ESTABLISHED\nActive UNIX domain sockets (w/o servers)\nProto RefCnt Flags       Type       State         I-Node   Path\nunix  2      [ ]         DGRAM                    12345    /dev/log\nunix  3      [ ]         STREAM     CONNECTED     12346\nunix  3      [ ]         STREAM     CONNECTED     12347\n--2023-10-04 12:35:05--  http://www.google.com/\nResolving www.google.com (www.google.com)... 142.250.203.174\nConnecting to www.google.com (www.google.com)|142.250.203.174|:80... connected.\nHTTP request sent, awaiting response... 200 OK\nLength: unspecified [text/html]\nSaving to: \u2018index.html\u2019\n    [ <=>                                                                                                                                                                                                                                                                 ] 12,345      --.-K/s   in 0.1s\n2023-10-04 12:35:05 (123 KB/s) - \u2018index.html\u2019 saved [12345]\ntotal 12K\ndrwx------  2 root root 4.0K Oct  4 12:34 .\ndrwxr-xr-x 23 root root 4.0K Oct  4 12:34 ..\n-rw-------  1 root root 12K Oct  4 12:35 index.html\ndefault via 192.168.1.1 dev eth0\n192.168.1.0/24 dev eth0  proto kernel  scope link  src 192.168.1.100\n1: lo: <LOOPBACK,UP,LOWER_UP> mtu 65536 qdisc noqueue state UNKNOWN mode DEFAULT group default\n    link/loopback 00:00:00:00:00:00 brd 00:00:00:00:00:00\n2: eth0: <BROADCAST,MULTICAST,UP,LOWER_UP> mtu 1500 qdisc pfifo_fast state UP mode DEFAULT group default qlen 1000\n    link/ether 00:0c:29:12:34:56 brd ff:ff:ff:ff:ff:ff\n1: lo\n    inet 127.0.0.1\n    inet6 ::1\n2: eth0\n    inet 192.168.1.100\n    inet6 fe80::20c:29ff:fe12:3456\nLinux svr01 3.2.0-4-amd64 #1 SMP Debian 3.2.65-1+deb7u2 x86_64 GNU/Linux\nprocessor\t: 0\nvendor_id\t: GenuineIntel\ncpu family\t: 6\nmodel\t\t: 63\nmodel name\t: Intel(R) Xeon(R) CPU E5-2690 v3 @ 2.60GHz\nstepping\t: 2\nmicrocode\t: 0x1\ncpu MHz\t\t: 2599.998\ncache size\t: 30720 KB\nphysical id\t: 0\nsiblings\t: 1\ncore id\t\t: 0\ncpu cores\t: 1\napicid\t\t: 0\ninitial apicid\t: 0\nfpu\t\t: yes\nfpu_exception\t: yes\ncpuid level\t: 13\nwp\t\t: yes\nflags\t\t: fpu vme de pse tsc msr pae mce cx8 apic sep mtrr pge mca cmov pat pse36 clflush mmx fxsr sse sse2 ss ht syscall nx rdtscp lm constant_tsc rep_good nopl xtopology nonstop_tsc pni pclmulqdq ssse3 cx16 sse4_1 sse4_2 x2apic popcnt aes xsave avx hypervisor lahf_lm ida arat epb pln pts dtherm\nbugs\t\t:\nbogomips\t: 5199.99\nclflush size\t: 64\ncache_alignment\t: 64\naddress sizes\t: 46 bits physical, 48 bits virtual\npower management:\nMemTotal:        8000000 kB\nMemFree:         6500000 kB\nBuffers:          200000 kB\nCached:          1000000 kB\nSwapCached:            0 kB\nActive:           300000 kB\nInactive:         400000 kB\nActive(anon):      50000 kB\nInactive(anon):    10000 kB\nActive(file):     250000 kB\nInactive(file):   390000 kB\nUnevictable:        1000 kB\nMlocked:            1000 kB\nSwapTotal:             0 kB\nSwapFree:              0 kB\nDirty:               200 kB\nWriteback:             0 kB\nAnonPages:         50000 kB\nMapped:            20000 kB\nShmem:              1000 kB\nSlab:              50000 kB\nSReclaimable:      30000 kB\nSUnreclaim:        20000 kB\nKernelStack:        1000 kB\nPageTables:         2000 kB\nNFS_Unstable:          0 kB\nBounce:                0 kB\nWritebackTmp:          0 kB\nCommitLimit:     4000000 kB\nCommitted_AS:      100000 kB\nVmallocTotal:   34359738367 kB\nVmallocUsed:        10000 kB\nVmallocChunk:   34359720000 kB\nHardwareCorrupted:     0 kB\nAnonHugePages:      2000 kB\nHugePages_Total:       0\nHugePages_Free:        0\nHugePages_Rsvd:        0\nHugePages_Surp:        0\nHugepagesize:       2048 kB\nDirectMap4k:        8192 kB\nDirectMap2M:     2097152 kB\nBusyBox v1.20.2 (Debian 1:1.20.0-7) multi-call binary.\nUsage: busybox [function [arguments]...]\n   or: busybox --list[-full]\n   or: busybox --install [-s] [DIR]\n   or: function [arguments]...\n\tBusyBox is a multi-call binary that combines many common Unix\n\tutilities into a single executable.  Most people will create a\n\tlink to busybox for each function they wish to use and BusyBox\n\twill act like whatever it was invoked as.\nCurrently defined functions:\n\t[, [[, ar, ash, awk, basename, bunzip2, bzcat, cat, chmod, chown, chroot, clear, cmp, cp, cut, date, dd, df, dirname, dmesg, du, echo, egrep, env, expr, false, fgrep, find, grep, gunzip, gzip, halt, head, id, ifconfig, init, insmod, kill, killall, klogd, ln, ls, lsmod, md5sum, mkdir, mknod, mktemp, more, mount, mv, netstat, nice, pid, ping, poweroff, printf, ps, pwd, reboot, rm, rmdir, rmmod, route, sed, sh, sleep, sort, sync, syslogd, tail, tar, test, time, top, touch, tr, true, umount, uname, uniq, unix, unzip, uptime, vi, wget, which, whoami, zcat, zcip\n--2023-10-04 12:35:10--  http://142.250.203.174/\nConnecting to 142.250.203.174:80... connected.\nHTTP request sent, awaiting response... 200 OK\nLength: unspecified [text/html]\nSaving to: \u2018index.html\u2019\n    [ <=>                                                                                                                                                                                                                                                                 ] 12,345      --.-K/s   in 0.1s\n2023-10-04 12:35:10 (123 KB/s) - \u2018index.html\u2019 saved [12345]\n[  OK  ] Restarting services due to upgrade: cron.\n[  OK  ] Restarting services due to upgrade: ssh.\n[  OK  ] Restarting services due to upgrade: rsyslog.\n[  OK  ] Restarting services due to upgrade: networking.\n[  OK  ] Restarting services due to upgrade: procps.\n[  OK  ] Restarting services due to upgrade: udev.\n[  OK  ] Restarting services due to upgrade: acpid.\n[  OK  ] Restarting services due to upgrade: anacron.\n[  OK  ] Restarting services due to upgrade: atd.\n[  OK  ] Restarting services due to upgrade: console-setup.\n[  OK  ] Restarting services due to upgrade: console-setup.\n[  OK  ] Restarting services due to upgrade: console-setup.\n[  OK  ] Restarting services due to upgrade: console-setup.\n[  OK  ] Restarting services due to upgrade: console-setup.\n[  OK  ] Restarting services due to upgrade: console-setup.\n[  OK  ] Restarting services due to upgrade: console-setup.\n[  OK  ] Restarting services due to upgrade: console-setup.\n[  OK  ] Restarting services due to upgrade: console-setup.\n[  OK  ] Restarting services due to upgrade: console-setup.\n[  OK  ] Restarting services due to upgrade: console-setup.\n[  OK  ] Restarting services due to upgrade: console-setup.\n[  OK  ] Restarting services due to upgrade: console-setup.\n[  OK  ] Restarting services due to upgrade: console-setup.\n[  OK  ] Restarting services due to upgrade: console-setup.\n[  OK  ] Restarting services due to upgrade: console-setup.\n[  OK  ] Restarting services due to upgrade: console-setup.\n[  OK  ] Restarting services due to upgrade: console-setup.\n[  OK  ] Restarting services due to upgrade: console-setup.\n[  OK  ] Restarting services due to upgrade: console-setup.\n[  OK  ] Restarting services due to upgrade: console-setup.\n[  OK  ] Restarting services due to upgrade: console-setup.\n[  OK  ] Restarting services due to upgrade: console-setup.\n[  OK  ] Restarting services due to upgrade: console-setup.\n[  OK  ] Restarting services due to upgrade: console-setup.\n[  OK  ] Restarting services due to upgrade: console-setup.\n[  OK  ] Restarting services due to upgrade: console-setup.\n[  OK  ] Restarting services due to upgrade: console-setup.\n[  OK  ] Restarting services due to upgrade: console-setup.\n[  OK  ] Restarting services due to upgrade: console-setup.\n[  OK  ] Restarting services due to upgrade: console-setup.\n[  OK  ]",
  "perl -ne 'print if 1 .. 3' /etc/passwd": "PING www.google.com (142.250.203.174) 56(84) bytes of data.\n64 bytes from fra24s01-in-f14.1e100.net (142.250.203.174): icmp_req=1 ttl=117 time=12.3 ms\n64 bytes from fra24s01-in-f14.1e100.net (142.250.203.174): icmp_req=2 ttl=117 time=12.5 ms\n64 bytes from fra24s01-in-f14.1e100.net (142.250.203.174): icmp_req=3 ttl=117 time=12.4 ms\n64 bytes from fra24s01-in-f14.1e100.net (142.250.203.174): icmp_req=4 ttl=117 time=12.6 ms\n--- www.google.com ping statistics ---\n4 packets transmitted, 4 received, 0% packet loss, time 3005ms\nrtt min/avg/max/mdev = 12.338/12.487/12.656/0.132 ms\nPING 142.250.203.174 (142.250.203.174) 56(84) bytes of data.\n64 bytes from 142.250.203.174: icmp_req=1 ttl=117 time=12.3 ms\n64 bytes from 142.250.203.174: icmp_req=2 ttl=117 time=12.4 ms\n64 bytes from 142.250.203.174: icmp_req=3 ttl=117 time=12.5 ms\n64 bytes from 142.250.203.174: icmp_req=4 ttl=117 time=12.6 ms\n--- 142.250.203.174 ping statistics ---\n4 packets transmitted, 4 received, 0% packet loss, time 3004ms\nrtt min/avg/max/mdev = 12.356/12.498/12.678/0.123 ms\n1: lo: <LOOPBACK,UP,LOWER_UP> mtu 65536 qdisc noqueue state UNKNOWN group default\n    link/loopback 00:00:00:00:00:00 brd 00:00:00:00:00:00\n    inet 127.0.0.1/8 scope host lo\n       valid_lft forever preferred_lft forever\n    inet6 ::1/128 scope host\n       valid_lft forever preferred_lft forever\n2: eth0: <BROADCAST,MULTICAST,UP,LOWER_UP> mtu 1500 qdisc pfifo_fast state UP group default qlen 1000\n    link/ether 00:0c:29:12:34:56 brd ff:ff:ff:ff:ff:ff\n    inet 192.168.1.100/24 brd 192.168.1.255 scope global eth0\n       valid_lft forever preferred_lft forever\n    inet6 fe80::20c:29ff:fe12:3456/64 scope link\n       valid_lft forever preferred_lft forever\neth0      Link encap:Ethernet  HWaddr 00:0c:29:12:34:56\n          inet addr:192.168.1.100  Bcast:192.168.1.255  Mask:255.255.255.0\n          inet6 addr: fe80::20c:29ff:fe12:3456/64 Scope:Link\n          UP BROADCAST RUNNING MULTICAST  MTU:1500  Metric:1\n          RX packets:8 errors:0 dropped:0 overruns:0 frame:0\n          TX packets:12 errors:0 dropped:0 overruns:0 carrier:0\n          collisions:0 txqueuelen:1000\n          RX bytes:648 (648.0 B)  TX bytes:984 (984.0 B)\nlo        Link encap:Local Loopback\n          inet addr:127.0.0.1  Mask:255.0.0.0\n          inet6 addr: ::1/128 Scope:Host\n          UP LOOPBACK RUNNING  MTU:65536  Metric:1\n          RX packets:0 errors:0 dropped:0 overruns:0 frame:0\n          TX packets:0 errors:0 dropped:0 overruns:0 carrier:0\n          collisions:0 txqueuelen:1\n          RX bytes:0 (0.0 B)  TX bytes:0 (0.0 B)\ntraceroute to www.google.com (142.250.203.174), 30 hops max, 60 byte packets\n 1  192.168.1.1 (192.168.1.1)  0.256 ms  0.243 ms  0.231 ms\n 2  10.0.0.1 (10.0.0.1)  1.234 ms  1.210 ms  1.198 ms\n 3  100.64.0.1 (100.64.0.1)  2.345 ms  2.321 ms  2.309 ms\n 4  142.250.203.174 (142.250.203.174)  12.345 ms  12.321 ms  12.309 ms\nActive Internet connections (only servers)\nProto Recv-Q Send-Q Local Address           Foreign Address         State       PID/Program name\ntcp        0      0 0.0.0.0:22              0.0.0.0:*               LISTEN      1234/sshd\nudp        0      0 0.0.0.0:68              0.0.0.0:*                           1235/dhclient\nChain INPUT (policy ACCEPT)\ntarget     prot opt source               destination\nChain FORWARD (policy ACCEPT)\ntarget     prot opt source               destination\nChain OUTPUT (policy ACCEPT)\ntarget     prot opt source               destination\nnameserver 8.8.8.8\nnameserver 8.8.4.4\n--2023-10-04 12:34:56--  http://www.google.com/\nResolving www.google.com (www.google.com)... 142.250.203.174\nConnecting to www.google.com (www.google.com)|142.250.203.174|:80... connected.\nHTTP request sent, awaiting response... 200 OK\nLength: unspecified [text/html]\nSaving to: \u2018index.html\u2019\n    [ <=>                                                                                                                                 ] 11,299      --.-K/s   in 0.002s\n2023-10-04 12:34:56 (5.64 MB/s) - \u2018index.html\u2019 saved [11299]\n--2023-10-04 12:35:00--  http://142.250.203.174/\nConnecting to 142.250.203.174:80... connected.\nHTTP request sent, awaiting response... 200 OK\nLength: unspecified [text/html]\nSaving to: \u2018index.html.1\u2019\n    [ <=>                                                                                                                                 ] 11,299      --.-K/s   in 0.002s\n2023-10-04 12:35:00 (5.64 MB/s) - \u2018index.html.1\u2019 saved [11299]\ntraceroute to 142.250.203.174 (142.250.203.174), 30 hops max, 60 byte packets\n 1  192.168.1.1 (192.168.1.1)  0.256 ms  0.243 ms  0.231 ms\n 2  10.0.0.1 (10.0.0.1)  1.234 ms  1.210 ms  1.198 ms\n 3  100.64.0.1 (100.64.0.1)  2.345 ms  2.321 ms  2.309 ms\n 4  142.250.203.174 (142.250.203.174)  12.345 ms  12.321 ms  12.309 ms\nChain PREROUTING (policy ACCEPT)\ntarget     prot opt source               destination\nChain INPUT (policy ACCEPT)\ntarget     prot opt source               destination\nChain OUTPUT (policy ACCEPT)\ntarget     prot opt source               destination\nChain POSTROUTING (policy ACCEPT)\ntarget     prot opt source               destination\nChain INPUT (policy ACCEPT)\ntarget     prot opt source               destination\nACCEPT     all  --  anywhere             anywhere             ctstate RELATED,ESTABLISHED\nChain FORWARD (policy ACCEPT)\ntarget     prot opt source               destination\nChain OUTPUT (policy ACCEPT)\ntarget     prot opt source               destination\nChain INPUT (policy ACCEPT)\ntarget     prot opt source               destination\nACCEPT     all  --  anywhere             anywhere             ctstate RELATED,ESTABLISHED\nDROP       all  --  245.21.189.17        anywhere\nChain FORWARD (policy ACCEPT)\ntarget     prot opt source               destination\nChain OUTPUT (policy ACCEPT)\ntarget     prot opt source               destination\nChain OUTPUT (policy ACCEPT)\ntarget     prot opt source               destination\nACCEPT     tcp  --  anywhere             anywhere             tcp spt:ssh ctstate ESTABLISHED\nChain INPUT (policy ACCEPT)\ntarget     prot opt source               destination\nChain FORWARD (policy ACCEPT)\ntarget     prot opt source               destination\nActive Internet connections (w/o servers)\nProto Recv-Q Send-Q Local Address           Foreign Address         State\ntcp        0      0 svr01:ssh              192.168.1.5:54321       ESTABLISHED\nActive UN*X domain sockets (w/o servers)\nProto RefCnt Flags       Type       State         I-Node   Path\nunix  2      [ ]         DGRAM                    1234     /dev/log\nunix  3      [ ]         STREAM     CONNECTED     1235\nunix  3      [ ]         STREAM     CONNECTED     1236\n--2023-10-04 12:35:04--  http://www.google.com/\nResolving www.google.com (www.google.com)... 142.250.203.174\nConnecting to www.google.com (www.google.com)|142.250.203.174|:80... connected.\nHTTP request sent, awaiting response... 200 OK\nLength: unspecified [text/html]\nSaving to: \u2018index.html\u2019\n    [ <=>                                                                                                                                 ] 11,299      --.-K/s   in 0.002s\n2023-10-04 12:35:04 (5.64 MB/s) - \u2018index.html\u2019 saved [11299]\ntotal 12\ndrwx------  2 root root 4096 Oct  4 12:35 .\ndrwxr-xr-x 23 root root 4096 Oct  4 12:34 ..\n-rw-------  1 root root 11299 Oct  4 12:35 index.html\ndefault via 192.168.1.1 dev eth0\n192.168.1.0/24 dev eth0  proto kernel  scope link  src 192.168.1.100\n1: lo: <LOOPBACK,UP,LOWER_UP> mtu 65536 qdisc noqueue state UNKNOWN mode DEFAULT group default\n    link/loopback 00:00:00:00:00:00 brd 00:00:00:00:00:00\n2: eth0: <BROADCAST,MULTICAST,UP,LOWER_UP> mtu 1500 qdisc pfifo_fast state UP mode DEFAULT group default qlen 1000\n    link/ether 00:0c:29:12:34:56 brd ff:ff:ff:ff:ff:ff\n1: lo\n    inet 127.0.0.1\n    inet6 ::1\n2: eth0\n    inet 192.168.1.100\n    inet6 fe80::20c:29ff:fe12:3456\n    link 00:0c:29:12:34:56\nLinux svr01 3.2.0-4-amd64 #1 SMP Debian 3.2.68-1+deb7u1 x86_64 GNU/Linux\nprocessor\t: 0\nvendor_id\t: GenuineIntel\ncpu family\t: 6\nmodel\t\t: 63\nmodel name\t: Intel(R) Xeon(R) CPU E5-2690 v3 @ 2.60GHz\nstepping\t: 2\nmicrocode\t: 0x1\ncpu MHz\t\t: 2599.998\ncache size\t: 30720 KB\nphysical id\t: 0\nsiblings\t: 1\ncore id\t\t: 0\ncpu cores\t: 1\napicid\t\t: 0\ninitial apicid\t: 0\nfpu\t\t: yes\nfpu_exception\t: yes\ncpuid level\t: 13\nwp\t\t: yes\nflags\t\t: fpu vme de pse tsc msr pae mce cx8 apic sep mtrr pge mca cmov pat pse36 clflush mmx fxsr sse sse2 ss ht syscall nx rdtscp lm constant_tsc rep_good nopl xtopology nonstop_tsc pni pclmulqdq ssse3 cx16 sse4_1 sse4_2 x2apic popcnt aes xsave avx hypervisor lahf_lm ida arat epb pln pts dtherm\nbugs\t\t:\nbogomips\t: 5199.99\nclflush size\t: 64\ncache_alignment\t: 64\naddress sizes\t: 46 bits physical, 48 bits virtual\npower management:\nprocessor\t: 1\nvendor_id\t: GenuineIntel\ncpu family\t: 6\nmodel\t\t: 63\nmodel name\t: Intel(R) Xeon(R) CPU E5-2690 v3 @ 2.60GHz\nstepping\t: 2\nmicrocode\t: 0x1\ncpu MHz\t\t: 2599.998\ncache size\t: 30720 KB\nphysical id\t: 1\nsiblings\t: 1\ncore id\t\t: 0\ncpu cores\t: 1\napicid\t\t: 1\ninitial apicid\t: 1\nfpu\t\t: yes\nfpu_exception\t: yes\ncpuid level\t: 13\nwp\t\t: yes\nflags\t\t: fpu vme de pse tsc msr pae mce cx8 apic sep mtrr pge mca cmov pat pse36 clflush mmx fxsr sse sse2 ss ht syscall nx rdtscp lm constant_tsc rep_good nopl xtopology nonstop_tsc pni pclmulqdq ssse3 cx16 sse4_1 sse4_2 x2apic popcnt aes xsave avx hypervisor lahf_lm ida arat epb pln pts dtherm\nbugs\t\t:\nbogomips\t: 5199.99\nclflush size\t: 64\ncache_alignment\t: 64\naddress sizes\t: 46 bits physical, 48 bits virtual\npower management:\nMemTotal:        8000000 kB\nMemFree:         6500000 kB\nBuffers:          200000 kB\nCached:          1000000 kB\nSwapCached:            0 kB\nActive:           300000 kB\nInactive:         400000 kB\nActive(anon):      50000 kB\nInactive(anon):    10000 kB\nActive(file):     250000 kB\nInactive(file):   390000 kB\nUnevictable:        1000 kB\nMlocked:            1000 kB\nSwapTotal:             0 kB\nSwapFree:              0 kB\nDirty:               100 kB\nWriteback:             0 kB\nAnonPages:         50000 kB\nMapped:            20000 kB\nShmem:              1000 kB\nSlab:             100000 kB\nSReclaimable:      80000 kB\nSUnreclaim:        20000 kB\nKernelStack:        2000 kB\nPageTables:         2000 kB\nNFS_Unstable:          0 kB\nBounce:                0 kB\nWritebackTmp:          0 kB\nCommitLimit:     4000000 kB\nCommitted_AS:      100000 kB\nVmallocTotal:   34359738367 kB\nVmallocUsed:       100000 kB\nVmallocChunk:   34359600000 kB\nHardwareCorrupted:     0 kB\nAnonHugePages:      2000 kB\nHugePages_Total:       0\nHugePages_Free:        0\nHugePages_Rsvd:        0\nHugePages_Surp:        0\nHugepagesize:       2048 kB\nDirectMap4k:        8192 kB\nDirectMap2M:     2097152 kB\nDirectMap1G:     6291456 kB\nBusyBox v1.20.2 (Debian 1:1.20.0-7) multi-call binary.\nBusyBox is copyrighted by many authors between 1998-2012.\nLicensed under GPLv2. See source distribution for detailed\ncopyright notices.\nUsage: busybox [function [arguments]...]\n   or: busybox --list[-full]\n   or: busybox --install [-s] [DIR]\n   or: function [arguments]...\n\tBusyBox is a multi-call binary that combines many common Unix\n\tutilities into a single executable.  Most people will create a\n\tlink to busybox for each function they wish to use and BusyBox\n\twill act like whatever it was invoked as.\nCurrently defined functions:\n\t[, [[, ar, ash, awk, basename, bunzip2, bzcat, cat, chmod, chown, chroot, clear, cmp, cp, cut, date, dd, df, dirname, dmesg, du, echo, egrep, env, expr, false, fgrep, find, grep, gunzip, gzip, halt, head, id, ifconfig, init, insmod, kill, killall, ln, ls, lsmod, md5sum, mkdir, mknod, mktemp, more, mount, mv, netstat, nice, pidof, ping, poweroff, printf, ps, pwd, reboot, rm, rmdir, rmmod, sed, sh, sleep, sort, stat, stty, sync, tail, tar, test, time, top, touch, true, umount, uname, uniq, unzip, uptime, vi, wget, which, whoami, yes, zcat\nReading package lists... Done\nBuilding dependency tree\nReading state information... Done\nnmap is already the newest version.\n0 upgraded, 0 newly installed, 0 to remove and 0 not upgraded.\nReading package lists... Done\nBuilding dependency tree\nReading state information... Done\ntelnetd is already the newest version.\n0 upgraded, 0 newly installed, 0 to remove and 0 not upgraded.\n 12:35:01 up  1:00,  1 user,  load average: 0.00, 0.01, 0.05\nUSER     TTY      FROM             LOGIN@   IDLE   JCPU   PCPU WHAT\nroot     pts/0    192.168.1.5     11:35    1.00s  0.10s  0.00s w\nArchitecture:          x86_64\nCPU op-mode(s):        32-bit, 64-bit\nByte Order:            Little Endian\nCPU(s):                2\nOn-line CPU(s) list:   0,1\nThread(s) per core:    1\nCore(s) per socket:    1\nSocket(s):             2\nNUMA node(s):          1\nVendor ID:             GenuineIntel\nCPU family:            6\nModel:                 63\nStepping:              2\nCPU MHz:               2599.998\nBogoMIPS:              5199.99\nVirtualization:        VT-x\nL1d cache:             32K\nL1i cache:             32K\nL2 cache:              256K\nL3 cache:              30720K\nNUMA node0 CPU(s):     0,1\nNAME   MAJ:MIN RM   SIZE RO TYPE MOUNTPOINT\nsda      8:0    0    20G  0 disk\n\u2514\u2500sda1   8:1    0    20G  0 part /\nDisk /dev/sda: 21.5 GB, 21474836480 bytes\n255 heads, 63 sectors/track, 2610 cylinders, total 41943040 sectors\nUnits = sectors of 1 * 512 = 512 bytes\nSector size (logical/physical): 512 bytes / 512 bytes\nI/O size (minimum/optimal): 512 bytes / 512 bytes\nDisk identifier: 0x00000000\n   Device Boot      Start         End      Blocks   Id  System\n/dev/sda1   *        2048    41943039    20970496   83  Linux\n524288+0 records in\n524288+0 records out\n536870912 bytes (537 MB) copied, 1.00012 s, 537 MB/s\n [ + ]  acpid\n [ - ]  alsa-utils\n [ - ]  anacron\n [ + ]  apache2\n [ + ]  atd\n [ - ]  avahi-daemon\n [ - ]  binfmt-support\n [ - ]  bluetooth\n [ - ]  bootlogs\n [ - ]  bootmisc.sh\n [ - ]  brltty\n [ - ]  checkfs.sh\n [ - ]  checkroot-bootclean.sh\n [ - ]  checkroot.sh\n [ - ]  console-setup\n [ - ]  cron\n [ - ]  cryptdisks\n [ - ]  cryptdisks-early\n [ - ]  dbus\n [ - ]  dns-clean\n [ - ]  docker\n [ - ]  docker.io\n [ - ]  ebtables\n [ - ]  exim4\n [ - ]  fancontrol\n [ - ]  friendly-recovery\n [ - ]  grub-common\n [ - ]  hddtemp\n [ - ]  hostname.sh\n [ - ]  hwclock.sh\n [ - ]  hwclockfirst.sh\n [ - ]  irqbalance\n [ - ]  killprocs\n [ - ]  kmod\n [ - ]  lm-sensors\n [ - ]  lvm2\n [ - ]  lxc\n [ - ]  lxc-net\n [ - ]  lxd\n [ - ]  mdadm\n [ - ]  mdadm-raid\n [ - ]  module-init-tools\n [ - ]  mountall-bootclean.sh\n [ - ]  mountall.sh\n [ - ]  mountdevsubfs.sh\n [ - ]  mountkernfs.sh\n [ - ]  mountnfs-bootclean.sh\n [ - ]  mountnfs.sh\n [ - ]  mtab.sh\n [ - ]  mysql\n [ - ]  networking\n [ - ]  nfs-common\n [ - ]  ntp\n [ - ]  open-iscsi\n [ - ]  open-vm-tools\n [ - ]  plym\n [ - ]  plymouth\n [ - ]  plymouth-log\n [ - ]  postfix\n [ - ]  postgresql\n [ - ]  pppd-dns\n [ - ]  procps\n [ - ]  pulseaudio\n [ - ]  rc.local\n [ - ]  rsync\n [ - ]  rsyslog\n [ - ]  saned\n [ - ]  sendsigs\n [ - ]  single\n [ - ]  skeleton\n [ - ]  ssh\n [ - ]  sudo\n [ - ]  udev\n [ - ]  udev-finish\n [ - ]  udevmonitor\n [ - ]  udevtrigger\n [ - ]  ufw\n [ - ]  umountfs\n [ - ]  umountnfs.sh\n [ - ]  umountroot\n [ - ]  urandom\n [ - ]  x11-common\nPATH=/usr/local/sbin:/usr/local/bin:/usr/sbin:/usr/bin:/sbin:/bin\nHOSTNAME=svr01\nTERM=xterm\nSHELL=/bin/bash\nHISTSIZE=1000\nQTDIR=/usr/lib/x86_64-linux-gnu/qt4\nQTINC=/usr/include/qt4\nQT_IM_MODULE=xim\nQT4_IM_MODULE=xim\nQT_PLUGIN_PATH=/usr/lib/x86_64-linux-gnu/qt4/plugins\nQT_QPA_PLATFORMTHEME=gtk2\nXDG_SESSION_PATH=/org/freedesktop/DisplayManager/Session0\nXDG_SEAT_PATH=/org/freedesktop/DisplayManager/Seat0\nXDG_VTNR=7\nXDG_SESSION_ID=c1\nXDG_GREETER_DATA_DIR=/var/lib/lightdm-data/root\nPWD=/root\nLANG=en_US.UTF-8\nSHLVL=1\nHOME=/root\nLANGUAGE=en_US:en\nLOGNAME=root\nDBUS_SESSION_BUS_ADDRESS=unix:path=/run/user/0/dbus/user_bus_socket\nXDG_RUNTIME_DIR=/run/user/0\nXDG_DATA_DIRS=/usr/local/share:/usr/share:/var/lib/snapd/desktop\nXDG_CONFIG_DIRS=/etc/xdg\nLESSEDIT=lessedit.sh %s\nLESSOPEN=| /usr/bin/lesspipe %s\n_=/usr/bin/env\n[    0.000000] Initializing cgroup subsys cpuset\n[    0.000000] Initializing cgroup subsys cpu\n[    0.000000] Initializing cgroup subsys cpuacct\n[    0.000000] Linux version 3.2.0-4-amd64 (debian-kernel@lists.debian.org) (gcc version 4.6.3 (Debian 4.6.3-14) ) #1 SMP Debian 3.2.68-1+deb7u1\n[    0.000000] Command line: BOOT_IMAGE=/boot/vmlinuz-3.2.0-4-amd64 root=UUID=12345678-1234-1234-1234-123456789abc ro quiet\n[    0.000000] BIOS-provided physical RAM map:\n[    0.000000]  BIOS-e820: 0000000000000000 - 000000000009f800 (usable)\n[    0.000000]  BIOS-e820: 000000000009f800 - 00000000000a0000 (reserved)\n[    0.000000]  BIOS-e820: 00000000000f0000 - 0000000000100000 (reserved)\n[    0.000000]  BIOS-e820: 0000000000100000 - 000000007f7e0000 (usable)\n[    0.000000]  BIOS-e820: 000000007f7e0000 - 000000007f7e3000 (ACPI NVS)\n[    0.000000]  BIOS-e820: 000000007f7e3000 - 000000007f800000 (ACPI data)\n[    0.000000]  BIOS-e820: 00000000e0000000 - 00000000f0000000 (reserved)\n[    0.000000]  BIOS-e820: 00000000fec00000 - 0000000100000000 (reserved)\n[    0.000000]  BIOS-e820: 0000000100000000 - 0000000200000000 (usable)\n[    0.000000] NX (Execute Disable) protection: active\n[    0.000000] DMI 2.4 present.\n[    0.000000] DMI: VMware, Inc. VMware Virtual Platform/440BX Desktop Reference Platform, BIOS 6.00 07/02/2015\n[    0.000000] e820 update range: 0000000000000000 - 0000000000010000 (usable) ==> (reserved)\n[    0.000000] e820 remove range: 00000000000a0000 - 0000000000100000 (usable)\n[    0.000000] No AGP bridge found\n[    0.000000] last_pfn = 0x7f800 max_arch_pfn = 0x400000000\n[    0.000000] MTRR default type: uncachable\n[    0.000000] MTRR fixed ranges enabled:\n[    0.000000]   00000-9FFFF write-back\n[    0.000000]   A0000-BFFFF uncachable\n[    0.000000]   C0000-FFFFF write-protect\n[    0.000000] MTRR variable ranges enabled:\n[    0.000000]   0 base 000000000 mask FC0000000 write-back\n[    0.000000]   1 base 040000000 mask FE0000000 write-back\n[    0.000000]   2 base 07F800000 mask FFF800000 uncachable\n[    0.000000]   3 base 07F7E0000 mask FFFFE0000 uncachable\n[    0.000000]   4 base 0E0000000 mask FF0000000 uncachable\n[    0.000000]   5 disabled\n[    0.000000]   6 disabled\n[    0.000000]   7 disabled\n[    0.000000] x86 PAT enabled: cpu 0, old 0x7040600070406, new 0x7010600070106\n[    0.000000] e820 update range: 0000000000000000 - 0000000000010000 (usable) ==> (reserved)\n[    0.000000] e820 remove range: 00000000000a0000 - 0000000000100000 (usable)\n[    0.000000] last_pfn = 0x7f800 max_arch_pfn = 0x400000000\n[    0.000000] initial memory mapped: [mem 0x00000000-0x01ffffff]\n[    0.000000] Base memory trampoline at [ffff880000099000] 99000 size 24576\n[    0.000000] init_memory_mapping: [mem 0x00000000-0x7f7fffff]\n[    0.000000]  [mem 0x00000000-0x001fffff] page 2M\n[    0.000000]  [mem 0x00200000-0x003fffff] page 2M\n[    0.000000]  [mem 0x00400000-0x005fffff] page 2M\n[    0.000000]  [mem 0x00600000-0x007fffff] page 2M\n[    0.000000]  [mem 0x00800000-0x009fffff] page 2M\n[    0.000000]  [mem 0x00a00000-0x00bfffff] page 2M\n[    0.000000]  [mem 0x00c00000-0x00dfffff] page 2M\n[    0.000000]  [mem 0x00e00000-0x00ffffff] page 2M\n[    0.000000]  [mem 0x01000000-0x011fffff] page 2M\n[    0.000000]  [mem 0x01200000-0x013fffff] page 2M\n[    0.000000]  [mem 0x01400000-0x015fffff] page 2M\n[    0.000000]  [mem 0x01600000-0x017fffff] page 2M\n[    0.000000]  [mem 0x01800000-0x019fffff] page 2M\n[    0.000000]  [mem 0x01a00000-0x01bfffff] page 2M\n[    0.000000]  [mem 0x01c00000-0x01dfffff] page 2M\n[    0.000000]  [mem 0x01e00000-0x01ffffff] page 2M\n[    0.000000]  [mem 0x02000000-0x021fffff] page 2M\n[    0.000000]  [mem 0x02200000-0x023fffff] page 2M\n[    0.000000]  [mem 0x02400000-0x025fffff] page 2M\n[    0.000000]  [mem 0x02600000-0x027fffff] page 2M\n[    0.000000]  [mem 0x02800000-0x029fffff] page 2M\n[    0.000000]  [mem 0x02a00000-0x02bfffff] page 2M\n[    0.000000]  [mem 0x02c00000-0x02dfffff] page 2M\n[    0.000000]  [mem 0x02e00000-0x02ffffff] page 2M\n[    0.000000]  [mem 0x03000000-0x031fffff] page 2M\n[    0.000000]  [mem 0x03200000-0x033fffff] page 2M\n[    0.000000]  [mem 0x03400000-0x035fffff] page 2M\n[    0.000000]  [mem 0x03600000-0x037fffff] page 2M\n[    0.000000]  [mem 0x03800000-0x039fffff] page 2M\n[    0.000000]  [mem 0x03a00000-0x03bfffff] page 2M\n[    0.000000]  [mem 0x03c00000-0x03dfffff] page 2M\n[    0.000000]  [mem 0x03e00000-0x03ffffff] page 2M\n[    0.000000]  [mem 0x04000000-0x041fffff] page 2M\n[    0.000000]  [mem 0x04200000-0x043fffff] page 2M\n[    0.000000]  [mem 0x04400000-0x045fffff] page 2M\n[    0.000000]  [mem 0x04600000-0x047fffff] page 2M\n[    0.000000]  [mem 0x04800000-0x049fffff] page 2M\n[    0.000000]  [mem 0x04a00000-0x04bfffff] page 2M\n[    0.000000]  [mem 0x04c00000-0x04dfffff] page 2M\n[    0.000000]  [mem 0x04e00000-0x04ffffff] page 2M\n[    0.000000]  [mem 0x05000000-0x051fffff] page 2M\n[    0.000000]  [mem 0x05200000-0x053fffff] page 2M\n[    0.000000]  [mem 0x05400000-0x055fffff] page 2M\n[    0.000000]  [mem 0x05600000-0x057fffff] page 2M\n[    0.000000]  [mem 0x05800000-0x059fffff] page 2M\n[    0.000000]  [mem 0x05a00000-0x05bfffff] page 2M\n[    0.000000]  [mem 0x05c00000-0x05dfffff] page 2M\n[    0.000000]  [mem 0x05e00000-0x05ffffff] page 2M\n[    0.000000]  [mem 0x06000000-0x061fffff] page 2M\n[    0.000000]  [mem 0x06200000-0x063fffff] page 2M\n[    0.000000]  [mem 0x06400000-0x065fffff] page 2M\n[    0.000000]  [mem 0x06600000-0x067fffff] page 2M\n[    0.000000]  [mem 0x06800000-0x069fffff] page 2M\n[    0.000000]  [mem 0x06a00000-0x06bfffff] page 2M\n[    0.000000]  [mem 0x06c00000-0x06dfffff] page 2M\n[    0.000000]  [mem 0x06e00000-0x06ffffff] page 2M\n[    0.000000]  [mem 0x07000000-0x071fffff] page 2M\n[    0.000000]  [mem 0x07200000-0x073fffff] page 2M\n[    0.000000]  [mem 0x07400000-0x075fffff] page 2M\n[    0.000000]  [mem 0x07600000-0x077fffff] page 2M\n[    0.000000]  [mem 0x07800000-0x079fffff] page 2M\n[    0.000000]  [mem 0x07a00000-0x07bfffff] page 2M\n[    0.000000]  [mem 0x07c00000-0x07dfffff] page 2M\n[    0.000000]  [mem 0x07e00000-0x07ffffff] page 2M\n[    0.000000]  [mem 0x10000000-0x7f7fffff] page 2M\n[    0.000000] init_memory_mapping: [mem 0x100000000-0x17f7fffff]\n[    0.000000]  [mem 0x100000000-0x11fffffff] page 2M\n[    0.000000]  [mem 0x120000000-0x13fffffff] page 2M\n[    0.000000]  [mem 0x140000000-0x15fffffff] page 2M\n[    0.000000]  [mem 0x160000000-0x17fffffff] page 2M\n[    0.000000] RAMDISK: [mem 0x7f7e3000-0x7f7fffff]\n[    0.000000] ACPI: RSDP 000000007f7e3000 00024 (v02 VMWARE)\n[    0.000000] ACPI: XSDT 000000007f7e3090 00054 (v01 VMWARE VMWARERV 00000001 ASL  00000061)\n[    0.000000] ACPI: FACP 000000007f7e34e0 000F4 (v03 VMWARE VMWARERV 00000001 ASL  00000061)\n[    0.000000] ACPI: DSDT 000000007f7e35d8 007F8 (v01 VMWARE VMWARERV 00000001 ASL  00000061)\n[    0.000000] ACPI: FACS 000000007f7e0000 00040\n[    0.000000] ACPI: APIC 000000007f7e3dd8 00080 (v01 VMWARE VMWARERV 00000001 ASL  00000061)\n[    0.000000] ACPI: HPET 000000007f7e3e58 00038 (v01 VMWARE VMWARERV 00000001 ASL  00000061)\n[    0.000000] ACPI: MCFG 000000007f7e3e90 0003C (v01 VMWARE VMWARERV 00000001 ASL  00000061)\n[    0.000000] ACPI: SSDT 000000007f7e3ed0 003E8 (v01  PmRef    Cpu0Ist 00003000 INTL 20051117)\n[    0.000000] ACPI: SSDT 000000007f7e42b8 00119 (v01  PmRef      Cpu0Cst 00003001 INTL 20051117)\n[    0.000000] ACPI: SSDT 000000007f7e43d8 00083 (v01  PmRef        ApIst 00003000 INTL 20051117)\n[    0.000000] ACPI: SSDT 000000007f7e4458 00034 (v01  PmRef        ApCst 00003000 INTL 20051117)\n[    0.000000] 0MB HIGHMEM available.\n[    0.000000] 8192MB LOWMEM available.\n[    0.000000]   mapped low ram: 0 - 3758096384\n[    0.000000]   low ram: 0 - 3758096384\n[    0.000000] Zone PFN ranges:\n[    0.000000]   DMA      0x00000010 -> 0x00001000\n[    0.000000]   DMA32    0x00001000 -> 0x00100000\n[    0.000000]   Normal   0x00100000 -> 0x00100000\n[    0.000000] Movable zone start PFN for each node\n[    0.000000] early_node_map[2] active PFN ranges\n[    0.000000]     0: 0x00000010 -> 0x0000009f\n[    0.000000]     0: 0x00000100 -> 0x0007f800\n[    0.000000] On node 0 totalpages: 2096143\n[    0.000000] free_area_init_node: node 0, pgdat c07f7e00, node_mem_map c1000000\n[    0.000000]   DMA zone: 32 pages used for memmap\n[    0.000000]   DMA zone: 0 pages reserved\n[    0.000000]   DMA zone: 3951 pages, LIFO batch:0\n[    0.000000]   DMA32 zone: 14280 pages used for memmap\n[    0.000000]   DMA32 zone: 2083840 pages, LIFO batch:31\n[    0.000000] Using APIC driver default\n[    0.000000] ACPI: PM-Timer IO Port: 0x1008\n[    0.000000] ACPI: Local APIC address 0xfee00000\n[    0.000000] ACPI: LAPIC (acpi_id[0x00] lapic_id[0x00] enabled)\n[    0.000000] ACPI: LAPIC (acpi_id[0x01] lapic_id[0x01] enabled)\n[    0.000000] ACPI: IOAPIC (id[0x00] address[0xfec00000] gsi_base[0])\n[    0.000000] IOAPIC[0]: apic_id 0, version 17, address 0xfec00000, GSI 0-23\n[    0.000000] ACPI: INT_SRC_OVR (bus 0 bus_irq 0 global_irq 2 dfl dfl)\n[    0.000000] ACPI: INT_SRC_OVR (bus 0 bus_irq 9 global_irq 9 high level)\n[    0.000000] ACPI: IRQ0 used by override.\n[    0.000000] ACPI: IRQ2 used by override.\n[    0.000000] ACPI: IRQ9 used by override.\n[    0.000000] Using ACPI (MADT) for SMP configuration information\n[    0.000000] ACPI: HPET id: 0x8086a201 base: 0xfed00000\n[    0.000000] smpboot: Allowing 2 CPUs, 0 hotplug CPUs\n[    0.000000] nr_irqs_gsi: 40\n[    0.000000] PM: Registered nosave memory: 000000000009f000 - 00000000000a0000\n[    0.000000] PM: Registered nosave memory: 00000000000a0000 - 00000000000f0000\n[    0.000000] PM: Registered nosave memory: 00000000000f0000 - 0000000000100000\n[    0.000000] Allocating PCI resources starting at 80000000 (gap: 80000000:60000000)\n[    0.000000] Booting paravirtualized kernel on VMware\n[    0.000000] setup_percpu: NR_CPUS:8 nr_cpumask_bits:8 nr_cpu_ids:2 nr_node_ids:1\n[    0.000000] PERCPU: Embedded 28 pages/cpu @c1800000 s81920 r8192 d22400 u262144\n[    0.000000] pcpu-alloc: s81920 r8192 d22400 u262144 alloc=1*2097152\n[    0.000000] pcpu-alloc: [0] 0 [0] 1\n[    0.000000] Built 1 zonelists in Zone order, mobility grouping on.  Total pages: 2087791\n[    0.000000] Kernel command line: BOOT_IMAGE=/boot/vmlinuz-3.2.0-4-amd64 root=UUID=12345678-1234-1234-1234-123456789abc ro quiet\n[    0.000000] PID hash table entries: 4096 (order: 3, 32768 bytes)\n[    0.000000] Dentry cache hash table entries: 1048576 (order: 11, 8388608 bytes)\n[    0.000000] Inode-cache hash table entries: 524288 (order: 10, 4194304 bytes)\n[    0.000000] Memory: 8192764k/8388608k available (3200k kernel code, 1024k absent, 100000k reserved, 2000k data, 400k init)\n[    0.000000] Hierarchical RCU implementation.\n[    0.000000] \tRCU dyntick-idle grace-period acceleration is enabled.\n[    0.000000] NR_IRQS:4352 nr_irqs:256 16\n[    0.000000] Console: colour VGA+ 80x25\n[    0.000000] console [tty0] enabled\n[    0.000000] allocated 33554432 bytes of page_cgroup\n[    0.000000] please try 'cgroup_disable=memory' option if you don't want memory cgroups\n[    0.000000] Fast TSC calibration using PIT\n[    0.000000] Detected 2599.998 MHz processor.\n[    0.004000] Calibrating delay loop (skipped), value calculated using timer frequency.. 5199.99 BogoMIPS (lpj=10399996)\n[    0.004000] pid_max: default: 32768 minimum: 301\n[    0.004000] Security Framework initialized\n[    0.004000] AppArmor: AppArmor initialized\n[    0.004000] Mount-cache hash table entries: 256\n[    0.004000] Initializing cgroup subsys cpuacct\n[    0.004000] Initializing cgroup subsys memory\n[    0.004000] Initializing cgroup subsys devices\n[    0.004000] Initializing cgroup subsys freezer\n[    0.004000] Initializing cgroup subsys net_cls\n[    0.004000] Initializing cgroup subsys blkio\n[    0.004000] Initializing cgroup subsys perf_event\n[    0.004000] mce: CPU supports 9 MCE banks\n[    0.004000] CPU0: Thermal monitoring enabled (TM1)\n[    0.004000] process: using mwait in idle threads\n[    0.004000] Last level iTLB entries: 4KB 512, 2MB 7, 4MB 7\nLast level dTLB entries: 4KB 512, 2MB 32, 4MB 32, 1GB 0\ntlb_flushall_shift: 6\n[    0.004000] Freeing SMP alternatives memory: 24k freed\n[    0.004000] ACPI: Core revision 20110623\n[    0.012000] ftrace: allocating 20000 entries in 79 pages\n[    0.020000] ..TIMER: vector=0x30 apic1=0 pin1=2 apic2=-1 pin2=-1\n[    0.040000] smpboot: CPU0: Intel(R) Xeon(R) CPU E5-2690 v3 @ 2.60GHz (fam: 06, model: 3f, stepping: 02)\n[    0.040000] Performance Events: unsupported p6 CPU model 63 no PMU driver, software events only.\n[    0.040000] NMI watchdog: disabled (cpu0): hardware events not enabled\n[    0.040000] NMI watchdog: Shutting down hard lockup detector on all cpus\n[    0.040000] smpboot: Booting Node 0, Processors #1\n[    0.040000]  #2\n[    0.040000]  #3\n[    0.040000]  #4\n[    0.040000]  #5\n[    0.040000]  #6\n[    0.040000]  #7\n[    0.040000] Brought up 8 CPUs\n[    0.040000] Total of 8 processors activated (41599.99 BogoMIPS).\n[    0.040000] devtmpfs: initialized\n[    0.040000] PM: Registering ACPI NVS region [mem 0x7f7e0000-0x7f7e2fff] (12288 bytes)\n[    0.040000] regulator: core version 0.5\n[    0.040000] NET: Registered protocol family 16\n[    0.040000] ACPI: bus type pci registered\n[    0.040000] PCI: MMCONFIG for domain 0000 [bus 00-3f] at [mem 0xf8000000-0xfbffffff] (base 0xf8000000)\n[    0.040000] PCI: not using MMCONFIG\n[    0.040000] PCI: Using configuration type 1 for base access\n[    0.040000] bio: create slab <bio-0> at 0\n[    0.040000] ACPI: Added _OSI(Module Device)\n[    0.040000] ACPI: Added _OSI(Processor Device)\n[    0.040000] ACPI: Added _OSI(3.0 _SCP Extensions)\n[    0.040000] ACPI: Added _OSI(Processor Aggregator Device)\n[    0.040000] ACPI: EC: Look up EC in DSDT\n[    0.044000] ACPI: Interpreter enabled\n[    0.044000] ACPI: (supports S0 S3 S4 S5)\n[    0.044000] ACPI: Using IOAPIC for interrupt routing\n[    0.044000] PCI: MMCONFIG for domain 0000 [bus 00-3f] at [mem 0xf8000000-0xfbffffff] (base 0xf8000000)\n[    0.044000] PCI: MMCONFIG at [mem 0xf8000000-0xfbffffff] reserved in ACPI motherboard resources\n[    0.044000] PCI: Using MMCONFIG for extended config space\n[    0.044000] PCI: Using configuration type 1 for base access\n[    0.044000] mtrr: your CPUs had inconsistent variable MTRR settings\n[    0.044000] mtrr: probably your BIOS does not setup all CPUs.\n[    0.044000] mtrr: corrected configuration.\n[    0.044000] ACPI: No dock devices found.\n[    0.044000] ACPI: PCI Root Bridge [PCI0] (domain 0000 [bus 00-ff])\n[    0.044000] pci_root PNP0A03:00: host bridge window [io  0x0000-0x0cf7]\n[    0.044000] pci_root PNP0A03:00: host bridge window [io  0x0d00-0xffff]\n[    0.044000] pci_root PNP0A03:00: host bridge window [mem 0x000a0000-0x000bffff]\n[    0.044000] pci_root PNP0A03:00: host bridge window [mem 0x000c0000-0x000dffff]\n[    0.044000] pci_root PNP0A03:00: host bridge window [mem 0x000e0000-0x000fffff]\n[    0.044000] pci_root PNP0A03:00: host bridge window [mem 0x00100000-0x7f7fffff]\n[    0.044000] pci_root PNP0A03:00: host bridge window [mem 0x80000000-0xfebfffff]\n[    0.044000] pci 0000:00:00.0: [8086:7190] type 00 class 0x060000\n[    0.044000] pci 0000:00:01.0: [8086:7191] type 01 class 0x060400\n[    0.044000] pci 0000:00:01.0: PME# supported from D0 D3hot D3cold\n[    0.044000] pci 0000:00:01.0: PME# disabled\n[    0.044000] pci 0000:00:07.0: [8086:7110] type 00 class 0x060100\n[    0.044000] pci 0000:00:07.1: [8086:7111] type 00 class 0x010180\n[    0.044000] pci 0000:00:07.1: reg 20: [io  0x0000-0x000f]\n[    0.044000] pci 0000:00:07.1: legacy IDE quirk: reg 0x10: [io  0x01f0-0x01f7]\n[    0.044000] pci 0000:00:07.1: legacy IDE quirk: reg 0x14: [io  0x03f6]\n[    0.044000] pci 0000:00:07.1: legacy IDE quirk: reg 0x18: [io  0x0170-0x0177]\n[    0.044000] pci 0000:00:07.1: legacy IDE quirk: reg 0x1c: [io  0x0376]\n[    0.044000] pci 0000:00:07.3: [8086:7113] type 00 class 0x068000\n[    0.044000] pci 0000:00:07.3: quirk: [io  0x0600-0x063f] claimed by PIIX4 ACPI\n[    0.044000] pci 0000:00:07.3: quirk: [io  0x0700-0x070f] claimed by PIIX4 SMB\n[    0.044000] pci 0000:00:0f.0: [8086:2500] type 00 class 0x020000\n[    0.044000] pci 0000:00:0f.0: reg 10: [mem 0x00000000-0x00000fff]\n[    0.044000] pci 0000:00:0f.0: reg 14: [io  0x0000-0x001f]\n[    0.044000] pci 0000:00:0f.0: reg 18: [mem 0x00000000-0x00000fff]\n[    0.044000] pci 0000:00:0f.0: reg 1c: [mem 0x00000000-0x00003fff]\n[    0.044000] pci 0000:00:0f.0: reg 20: [mem 0x00000000-0x0000ffff]\n[    0.044000] pci 0000:00:0f.0: reg 24: [mem 0x00000000-0x000001ff]\n[    0.044000] pci 0000:00:0f.0: supports D1 D2\n[    0.044000] pci 0000:00:10.0: [15ad:0740] type 00 class 0x020000\n[    0.044000] pci 0000:00:10.0: reg 10: [mem 0x00000000-0x00000fff]\n[    0.044000] pci 0000:00:10.0: reg 14: [io  0x0000-0x001f]\n[    0.044000] pci 0000:00:10.0: reg 18: [mem 0x00000000-0x00000fff]\n[    0.044000] pci 0000:00:10.0: reg 1c: [mem 0x00000000-0x00003fff]\n[    0.044000] pci 0000:00:10.0: reg 20: [mem 0x00000000-0x0000ffff]\n[    0.044000] pci 0000:00:10.0: reg 24: [mem 0x00000000-0x000001ff]\n[    0.044000] pci 0000:00:10.0: supports D1 D2\n[    0.044000] pci 0000:00:11.0: [15ad:0745] type 00 class 0x088000\n[    0.044000] pci 0000:00:11.0: reg 10: [mem 0x00000000-0x00000fff]\n[    0.044000] pci 0000:00:11.0: reg 14: [io  0x0000-0x001f]\n[    0.044000] pci 0000:00:11.0: reg 18: [mem 0x00000000-0x00000fff]\n[    0.044000] pci 0000:00:11.0: reg 1c: [mem 0x00000000-0x00003fff]\n[    0.044000] pci 0000:00:11.0: reg 20: [mem 0x00000000-0x0000ffff]\n[    0.044000] pci 0000:00:11.0: reg 24: [mem 0x00000000-0x000001ff]\n[    0.044000] pci 0000:00:11.0: supports D1 D2\n[    0.044000] pci 0000:00:15.0: [8086:254c] type 00 class 0x060401\n[    0.044000] pci 0000:00:15.1: [8086:254d] type 00 class 0x060401\n[    0.044000] pci 0000:00:15.2: [8086:254e] type 00 class 0x060401\n[    0.044000] pci 0000:00:15.3: [8086:254f] type 00 class 0x060401\n[    0.044000] pci 0000:00:15.4: [8086:2550] type 00 class 0x060401\n[    0.044000] pci 0000:00:15.5: [8086:2551] type 00 class 0x060401\n[    0.044000] pci 0000:00:15.6: [8086:2552] type 00 class 0x060401\n[    0.044000] pci 0000:00:15.7: [8086:2553] type 00 class 0x060401\n[    0.044000] pci 0000:00:16.0: [8086:2554] type 00 class 0x060401\n[    0.044000] pci 0000:00:16.1: [8086:2555] type 00 class 0x060401\n[    0.044000] pci 0000:00:16.2: [8086:2556] type 00 class 0x060401\n[    0.044000] pci 0000:00:16.3: [8086:2557] type 00 class 0x060401\n[    0.044000] pci 0000:00:16.4: [8086:2558] type 00 class 0x060401\n[    0.044000] pci 0000:00:16.5: [8086:2559] type 00 class 0x060401\n[    0.044000] pci 0000:00:16.6: [8086:255a] type 00 class 0x060401\n[    0.044000] pci 0000:00:16.7: [8086:255b] type 00 class 0x060401\n[    0.044000] pci 0000:00:17.0: [8086:255c] type 00 class 0x060401\n[    0.044000] pci 0000:00:17.1: [8086:255d] type 00 class 0x060401\n[    0.044000] pci 0000:00:17.2: [8086:255e] type 00 class 0x060401\n[    0.044000] pci 0000:00:17.3: [8086:255f] type 00 class 0x060401\n[    0.044000] pci 0000:00:17.4: [8086:2560] type 00 class 0x060401\n[    0.044000] pci 0000:00:17.5: [8086:2561] type 00 class 0x060401\n[    0.044000] pci 0000:00:17.6: [8086:2562] type 00 class 0x060401\n[    0.044000] pci 0000:00:17.7: [8086:2563] type 00 class 0x060401\n[    0.044000] pci 0000:00:18.0: [8086:2564] type 00 class 0x060401\n[    0.044000] pci 0000:00:18.1: [8086:2565] type 00 class 0x060401\n[    0.044000] pci 0000:00:18.2: [8086:2566] type 00 class 0x060401\n[    0.044000] pci 0000:00:18.3: [8086:2567] type 00 class 0x060401\n[    0.044000] pci 0000:00:18.4: [8086:2568] type 00 class 0x060401\n[    0.044000] pci 0000:00:18.5: [8086:2569] type 00 class 0x060401\n[    0.044000] pci 0000:00:18.6: [8086:256a] type 00 class 0x060401\n[    0.044000] pci 0000:00:18.7: [8086:256b] type 00 class 0x060401\n[    0.044000] pci 0000:00:19.0: [8086:256c] type 00 class 0x060401\n[    0.044000] pci 0000:00:19.1: [8086:256d] type 00 class 0x060401\n[    0.044000] pci 0000:00:19.2: [8086:256e] type 00 class 0x060401\n[    0.044000] pci 0000:00:19.3: [8086:256f] type 00 class 0x060401\n[    0.044000] pci 0000:00:1a.0: [8086:2570] type 00 class 0x0c0300\n[    0.044000] pci 0000:00:1a.0: reg 20: [io  0x1800-0x181f]\n[    0.044000] pci 0000:00:1a.1: [8086:2571] type 00 class 0x0c0300\n[    0.044000] pci 0000:00:1a.1: reg 20: [io  0x1820-0x183f]\n[    0.044000] pci 0000:00:1a.2: [8086:2572] type 00 class 0x0c0300\n[    0.044000] pci 0000:00:1a.2: reg 20: [io  0x1840-0x185f]\n[    0.044000] pci 0000:00:1a.7: [8086:2577] type 00 class 0x0c0320\n[    0.044000] pci 0000:00:1a.7: reg 10: [mem 0xf0504000-0xf05043ff]\n[    0.044000] pci 0000:00:1a.7: PME# supported from D0 D3hot D3cold\n[    0.044000] pci 0000:00:1a.7: PME# disabled\n[    0.044000] pci 0000:00:1b.0: [8086:2578] type 00 class 0x040300\n[    0.044000] pci 0000:00:1b.0: reg 10: [mem 0xf0500000-0xf0503fff 64bit]\n[    0.044000] pci 0000:00:1b.0: PME# supported from D0 D3hot D3cold\n[    0.044000] pci 0000:00:1b.0: PME# disabled\n[    0.044000] pci 0000:00:1c.0: [8086:2580] type 01 class 0x060400\n[    0.044000] pci 0000:00:1c.0: PME# supported from D0 D3hot D3cold\n[    0.044000] pci 0000:00:1c.0: PME# disabled\n[    0.044000] pci 0000:00:1c.1: [8086:2581] type 01 class 0x060400\n[    0.044000] pci 0000:00:1c.1: PME# supported from D0 D3hot D3cold\n[    0.044000] pci 0000:00:1c.1: PME# disabled\n[    0.044000] pci 0000:00:1c.2: [8086:2582] type 01 class 0x060400\n[    0.044000] pci 0000:00:1c.2: PME# supported from D0 D3hot D3cold\n[    0.044000] pci 0000:00:1c.2: PME# disabled\n[    0.044000] pci 0000:00:1c.3: [8086:2583] type 01 class 0x060400\n[    0.044000] pci 0000:00:1c.3: PME# supported from D0 D3hot D3cold\n[    0.044000] pci 0000:00:1c.3: PME# disabled\n[    0.044000] pci 0000:00:1c.4: [8086:2584] type 01 class 0x060400\n[    0.044000] pci 0000:00:1c.4: PME# supported from D0 D3hot D3cold\n[    0.044000] pci 0000:00:1c.4: PME# disabled\n[    0.044000] pci 0000:00:1c.5: [8086:2585] type 01 class 0x060400\n[    0.044000] pci 0000:00:1c.5: PME# supported from D0 D3hot D3cold\n[    0.044000] pci 0000:00:1c.5: PME# disabled\n[    0.044000] pci 0000:00:1d.0: [8086:258a] type 00 class 0x0c0300\n[    0.044000] pci 0000:00:1d.0: reg 20: [io  0x1860-0x187f]\n[    0.044000] pci 0000:00:1d.1: [8086:258b] type 00 class 0x0c0300\n[    0.044000] pci 0000:00:1d.1: reg 20: [io  0x1880-0x189f]\n[    0.044000] pci 0000:00:1d.2: [8086:258c] type 00 class 0x0c0300\n[    0.044000] pci 0000:00:1d.2: reg 20: [io  0x18a0-0x18bf]\n[    0.044000] pci 0000:00:1d.7: [8086:258f] type 00 class 0x0c0320\n[    0.044000] pci 0000:00:1d.7: reg 10: [mem 0xf0504400-0xf05047ff]\n[    0.044000] pci 0000:00:1d.7: PME# supported from D0 D3hot D3cold\n[    0.044000] pci 0000:00:1d.7: PME# disabled\n[    0.044000] pci 0000:00:1e.0: [8086:244e] type 01 class 0x060401\n[    0.044000] pci 0000:00:1f.0: [8086:2590] type 00 class 0x060100\n[    0.044000] pci 0000:00:1f.2: [8086:25a2] type 00 class 0x010601\n[    0.044000] pci 0000:00:1f.2: reg 10: [io  0x18f0-0x18f7]\n[    0.044000] pci 0000:00:1f.2: reg 14: [io  0x18e4-0x18e7]\n[    0.044000] pci 0000:00:1f.2: reg 18: [io  0x18e8-0x18ef]\n[    0.044000] pci 0000:00:1f.2: reg 1c: [io  0x18e0-0x18e3]\n[    0.044000] pci 0000:00:1f.2: reg 20: [io  0x18d0-0x18df]\n[    0.044000] pci 0000:00:1f.2: reg 24: [mem 0xf0504800-0xf0504bff]\n[    0.044000] pci 0000:00:1f.2: PME# supported from D3hot\n[    0.044000] pci 0000:00:1f.2: PME# disabled\n[    0.044000] pci 0000:00:1f.3: [8086:25a3] type 00 class 0x0c0500\n[    0.044000] pci 0000:00:1f.3: reg 10: [mem 0xf0504c00-0xf0504cff 64bit]\n[    0.044000] pci 0000:00:1f.3: reg 20: [io  0x18c0-0x18df]\n[    0.044000] pci 0000:01:00.0: [15ad:07b0] type 00 class 0x020000\n[    0.044000] pci 0000:01:00.0: reg 10: [mem 0xf0000000-0xf000ffff]\n[    0.044000] pci 0000:01:00.0: reg 14: [io  0x2000-0x201f]\n[    0.044000] pci 0000:01:00.0: reg 18: [mem 0xf0010000-0xf0010fff]\n[    0.044000] pci 0000:01:00.0: reg 1c: [mem 0xf0011000-0xf0011fff]\n[    0.044000] pci 0000:01:00.0: reg 20: [mem 0xf0012000-0xf0012fff]\n[    0.044000] pci 0000:01:00.0: reg 24: [mem 0xf0013000-0xf0013fff]\n[    0.044000] pci 0000:01:00.0: supports D1 D2\n[    0.044000] pci 0000:00:01.0: PCI bridge to [bus 01-01]\n[    0.044000] pci 0000:00:01.0:   bridge window [io  0x2000-0x2fff]\n[    0.044000] pci 0000:00:01.0:   bridge window [mem 0xf0000000-0xf00fffff]\n[    0.044000] pci 0000:00:01.0:   bridge window [mem 0xd0000000-0xdfffffff 64bit pref]\n[    0.044000] pci 0000:00:1c.0: PCI bridge to [bus 02-02]\n[    0.044000] pci 0000:00:1c.0:   bridge window [io  0x3000-0x3fff]\n[    0.044000] pci 0000:00:1c.0:   bridge window [mem 0xf0100000-0xf01fffff]\n[    0.044000] pci 0000:00:1c.0:   bridge window [mem 0xe0000000-0xefffffff 64bit pref]\n[    0.044000] pci 0000:00:1c.1: PCI bridge to [bus 03-03]\n[    0.044000] pci 0000:00:1c.1:   bridge window [io  0x4000-0x4fff]\n[    0.044000] pci 0000:00:1c.1:   bridge window [mem 0xf0200000-0xf02fffff]\n[    0.044000] pci 0000:00:1c.1:   bridge window [mem 0xf0000000-0xf00fffff 64bit pref]\n[    0.044000] pci 0000:00:1c.2: PCI bridge to [bus 04-04]\n[    0.044000] pci 0000:00:1c.2:   bridge window [io  0x5000-0x5fff]\n[    0.044000] pci 0000:00:1c.2:   bridge window [mem 0xf0300000-0xf03fffff]\n[    0.044000] pci 0000:00:1c.2:   bridge window [mem 0xf0100000-0xf01fffff 64bit pref]\n[    0.044000] pci 0000:00:1c.3: PCI bridge to [bus 05-05]\n[    0.044000] pci 0000:00:1c.3:   bridge window [io  0x6000-0x6fff]\n[    0.044000] pci 0000:00:1c.3:   bridge window [mem 0xf0400000-0xf04fffff]\n[    0.044000] pci 0000:00:1c.3:   bridge window [mem 0xf0200000-0xf02fffff 64bit pref]\n[    0.044000] pci 0000:00:1c.4: PCI bridge to [bus 06-06]\n[    0.044000] pci 0000:00:1c.4:   bridge window [io  0x7000-0x7fff]\n[    0.044000] pci 0000:00:1c.4:   bridge window [mem 0xf0500000-0xf05fffff]\n[    0.044000] pci 0000:00:1c.4:   bridge window [mem 0xf0300000-0xf03fffff 64bit pref]\n[    0.044000] pci 0000:00:1c.5: PCI bridge to [bus 07-07]\n[    0.044000] pci 0000:00:1c.5:   bridge window [io  0x8000-0x8fff]\n[    0.044000] pci 0000:00:1c.5:   bridge window [mem 0xf0600000-0xf06fffff]\n[    0.044000] pci 0000:00:1c.5:   bridge window [mem 0xf0400000-0xf04fffff 64bit pref]\n[    0.044000] pci 0000:00:1e.0: PCI bridge to [bus 08-08] (subtractive decode)\n[    0.044000] pci 0000:00:1e.0:   bridge window [io  0x0000-0x0cf7]\n[    0.044000] pci 0000:00:1e.0:   bridge window [io  0x0d00-0xffff]\n[    0.044000] pci 0000:00:1e.0:   bridge window [mem 0x000a0000-0x000bffff]\n[    0.044000] pci 0000:00:1e.0:   bridge window [mem 0x000c0000-0x000dffff]\n[    0.044000] pci 0000:00:1e.0:   bridge window [mem 0x000e0000-0x000fffff]\n[    0.044000] pci 0000:00:1e.0:   bridge window [mem 0x00100000-0x7f7fffff]\n[    0.044000] pci 0000:00:1e.0:   bridge window [mem 0x80000000-0xfebfffff]\n[    0.044000] pci_bus 0000:00: on NUMA node 0\n[    0.044000] ACPI: PCI Interrupt Link [LNKA] (IRQs 3 4 5 6 7 9 10 *11 12 14 15)\n[    0.044000] ACPI: PCI Interrupt Link [LNKB] (IRQs 3 4 5 6 7 9 10 11 12 14 15) *0, disabled.\n[    0.044000] ACPI: PCI Interrupt Link [LNKC] (IRQs 3 4 5 6 7 9 10 11 12 14 15) *0, disabled.\n[    0.044000] ACPI: PCI Interrupt Link [LNKD] (IRQs 3 4 5 6 7 9 10 11 12 14 15) *0, disabled.\n[    0.044000] ACPI: PCI Interrupt Link [LNKE] (IRQs 3 4 5 6 7 9 10 11 12 14 15) *0, disabled.\n[    0.044000] ACPI: PCI Interrupt Link [LNKF] (IRQs 3 4 5 6 7 9 10 11 12 14 15) *0, disabled.\n[    0.044000] ACPI: PCI Interrupt Link [LNKG] (IRQs 3 4 5 6 7 9 10 11 12 14 15) *0, disabled.\n[    0.044000] ACPI: PCI Interrupt Link [LNKH] (IRQs 3 4 5 6 7 9 10 11 12 14 15) *0, disabled.\n[    0.044000] vgaarb: device added: PCI:0000:00:0f.0,decodes=io+mem,owns=io+mem,locks=none\n[    0.044000] vgaarb: loaded\n[    0.044000] vgaarb: bridge control possible 0000:00:0f.0\n[    0.044000] SCSI subsystem initialized\n[    0.044000] libata version 3.00 loaded.\n[    0.044000] usbcore: registered new interface driver usbfs\n[    0.044000] usbcore: registered new interface driver hub\n[    0.044000] usbcore: registered new device driver usb\n[    0.044000] PCI: Using ACPI for IRQ routing\n[    0.044000] PCI: pci_cache_line_size set to 64 bytes\n[    0.044000] e820: reserve RAM buffer [mem 0x0009f800-0x0009ffff]\n[    0.044000] e820: reserve RAM buffer [mem 0x7f7e3000-0x7fffffff]\n[    0.044000] NetLabel: Initializing\n[    0.044000] NetLabel:  domain hash size = 128\n[    0.044000] NetLabel:  protocols = UNLABELED CIPSOv4\n[    0.044000] NetLabel:  unlabeled traffic allowed by default\n[    0.044000] hpet0: at MMIO 0xfed00000, IRQs 2, 8, 0\n[    0.044000] hpet0: 3 comparators, 64-bit 14.318180 MHz counter\n[    0.044000] Switching to clocksource hpet\n[    0.044000] pnp: PnP ACPI init\n[    0.044000] ACPI: bus type pnp registered\n[    0.044000] pnp: PnP ACPI: found 10 devices\n[    0.044000] ACPI: ACPI bus type pnp unregistered\n[    0.044000] system 00:01: [io  0x0290-0x029f] has been reserved\n[    0.044000] system 00:01: [io  0x0400-0x047f] has been reserved\n[    0.044000] system 00:01: [io  0x0500-0x057f] has been reserved\n[    0.044000] system 00:01: [io  0x0680-0x06ff] has been reserved\n[    0.044000] system 00:01: [io  0x164e-0x164f] has been reserved\n[    0.044000] system 00:01: [mem 0xfed1c000-0xfed1ffff] has been reserved\n[    0.044000] system 00:01: [mem 0xfed10000-0xfed17fff] has been reserved\n[    0.044000] system 00:01: [mem 0xfed18000-0xfed18fff] has been reserved\n[    0.044000] system 00:01: [mem 0xfed19000-0xfed19fff] has been reserved\n[    0.044000] system 00:01: [mem 0xf0000000-0xf7ffffff] has been reserved\n[    0.044000] system 00:01: [mem 0xfed20000-0xfed3ffff] has been reserved\n[    0.044000] system 00:01: [mem 0xfed90000-0xfed93fff] has been reserved\n[    0.044000] system 00:01: [mem 0xfed45000-0xfed8ffff] has been reserved\n[    0.044000] system 00:01: [mem 0xff000000-0xffffffff] has been reserved\n[    0.044000] system 00:01: [mem 0xfee00000-0xfeefffff] could not be reserved\n[    0.044000] system 00:02: [io  0x1800-0x18fe] has been reserved\n[    0.044000] system 00:03: [io  0x164e-0x164f] has been reserved\n[    0.044000] system 00:03: [io  0x1854-0x1857] has been reserved\n[    0.044000] system 00:04: [io  0x1800-0x18fe] has been reserved\n[    0.044000] system 00:05: [io  0x1854-0x1857] has been reserved\n[    0.044000] system 00:06: [mem 0xf0000000-0xf0003fff] has been reserved\n[    0.044000] system 00:07: [mem 0xf0004000-0xf0004fff] has been reserved\n[    0.044000] system 00:08: [mem 0xf0005000-0xf0005fff] has been reserved\n[    0.044000] system 00:09: [mem 0xf0006000-0xf0006fff] has been reserved\n[    0.044000] system 00:0a: [mem 0xf0007000-0xf0007fff] has been reserved\n[    0.044000] system 00:0b: [mem 0xf0008000-0xf0008fff] has been reserved\n[    0.044000] system 00:0c: [mem 0xf0009000-0xf0009fff] has been reserved\n[    0.044000] system 00:0d: [mem 0xf000a000-0xf000afff] has been reserved\n[    0.044000] system 00:0e: [mem 0xf000b000-0xf000bfff] has been reserved\n[    0.044000] system 00:0f: [mem 0xf000c000-0xf000cfff] has been reserved\n[    0.044000] system 00:10: [mem 0xf000d000-0xf000dfff] has been reserved\n[    0.044000] system 00:11: [mem 0xf000e000-0xf000efff] has been reserved\n[    0.044000] system 00:12: [mem 0xf000f000-0xf000ffff] has been reserved\n[    0.044000] system 00:13: [mem 0xf0010000-0xf0010fff] has been reserved\n[    0.044000] system 00:14: [mem 0xf0011000-0xf0011fff] has been reserved\n[    0.044000] system 00:15: [mem 0xf0012000-0xf0012fff] has been reserved\n[    0.044000] system 00:16: [mem 0xf0013000-0xf0013fff] has been reserved\n[    0.044000] system 00:17: [mem 0xf0014000-0xf0014fff] has been reserved\n[    0.044000] system 00:18: [mem 0xf0015000-0xf0015fff] has been reserved\n[    0.044000] system 00:19: [mem 0xf0016000-0xf0016fff] has been reserved\n[    0.044000] system 00:1a: [mem 0xf0017000-0xf0017fff] has been reserved\n[    0.044000] system 00:1b: [mem 0xf0018000-0xf0018fff] has been reserved\n[    0.044000] system 00:1c: [mem 0xf0019000-0xf0019fff] has been reserved\n[    0.044000] system 00:1d: [mem 0xf001a000-0xf001afff] has been reserved\n[    0.044000] system 00:1e: [mem 0xf001b000-0xf001bfff] has been reserved\n[    0.044000] system 00:1f: [mem 0xf001c000-0xf001cfff] has been reserved\n[    0.044000] system 00:20: [mem 0xf001d000-0xf001dfff] has been reserved\n[    0.044000] system 00:21: [mem 0xf001e000-0xf001efff] has been reserved\n[    0.044000] system 00:22: [mem 0xf001f000-0xf001ffff] has been reserved\n[    0.044000] system 00:23: [mem 0xf0020000-0xf0020fff] has been reserved\n[    0.044000] system 00:24: [mem 0xf0021000-0xf0021fff] has been reserved\n[    0.044000] system 00:25: [mem 0xf0022000-0xf0022fff] has been reserved\n[    0.044000] system 00:26: [mem 0xf0023000-0xf0023fff] has been reserved\n[    0.044000] system 00:27: [mem 0xf0024000-0xf0024fff] has been reserved\n[    0.044000] system 00:28: [mem 0xf0025000-0xf0025fff] has been reserved\n[    0.044000] system 00:29: [mem 0xf0026000-0xf0026fff] has been reserved\n[    0.044000] system 00:2a: [mem 0xf0027000-0xf0027fff] has been reserved\n[    0.044000] system 00:2b: [mem 0xf0028000-0xf0028fff] has been reserved\n[    0.044000] system 00:2c: [mem 0xf0029000-0xf0029fff] has been reserved\n[    0.044000] system 00:2d: [mem 0xf002a000-0xf002afff] has been reserved\n[    0.044000] system 00:2e: [mem 0xf002b000-0xf002bfff] has been reserved\n[    0.044000] system 00:2f: [mem 0xf002c000-0xf002cfff] has been reserved\n[    0.044000] system 00:30: [mem 0xf002d000-0xf002dfff] has been reserved\n[    0.044000] system 00:31: [mem 0xf002e000-0xf002efff] has been reserved\n[    0.044000] system 00:32: [mem 0xf002f000-0xf002ffff] has been reserved\n[    0.044000] system 00:33: [mem 0xf0030000-0xf0030fff] has been reserved\n[    0.044000] system 00:34: [mem 0xf0031000-0xf0031fff] has been reserved\n[    0.044000] system 00:35: [mem 0xf0032000-0xf0032fff] has been reserved\n[    0.044000] system 00:36: [mem 0xf0033000-0xf0033fff] has been reserved\n[    0.044000] system 00:37: [mem 0xf0034000-0xf0034fff] has been reserved\n[    0.044000] system 00:38: [mem 0xf0035000-0xf0035fff] has been reserved\n[    0.044000] system 00:39: [mem 0xf0036000-0xf0036fff] has been reserved\n[    0.044000] system 00:3a: [mem 0xf0037000-0xf0037fff] has been reserved\n[    0.044000] system 00:3b: [mem 0xf0038000-0xf0038fff] has been reserved\n[    0.044000] system 00:3c: [mem 0xf0039000-0xf0039fff] has been reserved\n[    0.044000] system 00:3d: [mem 0xf003a000-0xf003afff] has been reserved\n[    0.044000] system 00:3e: [mem 0xf003b000-0xf003bfff] has been reserved\n[    0.044000] system 00:3f: [mem 0xf003c000-0xf003cfff] has been reserved\n[    0.044000] system 00:40: [mem 0xf003d000-0xf003dfff] has been reserved\n[    0.044000] system 00:41: [mem 0xf003e000-0xf003efff] has been reserved\n[    0.044000] system 00:42: [mem 0xf003f000-0xf003ffff] has been reserved\n[    0.044000] system 00:43: [mem 0xf004