{
  "ping -c 4 www.google.com": "PING www.google.com (142.250.190.46) 56(84) bytes of data.\n64 bytes from lga34s12-in-f14.1e100.net (142.250.190.46): icmp_seq=1 ttl=117 time=12.3 ms\n64 bytes from lga34s12-in-f14.1e100.net (142.250.190.46): icmp_seq=2 ttl=117 time=11.8 ms\n64 bytes from lga34s12-in-f14.1e100.net (142.250.190.46): icmp_seq=3 ttl=117 time=11.9 ms\n64 bytes from lga34s12-in-f14.1e100.net (142.250.190.46): icmp_seq=4 ttl=117 time=12.0 ms\n--- www.google.com ping statistics ---\n4 packets transmitted, 4 received, 0% packet loss, time 3003ms\nrtt min/avg/max/mdev = 11.835/12.036/12.309/0.186 ms",
  "ping -c 4 142.250.203.174": "PING 142.250.203.174 (142.250.203.174) 56(84) bytes of data.\n64 bytes from 142.250.203.174: icmp_seq=1 ttl=117 time=12.3 ms\n64 bytes from 142.250.203.174: icmp_seq=2 ttl=117 time=11.8 ms\n64 bytes from 142.250.203.174: icmp_seq=3 ttl=117 time=12.0 ms\n64 bytes from 142.250.203.174: icmp_seq=4 ttl=117 time=12.1 ms\n--- 142.250.203.174 ping statistics ---\n4 packets transmitted, 4 received, 0% packet loss, time 3005ms\nrtt min/avg/max/mdev = 11.823/12.067/12.347/0.215 ms",
  "ip a": "1: lo: <LOOPBACK,UP,LOWER_UP> mtu 65536 qdisc noqueue state UNKNOWN qlen 1\n    link/loopback 00:00:00:00:00:00 brd 00:00:00:00:00:00\n    inet 127.0.0.1/8 scope host lo\n       valid_lft forever preferred_lft forever\n2: eth0: <BROADCAST,MULTICAST,UP,LOWER_UP> mtu 1500 qdisc pfifo_fast state UP qlen 1000\n    link/ether 00:1a:2b:3c:4d:5e brd ff:ff:ff:ff:ff:ff\n    inet 192.168.1.10/24 brd 192.168.1.255 scope global eth0\n       valid_lft forever preferred_lft forever",
  "ifconfig": "eth0      Link encap:Ethernet  HWaddr 00:1a:2b:3c:4d:5e  \n          inet addr:192.168.1.10  Bcast:192.168.1.255  Mask:255.255.255.0\n          UP BROADCAST RUNNING MULTICAST  MTU:1500  Metric:1\n          RX packets:1000 errors:0 dropped:0 overruns:0 frame:0\n          TX packets:800 errors:0 dropped:0 overruns:0 carrier:0\n          collisions:0 txqueuelen:1000 \n          RX bytes:1200000 (1.1 MB)  TX bytes:800000 (800.0 KB)\nlo        Link encap:Local Loopback  \n          inet addr:127.0.0.1  Mask:255.0.0.0\n          UP LOOPBACK RUNNING  MTU:65536  Metric:1\n          RX packets:200 errors:0 dropped:0 overruns:0 frame:0\n          TX packets:200 errors:0 dropped:0 overruns:0 carrier:0\n          collisions:0 txqueuelen:1 \n          RX bytes:20000 (20.0 KB)  TX bytes:20000 (20.0 KB)",
  "curl www.google.com": "<!doctype html>\n<html itemscope=\"\" itemtype=\"http://schema.org/WebPage\" lang=\"en\">\n<head>\n    <meta content=\"text/html; charset=UTF-8\" http-equiv=\"Content-Type\">\n    <meta content=\"width=device-width,minimum-scale=1.0,initial-scale=1.0\" name=\"viewport\">\n    <title>Google</title>\n    <script nonce=\"...\">... </script>\n    <style>...</style>\n</head>\n<body>...</body>\n</html>",
  "curl 142.250.203.174": "<!doctype html>\n<html itemscope=\"\" itemtype=\"http://schema.org/WebPage\" lang=\"en\">\n<head>\n    <meta content=\"text/html; charset=UTF-8\" http-equiv=\"Content-Type\">\n    <meta content=\"width=device-width,minimum-scale=1.0,initial-scale=1.0\" name=\"viewport\">\n    <title>Google</title>\n    <script nonce=\"...\">... </script>\n    <style>...</style>\n</head>\n<body>...</body>\n</html>",
  "traceroute www.google.com": "traceroute to www.google.com (142.250.203.174), 30 hops max, 60 byte packets\n 1  192.168.1.1 (192.168.1.1)  1.123 ms  1.234 ms  1.345 ms\n 2  * * *\n 3  * * *\n 4  * * *\n 5  * * *\n 6  * * *\n 7  * * *\n 8  * * *\n 9  * * *\n10  * * *\n11  * * *\n12  * * *\n13  * * *\n14  * * *\n15  * * *\n16  * * *\n17  * * *\n18  * * *\n19  * * *\n20  * * *\n21  * * *\n22  * * *\n23  * * *\n24  * * *\n25  * * *\n26  * * *\n27  * * *\n28  * * *\n29  * * *\n30  * * *",
  "netstat -tulpn": "Active Internet connections (servers and established)\nProto Recv-Q Send-Q Local Address           Foreign Address         State       PID/Program name    \ntcp        0      0 0.0.0.0:22            0.0.0.0:*               LISTEN      1234/sshd         \ntcp6       0      0 :::80                 :::*                    LISTEN      5678/apache2",
  "iptables -L": "Chain INPUT (policy ACCEPT)\ntarget     prot opt source               destination\nChain FORWARD (policy ACCEPT)\ntarget     prot opt source               destination\nChain OUTPUT (policy ACCEPT)\ntarget     prot opt source               destination",
  "cat /etc/resolv.conf": "# Generated by resolvconf\nnameserver 8.8.8.8\nnameserver 8.8.4.4",
  "wget www.google.com": "--2023-10-05 12:00:00--  http://www.google.com/\nResolving www.google.com (www.google.com)... 142.250.203.174\nConnecting to www.google.com (www.google.com)|142.250.203.174|:80... connected.\nHTTP request sent, awaiting response... 200 OK\nLength: 12345 (12K) [text/html]\nSaving to: \u2018index.html\u2019\nindex.html          100%[===================>]  12.34K  --.-KB/s    in 0.01s   \n2023-10-05 12:00:00 (1.23 MB/s) - \u2018index.html\u2019 saved [12345/12345]",
  "wget 142.250.203.174": "--2023-10-05 12:00:00--  http://142.250.203.174/\nResolving 142.250.203.174 (142.250.203.174)... 142.250.203.174\nConnecting to 142.250.203.174 (142.250.203.174)|142.250.203.174|:80... connected.\nHTTP request sent, awaiting response... 200 OK\nLength: 12345 (12K) [text/html]\nSaving to: \u2018index.html\u2019\nindex.html          100%[===================>]  12.34K  --.-KB/s    in 0.01s   \n2023-10-05 12:00:00 (1.23 MB/s) - \u2018index.html\u2019 saved [12345/12345]",
  "traceroute 142.250.203.174": "traceroute to 142.250.203.174 (142.250.203.174), 30 hops max, 60 byte packets\n 1  router.local (192.168.1.1)  1.123 ms  1.234 ms  1.345 ms\n 2  10.0.0.1 (10.0.0.1)  5.678 ms  5.789 ms  5.890 ms\n 3  203.0.113.1 (203.0.113.1)  10.123 ms  10.234 ms  10.345 ms\n 4  198.51.100.1 (198.51.100.1)  15.678 ms  15.789 ms  15.890 ms\n 5  142.250.203.174 (142.250.203.174)  20.123 ms  20.234 ms  20.345 ms",
  "iptables -t nat -L": null,
  "iptables -A INPUT -m conntrack --ctstate ESTABLISHED RELATED -j ACCEPT && iptables -L INPUT": "Chain INPUT (policy ACCEPT)\ntarget     prot opt source               destination\nACCEPT     all  --  anywhere             anywhere             ctstate RELATED,ESTABLISHED",
  "iptables -A INPUT -s 245.21.189.17 -j DROP && iptables -L INPUT": "Chain INPUT (policy ACCEPT)\ntarget     prot opt source               destination\nACCEPT     all  --  anywhere             anywhere             ctstate RELATED,ESTABLISHED\nDROP       all  --  245.21.189.17        anywhere",
  "iptables -A OUTPUT -p tcp --sport 22 -m conntrack --ctstate ESTABLISHED -j ACCEPT && iptables -L OUTPUT": "Chain OUTPUT (policy ACCEPT)\ntarget     prot opt source               destination\nACCEPT     tcp  --  anywhere             anywhere             ctstate ESTABLISHED,RELATED\nACCEPT     tcp  --  anywhere             anywhere             tcp spt:22",
  "netstat": "Active Internet connections (servers and established)\nProto Recv-Q Send-Q Local Address           Foreign Address         State\ntcp        0      0 0.0.0.0:22            0.0.0.0:*               LISTEN\ntcp        0      0 192.168.1.10:12345    192.168.1.20:54321      ESTABLISHED\ntcp6       0      0 :::80                 :::*                    LISTEN\nudp        0      0 0.0.0.0:53            0.0.0.0:*                           \nudp6       0      0 :::53                 :::*",
  "whois 142.250.203.174": "% Joint Whois - 142.250.203.174\n% Abuse contact for '142.250.203.174' is 'abuse@google.com'\ninetnum:        142.250.0.0 - 142.250.255.255\nnetname:        Google LLC\ncountry:        US\norg:            ORG-GL6-RIPE\nadmin-c:        GGL1-RIPE\ntech-c:         GGL1-RIPE\nstatus:         ALLOCATED PA\nmnt-by:         GOOGLE-MNT\ncreated:        2018-01-01T00:00:00Z\nlast-modified:  2018-01-01T00:00:00Z\nsource:         RIPE\norganisation:   ORG-GL6-RIPE\norg-name:       Google LLC\norg-type:       LIR\naddress:        1600 Amphitheatre Parkway\naddress:        94043\naddress:        Mountain View\naddress:        UNITED STATES\nphone:          +1-650-253-0000\nabuse-c:        AR15073-RIPE\nmnt-ref:        GOOGLE-MNT\nmnt-by:         GOOGLE-MNT\ncreated:        2018-01-01T00:00:00Z\nlast-modified:  2018-01-01T00:00:00Z\nsource:         RIPE\nperson:         Google LLC\naddress:        1600 Amphitheatre Parkway\naddress:        Mountain View, CA 94043\nphone:          +1-650-253-0000\nnic-hdl:        GGL1-RIPE\nmnt-by:         GOOGLE-MNT\ncreated:        2018-01-01T00:00:00Z\nlast-modified:  2018-01-01T00:00:00Z\nsource:         RIPE\n% This query was served by the RIPE Database Query Service version 1.106.1 (BLAARKOP)",
  "wget www.google.com && ls -la": "--2023-10-05 12:00:00--  http://www.google.com/\nResolving www.google.com (www.google.com)... 142.250.203.174\nConnecting to www.google.com (www.google.com)|142.250.203.174|:80... connected.\nHTTP request sent, awaiting response... 200 OK\nLength: 12345 (12K) [text/html]\nSaving to: \u2018index.html\u2019\nindex.html          100%[===================>]  12.34K  --.-KB/s    in 0.01s   \n2023-10-05 12:00:00 (1.23 MB/s) - \u2018index.html\u2019 saved [12345/12345]\ntotal 12\ndrwx------  2 root root 4096 Oct  5 12:00 .\ndrwxr-xr-x  3 root root 4096 Oct  5 12:00 ..\n-rw-r--r--  1 root root 12345 Oct  5 12:00 index.html",
  "ip route": "default via 192.168.1.1 dev eth0 \n192.168.1.0/24 dev eth0  proto kernel  scope link  src 192.168.1.10",
  "ip link": "1: lo: <LOOPBACK,UP,LOWER_UP> mtu 65536 qdisc noqueue state UNKNOWN qlen 1\n    link/loopback 00:00:00:00:00:00 brd 00:00:00:00:00:00\n2: eth0: <BROADCAST,MULTICAST,UP,LOWER_UP> mtu 1500 qdisc pfifo_fast state UP qlen 1000\n    link/ether 00:1a:2b:3c:4d:5e brd ff:ff:ff:ff:ff:ff",
  "ip maddr": null,
  "busybox wget": null,
  "busybox wget http://142.250.203.174": "--2023-10-05 12:00:00--  http://142.250.203.174/\nResolving 142.250.203.174 (142.250.203.174)... 142.250.203.174\nConnecting to 142.250.203.174 (142.250.203.174)|142.250.203.174|:80... connected.\nHTTP request sent, awaiting response... 200 OK\nLength: 12345 (12K) [text/html]\nSaving to: \u2018index.html\u2019\nindex.html          100%[===================>]  12.34K  --.-KB/s    in 0.01s   \n2023-10-05 12:00:00 (1.23 MB/s) - \u2018index.html\u2019 saved [12345/12345]",
  "uname -a": "Linux svr01 3.2.0-4-amd64 #1 SMP Debian 3.2.57-3 x86_64 GNU/Linux",
  "cat /proc/cpuinfo": "processor\t: 0\nvendor_id\t: GenuineIntel\ncpu family\t: 6\nmodel\t\t: 58\nmodel name\t: Intel(R) Xeon(R) CPU E5-2620 v2 @ 2.10GHz\nstepping\t: 1\nmicrocode\t: 0x1f\ncpu MHz\t\t: 2100.000\ncache size\t: 20480 KB\nphysical id\t: 0\nsiblings\t: 16\ncore id\t\t: 0\ncpu cores\t: 8\napicid\t\t: 0\ninitial apicid\t: 0\nfpu\t\t: yes\nfpu_exception\t: yes\ncpuid level\t: 11\nwp\t\t: yes\nflags\t\t: fpu vme de pse tsc msr pae mce cx8 apic sep mtrr PGE mca cmov pat pse36 clflush dts acpi mmx fxsr sse sse2 ss ht tm pbe syscall nx pdpe1gb rdtscp lm constant_tsc art arch_perfmon pebs bts rep_good nopl xtopology nonstop_tsc cpuid aperfmperf pni pclmulqdq dtes64 monitor ds_cpl vmx est tm2 ssse3 sse4_1 sse4_2 x2apic popcnt tsc_deadline_timer aes ni ssse3 sse4_1 sse4_2 x2apic popcnt tsc_deadline_timer aes ni\nbogomips\t: 4200.00\nclflush size\t: 64\ncache_alignment\t: 64\naddress sizes\t: 46 bits physical, 48 bits virtual\npower management: \nprocessor\t: 1\nvendor_id\t: GenuineIntel\ncpu family\t: 6\nmodel\t\t: 58\nmodel name\t: Intel(R) Xeon(R) CPU E5-2620 v2 @ 2.10GHz\nstepping\t: 1\nmicrocode\t: 0x1f\ncpu MHz\t\t: 2100.000\ncache size\t: 20480 KB\nphysical id\t: 0\nsiblings\t: 16\ncore id\t\t: 1\ncpu cores\t: 8\napicid\t\t: 1\ninitial apicid\t: 1\nfpu\t\t: yes\nfpu_exception\t: yes\ncpuid level\t: 11\nwp\t\t: yes\nflags\t\t: fpu vme de pse tsc msr pae mce cx8 apic sep mtrr PGE mca cmov pat pse36 clflush dts acpi mmx fxsr sse sse2 ss ht tm pbe syscall nx pdpe1gb rdtscp lm constant_tsc art arch_perfmon pebs bts rep_good nopl xtopology nonstop_tsc cpuid aperfmperf pni pclmulqdq dtes64 monitor ds_cpl vmx est tm2 ssse3 sse4_1 sse4_2 x2apic popcnt tsc_deadline_timer aes ni ssse3 sse4_1 sse4_2 x2apic popcnt tsc_deadline_timer aes ni\nbogomips\t: 4200.00\nclflush size\t: 64\ncache_alignment\t: 64\naddress sizes\t: 46 bits physical, 48 bits virtual\npower management: \n... (output truncated for brevity) ...",
  "cat /proc/meminfo": "MemTotal:        16384000 kB\nMemFree:          1234567 kB\nMemAvailable:     9876543 kB\nBuffers:          123456 kB\nCached:           2345678 kB\nSwapCached:       0 kB\nActive:           4567890 kB\nInactive:         1234567 kB\nActive(anon):     3456789 kB\nInactive(anon):   123456 kB\nActive(file):     1111111 kB\nInactive(file):   1111111 kB\nUnevictable:      0 kB\nMlocked:          0 kB\nSwapTotal:       2048000 kB\nSwapFree:        2048000 kB\nDirty:            1234 kB\nWriteback:        0 kB\nAnonPages:        3456789 kB\nMapped:           123456 kB\nShmem:           123456 kB\nSlab:            123456 kB\nSReclaimable:    123456 kB\nSUnreclaim:      123456 kB\nKernelStack:      1234 kB\nPageTables:       1234 kB\nNFS_Unstable:     0 kB\nBounce:           0 kB\nWritebackTmp:     0 kB\nCommitLimit:     20480000 kB\nCommitted_AS:    12345678 kB\nVmallocTotal:    12345678 kB\nVmallocUsed:     123456 kB\nVmallocChunk:    123456 kB\nHardwareCorrupted: 0 kB\nAnonHugePages:   123456 kB\nShmemHugePages:  0 kB\nShmemPmdMapped:  0 kB\nCmaTotal:        0 kB\nCmaFree:         0 kB\nHugePages_Total: 0\nHugePages_Free:  0\nHugePages_Rsvd:  0\nHugePages_Surp:  0\nHugepagesize:    2048 kB\nDirectMap4k:     123456 kB\nDirectMap2M:     12345678 kB\nDirectMap1G:     0 kB",
  "busybox": null,
  "apt-get -y --force-yes install nmap": "Reading package lists... Done\nBuilding dependency tree       \nReading state information... Done\nThe following extra packages will be installed:\n  nmap-common\nThe following NEW packages will be installed:\n  nmap nmap-common\n0 upgraded, 2 newly installed, 0 to remove and 0 not upgraded.\nNeed to get 2,345 kB of archives.\nAfter this operation, 10.2 MB of additional disk space will be used.\nGet:1 http://deb.debian.org/debian/ wheezy/main nmap-common all 6.40-1 [1,234 kB]\nGet:2 http://deb.debian.org/debian/ wheezy/main nmap amd64 6.40-1 [1,111 kB]\nFetched 2,345 kB in 0s (4,567 kB/s)\nSelecting previously unselected package nmap-common.\n(Reading database ... 123456 files and directories currently installed.)\nPreparing to unpack .../nmap-common_6.40-1_all.deb ...\nUnpacking nmap-common (6.40-1) ...\nSelecting previously unselected package nmap.\nPreparing to unpack .../nmap_6.40-1_amd64.deb ...\nUnpacking nmap (6.40-1) ...\nSetting up nmap-common (6.40-1) ...\nSetting up nmap (6.40-1) ...\nProcessing triggers for libc-bin (2.13-38+deb7u10) ...",
  "apt-get -y --force-yes install telnetd": "Reading package lists... Done\nBuilding dependency tree       \nReading state information... Done\nThe following NEW packages will be installed:\n  telnetd\n0 upgraded, 1 newly installed, 0 to remove and 0 not upgraded.\nNeed to get 123 kB of archives.\nAfter this operation, 456 kB of additional disk space will be used.\nGet:1 http://deb.debian.org/debian/ wheezy/main telnetd amd64 0.17-36 [123 kB]\nFetched 123 kB in 0s (456 kB/s)\nSelecting previously unselected package telnetd.\n(Reading database ... 123456 files and directories currently installed.)\nPreparing to unpack .../telnetd_0.17-36_amd64.deb ...\nUnpacking telnetd (0.17-36) ...\nSetting up telnetd (0.17-36) ...\nProcessing triggers for libc-bin (2.13-38+deb7u10) ...",
  "w": "12:00:00 up 1 day,  3:45,  1 user,  load average: 0.00, 0.01, 0.05\nUSER     TTY      FROM             LOGIN@   IDLE   JCPU   PCPU WHAT\nroot     pts/0    192.168.1.5      11:00    1.00s  0.01s  0.00s w",
  "lscpu": "Architecture:          x86_64\nCPU op-mode(s):        32-bit, 64-bit\nByte Order:            Little Endian\nCPU(s):                16\nOn-line CPU(s) list:   0-15\nThread(s) per core:    2\nCore(s) per socket:    8\nSocket(s):             1\nNUMA node(s):         1\nVendor ID:             GenuineIntel\nCPU family:            6\nModel:                 58\nModel name:            Intel(R) Xeon(R) CPU E5-2620 v2 @ 2.10GHz\nStepping:              1\nCPU MHz:               2100.000\nBogoMIPS:              4200.00\nVirtualization:        VT-x\nL1d cache:             32K\nL1i cache:             32K\nL2 cache:              256K\nL3 cache:              20480K\nNUMA node0 CPU(s):     0-15",
  "lsblk": "NAME   MAJ:MIN RM   SIZE RO TYPE MOUNTPOINT\nsda      8:0    0  100G  0 disk \n\u251c\u2500sda1   8:1    0  100G  0 part /\nsr0     11:0    1  1024M  0 rom",
  "fdisk -l": "Disk /dev/sda: 500.1 GB, 500107862016 bytes\n255 heads, 63 sectors/track, 60801 cylinders, total 976773168 sectors\nUnits = sectors of 1 * 512 = 512 bytes\nSector size (logical/physical): 512 bytes / 512 bytes\nI/O size (minimum/optimal): 512 bytes / 512 bytes\nDisk identifier: 0x00000000\n   Device Boot      Start         End      Blocks   Id  System\n/dev/sda1   *          2048   976773167   488385060   83  Linux\nDisk /dev/sdb: 1000.2 GB, 1000204886016 bytes\n255 heads, 63 sectors/track, 121601 cylinders, total 1953525168 sectors\nUnits = sectors of 1 * 512 = 512 bytes\nSector size (logical/physical): 512 bytes / 512 bytes\nI/O size (minimum/optimal): 512 bytes / 512 bytes\nDisk identifier: 0x00000000\n   Device Boot      Start         End      Blocks   Id  System\n/dev/sdb1              2048   1953525167   976760060   83  Linux",
  "dd if=/dev/zero of=/opt/swap bs=1024 count=524288": null,
  "service --status-all": "[ + ]  acpid\n [ + ]  anacron\n [ + ]  apache2\n [ + ]  atd\n [ + ]  cron\n [ - ]  dbus\n [ + ]  exim4\n [ + ]  fail2ban\n [ + ]  fetchmail\n [ + ]  gdm\n [ + ]  hostname.sh\n [ + ]  hwclock.sh\n [ + ]  ifupdown\n [ + ]  init.d\n [ + ]  iptables\n [ + ]  keyboard-setup\n [ + ]  kmod\n [ + ]  lighttpd\n [ + ]  mysql\n [ + ]  networking\n [ + ]  ntp\n [ + ]  openbsd-inetd\n [ + ]  rsyslog\n [ + ]  ssh\n [ + ]  udev\n [ + ]  ufw\n [ + ]  unattended-upgrades\n [ + ]  vsftpd\n [ - ]  x11-common\n [ + ]  xinetd\n [ + ]  zlib-flate",
  "env": "SHELL=/bin/bash\nTERM=xterm\nHISTSIZE=1000\nHISTFILESIZE=2000\nUSER=root\nLOGNAME=root\nHOME=/root\nPATH=/usr/local/sbin:/usr/local/bin:/usr/sbin:/usr/bin:/sbin:/bin\nLANG=en_US.UTF-8\nLS_COLORS=rs=0:di=01;34:ln=01;36:so=01;35:pi=01;33:ex=01;32:bd=40;33;01:cd=40;33;01:su=37;41:sg=30;43:tw=30;42:ow=34;42:\n_=/usr/bin/env",
  "dmesg": "[    0.000000] Booting Linux 3.2.0-4-amd64 ...\n[    0.000000] Linux version 3.2.0-4-amd64 (debian-kernel@lists.debian.org) (gcc version 4.7.2 (Debian 4.7.2-5)) #1 SMP Debian 3.2.57-3\n[    0.000000] Command line: BOOT_IMAGE=/vmlinuz-3.2.0-4-amd64 root=/dev/sda1 ro quiet\n[    0.000000] BIOS-provided physical RAM map:\n[    0.000000]  BIOS-e820: 0000000000000000 - 000000000009fc00 (usable)\n[    0.000000]  BIOS-e820: 000000000009fc00 - 00000000000a0000 (reserved)\n[    0.000000]  BIOS-e820: 00000000000e0000 - 0000000000100000 (reserved)\n[    0.000000]  BIOS-e820: 0000000000100000 - 000000007fffffff (usable)\n[    0.000000]  BIOS-e820: 0000000080000000 - 00000000ffffffff (reserved)\n[    0.000000] DMI not present or invalid.\n[    0.000000] e820: last_pfn = 0x7ffff max_arch_pfn = 0x400000000\n[    0.000000] MTRR default type: write-back\n[    0.000000] MTRR fixed ranges enabled:\n[    0.000000]   000000000000 - 000000000FFF write-back\n[    0.000000]   000000001000 - 000000002FFF write-through\n[    0.000000]   000000003000 - 000000003FFF write-back\n[    0.000000]   000000004000 - 000000004FFF write-through\n[    0.000000]   000000005000 - 000000005FFF write-back\n[    0.000000]   000000006000 - 000000006FFF write-through\n[    0.000000]   000000007000 - 000000007FFF write-back\n[    0.000000]   000000008000 - 000000008FFF write-through\n[    0.000000]   000000009000 - 000000009FFF write-back\n[    0.000000]   00000000A000 - 00000000BFFF write-through\n[    0.000000]   00000000C000 - 00000000CFFF write-back\n[    0.000000]   00000000D000 - 00000000DFFF write-through\n[    0.000000]   00000000E000 - 00000000FFFF write-back\n[    0.000000] MTRR variable ranges enabled:\n[    0.000000]   0 base 000000000000 mask FFFF80000000 write-back\n[    0.000000]   1 base 000000000000 mask FFFFFFFF0000 write-back\n[    0.000000]   2 base 000000000000 mask FFFFFFFFFFFF write-back\n[    0.000000]   3 base 0000000070000000 mask FFFFFFFFFFFF write-back\n[    0.000000]   4 base 0000000080000000 mask FFFFFFFFFFFF write-back\n[    0.000000]   5 base 00000000A0000000 mask FFFFFFFFFFFF write-back\n[    0.000000]   6 base 00000000C0000000 mask FFFFFFFFFFFF write-back\n[    0.000000]   7 base 00000000E0000000 mask FFFFFFFFFFFF write-back\n[    0.000000]   8 base 00000000F0000000 mask FFFFFFFFFFFF write-back\n[    0.000000]   9 base 00000000F8000000 mask FFFFFFFFFFFF write-back\n[    0.000000]   10 base 00000000FC000000 mask FFFFFFFFFFFF write-back\n[    0.000000]   11 base 00000000FE000000 mask FFFFFFFFFFFF write-back\n[    0.000000]   12 base 00000000FF000000 mask FFFFFFFFFFFF write-back\n[    0.000000]   13 base 00000000FF800000 mask FFFFFFFFFFFF write-back\n[    0.000000]   14 base 00000000FFC00000 mask FFFFFFFFFFFF write-back\n[    0.000000]   15 base 00000000FFE00000 mask FFFFFFFFFFFF write-back\n[    0.000000]   16 base 00000000FFF00000 mask FFFFFFFFFFFF write-back\n[    0.000000]   17 base 00000000FFF80000 mask FFFFFFFFFFFF write-back\n[    0.000000]   18 base 00000000FFFC0000 mask FFFFFFFFFFFF write-back\n[    0.000000]   19 base 00000000FFFE0000 mask FFFFFFFFFFFF write-back\n[    0.000000]   20 base 00000000FFFF0000 mask FFFFFFFFFFFF write-back\n[    0.000000]   21 base 00000000FFFF8000 mask FFFFFFFFFFFF write-back\n[    0.000000]   22 base 00000000FFFFC000 mask FFFFFFFFFFFF write-back\n[    0.000000]   23 base 00000000FFFFE000 mask FFFFFFFFFFFF write-back\n[    0.000000]   24 base 00000000FFFFF000 mask FFFFFFFFFFFF write-back\n[    0.000000]   25 base 00000000FFFFF800 mask FFFFFFFFFFFF write-back\n[    0.000000]   26 base 00000000FFFFFC00 mask FFFFFFFFFFFF write-back\n[    0.000000]   27 base 00000000FFFFFE00 mask FFFFFFFFFFFF write-back\n[    0.000000]   28 base 00000000FFFFFF00 mask FFFFFFFFFFFF write-back\n[    0.000000]   29 base 00000000FFFFFF80 mask FFFFFFFFFFFF write-back\n[    0.000000]   30 base 00000000FFFFFFC0 mask FFFFFFFFFFFF write-back\n[    0.000000]   31 base 00000000FFFFFFFF mask FFFFFFFFFFFF write-back\n[    0.000000] Memory: 16384000k/16384000k available (12345k kernel code, 6789k reserved, 12345k data, 12345k init)\n[    0.000000] Kernel/User page tables isolation: enabled\n[    0.000000] SLUB: Genslabs=6, HWalign=64, Order=0-3, MinObjects=0, CPUs=16, Nodes=1\n[    0.000000] Preemptible hierarchical RCU implementation.\n[    0.000000] NR_IRQS:128\n[    0.000000] Console: colour dummy device 80x25\n[    0.000000] console [tty0] enabled\n[    0.000000] Dentry cache hash table entries: 1048576 (order: 10, 4194304 bytes)\n[    0.000000] Inode-cache hash table entries: 524288 (order: 9, 2097152 bytes)\n[    0.000000] Mount-cache hash table entries: 256\n[    0.000000] Mountpoint-cache hash table entries: 256\n[    0.000000] CPU: Physical Processor ID: 0\n[    0.000000] CPU: Processor Core ID: 0\n[    0.000000] CPU: Processor Core ID: 1\n[    0.000000] CPU: Processor Core ID: 2\n[    0.000000] CPU: Processor Core ID: 3\n[    0.000000] CPU: Processor Core ID: 4\n[    0.000000] CPU: Processor Core ID: 5\n[    0.000000] CPU: Processor Core ID: 6\n[    0.000000] CPU: Processor Core ID: 7\n[    0.000000] CPU: Processor Core ID: 8\n[    0.000000] CPU: Processor Core ID: 9\n[    0.000000] CPU: Processor Core ID: 10\n[    0.000000] CPU: Processor Core ID: 11\n[    0.000000] CPU: Processor Core ID: 12\n[    0.000000] CPU: Processor Core ID: 13\n[    0.000000] CPU: Processor Core ID: 14\n[    0.000000] CPU: Processor Core ID: 15\n[    0.000000] ACPI: Core revision 20110719\n[    0.000000] ACPI: All ACPI Tables successfully acquired\n[    0.000000] ACPI: Interpreter enabled\n[    0.000000] ACPI: (supports S0 S3 S4 S5)\n[    0.000000] ACPI: Using IOAPIC for interrupt routing\n[    0.000000] ACPI: Power Resource [P000] (on)\n[    0.000000] ACPI: Power Resource [P001] (on)\n[    0.000000] ACPI: Power Resource [P002] (on)\n[    0.000000] ACPI: Power Resource [P003] (on)\n[    0.000000] ACPI: Power Resource [P004] (on)\n[    0.000000] ACPI: Power Resource [P005] (on)\n[    0.000000] ACPI: Power Resource [P006] (on)\n[    0.000000] ACPI: Power Resource [P007] (on)\n[    0.000000] ACPI: Power Resource [P008] (on)\n[    0.000000] ACPI: Power Resource [P009] (on)\n[    0.000000] ACPI: Power Resource [P00A] (on)\n[    0.000000] ACPI: Power Resource [P00B] (on)\n[    0.000000] ACPI: Power Resource [P00C] (on)\n[    0.000000] ACPI: Power Resource [P00D] (on)\n[    0.000000] ACPI: Power Resource [P00E] (on)\n[    0.000000] ACPI: Power Resource [P00F] (on)\n[    0.000000] ACPI: Power Resource [P010] (on)\n[    0.000000] ACPI: Power Resource [P011] (on)\n[    0.000000] ACPI: Power Resource [P012] (on)\n[    0.000000] ACPI: Power Resource [P013] (on)\n[    0.000000] ACPI: Power Resource [P014] (on)\n[    0.000000] ACPI: Power Resource [P015] (on)\n[    0.000000] ACPI: Power Resource [P016] (on)\n[    0.000000] ACPI: Power Resource [P017] (on)\n[    0.000000] ACPI: Power Resource [P018] (on)\n[    0.000000] ACPI: Power Resource [P019] (on)\n[    0.000000] ACPI: Power Resource [P01A] (on)\n[    0.000000] ACPI: Power Resource [P01B] (on)\n[    0.000000] ACPI: Power Resource [P01C] (on)\n[    0.000000] ACPI: Power Resource [P01D] (on)\n[    0.000000] ACPI: Power Resource [P01E] (on)\n[    0.000000] ACPI: Power Resource [P01F] (on)\n[    0.000000] ACPI: Power Resource [P020] (on)\n[    0.000000] ACPI: Power Resource [P021] (on)\n[    0.000000] ACPI: Power Resource [P022] (on)\n[    0.000000] ACPI: Power Resource [P023] (on)\n[    0.000000] ACPI: Power Resource [P024] (on)\n[    0.000000] ACPI: Power Resource [P025] (on)\n[    0.000000] ACPI: Power Resource [P026] (on)\n[    0.000000] ACPI: Power Resource [P027] (on)\n[    0.000000] ACPI: Power Resource [P028] (on)\n[    0.000000] ACPI: Power Resource [P029] (on)\n[    0.000000] ACPI: Power Resource [P02A] (on)\n[    0.000000] ACPI: Power Resource [P02B] (on)\n[    0.000000] ACPI: Power Resource [P02C] (on)\n[    0.000000] ACPI: Power Resource [P02D] (on)\n[    0.000000] ACPI: Power Resource [P02E] (on)\n[    0.000000] ACPI: Power Resource [P02F] (on)\n[    0.000000] ACPI: Power Resource [P030] (on)\n[    0.000000] ACPI: Power Resource [P031] (on)\n[    0.000000] ACPI: Power Resource [P032] (on)\n[    0.000000] ACPI: Power Resource [P033] (on)\n[    0.000000] ACPI: Power Resource [P034] (on)\n[    0.000000] ACPI: Power Resource [P035] (on)\n[    0.000000] ACPI: Power Resource [P036] (on)\n[    0.000000] ACPI: Power Resource [P037] (on)\n[    0.000000] ACPI: Power Resource [P038] (on)\n[    0.000000] ACPI: Power Resource [P039] (on)\n[    0.000000] ACPI: Power Resource [P03A] (on)\n[    0.000000] ACPI: Power Resource [P03B] (on)\n[    0.000000] ACPI: Power Resource [P03C] (on)\n[    0.000000] ACPI: Power Resource [P03D] (on)\n[    0.000000] ACPI: Power Resource [P03E] (on)\n[    0.000000] ACPI: Power Resource [P03F] (on)\n[    0.000000] ACPI: Power Resource [P040] (on)\n[    0.000000] ACPI: Power Resource [P041] (on)\n[    0.000000] ACPI: Power Resource [P042] (on)\n[    0.000000] ACPI: Power Resource [P043] (on)\n[    0.000000] ACPI: Power Resource [P044] (on)\n[    0.000000] ACPI: Power Resource [P045] (on)\n[    0.000000] ACPI: Power Resource [P046] (on)\n[    0.000000] ACPI: Power Resource [P047] (on)\n[    0.000000] ACPI: Power Resource [P048] (on)\n[    0.000000] ACPI: Power Resource [P049] (on)\n[    0.000000] ACPI: Power Resource [P04A] (on)\n[    0.000000] ACPI: Power Resource [P04B] (on)\n[    0.000000] ACPI: Power Resource [P04C] (on)\n[    0.000000] ACPI: Power Resource [P04D] (on)\n[    0.000000] ACPI: Power Resource [P04E] (on)\n[    0.000000] ACPI: Power Resource [P04F] (on)\n[    0.000000] ACPI: Power Resource [P050] (on)\n[    0.000000] ACPI: Power Resource [P051] (on)\n[    0.000000] ACPI: Power Resource [P052] (on)\n[    0.000000] ACPI: Power Resource [P053] (on)\n[    0.000000] ACPI: Power Resource [P054] (on)\n[    0.000000] ACPI: Power Resource [P055] (on)\n[    0.000000] ACPI: Power Resource [P056] (on)\n[    0.000000] ACPI: Power Resource [P057] (on)\n[    0.000000] ACPI: Power Resource [P058] (on)\n[    0.000000] ACPI: Power Resource [P059] (on)\n[    0.000000] ACPI: Power Resource [P05A] (on)\n[    0.000000] ACPI: Power Resource [P05B] (on)\n[    0.000000] ACPI: Power Resource [P05C] (on)\n[    0.000000] ACPI: Power Resource [P05D] (on)\n[    0.000000] ACPI: Power Resource [P05E] (on)\n[    0.000000] ACPI: Power Resource [P05F] (on)\n[    0.000000] ACPI: Power Resource [P060] (on)\n[    0.000000] ACPI: Power Resource [P061] (on)\n[    0.000000] ACPI: Power Resource [P062] (on)\n[    0.000000] ACPI: Power Resource [P063] (on)\n[    0.000000] ACPI: Power Resource [P064] (on)\n[    0.000000] ACPI: Power Resource [P065] (on)\n[    0.000000] ACPI: Power Resource [P066] (on)\n[    0.000000] ACPI: Power Resource [P067] (on)\n[    0.000000] ACPI: Power Resource [P068] (on)\n[    0.000000] ACPI: Power Resource [P069] (on)\n[    0.000000] ACPI: Power Resource [P06A] (on)\n[    0.000000] ACPI: Power Resource [P06B] (on)\n[    0.000000] ACPI: Power Resource [P06C] (on)\n[    0.000000] ACPI: Power Resource [P06D] (on)\n[    0.000000] ACPI: Power Resource [P06E] (on)\n[    0.000000] ACPI: Power Resource [P06F] (on)\n[    0.000000] ACPI: Power Resource [P070] (on)\n[    0.000000] ACPI: Power Resource [P071] (on)\n[    0.000000] ACPI: Power Resource [P072] (on)\n[    0.000000] ACPI: Power Resource [P073] (on)\n[    0.000000] ACPI: Power Resource [P074] (on)\n[    0.000000] ACPI: Power Resource [P075] (on)\n[    0.000000] ACPI: Power Resource [P076] (on)\n[    0.000000] ACPI: Power Resource [P077] (on)\n[    0.000000] ACPI: Power Resource [P078] (on)\n[    0.000000] ACPI: Power Resource [P079] (on)\n[    0.000000] ACPI: Power Resource [P07A] (on)\n[    0.000000] ACPI: Power Resource [P07B] (on)\n[    0.000000] ACPI: Power Resource [P07C] (on)\n[    0.000000] ACPI: Power Resource [P07D] (on)\n[    0.000000] ACPI: Power Resource [P07E] (on)\n[    0.000000] ACPI: Power Resource [P07F] (on)\n[    0.000000] ACPI: Power Resource [P080] (on)\n[    0.000000] ACPI: Power Resource [P081] (on)\n[    0.000000] ACPI: Power Resource [P082] (on)\n[    0.000000] ACPI: Power Resource [P083] (on)\n[    0.000000] ACPI: Power Resource [P084] (on)\n[    0.000000] ACPI: Power Resource [P085] (on)\n[    0.000000] ACPI: Power Resource [P086] (on)\n[    0.000000] ACPI: Power Resource [P087] (on)\n[    0.000000] ACPI: Power Resource [P088] (on)\n[    0.000000] ACPI: Power Resource [P089] (on)\n[    0.000000] ACPI: Power Resource [P08A] (on)\n[    0.000000] ACPI: Power Resource [P08B] (on)\n[    0.000000] ACPI: Power Resource [P08C] (on)\n[    0.000000] ACPI: Power Resource [P08D] (on)\n[    0.000000] ACPI: Power Resource [P08E] (on)\n[    0.000000] ACPI: Power Resource [P08F] (on)\n[    0.000000] ACPI: Power Resource [P090] (on)\n[    0.000000] ACPI: Power Resource [P091] (on)\n[    0.000000] ACPI: Power Resource [P092] (on)\n[    0.000000] ACPI: Power Resource [P093] (on)\n[    0.000000] ACPI: Power Resource [P094] (on)\n[    0.000000] ACPI: Power Resource [P095] (on)\n[    0.000000] ACPI: Power Resource [P096] (on)\n[    0.000000] ACPI: Power Resource [P097] (on)\n[    0.000000] ACPI: Power Resource [P098] (on)\n[    0.000000] ACPI: Power Resource [P099] (on)\n[    0.000000] ACPI: Power Resource [P09A] (on)\n[    0.000000] ACPI: Power Resource [P09B] (on)\n[    0.000000] ACPI: Power Resource [P09C] (on)\n[    0.000000] ACPI: Power Resource [P09D] (on)\n[    0.000000] ACPI: Power Resource [P09E] (on)\n[    0.000000] ACPI: Power Resource [P09F] (on)\n[    0.000000] ACPI: Power Resource [P0A0] (on)\n[    0.000000] ACPI: Power Resource [P0A1] (on)\n[    0.000000] ACPI: Power Resource [P0A2] (on)\n[    0.000000] ACPI: Power Resource [P0A3] (on)\n[    0.000000] ACPI: Power Resource [P0A4] (on)\n[    0.000000] ACPI: Power Resource [P0A5] (on)\n[    0.000000] ACPI: Power Resource [P0A6] (on)\n[    0.000000] ACPI: Power Resource [P0A7] (on)\n[    0.000000] ACPI: Power Resource [P0A8] (on)\n[    0.000000] ACPI: Power Resource [P0A9] (on)\n[    0.000000] ACPI: Power Resource [P0AA] (on)\n[    0.000000] ACPI: Power Resource [P0AB] (on)\n[    0.000000] ACPI: Power Resource [P0AC] (on)\n[    0.000000] ACPI: Power Resource [P0AD] (on)\n[    0.000000] ACPI: Power Resource [P0AE] (on)\n[    0.000000] ACPI: Power Resource [P0AF] (on)\n[    0.000000] ACPI: Power Resource [P0B0] (on)\n[    0.000000] ACPI: Power Resource [P0B1] (on)\n[    0.000000] ACPI: Power Resource [P0B2] (on)\n[    0.000000] ACPI: Power Resource [P0B3] (on)\n[    0.000000] ACPI: Power Resource [P0B4] (on)\n[    0.000000] ACPI: Power Resource [P0B5] (on)\n[    0.000000] ACPI: Power Resource [P0B6] (on)\n[    0.000000] ACPI: Power Resource [P0B7] (on)\n[    0.000000] ACPI: Power Resource [P0B8] (on)\n[    0.000000] ACPI: Power Resource [P0B9] (on)\n[    0.000000] ACPI: Power Resource [P0BA] (on)\n[    0.000000] ACPI: Power Resource [P0BB] (on)\n[    0.000000] ACPI: Power Resource [P0BC] (on)\n[    0.000000] ACPI: Power Resource [P0BD] (on)\n[    0.000000] ACPI: Power Resource [P0BE] (on)\n[    0.000000] ACPI: Power Resource [P0BF] (on)\n[    0.000000] ACPI: Power Resource [P0C0] (on)\n[    0.000000] ACPI: Power Resource [P0C1] (on)\n[    0.000000] ACPI: Power Resource [P0C2] (on)\n[    0.000000] ACPI: Power Resource [P0C3] (on)\n[    0.000000] ACPI: Power Resource [P0C4] (on)\n[    0.000000] ACPI: Power Resource [P0C5] (on)\n[    0.000000] ACPI: Power Resource [P0C6] (on)\n[    0.000000] ACPI: Power Resource [P0C7] (on)\n[    0.000000] ACPI: Power Resource [P0C8] (on)\n[    0.000000] ACPI: Power Resource [P0C9] (on)\n[    0.000000] ACPI: Power Resource [P0CA] (on)\n[    0.000000] ACPI: Power Resource [P0CB] (on)\n[    0.000000] ACPI: Power Resource [P0CC] (on)\n[    0.000000] ACPI: Power Resource [P0CD] (on)\n[    0.000000] ACPI: Power Resource [P0CE] (on)\n[    0.000000] ACPI: Power Resource [P0CF] (on)\n[    0.000000] ACPI: Power Resource [P0D0] (on)\n[    0.000000] ACPI: Power Resource [P0D1] (on)\n[    0.000000] ACPI: Power Resource [P0D2] (on)\n[    0.000000] ACPI: Power Resource [P0D3] (on)\n[    0.000000] ACPI: Power Resource [P0D4] (on)\n[    0.000000] ACPI: Power Resource [P0D5] (on)\n[    0.000000] ACPI: Power Resource [P0D6] (on)\n[    0.000000] ACPI: Power Resource [P0D7] (on)\n[    0.000000] ACPI: Power Resource [P0D8] (on)\n[    0.000000] ACPI: Power Resource [P0D9] (on)\n[    0.000000] ACPI: Power Resource [P0DA] (on)\n[    0.000000] ACPI: Power Resource [P0DB] (on)\n[    0.000000] ACPI: Power Resource [P0DC] (on)\n[    0.000000] ACPI: Power Resource [P0DD] (on)\n[    0.000000] ACPI: Power Resource [P0DE] (on)\n[    0.000000] ACPI: Power Resource [P0DF] (on)\n[    0.000000] ACPI: Power Resource [P0E0] (on)\n[    0.000000] ACPI: Power Resource [P0E1] (on)\n[    0.000000] ACPI: Power Resource [P0E2] (on)\n[    0.000000] ACPI: Power Resource [P0E3] (on)\n[    0.000000] ACPI: Power Resource [P0E4] (on)\n[    0.000000] ACPI: Power Resource [P0E5] (on)\n[    0.000000] ACPI: Power Resource [P0E6] (on)\n[    0.000000] ACPI: Power Resource [P0E7] (on)\n[    0.000000] ACPI: Power Resource [P0E8] (on)\n[    0.000000] ACPI: Power Resource [P0E9] (on)\n[    0.000000] ACPI: Power Resource [P0EA] (on)\n[    0.000000] ACPI: Power Resource [P0EB] (on)\n[    0.000000] ACPI: Power Resource [P0EC] (on)\n[    0.000000] ACPI: Power Resource [P0ED] (on)\n[    0.000000] ACPI: Power Resource [P0EE] (on)\n[    0.000000] ACPI: Power Resource [P0EF] (on)\n[    0.000000] ACPI: Power Resource [P0F0] (on)\n[    0.000000] ACPI: Power Resource [P0F1] (on)\n[    0.000000] ACPI: Power Resource [P0F2] (on)\n[    0.000000] ACPI: Power Resource [P0F3] (on)\n[    0.000000] ACPI: Power Resource [P0F4] (on)\n[    0.000000] ACPI: Power Resource [P0F5] (on)\n[    0.000000] ACPI: Power Resource [P0F6] (on)\n[    0.000000] ACPI: Power Resource [P0F7] (on)\n[    0.000000] ACPI: Power Resource [P0F8] (on)\n[    0.000000] ACPI: Power Resource [P0F9] (on)\n[    0.000000] ACPI: Power Resource [P0FA] (on)\n[    0.000000] ACPI: Power Resource [P0FB] (on)\n[    0.000000] ACPI: Power Resource [P0FC] (on)\n[    0.000000] ACPI: Power Resource [P0FD] (on)\n[    0.000000] ACPI: Power Resource [P0FE] (on)\n[    0.000000] ACPI: Power Resource [P0FF] (on)\n[    0.000000] ACPI: Power Resource [P100] (on)\n[    0.000000] ACPI: Power Resource [P101] (on)\n[    0.000000] ACPI: Power Resource [P102] (on)\n[    0.000000] ACPI: Power Resource [P103] (on)\n[    0.000000] ACPI: Power Resource [P104] (on)\n[    0.000000] ACPI: Power Resource [P105] (on)\n[    0.000000] ACPI: Power Resource [P106] (on)\n[    0.000000] ACPI: Power Resource [P107] (on)\n[    0.000000] ACPI: Power Resource [P108] (on)\n[    0.000000] ACPI: Power Resource [P109] (on)\n[    0.000000] ACPI: Power Resource [P10A] (on)\n[    0.000000] ACPI: Power Resource [P10B] (on)\n[    0.000000] ACPI: Power Resource [P10C] (on)\n[    0.000000] ACPI: Power Resource [P10D] (on)\n[    0.000000] ACPI: Power Resource [P10E] (on)\n[    0.000000] ACPI: Power Resource [P10F] (on)\n[    0.000000] ACPI: Power Resource [P110] (on)\n[    0.000000] ACPI: Power Resource [P111] (on)\n[    0.000000] ACPI: Power Resource [P112] (on)\n[    0.000000] ACPI: Power Resource [P113] (on)\n[    0.000000] ACPI: Power Resource [P114] (on)\n[    0.000000] ACPI: Power Resource [P115] (on)\n[    0.000000] ACPI: Power Resource [P116] (on)\n[    0.000000] ACPI: Power Resource [P117] (on)\n[    0.000000] ACPI: Power Resource [P118] (on)\n[    0.000000] ACPI: Power Resource [P119] (on)\n[    0.000000] ACPI: Power Resource [P11A] (on)\n[    0.000000] ACPI: Power Resource [P11B] (on)\n[    0.000000] ACPI: Power Resource [P11C] (on)\n[    0.000000] ACPI: Power Resource [P11D] (on)\n[    0.000000] ACPI: Power Resource [P11E] (on)\n[    0.000000] ACPI: Power Resource [P11F] (on)\n[    0.000000] ACPI: Power Resource [P120] (on)\n[    0.000000] ACPI: Power Resource [P121] (on)\n[    0.000000] ACPI: Power Resource [P122] (on)\n[    0.000000] ACPI: Power Resource [P123] (on)\n[    0.000000] ACPI: Power Resource [P124] (on)\n[    0.000000] ACPI: Power Resource [P125] (on)\n[    0.000000] ACPI: Power Resource [P126] (on)\n[    0.000000] ACPI: Power Resource [P127] (on)\n[    0.000000] ACPI: Power Resource [P128] (on)\n[    0.000000] ACPI: Power Resource [P129] (on)\n[    0.000000] ACPI: Power Resource [P12A] (on)\n[    0.000000] ACPI: Power Resource [P12B] (on)\n[    0.000000] ACPI: Power Resource [P12C] (on)\n[    0.000000] ACPI: Power Resource [P12D] (on)\n[    0.000000] ACPI: Power Resource [P12E] (on)\n[    0.000000] ACPI: Power Resource [P12F] (on)\n[    0.000000] ACPI: Power Resource [P130] (on)\n[    0.000000] ACPI: Power Resource [P131] (on)\n[    0.000000] ACPI: Power Resource [P132] (on)\n[    0.000000] ACPI: Power Resource [P133] (on)\n[    0.000000] ACPI: Power Resource [P134] (on)\n[    0.000000] ACPI: Power Resource [P135] (on)\n[    0.000000] ACPI: Power Resource [P136] (on)\n[    0.000000] ACPI: Power Resource [P137] (on)\n[    0.000000] ACPI: Power Resource [P138] (on)\n[    0.000000] ACPI: Power Resource [P139] (on)\n[    0.000000] ACPI: Power Resource [P13A] (on)\n[    0.000000] ACPI: Power Resource [P13B] (on)\n[    0.000000] ACPI: Power Resource [P13C] (on)\n[    0.000000] ACPI: Power Resource [P13D] (on)\n[    0.000000] ACPI: Power Resource [P13E] (on)\n[    0.000000] ACPI: Power Resource [P13F] (on)\n[    0.000000] ACPI: Power Resource [P140] (on)\n[    0.000000] ACPI: Power Resource [P141] (on)\n[    0.000000] ACPI: Power Resource [P142] (on)\n[    0.000000] ACPI: Power Resource [P143] (on)\n[    0.000000] ACPI: Power Resource [P144] (on)\n[    0.000000] ACPI: Power Resource [P145] (on)\n[    0.000000] ACPI: Power Resource [P146] (on)\n[    0.000000] ACPI: Power Resource [P147] (on)\n[    0.000000] ACPI: Power Resource [P148] (on)\n[    0.000000] ACPI: Power Resource [P149] (on)\n[    0.000000] ACPI: Power Resource [P14A] (on)\n[    0.000000] ACPI: Power Resource [P14B] (on)\n[    0.000000] ACPI: Power Resource [P14C] (on)\n[    0.000000] ACPI: Power Resource [P14D] (on)\n[    0.000000] ACPI: Power Resource [P14E] (on)\n[    0.000000] ACPI: Power Resource [P14F] (on)\n[    0.000000] ACPI: Power Resource [P150] (on)\n[    0.000000] ACPI: Power Resource [P151] (on)\n[    0.000000] ACPI: Power Resource [P152] (on)\n[    0.000000] ACPI: Power Resource [P153] (on)\n[    0.000000] ACPI: Power Resource [P154] (on)\n[    0.000000] ACPI: Power Resource [P155] (on)\n[    0.000000] ACPI: Power Resource [P156] (on)\n[    0.000000] ACPI: Power Resource [P157] (on)\n[    0.000000] ACPI: Power Resource [P158] (on)\n[    0.000000] ACPI: Power Resource [P159] (on)\n[    0.000000] ACPI: Power Resource [P15A] (on)\n[    0.000000] ACPI: Power Resource [P15B] (on)\n[    0.000000] ACPI: Power Resource [P15C] (on)\n[    0.000000] ACPI: Power Resource [P15D] (on)\n[    0.000000] ACPI: Power Resource [P15E] (on)\n[    0.000000] ACPI: Power Resource [P15F] (on)\n[    0.000000] ACPI: Power Resource [P160] (on)\n[    0.000000] ACPI: Power Resource [P161] (on)\n[    0.000000] ACPI: Power Resource [P162] (on)\n[    0.000000] ACPI: Power Resource [P163] (on)\n[    0.000000] ACPI: Power Resource [P164] (on)\n[    0.000000] ACPI: Power Resource [P165] (on)\n[    0.000000] ACPI: Power Resource [P166] (on)\n[    0.000000] ACPI: Power Resource [P167] (on)\n[    0.000000] ACPI: Power Resource [P168] (on)\n[    0.000000] ACPI: Power Resource [P169] (on)\n[    0.000000] ACPI: Power Resource [P16A] (on)\n[    0.000000] ACPI: Power Resource [P16B] (on)\n[    0.000000] ACPI: Power Resource [P16C] (on)\n[    0.000000] ACPI: Power Resource [P16D] (on)\n[    0.000000] ACPI: Power Resource [P16E] (on)\n[    0.000000] ACPI: Power Resource [P16F] (on)\n[    0.000000] ACPI: Power Resource [P170] (on)\n[    0.000000] ACPI: Power Resource [P171] (on)\n[    0.000000] ACPI: Power Resource [P172] (on)\n[    0.000000] ACPI: Power Resource [P173] (on)\n[    0.000000] ACPI: Power Resource [P174] (on)\n[    0.000000] ACPI: Power Resource [P175] (on)\n[    0.000000] ACPI: Power Resource [P176] (on)\n[    0.000000] ACPI: Power Resource [P177] (on)\n[    0.000000] ACPI: Power Resource [P178] (on)\n[    0.000000] ACPI: Power Resource [P179] (on)\n[    0.000000] ACPI: Power Resource [P17A] (on)\n[    0.000000] ACPI: Power Resource [P17B] (on)\n[    0.000000] ACPI: Power Resource [P17C] (on)\n[    0.000000] ACPI: Power Resource [P17D] (on)\n[    0.000000] ACPI: Power Resource [P17E] (on)\n[    0.000000] ACPI: Power Resource [P17F] (on)\n[    0.000000] ACPI: Power Resource [P180] (on)\n[    0.000000] ACPI: Power Resource [P181] (on)\n[    0.000000] ACPI: Power Resource [P182] (on)\n[    0.000000] ACPI: Power Resource [P183] (on)\n[    0.000000] ACPI: Power Resource [P184] (on)\n[    0.000000] ACPI: Power Resource [P185] (on)\n[    0.000000] ACPI: Power Resource [P186] (on)\n[    0.000000] ACPI: Power Resource [P187] (on)\n[    0.000000] ACPI: Power Resource [P188] (on)\n[    0.000000] ACPI: Power Resource [P189] (on)\n[    0.000000] ACPI: Power Resource [P18A] (on)\n[    0.000000] ACPI: Power Resource [P18B] (on)\n[    0.000000] ACPI: Power Resource [P18C] (on)\n[    0.000000] ACPI: Power Resource [P18D] (on)\n[    0.000000] ACPI: Power Resource [P18E] (on)\n[    0.000000] ACPI: Power Resource [P18F] (on)\n[    0.000000] ACPI: Power Resource [P190] (on)\n[    0.000000] ACPI: Power Resource [P191] (on)\n[    0.000000] ACPI: Power Resource [P192] (on)\n[    0.000000] ACPI: Power Resource [P193] (on)\n[    0.000000] ACPI: Power Resource [P194] (on)\n[    0.000000] ACPI: Power Resource [P195] (on)\n[    0.000000] ACPI: Power Resource [P196] (on)\n[    0.000000] ACPI: Power Resource [P197] (on)\n[    0.000000] ACPI: Power Resource [P198] (on)\n[    0.000000] ACPI: Power Resource [P199] (on)\n[    0.000000] ACPI: Power Resource [P19A] (on)\n[    0.000000] ACPI: Power Resource [P19B] (on)\n[    0.000000] ACPI: Power Resource [P19C] (on)\n[    0.000000] ACPI: Power Resource [P19D] (on)\n[    0.000000] ACPI: Power Resource [P19E] (on)\n[    0.000000] ACPI: Power Resource [P19F] (on)\n[    0.000000] ACPI: Power Resource [P1A0] (on)\n[    0.000000] ACPI: Power Resource [P1A1] (on)\n[    0.000000] ACPI: Power Resource [P1A2] (on)\n[    0.000000] ACPI: Power Resource [P1A3] (on)\n[    0.000000] ACPI: Power Resource [P1A4] (on)\n[    0.000000] ACPI: Power Resource [P1A5] (on)\n[    0.000000] ACPI: Power Resource [P1A6] (on)\n[    0.000000] ACPI: Power Resource [P1A7] (on)\n[    0.000000] ACPI: Power Resource [P1A8] (on)\n[    0.000000] ACPI: Power Resource [P1A9] (on)\n[    0.000000] ACPI: Power Resource [P1AA] (on)\n[    0.000000] ACPI: Power Resource [P1AB] (on)\n[    0.000000] ACPI: Power Resource [P1AC] (on)\n[    0.000000] ACPI: Power Resource [P1AD] (on)\n[    0.000000] ACPI: Power Resource [P1AE] (on)\n[    0.000000] ACPI: Power Resource [P1AF] (on)\n[    0.000000] ACPI: Power Resource [P1B0] (on)\n[    0.000000] ACPI: Power Resource [P1B1] (on)\n[    0.000000] ACPI: Power Resource [P1B2] (on)\n[    0.000000] ACPI: Power Resource [P1B3] (on)\n[    0.000000] ACPI: Power Resource [P1B4] (on)\n[    0.000000] ACPI: Power Resource [P1B5] (on)\n[    0.000000] ACPI: Power Resource [P1B6] (on)\n[    0.000000] ACPI: Power Resource [P1B7] (on)\n[    0.000000] ACPI: Power Resource [P1B8] (on)\n[    0.000000] ACPI: Power Resource [P1B9] (on)\n[    0.000000] ACPI: Power Resource [P1BA] (on)\n[    0.000000] ACPI: Power Resource [P1BB] (on)\n[    0.000000] ACPI: Power Resource [P1BC] (on)\n[    0.000000] ACPI: Power Resource [P1BD] (on)\n[    0.000000] ACPI: Power Resource [P1BE] (on)\n[    0.000000] ACPI: Power Resource [P1BF] (on)\n[    0.000000] ACPI: Power Resource [P1C0] (on)\n[    0.000000] ACPI: Power Resource [P1C1] (on)\n[    0.000000] ACPI: Power Resource [P1C2] (on)\n[    0.000000] ACPI: Power Resource [P1C3] (on)\n[    0.000000] ACPI: Power Resource [P1C4] (on)\n[    0.000000] ACPI: Power Resource [P1C5] (on)\n[    0.000000] ACPI: Power Resource [P1C6] (on)\n[    0.000000] ACPI: Power Resource [P1C7] (on)\n[    0.000000] ACPI: Power Resource [P1C8] (on)\n[    0.000000] ACPI: Power Resource [P1C9] (on)\n[    0.000000] ACPI: Power Resource [P1CA] (on)\n[    0.000000] ACPI: Power Resource [P1CB] (on)\n[    0.000000] ACPI: Power Resource [P1CC] (on)\n[    0.000000] ACPI: Power Resource [P1CD] (on)\n[    0.000000] ACPI: Power Resource [P1CE] (on)\n[    0.000000] ACPI: Power Resource [P1CF] (on)\n[    0.000000] ACPI: Power Resource [P1D0] (on)\n[    0.000000] ACPI: Power Resource [P1D1] (on)\n[    0.000000] ACPI: Power Resource [P1D2] (on)\n[    0.000000] ACPI: Power Resource [P1D3] (on)\n[    0.000000] ACPI: Power Resource [P1D4] (on)\n[    0.000000] ACPI: Power Resource [P1D5] (on)\n[    0.000000] ACPI: Power Resource [P1D6] (on)\n[    0.000000] ACPI: Power Resource [P1D7] (on)\n[    0.000000] ACPI: Power Resource [P1D8] (on)\n[    0.000000] ACPI: Power Resource [P1D9] (on)\n[    0.000000] ACPI: Power Resource [P1DA] (on)\n[    0.000000] ACPI: Power Resource [P1DB] (on)\n[    0.000000] ACPI: Power Resource [P1DC] (on)\n[    0.000000] ACPI: Power Resource [P1DD] (on)\n[    0.000000] ACPI: Power Resource [P1DE] (on)\n[    0.000000] ACPI: Power Resource [P1DF] (on)\n[    0.000000] ACPI: Power Resource [P1E0] (on)\n[    0.000000] ACPI: Power Resource [P1E1] (on)\n[    0.000000] ACPI: Power Resource [P1E2] (on)\n[    0.000000] ACPI: Power Resource [P1E3] (on)\n[    0.000000] ACPI: Power Resource [P1E4] (on)\n[    0.000000] ACPI: Power Resource [P1E5] (on)\n[    0.000000] ACPI: Power Resource [P1E6] (on)\n[    0.000000] ACPI: Power Resource [P1E7] (on)\n[    0.000000] ACPI: Power Resource [P1E8] (on)\n[    0.000000] ACPI: Power Resource [P1E9] (on)\n[    0.000000] ACPI: Power Resource [P1EA] (on)\n[    0.000000] ACPI: Power Resource [P1EB] (on)\n[    0.000000] ACPI: Power Resource [P1EC] (on)\n[    0.000000] ACPI: Power Resource [P1ED] (on)\n[    0.000000] ACPI: Power Resource [P1EE] (on)\n[    0.000000] ACPI: Power Resource [P1EF] (on)\n[    0.000000] ACPI: Power Resource [P1F0] (on)\n[    0.000000] ACPI: Power Resource [P1F1] (on)\n[    0.000000] ACPI: Power Resource [P1F2] (on)\n[    0.000000] ACPI: Power Resource [P1F3] (on)\n[    0.000000] ACPI: Power Resource [P1F4] (on)\n[    0.000000] ACPI: Power Resource [P1F5] (on)\n[    0.000000] ACPI: Power Resource [P1F6] (on)\n[    0.000000] ACPI: Power Resource [P1F7] (on)\n[    0.000000] ACPI: Power Resource [P1F8] (on)\n[    0.000000] ACPI: Power Resource [P1F9] (on)\n[    0.000000] ACPI: Power Resource [P1FA] (on)\n[    0.000000] ACPI: Power Resource [P1FB] (on)\n[    0.000000] ACPI: Power Resource [P1FC] (on)\n[    0.000000] ACPI: Power Resource [P1FD] (on)\n[    0.000000] ACPI: Power Resource [P1FE] (on)\n[    0.000000] ACPI: Power Resource [P1FF] (on)\n[    0.000000] ACPI: Power Resource [P200] (on)\n[    0.000000] ACPI: Power Resource [P201] (on)\n[    0.000000] ACPI: Power Resource [P202] (on)\n[    0.000000] ACPI: Power Resource [P203] (on)\n[    0.000000] ACPI: Power Resource [P204] (on)\n[    0.000000] ACPI: Power Resource [P205] (on)\n[    0.000000] ACPI: Power Resource [P206] (on)\n[    0.000000] ACPI: Power Resource [P207] (on)\n[    0.000000] ACPI: Power Resource [P208] (on)\n[    0.000000] ACPI: Power Resource [P209] (on)\n[    0.000000] ACPI: Power Resource [P20A] (on)\n[    0.000000] ACPI: Power Resource [P20B] (on)\n[    0.000000] ACPI: Power Resource [P20C] (on)\n[    0.000000] ACPI: Power Resource [P20D] (on)\n[    0.000000] ACPI: Power Resource [P20E] (on)\n[    0.000000] ACPI: Power Resource [P20F] (on)\n[    0.000000] ACPI: Power Resource [P210] (on)\n[    0.000000] ACPI: Power Resource [P211] (on)\n[    0.000000] ACPI: Power Resource [P212] (on)\n[    0.000000] ACPI: Power Resource [P213] (on)\n[    0.000000] ACPI: Power Resource [P214] (on)\n[    0.000000] ACPI: Power Resource [P215] (on)\n[    0.000000] ACPI: Power Resource [P216] (on)\n[    0.000000] ACPI: Power Resource [P217] (on)\n[    0.000000] ACPI: Power Resource [P218] (on)\n[    0.000000] ACPI: Power Resource [P219] (on)\n[    0.000000] ACPI: Power Resource [P21A] (on)\n[    0.000000] ACPI: Power Resource [P21B] (on)\n[    0.000000] ACPI: Power Resource [P21C] (on)\n[    0.000000] ACPI: Power Resource [P21D] (on)\n[    0.000000] ACPI: Power Resource [P21E] (on)\n[    0.000000] ACPI: Power Resource [P21F] (on)\n[    0.000000] ACPI: Power Resource [P220] (on)\n[    0.000000] ACPI: Power Resource [P221] (on)\n[    0.000000] ACPI: Power Resource [P222] (on)\n[    0.000000] ACPI: Power Resource [P223] (on)\n[    0.000000] ACPI: Power Resource [P224] (on)\n[    0.000000] ACPI: Power Resource [P225] (on)\n[    0.000000] ACPI: Power Resource [P226] (on)\n[    0.000000] ACPI: Power Resource [P227] (on)\n[    0.000000] ACPI: Power Resource [P228] (on)\n[    0.000000] ACPI: Power Resource [P229] (on)\n[    0.000000] ACPI: Power Resource [P22A] (on)\n[    0.000000] ACPI: Power Resource [P22B] (on)\n[    0.000000] ACPI: Power Resource [P22C] (on)\n[    0.000000] ACPI: Power Resource [P22D] (on)\n[    0.000000] ACPI: Power Resource [P22E] (on)\n[    0.000000] ACPI: Power Resource [P22F] (on)\n[    0.000000] ACPI: Power Resource [P230] (on)\n[    0.000000] ACPI: Power Resource [P231] (on)\n[    0.000000] ACPI: Power Resource [P232] (on)\n[    0.000000] ACPI: Power Resource [P233] (on)\n[    0.000000] ACPI: Power Resource [P234] (on)\n[    0.000000] ACPI: Power Resource [P235] (on)\n[    0.000000] ACPI: Power Resource [P236] (on)\n[    0.000000] ACPI: Power Resource [P237] (on)\n[    0.000000] ACPI: Power Resource [P238] (on)\n[    0.000000] ACPI: Power Resource [P239] (on)\n[    0.000000] ACPI: Power Resource [P23A] (on)\n[    0.000000] ACPI: Power Resource [P23B] (on)\n[    0.000000] ACPI: Power Resource [P23C] (on)\n[    0.000000] ACPI: Power Resource [P23D] (on)\n[    0.000000] ACPI: Power Resource [P23E] (on)\n[    0.000000] ACPI: Power Resource [P23F] (on)\n[    0.000000] ACPI: Power Resource [P240] (on)\n[    0.000000] ACPI: Power Resource [P241] (on)\n[    0.000000] ACPI: Power Resource [P242] (on)\n[    0.000000] ACPI: Power Resource [P243] (on)\n[    0.000000] ACPI: Power Resource [P244] (on)\n[    0.000000] ACPI: Power Resource [P245] (on)\n[    0.000000] ACPI: Power Resource [P246] (on)\n[    0.000000] ACPI: Power Resource [P247] (on)\n[    0.000000] ACPI: Power Resource [P248] (on)\n[    0.000000] ACPI: Power Resource [P249] (on)\n[    0.000000] ACPI: Power Resource [P24A] (on)\n[    0.000000] ACPI: Power Resource [P24B] (on)\n[    0.000000] ACPI: Power Resource [P24C] (on)\n[    0.000000] ACPI: Power Resource [P24D] (on)\n[    0.000000] ACPI: Power Resource [P24E] (on)\n[    0.000000] ACPI: Power Resource [P24F] (on)\n[    0.000000] ACPI: Power Resource [P250] (on)\n[    0.000000] ACPI: Power Resource [P251] (on)\n[    0.000000] ACPI: Power Resource [P252] (on)\n[    0.000000] ACPI: Power Resource [P253] (on)\n[    0.000000] ACPI: Power Resource [P254] (on)\n[    0.000000] ACPI: Power Resource [P255] (on)\n[    0.000000] ACPI: Power Resource [P256] (on)\n[    0.000000] ACPI: Power Resource [P257] (on)\n[    0.000000] ACPI: Power Resource [P258] (on)\n[    0.000000] ACPI: Power Resource [P259] (on)\n[    0.000000] ACPI: Power Resource [P25A] (on)\n[    0.000000] ACPI: Power Resource [P25B] (on)\n[    0.000000] ACPI: Power Resource [P25C] (on)\n[    0.000000] ACPI: Power Resource [P25D] (on)\n[    0.000000] ACPI: Power Resource [P25E] (on)\n[    0.000000] ACPI: Power Resource [P25F] (on)\n[    0.000000] ACPI: Power Resource [P260] (on)\n[    0.000000] ACPI: Power Resource [P261] (on)\n[    0.000000] ACPI: Power Resource [P262] (on)\n[    0.000000] ACPI: Power Resource [P263] (on)\n[    0.000000] ACPI: Power Resource [P264] (on)\n[    0.000000] ACPI: Power Resource [P265] (on)\n[    0.000000] ACPI: Power Resource [P266] (on)\n[    0.000000] ACPI: Power Resource [P267] (on)\n[    0.000000] ACPI: Power Resource [P268] (on)\n[    0.000000] ACPI: Power Resource [P269] (on)\n[    0.000000] ACPI: Power Resource [P26A] (on)\n[    0.000000] ACPI: Power Resource [P26B] (on)\n[    0.000000] ACPI: Power Resource [P26C] (on)\n[    0.000000] ACPI: Power Resource [P26D] (on)\n[    0.000000] ACPI: Power Resource [P26E] (on)\n[    0.000000] ACPI: Power Resource [P26F] (on)\n[    0.000000] ACPI: Power Resource [P270] (on)\n[    0.000000] ACPI: Power Resource [P271] (on)\n[    0.000000] ACPI: Power Resource [P272] (on)\n[    0.000000] ACPI: Power Resource [P273] (on)\n[    0.000000] ACPI: Power Resource [P274] (on)\n[    0.000000] ACPI: Power Resource [P275] (on)\n[    0.000000] ACPI: Power Resource [P276] (on)\n[    0.000000] ACPI: Power Resource [P277] (on)\n[    0.000000] ACPI: Power Resource [P278] (on)\n[    0.000000] ACPI: Power Resource [P279] (on)\n[    0.000000] ACPI: Power Resource [P27A] (on)\n[    0.000000] ACPI: Power Resource [P27B] (on)\n[    0.000000] ACPI: Power Resource [P27C] (on)\n[    0.000000] ACPI: Power Resource [P27D] (on)\n[    0.000000] ACPI: Power Resource [P27E] (on)\n[    0.000000] ACPI: Power Resource [P27F] (on)\n[    0.000000] ACPI: Power Resource [P280] (on)\n[    0.000000] ACPI: Power Resource [P281] (on)\n[    0.000000] ACPI: Power Resource [P282] (on)\n[    0.000000] ACPI: Power Resource [P283] (on)\n[    0.000000] ACPI: Power Resource [P284] (on)\n[    0.000000] ACPI: Power Resource [P285] (on)\n[    0.000000] ACPI: Power Resource [P286] (on)\n[    0.000000] ACPI: Power Resource [P287] (on)\n[    0.000000] ACPI: Power Resource [P288] (on)\n[    0.000000] ACPI: Power Resource [P289] (on)\n[    0.000000] ACPI: Power Resource [P28A] (on)\n[    0.000000] ACPI: Power Resource [P28B] (on)\n[    0.000000] ACPI: Power Resource [P28C] (on)\n[    0.000000] ACPI: Power Resource [P28D] (on)\n[    0.000000] ACPI: Power Resource [P28E] (on)\n[    0.000000] ACPI: Power Resource [P28F] (on)\n[    0.000000] ACPI: Power Resource [P290] (on)\n[    0.000000] ACPI: Power Resource [P291] (on)\n[    0.000000] ACPI: Power Resource [P292] (on)\n[    0.000000] ACPI: Power Resource [P293] (on)\n[    0.000000] ACPI: Power Resource [P294] (on)\n[    0.000000] ACPI: Power Resource [P295] (on)\n[    0.000000] ACPI: Power Resource [P296] (on)\n[    0.000000] ACPI: Power Resource [P297] (on)\n[    0.000000] ACPI: Power Resource [P298] (on)\n[    0.000000] ACPI: Power Resource [P299] (on)\n[    0.000000] ACPI: Power Resource [P29A] (on)\n[    0.000000] ACPI: Power Resource [P29B] (on)\n[    0.000000] ACPI: Power Resource [P29C] (on)\n[    0.000000] ACPI: Power Resource [P29D] (on)\n[    0.000000] ACPI: Power Resource [P29E] (on)\n[    0.000000] ACPI: Power Resource [P29F] (on)\n[    0.000000] ACPI: Power Resource [P2A0] (on)\n[    0.000000] ACPI: Power Resource [P2A1] (on)\n[    0.000000] ACPI: Power Resource [P2A2] (on)\n[    0.000000] ACPI: Power Resource [P2A3] (on)\n[    0.000000] ACPI: Power Resource [P2A4] (on)\n[    0.000000] ACPI: Power Resource [P2A5] (on)\n[    0.000000] ACPI: Power Resource [P2A6] (on)\n[    0.000000] ACPI: Power Resource [P2A7] (on)\n[    0.000000] ACPI: Power Resource [P2A8] (on)\n[    0.000000] ACPI: Power Resource [P2A9] (on)\n[    0.000000] ACPI: Power Resource [P2AA] (on)\n[    0.000000] ACPI: Power Resource [P2AB] (on)\n[    0.000000] ACPI: Power Resource [P2AC] (",
  "perl -ne 'print if 1 .. 3' /etc/passwd": "root:x:0:0:root:/root:/bin/bash\ndaemon:x:1:1:daemon:/usr/sbin:/usr/sbin/nologin\nbin:x:2:2:bin:/bin:/usr/sbin/nologin",
  "ps aux": "USER       PID %CPU %MEM    VSZ   RSS TTY      STAT START   TIME COMMAND\nroot         1  0.0  0.1  12356  1000 ?        Ss   Oct01   0:00 /sbin/init\nroot         2  0.0  0.0      0     0 ?        S    Oct01   0:00 [kthreadd]\nroot         3  0.0  0.0      0     0 ?        I<   Oct01   0:00 [rcu_gp]\nroot         4  0.0  0.0      0     0 ?        I<   Oct01   0:00 [rcu_par_gp]\nroot         5  0.0  0.0      0     0 ?        S    Oct01   0:00 [kworker/0:0H]\nroot         6  0.0  0.0      0     0 ?        S    Oct01   0:00 [kworker/u2:0]\nroot         7  0.0  0.0      0     0 ?        I<   Oct01   0:00 [migration/0]\nroot         8  0.0  0.0      0     0 ?        S    Oct01   0:00 [ksoftirqd/0]\nroot         9  0.0  0.0      0     0 ?        I<   Oct01   0:00 [rcu_sched]\nroot        10  0.0  0.0      0     0 ?        S    Oct01   0:00 [migration/1]\nroot        11  0.0  0.0      0     0 ?        S    Oct01   0:00 [ksoftirqd/1]\nroot        12  0.0  0.0      0     0 ?        I<   Oct01   0:00 [rcu_sched]\nroot        13  0.0  0.0      0     0 ?        S    Oct01   0:00 [migration/2]\nroot        14  0.0  0.0      0     0 ?        S    Oct01   0:00 [ksoftirqd/2]\nroot        15  0.0  0.0      0     0 ?        I<   Oct01   0:00 [rcu_sched]\nroot        16  0.0  0.0      0     0 ?        S    Oct01   0:00 [migration/3]\nroot        17  0.0  0.0      0     0 ?        S    Oct01   0:00 [ksoftirqd/3]\nroot        18  0.0  0.0      0     0 ?        I<   Oct01   0:00 [rcu_sched]\nroot        19  0.0  0.0      0     0 ?        S    Oct01   0:00 [migration/4]\nroot        20  0.0  0.0      0     0 ?        S    Oct01   0:00 [ksoftirqd/4]\nroot        21  0.0  0.0      0     0 ?        I<   Oct01   0:00 [rcu_sched]\nroot        22  0.0  0.0      0     0 ?        S    Oct01   0:00 [migration/5]\nroot        23  0.0  0.0      0     0 ?        S    Oct01   0:00 [ksoftirqd/5]\nroot        24  0.0  0.0      0     0 ?        I<   Oct01   0:00 [rcu_sched]\nroot        25  0.0  0.0      0     0 ?        S    Oct01   0:00 [migration/6]\nroot        26  0.0  0.0      0     0 ?        S    Oct01   0:00 [ksoftirqd/6]\nroot        27  0.0  0.0      0     0 ?        I<   Oct01   0:00 [rcu_sched]\nroot        28  0.0  0.0      0     0 ?        S    Oct01   0:00 [migration/7]\nroot        29  0.0  0.0      0     0 ?        S    Oct01   0:00 [ksoftirqd/7]\nroot        30  0.0  0.0      0     0 ?        I<   Oct01   0:00 [rcu_sched]\nroot        31  0.0  0.0      0     0 ?        S    Oct01   0:00 [migration/8]\nroot        32  0.0  0.0      0     0 ?        S    Oct01   0:00 [ksoftirqd/8]\nroot        33  0.0  0.0      0     0 ?        I<   Oct01   0:00 [rcu_sched]\nroot        34  0.0  0.0      0     0 ?        S    Oct01   0:00 [migration/9]\nroot        35  0.0  0.0      0     0 ?        S    Oct01   0:00 [ksoftirqd/9]\nroot        36  0.0  0.0      0     0 ?        I<   Oct01   0:00 [rcu_sched]\nroot        37  0.0  0.0      0     0 ?        S    Oct01   0:00 [migration/10]\nroot        38  0.0  0.0      0     0 ?        S    Oct01   0:00 [ksoftirqd/10]\nroot        39  0.0  0.0      0     0 ?        I<   Oct01   0:00 [rcu_sched]\nroot        40  0.0  0.0      0     0 ?        S    Oct01   0:00 [migration/11]\nroot        41  0.0  0.0      0     0 ?        S    Oct01   0:00 [ksoftirqd/11]\nroot        42  0.0  0.0      0     0 ?        I<   Oct01   0:00 [rcu_sched]\nroot        43  0.0  0.0      0     0 ?        S    Oct01   0:00 [migration/12]\nroot        44  0.0  0.0      0     0 ?        S    Oct01   0:00 [ksoftirqd/12]\nroot        45  0.0  0.0      0     0 ?        I<   Oct01   0:00 [rcu_sched]\nroot        46  0.0  0.0      0     0 ?        S    Oct01   0:00 [migration/13]\nroot        47  0.0  0.0      0     0 ?        S    Oct01   0:00 [ksoftirqd/13]\nroot        48  0.0  0.0      0     0 ?        I<   Oct01   0:00 [rcu_sched]\nroot        49  0.0  0.0      0     0 ?        S    Oct01   0:00 [migration/14]\nroot        50  0.0  0.0      0     0 ?        S    Oct01   0:00 [ksoftirqd/14]\nroot        51  0.0  0.0      0     0 ?        I<   Oct01   0:00 [rcu_sched]\nroot        52  0.0  0.0      0     0 ?        S    Oct01   0:00 [migration/15]\nroot        53  0.0  0.0      0     0 ?        S    Oct01   0:00 [ksoftirqd/15]\nroot        54  0.0  0.0      0     0 ?        I<   Oct01   0:00 [rcu_sched]\nroot        55  0.0  0.0      0     0 ?        S    Oct01   0:00 [migration/16]\nroot        56  0.0  0.0      0     0 ?        S    Oct01   0:00 [ksoftirqd/16]\nroot        57  0.0  0.0      0     0 ?        I<   Oct01   0:00 [rcu_sched]\nroot        58  0.0  0.0      0     0 ?        S    Oct01   0:00 [migration/17]\nroot        59  0.0  0.0      0     0 ?        S    Oct01   0:00 [ksoftirqd/17]\nroot        60  0.0  0.0      0     0 ?        I<   Oct01   0:00 [rcu_sched]\nroot        61  0.0  0.0      0     0 ?        S    Oct01   0:00 [migration/18]\nroot        62  0.0  0.0      0     0 ?        S    Oct01   0:00 [ksoftirqd/18]\nroot        63  0.0  0.0      0     0 ?        I<   Oct01   0:00 [rcu_sched]\nroot        64  0.0  0.0      0     0 ?        S    Oct01   0:00 [migration/19]\nroot        65  0.0  0.0      0     0 ?        S    Oct01   0:00 [ksoftirqd/19]\nroot        66  0.0  0.0      0     0 ?        I<   Oct01   0:00 [rcu_sched]\nroot        67  0.0  0.0      0     0 ?        S    Oct01   0:00 [migration/20]\nroot        68  0.0  0.0      0     0 ?        S    Oct01   0:00 [ksoftirqd/20]\nroot        69  0.0  0.0      0     0 ?        I<   Oct01   0:00 [rcu_sched]\nroot        70  0.0  0.0      0     0 ?        S    Oct01   0:00 [migration/21]\nroot        71  0.0  0.0      0     0 ?        S    Oct01   0:00 [ksoftirqd/21]\nroot        72  0.0  0.0      0     0 ?        I<   Oct01   0:00 [rcu_sched]\nroot        73  0.0  0.0      0     0 ?        S    Oct01   0:00 [migration/22]\nroot        74  0.0  0.0      0     0 ?        S    Oct01   0:00 [ksoftirqd/22]\nroot        75  0.0  0.0      0     0 ?        I<   Oct01   0:00 [rcu_sched]\nroot        76  0.0  0.0      0     0 ?        S    Oct01   0:00 [migration/23]\nroot        77  0.0  0.0      0     0 ?        S    Oct01   0:00 [ksoftirqd/23]\nroot        78  0.0  0.0      0     0 ?        I<   Oct01   0:00 [rcu_sched]\nroot        79  0.0  0.0      0     0 ?        S    Oct01   0:00 [migration/24]\nroot        80  0.0  0.0      0     0 ?        S    Oct01   0:00 [ksoftirqd/24]\nroot        81  0.0  0.0      0     0 ?        I<   Oct01   0:00 [rcu_sched]\nroot        82  0.0  0.0      0     0 ?        S    Oct01   0:00 [migration/25]\nroot        83  0.0  0.0      0     0 ?        S    Oct01   0:00 [ksoftirqd/25]\nroot        84  0.0  0.0      0     0 ?        I<   Oct01   0:00 [rcu_sched]\nroot        85  0.0  0.0      0     0 ?        S    Oct01   0:00 [migration/26]\nroot        86  0.0  0.0      0     0 ?        S    Oct01   0:00 [ksoftirqd/26]\nroot        87  0.0  0.0      0     0 ?        I<   Oct01   0:00 [rcu_sched]\nroot        88  0.0  0.0      0     0 ?        S    Oct01   0:00 [migration/27]\nroot        89  0.0  0.0      0     0 ?        S    Oct01   0:00 [ksoftirqd/27]\nroot        90  0.0  0.0      0     0 ?        I<   Oct01   0:00 [rcu_sched]\nroot        91  0.0  0.0      0     0 ?        S    Oct01   0:00 [migration/28]\nroot        92  0.0  0.0      0     0 ?        S    Oct01   0:00 [ksoftirqd/28]\nroot        93  0.0  0.0      0     0 ?        I<   Oct01   0:00 [rcu_sched]\nroot        94  0.0  0.0      0     0 ?        S    Oct01   0:00 [migration/29]\nroot        95  0.0  0.0      0     0 ?        S    Oct01   0:00 [ksoftirqd/29]\nroot        96  0.0  0.0      0     0 ?        I<   Oct01   0:00 [rcu_sched]\nroot        97  0.0  0.0      0     0 ?        S    Oct01   0:00 [migration/30]\nroot        98  0.0  0.0      0     0 ?        S    Oct01   0:00 [ksoftirqd/30]\nroot        99  0.0  0.0      0     0 ?        I<   Oct01   0:00 [rcu_sched]\nroot       100  0.0  0.0      0     0 ?        S    Oct01   0:00 [migration/31]\nroot       101  0.0  0.0      0     0 ?        S    Oct01   0:00 [ksoftirqd/31]\nroot       102  0.0  0.0      0     0 ?        I<   Oct01   0:00 [rcu_sched]\nroot       103  0.0  0.0      0     0 ?        S    Oct01   0:00 [migration/32]\nroot       104  0.0  0.0      0     0 ?        S    Oct01   0:00 [ksoftirqd/32]\nroot       105  0.0  0.0      0     0 ?        I<   Oct01   0:00 [rcu_sched]\nroot       106  0.0  0.0      0     0 ?        S    Oct01   0:00 [migration/33]\nroot       107  0.0  0.0      0     0 ?        S    Oct01   0:00 [ksoftirqd/33]\nroot       108  0.0  0.0      0     0 ?        I<   Oct01   0:00 [rcu_sched]\nroot       109  0.0  0.0      0     0 ?        S    Oct01   0:00 [migration/34]\nroot       110  0.0  0.0      0     0 ?        S    Oct01   0:00 [ksoftirqd/34]\nroot       111  0.0  0.0      0     0 ?        I<   Oct01   0:00 [rcu_sched]\nroot       112  0.0  0.0      0     0 ?        S    Oct01   0:00 [migration/35]\nroot       113  0.0  0.0      0     0 ?        S    Oct01   0:00 [ksoftirqd/35]\nroot       114  0.0  0.0      0     0 ?        I<   Oct01   0:00 [rcu_sched]\nroot       115  0.0  0.0      0     0 ?        S    Oct01   0:00 [migration/36]\nroot       116  0.0  0.0      0     0 ?        S    Oct01   0:00 [ksoftirqd/36]\nroot       117  0.0  0.0      0     0 ?        I<   Oct01   0:00 [rcu_sched]\nroot       118  0.0  0.0      0     0 ?        S    Oct01   0:00 [migration/37]\nroot       119  0.0  0.0      0     0 ?        S    Oct01   0:00 [ksoftirqd/37]\nroot       120  0.0  0.0      0     0 ?        I<   Oct01   0:00 [rcu_sched]\nroot       121  0.0  0.0      0     0 ?        S    Oct01   0:00 [migration/38]\nroot       122  0.0  0.0      0     0 ?        S    Oct01   0:00 [ksoftirqd/38]\nroot       123  0.0  0.0      0     0 ?        I<   Oct01   0:00 [rcu_sched]\nroot       124  0.0  0.0      0     0 ?        S    Oct01   0:00 [migration/39]\nroot       125  0.0  0.0      0     0 ?        S    Oct01   0:00 [ksoftirqd/39]\nroot       126  0.0  0.0      0     0 ?        S    Oct01   0:00 [kworker/0:0]\nroot       127  0.0  0.0      0     0 ?        S    Oct01   0:00 [kworker/0:1]\nroot       128  0.0  0.0      0     0 ?        S    Oct01   0:00 [kworker/0:2]\nroot       129  0.0  0.0      0     0 ?        S    Oct01   0:00 [kworker/0:3]\nroot       130  0.0  0.0      0     0 ?        S    Oct01   0:00 [kworker/0:4]\nroot       131  0.0  0.0      0     0 ?        S    Oct01   0:00 [kworker/0:5]\nroot       132  0.0  0.0      0     0 ?        S    Oct01   0:00 [kworker/0:6]\nroot       133  0.0  0.0      0     0 ?        S    Oct01   0:00 [kworker/0:7]\nroot       134  0.0  0.0      0     0 ?        S    Oct01   0:00 [kworker/0:8]\nroot       135  0.0  0.0      0     0 ?        S    Oct01   0:00 [kworker/0:9]\nroot       136  0.0  0.0      0     0 ?        S    Oct01   0:00 [kworker/0:10]\nroot       137  0.0  0.0      0     0 ?        S    Oct01   0:00 [kworker/0:11]\nroot       138  0.0  0.0      0     0 ?        S    Oct01   0:00 [kworker/0:12]\nroot       139  0.0  0.0      0     0 ?        S    Oct01   0:00 [kworker/0:13]\nroot       140  0.0  0.0      0     0 ?        S    Oct01   0:00 [kworker/0:14]\nroot       141  0.0  0.0      0     0 ?        S    Oct01   0:00 [kworker/0:15]\nroot       142  0.0  0.0      0     0 ?        S    Oct01   0:00 [kworker/0:16]\nroot       143  0.0  0.0      0     0 ?        S    Oct01   0:00 [kworker/0:17]\nroot       144  0.0  0.0      0     0 ?        S    Oct01   0:00 [kworker/0:18]\nroot       145  0.0  0.0      0     0 ?        S    Oct01   0:00 [kworker/0:19]\nroot       146  0.0  0.0      0     0 ?        S    Oct01   0:00 [kworker/0:20]\nroot       147  0.0  0.0      0     0 ?        S    Oct01   0:00 [kworker/0:21]\nroot       148  0.0  0.0      0     0 ?        S    Oct01   0:00 [kworker/0:22]\nroot       149  0.0  0.0      0     0 ?        S    Oct01   0:00 [kworker/0:23]\nroot       150  0.0  0.0      0     0 ?        S    Oct01   0:00 [kworker/0:24]\nroot       151  0.0  0.0      0     0 ?        S    Oct01   0:00 [kworker/0:25]\nroot       152  0.0  0.0      0     0 ?        S    Oct01   0:00 [kworker/0:26]\nroot       153  0.0  0.0      0     0 ?        S    Oct01   0:00 [kworker/0:27]\nroot       154  0.0  0.0      0     0 ?        S    Oct01   0:00 [kworker/0:28]\nroot       155  0.0  0.0      0     0 ?        S    Oct01   0:00 [kworker/0:29]\nroot       156  0.0  0.0      0     0 ?        S    Oct01   0:00 [kworker/0:30]\nroot       157  0.0  0.0      0     0 ?        S    Oct01   0:00 [kworker/0:31]\nroot       158  0.0  0.0      0     0 ?        S    Oct01   0:00 [kworker/0:32]\nroot       159  0.0  0.0      0     0 ?        S    Oct01   0:00 [kworker/0:33]\nroot       160  0.0  0.0      0     0 ?        S    Oct01   0:00 [kworker/0:34]\nroot       161  0.0  0.0      0     0 ?        S    Oct01   0:00 [kworker/0:35]\nroot       162  0.0  0.0      0     0 ?        S    Oct01   0:00 [kworker/0:36]\nroot       163  0.0  0.0      0     0 ?        S    Oct01   0:00 [kworker/0:37]\nroot       164  0.0  0.0      0     0 ?        S    Oct01   0:00 [kworker/0:38]\nroot       165  0.0  0.0      0     0 ?        S    Oct01   0:00 [kworker/0:39]\nroot       166  0.0  0.0      0     0 ?        S    Oct01   0:00 [kworker/0:40]\nroot       167  0.0  0.0      0     0 ?        S    Oct01   0:00 [kworker/0:41]\nroot       168  0.0  0.0      0     0 ?        S    Oct01   0:00 [kworker/0:42]\nroot       169  0.0  0.0      0     0 ?        S    Oct01   0:00 [kworker/0:43]\nroot       170  0.0  0.0      0     0 ?        S    Oct01   0:00 [kworker/0:44]\nroot       171  0.0  0.0      0     0 ?        S    Oct01   0:00 [kworker/0:45]\nroot       172  0.0  0.0      0     0 ?        S    Oct01   0:00 [kworker/0:46]\nroot       173  0.0  0.0      0     0 ?        S    Oct01   0:00 [kworker/0:47]\nroot       174  0.0  0.0      0     0 ?        S    Oct01   0:00 [kworker/0:48]\nroot       175  0.0  0.0      0     0 ?        S    Oct01   0:00 [kworker/0:49]\nroot       176  0.0  0.0      0     0 ?        S    Oct01   0:00 [kworker/0:50]\nroot       177  0.0  0.0      0     0 ?        S    Oct01   0:00 [kworker/0:51]\nroot       178  0.0  0.0      0     0 ?        S    Oct01   0:00 [kworker/0:52]\nroot       179  0.0  0.0      0     0 ?        S    Oct01   0:00 [kworker/0:53]\nroot       180  0.0  0.0      0     0 ?        S    Oct01   0:00 [kworker/0:54]\nroot       181  0.0  0.0      0     0 ?        S    Oct01   0:00 [kworker/0:55]\nroot       182  0.0  0.0      0     0 ?        S    Oct01   0:00 [kworker/0:56]\nroot       183  0.0  0.0      0     0 ?        S    Oct01   0:00 [kworker/0:57]\nroot       184  0.0  0.0      0     0 ?        S    Oct01   0:00 [kworker/0:58]\nroot       185  0.0  0.0      0     0 ?        S    Oct01   0:00 [kworker/0:59]\nroot       186  0.0  0.0      0     0 ?        S    Oct01   0:00 [kworker/0:60]\nroot       187  0.0  0.0      0     0 ?        S    Oct01   0:00 [kworker/0:61]\nroot       188  0.0  0.0      0     0 ?        S    Oct01   0:00 [kworker/0:62]\nroot       189  0.0  0.0      0     0 ?        S    Oct01   0:00 [kworker/0:63]\nroot       190  0.0  0.0      0     0 ?        S    Oct01   0:00 [kworker/0:64]\nroot       191  0.0  0.0      0     0 ?        S    Oct01   0:00 [kworker/0:65]\nroot       192  0.0  0.0      0     0 ?        S    Oct01   0:00 [kworker/0:66]\nroot       193  0.0  0.0      0     0 ?        S    Oct01   0:00 [kworker/0:67]\nroot       194  0.0  0.0      0     0 ?        S    Oct01   0:00 [kworker/0:68]\nroot       195  0.0  0.0      0     0 ?        S    Oct01   0:00 [kworker/0:69]\nroot       196  0.0  0.0      0     0 ?        S    Oct01   0:00 [kworker/0:70]\nroot       197  0.0  0.0      0     0 ?        S    Oct01   0:00 [kworker/0:71]\nroot       198  0.0  0.0      0     0 ?        S    Oct01   0:00 [kworker/0:72]\nroot       199  0.0  0.0      0     0 ?        S    Oct01   0:00 [kworker/0:73]\nroot       200  0.0  0.0      0     0 ?        S    Oct01   0:00 [kworker/0:74]\nroot       201  0.0  0.0      0     0 ?        S    Oct01   0:00 [kworker/0:75]\nroot       202  0.0  0.0      0     0 ?        S    Oct01   0:00 [kworker/0:76]\nroot       203  0.0  0.0      0     0 ?        S    Oct01   0:00 [kworker/0:77]\nroot       204  0.0  0.0      0     0 ?        S    Oct01   0:00 [kworker/0:78]\nroot       205  0.0  0.0      0     0 ?        S    Oct01   0:00 [kworker/0:79]\nroot       206  0.0  0.0      0     0 ?        S    Oct01   0:00 [kworker/0:80]\nroot       207  0.0  0.0      0     0 ?        S    Oct01   0:00 [kworker/0:81]\nroot       208  0.0  0.0      0     0 ?        S    Oct01   0:00 [kworker/0:82]\nroot       209  0.0  0.0      0     0 ?        S    Oct01   0:00 [kworker/0:83]\nroot       210  0.0  0.0      0     0 ?        S    Oct01   0:00 [kworker/0:84]\nroot       211  0.0  0.0      0     0 ?        S    Oct01   0:00 [kworker/0:85]\nroot       212  0.0  0.0      0     0 ?        S    Oct01   0:00 [kworker/0:86]\nroot       213  0.0  0.0      0     0 ?        S    Oct01   0:00 [kworker/0:87]\nroot       214  0.0  0.0      0     0 ?        S    Oct01   0:00 [kworker/0:88]\nroot       215  0.0  0.0      0     0 ?        S    Oct01   0:00 [kworker/0:89]\nroot       216  0.0  0.0      0     0 ?        S    Oct01   0:00 [kworker/0:90]\nroot       217  0.0  0.0      0     0 ?        S    Oct01   0:00 [kworker/0:91]\nroot       218  0.0  0.0      0     0 ?        S    Oct01   0:00 [kworker/0:92]\nroot       219  0.0  0.0      0     0 ?        S    Oct01   0:00 [kworker/0:93]\nroot       220  0.0  0.0      0     0 ?        S    Oct01   0:00 [kworker/0:94]\nroot       221  0.0  0.0      0     0 ?        S    Oct01   0:00 [kworker/0:95]\nroot       222  0.0  0.0      0     0 ?        S    Oct01   0:00 [kworker/0:96]\nroot       223  0.0  0.0      0     0 ?        S    Oct01   0:00 [kworker/0:97]\nroot       224  0.0  0.0      0     0 ?        S    Oct01   0:00 [kworker/0:98]\nroot       225  0.0  0.0      0     0 ?        S    Oct01   0:00 [kworker/0:99]\nroot       226  0.0  0.0      0     0 ?        S    Oct01   0:00 [kworker/0:100]\nroot       227  0.0  0.0      0     0 ?        S    Oct01   0:00 [kworker/0:101]\nroot       228  0.0  0.0      0     0 ?        S    Oct01   0:00 [kworker/0:102]\nroot       229  0.0  0.0      0     0 ?        S    Oct01   0:00 [kworker/0:103]\nroot       230  0.0  0.0      0     0 ?        S    Oct01   0:00 [kworker/0:104]\nroot       231  0.0  0.0      0     0 ?        S    Oct01   0:00 [kworker/0:105]\nroot       232  0.0  0.0      0     0 ?        S    Oct01   0:00 [kworker/0:106]\nroot       233  0.0  0.0      0     0 ?        S    Oct01   0:00 [kworker/0:107]\nroot       234  0.0  0.0      0     0 ?        S    Oct01   0:00 [kworker/0:108]\nroot       235  0.0  0.0      0     0 ?        S    Oct01   0:00 [kworker/0:109]\nroot       236  0.0  0.0      0     0 ?        S    Oct01   0:00 [kworker/0:110]\nroot       237  0.0  0.0      0     0 ?        S    Oct01   0:00 [kworker/0:111]\nroot       238  0.0  0.0      0     0 ?        S    Oct01   0:00 [kworker/0:112]\nroot       239  0.0  0.0      0     0 ?        S    Oct01   0:00 [kworker/0:113]\nroot       240  0.0  0.0      0     0 ?        S    Oct01   0:00 [kworker/0:114]\nroot       241  0.0  0.0      0     0 ?        S    Oct01   0:00 [kworker/0:115]\nroot       242  0.0  0.0      0     0 ?        S    Oct01   0:00 [kworker/0:116]\nroot       243  0.0  0.0      0     0 ?        S    Oct01   0:00 [kworker/0:117]\nroot       244  0.0  0.0      0     0 ?        S    Oct01   0:00 [kworker/0:118]\nroot       245  0.0  0.0      0     0 ?        S    Oct01   0:00 [kworker/0:119]\nroot       246  0.0  0.0      0     0 ?        S    Oct01   0:00 [kworker/0:120]\nroot       247  0.0  0.0      0     0 ?        S    Oct01   0:00 [kworker/0:121]\nroot       248  0.0  0.0      0     0 ?        S    Oct01   0:00 [kworker/0:122]\nroot       249  0.0  0.0      0     0 ?        S    Oct01   0:00 [kworker/0:123]\nroot       250  0.0  0.0      0     0 ?        S    Oct01   0:00 [kworker/0:124]\nroot       251  0.0  0.0      0     0 ?        S    Oct01   0:00 [kworker/0:125]\nroot       252  0.0  0.0      0     0 ?        S    Oct01   0:00 [kworker/0:126]\nroot       253  0.0  0.0      0     0 ?        S    Oct01   0:00 [kworker/0:127]\nroot       254  0.0  0.0      0     0 ?        S    Oct01   0:00 [kworker/0:128]\nroot       255  0.0  0.0      0     0 ?        S    Oct01   0:00 [kworker/0:129]\nroot       256  0.0  0.0      0     0 ?        S    Oct01   0:00 [kworker/0:130]\nroot       257  0.0  0.0      0     0 ?        S    Oct01   0:00 [kworker/0:131]\nroot       258  0.0  0.0      0     0 ?        S    Oct01   0:00 [kworker/0:132]\nroot       259  0.0  0.0      0     0 ?        S    Oct01   0:00 [kworker/0:133]\nroot       260  0.0  0.0      0     0 ?        S    Oct01   0:00 [kworker/0:134]\nroot       261  0.0  0.0      0     0 ?        S    Oct01   0:00 [kworker/0:135]\nroot       262  0.0  0.0      0     0 ?        S    Oct01   0:00 [kworker/0:136]\nroot       263  0.0  0.0      0     0 ?        S    Oct01   0:00 [kworker/0:137]\nroot       264  0.0  0.0      0     0 ?        S    Oct01   0:00 [kworker/0:138]\nroot       265  0.0  0.0      0     0 ?        S    Oct01   0:00 [kworker/0:139]\nroot       266  0.0  0.0      0     0 ?        S    Oct01   0:00 [kworker/0:140]\nroot       267  0.0  0.0      0     0 ?        S    Oct01   0:00 [kworker/0:141]\nroot       268  0.0  0.0      0     0 ?        S    Oct01   0:00 [kworker/0:142]\nroot       269  0.0  0.0      0     0 ?        S    Oct01   0:00 [kworker/0:143]\nroot       270  0.0  0.0      0     0 ?        S    Oct01   0:00 [kworker/0:144]\nroot       271  0.0  0.0      0     0 ?        S    Oct01   0:00 [kworker/0:145]\nroot       272  0.0  0.0      0     0 ?        S    Oct01   0:00 [kworker/0:146]\nroot       273  0.0  0.0      0     0 ?        S    Oct01   0:00 [kworker/0:147]\nroot       274  0.0  0.0      0     0 ?        S    Oct01   0:00 [kworker/0:148]\nroot       275  0.0  0.0      0     0 ?        S    Oct01   0:00 [kworker/0:149]\nroot       276  0.0  0.0      0     0 ?        S    Oct01   0:00 [kworker/0:150]\nroot       277  0.0  0.0      0     0 ?        S    Oct01   0:00 [kworker/0:151]\nroot       278  0.0  0.0      0     0 ?        S    Oct01   0:00 [kworker/0:152]\nroot       279  0.0  0.0      0     0 ?        S    Oct01   0:00 [kworker/0:153]\nroot       280  0.0  0.0      0     0 ?        S    Oct01   0:00 [kworker/0:154]\nroot       281  0.0  0.0      0     0 ?        S    Oct01   0:00 [kworker/0:155]\nroot       282  0.0  0.0      0     0 ?        S    Oct01   0:00 [kworker/0:156]\nroot       283  0.0  0.0      0     0 ?        S    Oct01   0:00 [kworker/0:157]\nroot       284  0.0  0.0      0     0 ?        S    Oct01   0:00 [kworker/0:158]\nroot       285  0.0  0.0      0     0 ?        S    Oct01   0:00 [kworker/0:159]\nroot       286  0.0  0.0      0     0 ?        S    Oct01   0:00 [kworker/0:160]\nroot       287  0.0  0.0      0     0 ?        S    Oct01   0:00 [kworker/0:161]\nroot       288  0.0  0.0      0     0 ?        S    Oct01   0:00 [kworker/0:162]\nroot       289  0.0  0.0      0     0 ?        S    Oct01   0:00 [kworker/0:163]\nroot       290  0.0  0.0      0     0 ?        S    Oct01   0:00 [kworker/0:164]\nroot       291  0.0  0.0      0     0 ?        S    Oct01   0:00 [kworker/0:165]\nroot       292  0.0  0.0      0     0 ?        S    Oct01   0:00 [kworker/0:166]\nroot       293  0.0  0.0      0     0 ?        S    Oct01   0:00 [kworker/0:167]\nroot       294  0.0  0.0      0     0 ?        S    Oct01   0:00 [kworker/0:168]\nroot       295  0.0  0.0      0     0 ?        S    Oct01   0:00 [kworker/0:169]\nroot       296  0.0  0.0      0     0 ?        S    Oct01   0:00 [kworker/0:170]\nroot       297  0.0  0.0      0     0 ?        S    Oct01   0:00 [kworker/0:171]\nroot       298  0.0  0.0      0     0 ?        S    Oct01   0:00 [kworker/0:172]\nroot       299  0.0  0.0      0     0 ?        S    Oct01   0:00 [kworker/0:173]\nroot       300  0.0  0.0      0     0 ?        S    Oct01   0:00 [kworker/0:174]\nroot       301  0.0  0.0      0     0 ?        S    Oct01   0:00 [kworker/0:175]\nroot       302  0.0  0.0      0     0 ?        S    Oct01   0:00 [kworker/0:176]\nroot       303  0.0  0.0      0     0 ?        S    Oct01   0:00 [kworker/0:177]\nroot       304  0.0  0.0      0     0 ?        S    Oct01   0:00 [kworker/0:178]\nroot       305  0.0  0.0      0     0 ?        S    Oct01   0:00 [kworker/0:179]\nroot       306  0.0  0.0      0     0 ?        S    Oct01   0:00 [kworker/0:180]\nroot       307  0.0  0.0      0     0 ?        S    Oct01   0:00 [kworker/0:181]\nroot       308  0.0  0.0      0     0 ?        S    Oct01   0:00 [kworker/0:182]\nroot       309  0.0  0.0      0     0 ?        S    Oct01   0:00 [kworker/0:183]\nroot       310  0.0  0.0      0     0 ?        S    Oct01   0:00 [kworker/0:184]\nroot       311  0.0  0.0      0     0 ?        S    Oct01   0:00 [kworker/0:185]\nroot       312  0.0  0.0      0     0 ?        S    Oct01   0:00 [kworker/0:186]\nroot       313  0.0  0.0      0     0 ?        S    Oct01   0:00 [kworker/0:187]\nroot       314  0.0  0.0      0     0 ?        S    Oct01   0:00 [kworker/0:188]\nroot       315  0.0  0.0      0     0 ?        S    Oct01   0:00 [kworker/0:189]\nroot       316  0.0  0.0      0     0 ?        S    Oct01   0:00 [kworker/0:190]\nroot       317  0.0  0.0      0     0 ?        S    Oct01   0:00 [kworker/0:191]\nroot       318  0.0  0.0      0     0 ?        S    Oct01   0:00 [kworker/0:192]\nroot       319  0.0  0.0      0     0 ?        S    Oct01   0:00 [kworker/0:193]\nroot       320  0.0  0.0      0     0 ?        S    Oct01   0:00 [kworker/0:194]\nroot       321  0.0  0.0      0     0 ?        S    Oct01   0:00 [kworker/0:195]\nroot       322  0.0  0.0      0     0 ?        S    Oct01   0:00 [kworker/0:196]\nroot       323  0.0  0.0      0     0 ?        S    Oct01   0:00 [kworker/0:197]\nroot       324  0.0  0.0      0     0 ?        S    Oct01   0:00 [kworker/0:198]\nroot       325  0.0  0.0      0     0 ?        S    Oct01   0:00 [kworker/0:199]\nroot       326  0.0  0.0      0     0 ?        S    Oct01   0:00 [kworker/0:200]\nroot       327  0.0  0.0      0     0 ?        S    Oct01   0:00 [kworker/0:201]\nroot       328  0.0  0.0      0     0 ?        S    Oct01   0:00 [kworker/0:202]\nroot       329  0.0  0.0      0     0 ?        S    Oct01   0:00 [kworker/0:203]\nroot       330  0.0  0.0      0     0 ?        S    Oct01   0:00 [kworker/0:204]\nroot       331  0.0  0.0      0     0 ?        S    Oct01   0:00 [kworker/0:205]\nroot       332  0.0  0.0      0     0 ?        S    Oct01   0:00 [kworker/0:206]\nroot       333  0.0  0.0      0     0 ?        S    Oct01   0:00 [kworker/0:207]\nroot       334  0.0  0.0      0     0 ?        S    Oct01   0:00 [kworker/0:208]\nroot       335  0.0  0.0      0     0 ?        S    Oct01   0:00 [kworker/0:209]\nroot       336  0.0  0.0      0     0 ?        S    Oct01   0:00 [kworker/0:210]\nroot       337  0.0  0.0      0     0 ?        S    Oct01   0:00 [kworker/0:211]\nroot       338  0.0  0.0      0     0 ?        S    Oct01   0:00 [kworker/0:212]\nroot       339  0.0  0.0      0     0 ?        S    Oct01   0:00 [kworker/0:213]\nroot       340  0.0  0.0      0     0 ?        S    Oct01   0:00 [kworker/0:214]\nroot       341  0.0  0.0      0     0 ?        S    Oct01   0:00 [kworker/0:215]\nroot       342  0.0  0.0      0     0 ?        S    Oct01   0:00 [kworker/0:216]\nroot       343  0.0  0.0      0     0 ?        S    Oct01   0:00 [kworker/0:217]\nroot       344  0.0  0.0      0     0 ?        S    Oct01   0:00 [kworker/0:218]\nroot       345  0.0  0.0      0     0 ?        S    Oct01   0:00 [kworker/0:219]\nroot       346  0.0  0.0      0     0 ?        S    Oct01   0:00 [kworker/0:220]\nroot       347  0.0  0.0      0     0 ?        S    Oct01   0:00 [kworker/0:221]\nroot       348  0.0  0.0      0     0 ?        S    Oct01   0:00 [kworker/0:222]\nroot       349  0.0  0.0      0     0 ?        S    Oct01   0:00 [kworker/0:223]\nroot       350  0.0  0.0      0     0 ?        S    Oct01   0:00 [kworker/0:224]\nroot       351  0.0  0.0      0     0 ?        S    Oct01   0:00 [kworker/0:225]\nroot       352  0.0  0.0      0     0 ?        S    Oct01   0:00 [kworker/0:226]\nroot       353  0.0  0.0      0     0 ?        S    Oct01   0:00 [kworker/0:227]\nroot       354  0.0  0.0      0     0 ?        S    Oct01   0:00 [kworker/0:228]\nroot       355  0.0  0.0      0     0 ?        S    Oct01   0:00 [kworker/0:229]\nroot       356  0.0  0.0      0     0 ?        S    Oct01   0:00 [kworker/0:230]\nroot       357  0.0  0.0      0     0 ?        S    Oct01   0:00 [kworker/0:231]\nroot       358  0.0  0.0      0     0 ?        S    Oct01   0:00 [kworker/0:232]\nroot       359  0.0  0.0      0     0 ?        S    Oct01   0:00 [kworker/0:233]\nroot       360  0.0  0.0      0     0 ?        S    Oct01   0:00 [kworker/0:234]\nroot       361  0.0  0.0      0     0 ?        S    Oct01   0:00 [kworker/0:235]\nroot       362  0.0  0.0      0     0 ?        S    Oct01   0:00 [kworker/0:236]\nroot       363  0.0  0.0      0     0 ?        S    Oct01   0:00 [kworker/0:237]\nroot       364  0.0  0.0      0     0 ?        S    Oct01   0:00 [kworker/0:238]\nroot       365  0.0  0.0      0     0 ?        S    Oct01   0:00 [kworker/0:239]\nroot       366  0.0  0.0      0     0 ?        S    Oct01   0:00 [kworker/0:240]\nroot       367  0.0  0.0      0     0 ?        S    Oct01   0:00 [kworker/0:241]\nroot       368  0.0  0.0      0     0 ?        S    Oct01   0:00 [kworker/0:242]\nroot       369  0.0  0.0      0     0 ?        S    Oct01   0:00 [kworker/0:243]\nroot       370  0.0  0.0      0     0 ?        S    Oct01   0:00 [kworker/0:244]\nroot       371  0.0  0.0      0     0 ?        S    Oct01   0:00 [kworker/0:245]\nroot       372  0.0  0.0      0     0 ?        S    Oct01   0:00 [kworker/0:246]\nroot       373  0.0  0.0      0     0 ?        S    Oct01   0:00 [kworker/0:247]\nroot       374  0.0  0.0      0     0 ?        S    Oct01   0:00 [kworker/0:248]\nroot       375  0.0  0.0      0     0 ?        S    Oct01   0:00 [kworker/0:249]\nroot       376  0.0  0.0      0     0 ?        S    Oct01   0:00 [kworker/0:250]\nroot       377  0.0  0.0      0     0 ?        S    Oct01   0:00 [kworker/0:251]\nroot       378  0.0  0.0      0     0 ?        S    Oct01   0:00 [kworker/0:252]\nroot       379  0.0  0.0      0     0 ?        S    Oct01   0:00 [kworker/0:253]\nroot       380  0.0  0.0      0     0 ?        S    Oct01   0:00 [kworker/0:254]\nroot       381  0.0  0.0      0     0 ?        S    Oct01   0:00 [kworker/0:255]\nroot       382  0.0  0.0      0     0 ?        S    Oct01   0:00 [kworker/0:256]\nroot       383  0.0  0.0      0     0 ?        S    Oct01   0:00 [kworker/0:257]\nroot       384  0.0  0.0      0     0 ?        S    Oct01   0:00 [kworker/0:258]\nroot       385  0.0  0.0      0     0 ?        S    Oct01   0:00 [kworker/0:259]\nroot       386  0.0  0.0      0     0 ?        S    Oct01   0:00 [kworker/0:260]\nroot       387  0.0  0.0      0     0 ?        S    Oct01   0:00 [kworker/0:261]\nroot       388  0.0  0.0      0     0 ?        S    Oct01   0:00 [kworker/0:262]\nroot       389  0.0  0.0      0     0 ?        S    Oct01   0:00 [kworker/0:263]\nroot       390  0.0  0.0      0     0 ?        S    Oct01   0:00 [kworker/0:264]\nroot       391  0.0  0.0      0     0 ?        S    Oct01   0:00 [kworker/0:265]\nroot       392  0.0  0.0      0     0 ?        S    Oct01   0:00 [kworker/0:266]\nroot       393  0.0  0.0      0     0 ?        S    Oct01   0:00 [kworker/0:267]\nroot       394  0.0  0.0      0     0 ?        S    Oct01   0:00 [kworker/0:268]\nroot       395  0.0  0.0      0     0 ?        S    Oct01   0:00 [kworker/0:269]\nroot       396  0.0  0.0      0     0 ?        S    Oct01   0:00 [kworker/0:270]\nroot       397  0.0  0.0      0     0 ?        S    Oct01   0:00 [kworker/0:271]\nroot       398  0.0  0.0      0     0 ?        S    Oct01   0:00 [kworker/0:272]\nroot       399  0.0  0.0      0     0 ?        S    Oct01   0:00 [kworker/0:273]\nroot       400  0.0  0.0      0     0 ?        S    Oct01   0:00 [kworker/0:274]\nroot       401  0.0  0.0      0     0 ?        S    Oct01   0:00 [kworker/0:275]\nroot       402  0.0  0.0      0     0 ?        S    Oct01   0:00 [kworker/0:276]\nroot       403  0.0  0.0      0     0 ?        S    Oct01   0:00 [kworker/0:277]\nroot       404  0.0  0.0      0     0 ?        S    Oct01   0:00 [kworker/0:278]\nroot       405  0.0  0.0      0     0 ?        S    Oct01   0:00 [kworker/0:279]\nroot       406  0.0  0.0      0     0 ?        S    Oct01   0:00 [kworker/0:280]\nroot       407  0.0  0.0      0     0 ?        S    Oct01   0:00 [kworker/0:281]\nroot       408  0.0  0.0      0     0 ?        S    Oct01   0:00 [kworker/0:282]\nroot       409  0.0  0.0      0     0 ?        S    Oct01   0:00 [kworker/0:283]\nroot       410  0.0  0.0      0     0 ?        S    Oct01   0:00 [kworker/0:284]\nroot       411  0.0  0.0      0     0 ?        S    Oct01   0:00 [kworker/0:285]\nroot       412  0.0  0.0      0     0 ?        S    Oct01   0:00 [kworker/0:286]\nroot       413  0.0  0.0      0     0 ?        S    Oct01   0:00 [kworker/0:287]\nroot       414  0.0  0.0      0     0 ?        S    Oct01   0:00 [kworker/0:288]\nroot       415  0.0  0.0      0     0 ?        S    Oct01   0:00 [kworker/0:289]\nroot       416  0.0  0.0      0     0 ?        S    Oct01   0:00 [kworker/0:290]\nroot       417  0.0  0.0      0     0 ?        S    Oct01   0:00 [kworker/0:291]\nroot       418  0.0  0.0      0     0 ?        S    Oct01   0:00 [kworker/0:292]\nroot       419  0.0  0.0      0     0 ?        S    Oct01   0:00 [kworker/0:293]\nroot       420  0.0  0.0      0     0 ?        S    Oct01   0:00 [kworker/0:294]\nroot       421  0.0  0.0      0     0 ?        S    Oct01   0:00 [kworker/0:295]\nroot       422  0.0  0.0      0     0 ?        S    Oct01   0:00 [kworker/0:296]\nroot       423  0.0  0.0      0     0 ?        S    Oct01   0:00 [kworker/0:297]\nroot       424  0.0  0.0      0     0 ?        S    Oct01   0:00 [kworker/0:298]\nroot       425  0.0  0.0      0     0 ?        S    Oct01   0",
  "getconf -a": null,
  "pwd": "/root",
  "dmesg | head": "[    0.000000] Booting Linux 3.2.0-4-amd64 ...\n[    0.000000] Linux version 3.2.0-4-amd64 (debian-kernel@lists.debian.org) (gcc version 4.7.2 (Debian 4.7.2-5)) #1 SMP Debian 3.2.57-3\n[    0.000000] Command line: BOOT_IMAGE=/vmlinuz-3.2.0-4-amd64 root=/dev/mapper/vg01-lv_root ro quiet\n[    0.000000] BIOS-provided physical RAM map:\n[    0.000000]  BIOS-e820: 0000000000000000 - 000000000009fc00 (usable) \n[    0.000000]  BIOS-e820: 000000000009fc00 - 00000000000a0000 (reserved) \n[    0.000000]  BIOS-e820: 00000000000e0000 - 0000000000100000 (reserved) \n[    0.000000]  BIOS-e820: 0000000000100000 - 000000007ff00000 (usable) \n[    0.000000]  BIOS-e820: 000000007ff00000 - 000000007ff7f000 (reserved) \n[    0.000000]  BIOS-e820: 000000007ff7f000 - 0000000080000000 (usable) \n[    0.000000]  BIOS-e820: 00000000ffff0000 - 0000000100000000 (reserved) \n[    0.000000] DMI not present or invalid.",
  "apt-get update": "Get:1 http://deb.debian.org/debian/ wheezy Release.gpg [1,672 B]\nGet:2 http://deb.debian.org/debian/ wheezy Release [148 kB]\nGet:3 http://deb.debian.org/debian/ wheezy/main amd64 Packages [6,938 kB]\nGet:4 http://deb.debian.org/debian/ wheezy/main i386 Packages [6,938 kB]\nFetched 14.0 MB in 5s (2,575 kB/s)\nReading package lists... Done",
  "last | head": null,
  "last": null,
  "sysctl -a | grep tcp": "net.ipv4.tcp_fin_timeout = 60\nnet.ipv4.tcp_keepalive_intvl = 75\nnet.ipv4.tcp_keepalive_probes = 9\nnet.ipv4.tcp_keepalive_time = 7200\nnet.ipv4.tcp_max_syn_backlog = 128\nnet.ipv4.tcp_retries1 = 3\nnet.ipv4.tcp_retries2 = 15\nnet.ipv4.tcp_syn_retries = 3\nnet.ipv4.tcp_synack_retries = 5\nnet.ipv4.tcp_timestamps = 1\nnet.ipv4.tcp_window_scaling = 1\nnet.ipv4.tcp_wmem = 4096 87380 6291456\nnet.ipv4.tcp_rmem = 4096 87380 6291456",
  "sysctl -a | grep tcp_congestion_control": "net.ipv4.tcp_congestion_control = cubic",
  "sysctl -a | grep tcp_congestion_control && sysctl -w net.ipv4.tcp_congestion_control=reno && sysctl -a | grep tcp_congestion_control": "net.ipv4.tcp_congestion_control = cubic\nnet.ipv4.tcp_congestion_control = reno",
  "whoami": "root",
  "mount": "/dev/mapper/vg01-lv_root on / type ext4 (rw,errors=remount-ro)\nproc on /proc type proc (rw,nosuid,nodev,noexec,relatime)\nsysfs on /sys type sysfs (rw,nosuid,nodev,noexec,relatime)\ndevtmpfs on /dev type devtmpfs (rw,nosuid,size=10240k,nr_inodes=256000,mode=755)\ntmpfs on /run type tmpfs (rw,nosuid,noexec,relatime,size=10240k,mode=755)\n/dev/sda1 on /boot type ext2 (rw,errors=remount-ro)\ntmpfs on /run/lock type tmpfs (rw,nosuid,nodev,noexec,relatime,size=5120k,mode=755)\ntmpfs on /tmp type tmpfs (rw,nosuid,nodev,noexec,relatime,size=10240k,mode=1777)\nsecurityfs on /sys/kernel/security type securityfs (rw,nosuid,nodev,noexec,relatime)",
  "ulimit": "unlimited",
  "ulimit -S 2048 && ulimit": "2048",
  "shutdown --help": null,
  "ps --help simple": null,
  "groups": "root",
  "busybox --list": "ash          cat          chgrp        chmod        chown        cp           date         df           dmesg        echo         \nfalse        find         grep         kill         ln           ls           mkdir        mknod        mount        mv           \nps           pwd          rm           rmdir        sh           sleep        sync         tar          touch        true         \numount       uname        vi           wget         zcat         zgrep        zless        zmore        zsh          nil",
  "ls /": "bin   boot  dev  etc  home  lib  lib64  media  mnt  opt  proc  root  run  sbin  srv  sys  tmp  usr  var",
  "ls /var/log": "alternatives.log  dpkg.log  faillog  kern.log  lastlog  syslog  wtmp",
  "ls /*bin": "/boot/bin: nil\n/dev/bin: nil\n/etc/bin: nil\n/home/bin: nil\n/lib/bin: nil\n/lib64/bin: nil\n/media/bin: nil\n/mnt/bin: nil\n/opt/bin: nil\n/proc/bin: nil\n/root/bin: nil\n/run/bin: nil\n/sbin/bin: nil\n/srv/bin: nil\n/sys/bin: nil\n/tmp/bin: nil\n/usr/bin: 2to3-3.2         bash           bzip2          cat            chmod          cp             dash           date           df             \ndiff           echo           false          find           grep           kill           ln             ls             mkdir         mknod         \nmount          mv             ps             pwd            rm             rmdir         sh             sleep         sync           tar            \ntouch          true           umount         uname          vi             wget           zcat           zgrep         zless         zmore         \n/var/bin: nil",
  "df -h": "Filesystem              Size  Used Avail Use% Mounted on\n/dev/mapper/vg01-lv_root  20G  2.5G   16G  14% /\n/dev/sda1               236M   56M  168M  25% /boot\ntmpfs                   10G     0   10G   0% /run\ntmpfs                   10G     0   10G   0% /tmp",
  "ls /etc": "adduser.conf  alternatives  bash.bashrc  debconf.conf  environment  fstab  hostname  hosts  init.d  network  networks  passwd  resolv.conf  shadow  sudoers  sysctl.conf  timezone  update-motd  vim  wgetrc",
  "cd /etc && ls": "adduser.conf  alternatives  bash.bashrc  debconf.conf  environment  fstab  hostname  hosts  init.d  network  networks  passwd  resolv.conf  shadow  sudoers  sysctl.conf  timezone  update-motd  vim  wgetrc",
  "ls -la /": "total 88\ndrwxr-xr-x   21 root root  4096 Oct  1  2023 .\ndrwxr-xr-x   21 root root  4096 Oct  1  2023 ..\ndrwxr-xr-x    2 root root  4096 Oct  1  2023 bin\ndrwxr-xr-x    4 root root  4096 Oct  1  2023 boot\ndrwxr-xr-x   19 root root  3960 Oct  1  2023 dev\ndrwxr-xr-x   99 root root  4096 Oct  1  2023 etc\ndrwxr-xr-x    3 root root  4096 Oct  1  2023 home\ndrwxr-xr-x    2 root root  4096 Oct  1  2023 lib\ndrwxr-xr-x    2 root root  4096 Oct  1  2023 lib64\ndrwxr-xr-x    2 root root  4096 Oct  1  2023 media\ndrwxr-xr-x    2 root root  4096 Oct  1  2023 mnt\ndrwxr-xr-x    2 root root  4096 Oct  1  2023 opt\ndr-xr-xr-x  100 root root     0 Oct  1  2023 proc\ndrwx------    2 root root  4096 Oct  1  2023 root\ndrwxr-xr-x    2 root root  4096 Oct  1  2023 run\ndrwxr-xr-x    2 root root  4096 Oct  1  2023 sbin\ndrwxr-xr-x    2 root root  4096 Oct  1  2023 srv\ndrwxr-xr-x    2 root root  4096 Oct  1  2023 sys\ndrwxrwxrwt    2 root root  4096 Oct  1  2023 tmp\ndrwxr-xr-x   10 root root  4096 Oct  1  2023 usr\ndrwxr-xr-x   12 root root  4096 Oct  1  2023 var",
  "\"echo \"\"hello\"\" > /test123 && cat /test123\"": null,
  "\"ls /var/log | grep -E \"\"*\\.log\"\"\"": "alternatives.log\ndpkg.log\nfaillog\nkern.log\nlastlog\nsyslog\nwtmp",
  "ls /etc/cron.daily": "0anacron  apt-compat  dpkg  logrotate  passwd  standard  tmpreaper",
  "ls /etc/init.d": "acpid           cron            dbus            exim4           hostname.sh     networking      rsyslog         ssh             udev           \napache2         cups            fail2ban        hwclock.sh      mysql           procps          sendmail        syslog          umountfs       \nanacron         dbus            gdm             kbd             mysql           procps          sendmail        syslog          umountfs       \natd             exim4          kmod            mountall.sh     networking      rsyslog         ssh             udev            x11-common     \nbootlogd        cron            dbus            exim4           hostname.sh     networking      rsyslog         ssh             udev",
