{
  "ping -c 4 www.google.com": "PING www.google.com (142.250.190.68) 56(84) bytes of data.\n64 bytes from lga34s12-in-f4.1e100.net (142.250.190.68): icmp_seq=1 ttl=117 time=10.2 ms\n64 bytes from lga34s12-in-f4.1e100.net (142.250.190.68): icmp_seq=2 ttl=117 time=10.1 ms\n64 bytes from lga34s12-in-f4.1e100.net (142.250.190.68): icmp_seq=3 ttl=117 time=10.0 ms\n64 bytes from lga34s12-in-f4.1e100.net (142.250.190.68): icmp_seq=4 ttl=117 time=10.3 ms\n\n--- www.google.com ping statistics ---\n4 packets transmitted, 4 received, 0% packet loss, time 3003ms\nrtt min/avg/max/mdev = 10.021/10.157/10.295/0.107 ms",
  "ping -c 4 142.250.203.174": "PING 142.250.203.174 (142.250.203.174) 56(84) bytes of data.\n64 bytes from 142.250.203.174: icmp_seq=1 ttl=117 time=10.1 ms\n64 bytes from 142.250.203.174: icmp_seq=2 ttl=117 time=10.2 ms\n64 bytes from 142.250.203.174: icmp_seq=3 ttl=117 time=10.0 ms\n64 bytes from 142.250.203.174: icmp_seq=4 ttl=117 time=10.3 ms\n\n--- 142.250.203.174 ping statistics ---\n4 packets transmitted, 4 received, 0% packet loss, time 3003ms\nrtt min/avg/max/mdev = 10.021/10.157/10.295/0.107 ms",
  "ip a": "1: lo: <LOOPBACK,UP,LOWER_UP> mtu 65536 qdisc noqueue state UNKNOWN qlen 1\n    link/loopback 00:00:00:00:00:00 brd 00:00:00:00:00:00\n    inet 127.0.0.1/8 scope host lo\n       valid_lft forever preferred_lft forever\n2: eth0: <BROADCAST,MULTICAST,UP,LOWER_UP> mtu 1500 qdisc pfifo_fast state UP qlen 1000\n    link/ether 00:1a:2b:3c:4d:5e brd ff:ff:ff:ff:ff:ff\n    inet 192.168.1.100/24 brd 192.168.1.255 scope global eth0\n       valid_lft forever preferred_lft forever",
  "ifconfig": "lo        Link encap:Local Loopback  \n          inet addr:127.0.0.1  Mask:255.0.0.0\n          UP LOOPBACK RUNNING  MTU:65536  Metric:1\n          RX packets:12345 errors:0 dropped:0 overruns:0 frame:0\n          TX packets:12345 errors:0 dropped:0 overruns:0 carrier:0\n          collisions:0 txqueuelen:0 \n          RX bytes:1234567 (1.2 MB)  TX bytes:1234567 (1.2 MB)\n\neth0      Link encap:Ethernet  HWaddr 00:1a:2b:3c:4d:5e  \n          inet addr:192.168.1.100  Bcast:192.168.1.255  Mask:255.255.255.0\n          UP BROADCAST RUNNING MULTICAST  MTU:1500  Metric:1\n          RX packets:12345 errors:0 dropped:0 overruns:0 frame:0\n          TX packets:12345 errors:0 dropped:0 overruns:0 carrier:0\n          collisions:0 txqueuelen:1000 \n          RX bytes:1234567 (1.2 MB)  TX bytes:1234567 (1.2 MB)",
  "curl www.google.com": "<!doctype html>\n<html itemscope=\"\" itemtype=\"http://schema.org/WebPage\" lang=\"en\">\n<head>\n    <meta content=\"text/html; charset=UTF-8\" http-equiv=\"Content-Type\">\n    <meta content=\"width=device-width,initial-scale=1\" name=\"viewport\">\n    <title>Google</title>\n    <script nonce=\"...\">...</script>\n    <style>...</style>\n</head>\n<body>...</body>\n</html>",
  "curl 142.250.203.174": "<!doctype html>\n<html itemscope=\"\" itemtype=\"http://schema.org/WebPage\" lang=\"en\">\n<head>\n    <meta content=\"text/html; charset=UTF-8\" http-equiv=\"Content-Type\">\n    <meta content=\"width=device-width,initial-scale=1\" name=\"viewport\">\n    <title>Google</title>\n    <script nonce=\"...\">...</script>\n    <style>...</style>\n</head>\n<body>...</body>\n</html>",
  "traceroute www.google.com": "traceroute to www.google.com (142.250.190.68), 30 hops max, 60 byte packets\n 1  router.local (192.168.1.1)  1.123 ms  1.234 ms  1.345 ms\n 2  10.0.0.1 (10.0.0.1)  10.456 ms  10.567 ms  10.678 ms\n 3  172.16.0.1 (172.16.0.1)  20.789 ms  20.890 ms  20.901 ms\n 4  203.0.113.1 (203.0.113.1)  30.012 ms  30.123 ms  30.234 ms\n 5  142.250.190.68 (142.250.190.68)  40.345 ms  40.456 ms  40.567 ms",
  "netstat -tulpn": "Active Internet connections (servers and established)\nProto Recv-Q Send-Q Local Address           Foreign Address         State       PID/Program name    \ntcp        0      0 0.0.0.0:80            0.0.0.0:*               LISTEN      1234/apache2       \ntcp        0      0 0.0.0.0:22            0.0.0.0:*               LISTEN      5678/sshd          \ntcp6       0      0 :::80                   :::*                    LISTEN      1234/apache2       \ntcp6       0      0 :::22                   :::*                    LISTEN      5678/sshd          ",
  "iptables -L": "Chain INPUT (policy ACCEPT)\ntarget     prot opt source               destination         \n\nChain FORWARD (policy ACCEPT)\ntarget     prot opt source               destination         \n\nChain OUTPUT (policy ACCEPT)\ntarget     prot opt source               destination         ",
  "cat /etc/resolv.conf": "# Generated by resolvconf\nnameserver 8.8.8.8\nnameserver 8.8.4.4",
  "wget www.google.com": "--2023-10-01 12:00:00--  http://www.google.com/\nResolving www.google.com (www.google.com)... 142.250.190.68\nConnecting to www.google.com (www.google.com)|142.250.190.68|:80... connected.\nHTTP request sent, awaiting response... 200 OK\nLength: 12345 (12K) [text/html]\nSaving to: \u2018index.html\u2019\n\nindex.html          100%[===================>]  12.34K  --.-KB/s    in 0.01s   \n\n2023-10-01 12:00:00 (1.23 MB/s) - \u2018index.html\u2019 saved [12345/12345]",
  "wget 142.250.203.174": "--2023-10-01 12:00:00--  http://142.250.203.174/\nResolving 142.250.203.174... 142.250.203.174\nConnecting to 142.250.203.174 (142.250.203.174)|142.250.203.174|:80... connected.\nHTTP request sent, awaiting response... 200 OK\nLength: 12345 (12K) [text/html]\nSaving to: \u2018index.html\u2019\n\nindex.html          100%[===================>]  12.34K  --.-KB/s    in 0.01s   \n\n2023-10-01 12:00:00 (1.23 MB/s) - \u2018index.html\u2019 saved [12345/12345]",
  "traceroute 142.250.203.174": "traceroute to 142.250.203.174 (142.250.203.174), 30 hops max, 60 byte packets\n 1  router.local (192.168.1.1)  1.123 ms  1.234 ms  1.345 ms\n 2  10.0.0.1 (10.0.0.1)  10.456 ms  10.567 ms  10.678 ms\n 3  172.16.0.1 (172.16.0.1)  20.789 ms  20.890 ms  20.901 ms\n 4  203.0.113.1 (203.0.113.1)  30.012 ms  30.123 ms  30.234 ms\n 5  142.250.203.174 (142.250.203.174)  40.345 ms  40.456 ms  40.567 ms",
  "iptables -t nat -L": "Chain PREROUTING (policy ACCEPT)\ntarget     prot opt source               destination         \n\nChain INPUT (policy ACCEPT)\ntarget     prot opt source               destination         \n\nChain OUTPUT (policy ACCEPT)\ntarget     prot opt source               destination         \n\nChain POSTROUTING (policy ACCEPT)\ntarget     prot opt source               destination         ",
  "iptables -A INPUT -m conntrack --ctstate ESTABLISHED RELATED -j ACCEPT && iptables -L INPUT": "Chain INPUT (policy ACCEPT)\ntarget     prot opt source               destination         \nACCEPT     all  --  anywhere             anywhere             ctstate ESTABLISHED,RELATED",
  "iptables -A INPUT -s 245.21.189.17 -j DROP && iptables -L INPUT": "Chain INPUT (policy ACCEPT)\ntarget     prot opt source               destination         \nACCEPT     all  --  anywhere             anywhere             ctstate ESTABLISHED,RELATED\nDROP       all  --  245.21.189.17       anywhere            ",
  "iptables -A OUTPUT -p tcp --sport 22 -m conntrack --ctstate ESTABLISHED -j ACCEPT && iptables -L OUTPUT": "Chain OUTPUT (policy ACCEPT)\ntarget     prot opt source               destination         \nACCEPT     tcp  --  anywhere             anywhere             tcp spt:22 ctstate ESTABLISHED",
  "netstat": "Active Internet connections (servers and established)\nProto Recv-Q Send-Q Local Address           Foreign Address         State       \ntcp        0      0 0.0.0.0:80            0.0.0.0:*               LISTEN      \ntcp        0      0 0.0.0.0:22            0.0.0.0:*               LISTEN      \ntcp6       0      0 :::80                   :::*                    LISTEN      \ntcp6       0      0 :::22                   :::*                    LISTEN      ",
  "whois 142.250.203.174": null,
  "wget www.google.com && ls -la": "--2023-10-01 12:00:00--  http://www.google.com/\nResolving www.google.com (www.google.com)... 142.250.190.68\nConnecting to www.google.com (www.google.com)|142.250.190.68|:80... connected.\nHTTP request sent, awaiting response... 200 OK\nLength: 12345 (12K) [text/html]\nSaving to: \u2018index.html\u2019\n\nindex.html          100%[===================>]  12.34K  --.-KB/s    in 0.01s   \n\n2023-10-01 12:00:00 (1.23 MB/s) - \u2018index.html\u2019 saved [12345/12345]\n\ntotal 12\ndrwx------  2 root root 4096 Oct  1 12:00 .\ndrwxr-xr-x  3 root root 4096 Oct  1 12:00 ..\n-rw-r--r--  1 root root 12345 Oct  1 12:00 index.html",
  "ip route": "default via 192.168.1.1 dev eth0 \n192.168.1.0/24 dev eth0  proto kernel  scope link  src 192.168.1.100",
  "ip link": "1: lo: <LOOPBACK,UP,LOWER_UP> mtu 65536 qdisc noqueue state UNKNOWN qlen 1\n    link/loopback 00:00:00:00:00:00 brd 00:00:00:00:00:00\n2: eth0: <BROADCAST,MULTICAST,UP,LOWER_UP> mtu 1500 qdisc pfifo_fast state UP qlen 1000\n    link/ether 00:1a:2b:3c:4d:5e brd ff:ff:ff:ff:ff:ff",
  "ip maddr": null,
  "busybox wget": null,
  "busybox wget http://142.250.203.174": "--2023-10-01 12:00:00--  http://142.250.203.174/\nResolving 142.250.203.174... 142.250.203.174\nConnecting to 142.250.203.174 (142.250.203.174)|142.250.203.174|:80... connected.\nHTTP request sent, awaiting response... 200 OK\nLength: 12345 (12K) [text/html]\nSaving to: \u2018index.html\u2019\n\nindex.html          100%[===================>]  12.34K  --.-KB/s    in 0.01s   \n\n2023-10-01 12:00:00 (1.23 MB/s) - \u2018index.html\u2019 saved [12345/12345]",
  "uname -a": "Linux svr01 3.2.0-4-amd64 #1 SMP Debian 3.2.88-1 x86_64 GNU/Linux",
  "cat /proc/cpuinfo": "processor\t: 0\nvendor_id\t: GenuineIntel\ncpu family\t: 6\nmodel\t\t: 58\nmodel name\t: Intel(R) Xeon(R) CPU E5-2620 v2 @ 2.10GHz\nstepping\t: 1\nmicrocode\t: 0x1f\ncpu MHz\t\t: 2100.000\ncache size\t: 20480 KB\nphysical id\t: 0\nsiblings\t: 16\ncore id\t\t: 0\ncpu cores\t: 8\napicid\t\t: 0\ninitial apicid\t: 0\nfpu\t\t: yes\nfpu_exception\t: yes\ncpuid level\t: 11\nwp\t\t: yes\nflags\t\t: fpu vme de pse tsc msr pae mce cx8 apic sep mtrr pge mca cmov pat pse36 clflush dts acpi mmx fxsr sse sse2 ss ht tm pbe syscall nx pdpe1gb rdtscp lm constant_tsc art arch_perfmon pebs bts rep_good nopl xtopology nonstop_tsc cpuid aperfmperf pni pclmulqdq dtes64 monitor ds_cpl vmx est tm2 ssse3 sse4_1 sse4_2 x2apic popcnt tsc_deadline_timer aes ni ssse3\nbogomips\t: 4200.00\nclflush size\t: 64\ncache_alignment\t: 64\naddress sizes\t: 39 bits physical, 48 bits virtual\npower management: ",
  "cat /proc/meminfo": "MemTotal:        16384000 kB\nMemFree:          1234567 kB\nMemAvailable:     9876543 kB\nBuffers:          123456 kB\nCached:           2345678 kB\nSwapCached:       0 kB\nActive:           4567890 kB\nInactive:         1234567 kB\nActive(anon):     3456789 kB\nInactive(anon):   0 kB\nActive(file):     1111111 kB\nInactive(file):   1234567 kB\nUnevictable:      0 kB\nMlocked:          0 kB\nSwapTotal:       2048000 kB\nSwapFree:        2048000 kB\nDirty:            1234 kB\nWriteback:        0 kB\nAnonPages:        3456789 kB\nMapped:           123456 kB\nShmem:           123456 kB\nSlab:            234567 kB\nSReclaimable:    123456 kB\nSUnreclaim:      111111 kB\nKernelStack:      1234 kB\nPageTables:       5678 kB\nNFS_Unstable:     0 kB\nBounce:           0 kB\nWritebackTmp:     0 kB\nCommitLimit:     20480000 kB\nCommitted_AS:    12345678 kB\nVmallocTotal:    123456789 kB\nVmallocUsed:     123456 kB\nVmallocChunk:    123456 kB\nHardwareCorrupted: 0 kB\nAnonHugePages:   0 kB\nShmemHugePages:  0 kB\nShmemPmdMapped:  0 kB\nCmaTotal:        0 kB\nCmaFree:         0 kB\nHugePages_Total: 0\nHugePages_Free:  0\nHugePages_Rsvd:  0\nHugePages_Surp:  0\nHugepagesize:    2048 kB\nDirectMap4k:     123456 kB\nDirectMap2M:     12345678 kB\nDirectMap1G:     0 kB",
  "busybox": null,
  "apt-get -y --force-yes install nmap": "Reading package lists... Done\nBuilding dependency tree       \nReading state information... Done\nThe following extra packages will be installed:\n  libnet-dns-perl libnet-pcap-perl libpcap0.8\nThe following NEW packages will be installed:\n  libnet-dns-perl libnet-pcap-perl libpcap0.8 nmap\n0 upgraded, 4 newly installed, 0 to remove and 0 not upgraded.\nNeed to get 2,345 kB of archives.\nAfter this operation, 10.2 MB of additional disk space will be used.\nGet:1 http://deb.debian.org/debian/ wheezy/main libpcap0.8 amd64 1.3.0-1 [156 kB]\nGet:2 http://deb.debian.org/debian/ wheezy/main libnet-dns-perl amd64 0.68-1 [164 kB]\nGet:3 http://deb.debian.org/debian/ wheezy/main libnet-pcap-perl amd64 0.14-1 [56.0 kB]\nGet:4 http://deb.debian.org/debian/ wheezy/main nmap amd64 6.40-1 [1,969 kB]\nFetched 2,345 kB in 1s (1,500 kB/s)\nSelecting previously unselected package libpcap0.8.\n(Reading database ... 123456 files and directories currently installed.)\nPreparing to unpack .../libpcap0.8_1.3.0-1_amd64.deb ...\nUnpacking libpcap0.8 (1.3.0-1) ...\nSelecting previously unselected package libnet-dns-perl.\nPreparing to unpack .../libnet-dns-perl_0.68-1_amd64.deb ...\nUnpacking libnet-dns-perl (0.68-1) ...\nSelecting previously unselected package libnet-pcap-perl.\nPreparing to unpack .../libnet-pcap-perl_0.14-1_amd64.deb ...\nUnpacking libnet-pcap-perl (0.14-1) ...\nSelecting previously unselected package nmap.\nPreparing to unpack .../nmap_6.40-1_amd64.deb ...\nUnpacking nmap (6.40-1) ...\nSetting up libpcap0.8 (1.3.0-1) ...\nSetting up libnet-dns-perl (0.68-1) ...\nSetting up libnet-pcap-perl (0.14-1) ...\nSetting up nmap (6.40-1) ...\nProcessing triggers for libc-bin (2.13-38) ...",
  "apt-get -y --force-yes install telnetd": "Reading package lists... Done\nBuilding dependency tree       \nReading state information... Done\nThe following NEW packages will be installed:\n  telnetd\n0 upgraded, 1 newly installed, 0 to remove and 0 not upgraded.\nNeed to get 56.0 kB of archives.\nAfter this operation, 200 kB of additional disk space will be used.\nGet:1 http://deb.debian.org/debian/ wheezy/main telnetd amd64 0.17-36 [56.0 kB]\nFetched 56.0 kB in 0s (112 kB/s)\nSelecting previously unselected package telnetd.\n(Reading database ... 123456 files and directories currently installed.)\nPreparing to unpack .../telnetd_0.17-36_amd64.deb ...\nUnpacking telnetd (0.17-36) ...\nSetting up telnetd (0.17-36) ...\nProcessing triggers for libc-bin (2.13-38) ...",
  "w": " 12:00:00 up 1 day,  3:45,  1 user,  load average: 0.00, 0.01, 0.05\nUSER     TTY      FROM             LOGIN@   IDLE   JCPU   PCPU WHAT\nroot     pts/0    192.168.1.10     11:00    1.00s  0.01s  0.00s w",
  "lscpu": "Architecture:          x86_64\nCPU op-mode(s):        32-bit, 64-bit\nByte Order:            Little Endian\nCPU(s):                16\nOn-line CPU(s) list:   0-15\nThread(s) per core:    2\nCore(s) per socket:    8\nSocket(s):             1\nNUMA node(s):          1\nVendor ID:             GenuineIntel\nCPU family:            6\nModel:                 58\nModel name:            Intel(R) Xeon(R) CPU E5-2620 v2 @ 2.10GHz\nStepping:              1\nCPU MHz:               2100.000\nBogoMIPS:              4200.00\nVirtualization:        VT-x\nL1d cache:             32K\nL1i cache:             32K\nL2 cache:              256K\nL3 cache:              20480K\nNUMA node0 CPU(s):     0-15",
  "lsblk": "NAME   MAJ:MIN RM   SIZE RO TYPE MOUNTPOINT\nsda      8:0    0  100G  0 disk \n\u251c\u2500sda1   8:1    0  100G  0 part /\nsr0     11:0    1 1024M  0 rom ",
  "fdisk -l": "Disk /dev/sda: 100 GiB, 107374182400 bytes, 209715200 sectors\nUnits: sectors of 1 * 512 = 512 bytes\nSector size (logical/physical): 512 bytes / 512 bytes\nI/O size (minimum/optimal): 512 bytes / 512 bytes\nDisk label type: dos\nDisk identifier: 0x12345678\n\nDevice     Boot Start       End   Sectors Size Id Type\n/dev/sda1  *     2048 209715199 209713152  100G 83 Linux",
  "dd if=/dev/zero of=/opt/swap bs=1024 count=524288": null,
  "service --status-all": " [ + ]  acpid\n [ + ]  apache2\n [ - ]  atd\n [ + ]  cron\n [ + ]  dbus\n [ + ]  exim4\n [ + ]  fail2ban\n [ + ]  networking\n [ + ]  ntp\n [ + ]  ssh\n [ - ]  telnetd\n [ + ]  udev\n [ + ]  vsftpd\n [ + ]  xinetd",
  "env": "SHELL=/bin/bash\nTERM=xterm\nHISTSIZE=1000\nHISTFILESIZE=2000\nUSER=root\nLOGNAME=root\nHOME=/root\nPATH=/usr/local/sbin:/usr/local/bin:/usr/sbin:/usr/bin:/sbin:/bin\nLANG=en_US.UTF-8\nLC_ALL=en_US.UTF-8\nPWD=/root\nSHLVL=1\n_=/usr/bin/env",
  "dmesg": "[    0.000000] Booting Linux 3.2.0-4-amd64...\n[    0.000000] Linux version 3.2.0-4-amd64 (debian-kernel@lists.debian.org) (gcc version 4.7.2 (Debian 4.7.2-5)) #1 SMP Debian 3.2.88-1\n[    0.000000] Command line: BOOT_IMAGE=/vmlinuz-3.2.0-4-amd64 root=/dev/sda1 ro quiet\n[    0.000000] BIOS-provided physical RAM map:\n[    0.000000]  BIOS-e820: 0000000000000000 - 000000000009fc00 (usable)\n[    0.000000]  BIOS-e820: 000000000009fc00 - 00000000000a0000 (reserved)\n[    0.000000]  BIOS-e820: 00000000000e0000 - 0000000000100000 (reserved)\n[    0.000000]  BIOS-e820: 0000000000100000 - 00000000fffffff (usable)\n[    0.000000] DMI not present or invalid.\n[    0.000000] e820: last_pfn = 0x100000 max: 0x400000000\n[    0.000000] MTRR default type: write-back\n[    0.000000] MTRR fixed ranges enabled:\n[    0.000000]   00000000-0009ffff write-back\n[    0.000000]   000a0000-000bffff write-through\n[    0.000000]   000c0000-000cffff write-protect\n[    0.000000]   000d0000-000dffff write-through\n[    0.000000]   000e0000-000fffff write-protect\n[    0.000000] MTRR variable ranges enabled:\n[    0.000000]   0 base 000000000000 mask 3fffffffff write-back\n[    0.000000]   1 base 000000000000 mask 3fffffffff write-back\n[    0.000000]   2 base 000000000000 mask 3fffffffff write-back\n[    0.000000]   3 base 000000000000 mask 3fffffffff write-back\n[    0.000000]   4 base 000000000000 mask 3fffffffff write-back\n[    0.000000]   5 base 000000000000 mask 3fffffffff write-back\n[    0.000000]   6 base 000000000000 mask 3fffffffff write-back\n[    0.000000]   7 base 000000000000 mask 3fffffffff write-back\n[    0.000000]   8 base 000000000000 mask 3fffffffff write-back\n[    0.000000]   9 base 000000000000 mask 3fffffffff write-back\n[    0.000000]   10 base 000000000000 mask 3fffffffff write-back\n[    0.000000]   11 base 000000000000 mask 3fffffffff write-back\n[    0.000000]   12 base 000000000000 mask 3fffffffff write-back\n[    0.000000]   13 base 000000000000 mask 3fffffffff write-back\n[    0.000000]   14 base 000000000000 mask 3fffffffff write-back\n[    0.000000]   15 base 000000000000 mask 3fffffffff write-back\n[    0.000000]   16 base 000000000000 mask 3fffffffff write-back\n[    0.000000]   17 base 000000000000 mask 3fffffffff write-back\n[    0.000000]   18 base 000000000000 mask 3fffffffff write-back\n[    0.000000]   19 base 000000000000 mask 3fffffffff write-back\n[    0.000000]   20 base 000000000000 mask 3fffffffff write-back\n[    0.000000]   21 base 000000000000 mask 3fffffffff write-back\n[    0.000000]   22 base 000000000000 mask 3fffffffff write-back\n[    0.000000]   23 base 000000000000 mask 3fffffffff write-back\n[    0.000000]   24 base 000000000000 mask 3fffffffff write-back\n[    0.000000]   25 base 000000000000 mask 3fffffffff write-back\n[    0.000000]   26 base 000000000000 mask 3fffffffff write-back\n[    0.000000]   27 base 000000000000 mask 3fffffffff write-back\n[    0.000000]   28 base 000000000000 mask 3fffffffff write-back\n[    0.000000]   29 base 000000000000 mask 3fffffffff write-back\n[    0.000000]   30 base 000000000000 mask 3fffffffff write-back\n[    0.000000]   31 base 000000000000 mask 3fffffffff write-back\n[    0.000000] Memory: 16384000k/16384000k available (12345k kernel code, 1234k reserved, 1234k data, 1234k init, 0k highmem)\n[    0.000000] Kernel/User page tables isolation: enabled\n[    0.000000] Hierarchical RCU implementation.\n[    0.000000] \tRCU restricting CPUs from NR_CPUS=2048 to nr_cpu_ids=16.\n[    0.000000] \tRCU: Adjusting geometry for rcu_fanout_leaf=16, nr_cpu_ids=16\n[    0.000000] \tRCU: \tRCU CPU stall detection enabled.\n[    0.000000] \tRCU: \tRCU priority boosting enabled.\n[    0.000000] \tRCU: \tRCU callback thread priority set to 1.\n[    0.000000] \tRCU: \tRCU callback thread stack size set to 2048.\n[    0.000000] \tRCU: \tRCU callback thread stack size set to 2048.\n[    0.000000] \tRCU: \tRCU callback thread stack size set to 2048.\n[    0.000000] \tRCU: \tRCU callback thread stack size set to 2048.\n[    0.000000] \tRCU: \tRCU callback thread stack size set to 2048.\n[    0.000000] \tRCU: \tRCU callback thread stack size set to 2048.\n[    0.000000] \tRCU: \tRCU callback thread stack size set to 2048.\n[    0.000000] \tRCU: \tRCU callback thread stack size set to 2048.\n[    0.000000] \tRCU: \tRCU callback thread stack size set to 2048.\n[    0.000000] \tRCU: \tRCU callback thread stack size set to 2048.\n[    0.000000] \tRCU: \tRCU callback thread stack size set to 2048.\n[    0.000000] \tRCU: \tRCU callback thread stack size set to 2048.\n[    0.000000] \tRCU: \tRCU callback thread stack size set to 2048.\n[    0.000000] \tRCU: \tRCU callback thread stack size set to 2048.\n[    0.000000] \tRCU: \tRCU callback thread stack size set to 2048.\n[    0.000000] \tRCU: \tRCU callback thread stack size set to 2048.\n[    0.000000] \tRCU: \tRCU callback thread stack size set to 2048.\n[    0.000000] \tRCU: \tRCU callback thread stack size set to 2048.\n[    0.000000] \tRCU: \tRCU callback thread stack size set to 2048.\n[    0.000000] \tRCU: \tRCU callback thread stack size set to 2048.\n[    0.000000] \tRCU: \tRCU callback thread stack size set to 2048.\n[    0.000000] \tRCU: \tRCU callback thread stack size set to 2048.\n[    0.000000] \tRCU: \tRCU callback thread stack size set to 2048.\n[    0.000000] \tRCU: \tRCU callback thread stack size set to 2048.\n[    0.000000] \tRCU: \tRCU callback thread stack size set to 2048.\n[    0.000000] \tRCU: \tRCU callback thread stack size set to 2048.\n[    0.000000] \tRCU: \tRCU callback thread stack size set to 2048.\n[    0.000000] \tRCU: \tRCU callback thread stack size set to 2048.\n[    0.000000] \tRCU: \tRCU callback thread stack size set to 2048.\n[    0.000000] \tRCU: \tRCU callback thread stack size set to 2048.\n[    0.000000] \tRCU: \tRCU callback thread stack size set to 2048.\n[    0.000000] \tRCU: \tRCU callback thread stack size set to 2048.\n[    0.000000] \tRCU: \tRCU callback thread stack size set to 2048.\n[    0.000000] \tRCU: \tRCU callback thread stack size set to 2048.\n[    0.000000] \tRCU: \tRCU callback thread stack size set to 2048.\n[    0.000000] \tRCU: \tRCU callback thread stack size set to 2048.\n[    0.000000] \tRCU: \tRCU callback thread stack size set to 2048.\n[    0.000000] \tRCU: \tRCU callback thread stack size set to 2048.\n[    0.000000] \tRCU: \tRCU callback thread stack size set to 2048.\n[    0.000000] \tRCU: \tRCU callback thread stack size set to 2048.\n[    0.000000] \tRCU: \tRCU callback thread stack size set to 2048.\n[    0.000000] \tRCU: \tRCU callback thread stack size set to 2048.\n[    0.000000] \tRCU: \tRCU callback thread stack size set to 2048.\n[    0.000000] \tRCU: \tRCU callback thread stack size set to 2048.\n[    0.000000] \tRCU: \tRCU callback thread stack size set to 2048.\n[    0.000000] \tRCU: \tRCU callback thread stack size set to 2048.\n[    0.000000] \tRCU: \tRCU callback thread stack size set to 2048.\n[    0.000000] \tRCU: \tRCU callback thread stack size set to 2048.\n[    0.000000] \tRCU: \tRCU callback thread stack size set to 2048.\n[    0.000000] \tRCU: \tRCU callback thread stack size set to 2048.\n[    0.000000] \tRCU: \tRCU callback thread stack size set to 2048.\n[    0.000000] \tRCU: \tRCU callback thread stack size set to 2048.\n[    0.000000] \tRCU: \tRCU callback thread stack size set to 2048.\n[    0.000000] \tRCU: \tRCU callback thread stack size set to 2048.\n[    0.000000] \tRCU: \tRCU callback thread stack size set to 2048.\n[    0.000000] \tRCU: \tRCU callback thread stack size set to 2048.\n[    0.000000] \tRCU: \tRCU callback thread stack size set to 2048.\n[    0.000000] \tRCU: \tRCU callback thread stack size set to 2048.\n[    0.000000] \tRCU: \tRCU callback thread stack size set to 2048.\n[    0.000000] \tRCU: \tRCU callback thread stack size set to 2048.\n[    0.000000] \tRCU: \tRCU callback thread stack size set to 2048.\n[    0.000000] \tRCU: \tRCU callback thread stack size set to 2048.\n[    0.000000] \tRCU: \tRCU callback thread stack size set to 2048.\n[    0.000000] \tRCU: \tRCU callback thread stack size set to 2048.\n[    0.000000] \tRCU: \tRCU callback thread stack size set to 2048.\n[    0.000000] \tRCU: \tRCU callback thread stack size set to 2048.\n[    0.000000] \tRCU: \tRCU callback thread stack size set to 2048.\n[    0.000000] \tRCU: \tRCU callback thread stack size set to 2048.\n[    0.000000] \tRCU: \tRCU callback thread stack size set to 2048.\n[    0.000000] \tRCU: \tRCU callback thread stack size set to 2048.\n[    0.000000] \tRCU: \tRCU callback thread stack size set to 2048.\n[    0.000000] \tRCU: \tRCU callback thread stack size set to 2048.\n[    0.000000] \tRCU: \tRCU callback thread stack size set to 2048.\n[    0.000000] \tRCU: \tRCU callback thread stack size set to 2048.\n[    0.000000] \tRCU: \tRCU callback thread stack size set to 2048.\n[    0.000000] \tRCU: \tRCU callback thread stack size set to 2048.\n[    0.000000] \tRCU: \tRCU callback thread stack size set to 2048.\n[    0.000000] \tRCU: \tRCU callback thread stack size set to 2048.\n[    0.000000] \tRCU: \tRCU callback thread stack size set to 2048.\n[    0.000000] \tRCU: \tRCU callback thread stack size set to 2048.\n[    0.000000] \tRCU: \tRCU callback thread stack size set to 2048.\n[    0.000000] \tRCU: \tRCU callback thread stack size set to 2048.\n[    0.000000] \tRCU: \tRCU callback thread stack size set to 2048.\n[    0.000000] \tRCU: \tRCU callback thread stack size set to 2048.\n[    0.000000] \tRCU: \tRCU callback thread stack size set to 2048.\n[    0.000000] \tRCU: \tRCU callback thread stack size set to 2048.\n[    0.000000] \tRCU: \tRCU callback thread stack size set to 2048.\n[    0.000000] \tRCU: \tRCU callback thread stack size set to 2048.\n[    0.000000] \tRCU: \tRCU callback thread stack size set to 2048.\n[    0.000000] \tRCU: \tRCU callback thread stack size set to 2048.\n[    0.000000] \tRCU: \tRCU callback thread stack size set to 2048.\n[    0.000000] \tRCU: \tRCU callback thread stack size set to 2048.\n[    0.000000] \tRCU: \tRCU callback thread stack size set to 2048.\n[    0.000000] \tRCU: \tRCU callback thread stack size set to 2048.\n[    0.000000] \tRCU: \tRCU callback thread stack size set to 2048.\n[    0.000000] \tRCU: \tRCU callback thread stack size set to 2048.\n[    0.000000] \tRCU: \tRCU callback thread stack size set to 2048.\n[    0.000000] \tRCU: \tRCU callback thread stack size set to 2048.\n[    0.000000] \tRCU: \tRCU callback thread stack size set to 2048.\n[    0.000000] \tRCU: \tRCU callback thread stack size set to 2048.\n[    0.000000] \tRCU: \tRCU callback thread stack size set to 2048.\n[    0.000000] \tRCU: \tRCU callback thread stack size set to 2048.\n[    0.000000] \tRCU: \tRCU callback thread stack size set to 2048.\n[    0.000000] \tRCU: \tRCU callback thread stack size set to 2048.\n[    0.000000] \tRCU: \tRCU callback thread stack size set to 2048.\n[    0.000000] \tRCU: \tRCU callback thread stack size set to 2048.\n[    0.000000] \tRCU: \tRCU callback thread stack size set to 2048.\n[    0.000000] \tRCU: \tRCU callback thread stack size set to 2048.\n[    0.000000] \tRCU: \tRCU callback thread stack size set to 2048.\n[    0.000000] \tRCU: \tRCU callback thread stack size set to 2048.\n[    0.000000] \tRCU: \tRCU callback thread stack size set to 2048.\n[    0.000000] \tRCU: \tRCU callback thread stack size set to 2048.\n[    0.000000] \tRCU: \tRCU callback thread stack size set to 2048.\n[    0.000000] \tRCU: \tRCU callback thread stack size set to 2048.\n[    0.000000] \tRCU: \tRCU callback thread stack size set to 2048.\n[    0.000000] \tRCU: \tRCU callback thread stack size set to 2048.\n[    0.000000] \tRCU: \tRCU callback thread stack size set to 2048.\n[    0.000000] \tRCU: \tRCU callback thread stack size set to 2048.\n[    0.000000] \tRCU: \tRCU callback thread stack size set to 2048.\n[    0.000000] \tRCU: \tRCU callback thread stack size set to 2048.\n[    0.000000] \tRCU: \tRCU callback thread stack size set to 2048.\n[    0.000000] \tRCU: \tRCU callback thread stack size set to 2048.\n[    0.000000] \tRCU: \tRCU callback thread stack size set to 2048.\n[    0.000000] \tRCU: \tRCU callback thread stack size set to 2048.\n[    0.000000] \tRCU: \tRCU callback thread stack size set to 2048.\n[    0.000000] \tRCU: \tRCU callback thread stack size set to 2048.\n[    0.000000] \tRCU: \tRCU callback thread stack size set to 2048.\n[    0.000000] \tRCU: \tRCU callback thread stack size set to 2048.\n[    0.000000] \tRCU: \tRCU callback thread stack size set to 2048.\n[    0.000000] \tRCU: \tRCU callback thread stack size set to 2048.\n[    0.000000] \tRCU: \tRCU callback thread stack size set to 2048.\n[    0.000000] \tRCU: \tRCU callback thread stack size set to 2048.\n[    0.000000] \tRCU: \tRCU callback thread stack size set to 2048.\n[    0.000000] \tRCU: \tRCU callback thread stack size set to 2048.\n[    0.000000] \tRCU: \tRCU callback thread stack size set to 2048.\n[    0.000000] \tRCU: \tRCU callback thread stack size set to 2048.\n[    0.000000] \tRCU: \tRCU callback thread stack size set to 2048.\n[    0.000000] \tRCU: \tRCU callback thread stack size set to 2048.\n[    0.000000] \tRCU: \tRCU callback thread stack size set to 2048.\n[    0.000000] \tRCU: \tRCU callback thread stack size set to 2048.\n[    0.000000] \tRCU: \tRCU callback thread stack size set to 2048.\n[    0.000000] \tRCU: \tRCU callback thread stack size set to 2048.\n[    0.000000] \tRCU: \tRCU callback thread stack size set to 2048.\n[    0.000000] \tRCU: \tRCU callback thread stack size set to 2048.\n[    0.000000] \tRCU: \tRCU callback thread stack size set to 2048.\n[    0.000000] \tRCU: \tRCU callback thread stack size set to 2048.\n[    0.000000] \tRCU: \tRCU callback thread stack size set to 2048.\n[    0.000000] \tRCU: \tRCU callback thread stack size set to 2048.\n[    0.000000] \tRCU: \tRCU callback thread stack size set to 2048.\n[    0.000000] \tRCU: \tRCU callback thread stack size set to 2048.\n[    0.000000] \tRCU: \tRCU callback thread stack size set to 2048.\n[    0.000000] \tRCU: \tRCU callback thread stack size set to 2048.\n[    0.000000] \tRCU: \tRCU callback thread stack size set to 2048.\n[    0.000000] \tRCU: \tRCU callback thread stack size set to 2048.\n[    0.000000] \tRCU: \tRCU callback thread stack size set to 2048.\n[    0.000000] \tRCU: \tRCU callback thread stack size set to 2048.\n[    0.000000] \tRCU: \tRCU callback thread stack size set to 2048.\n[    0.000000] \tRCU: \tRCU callback thread stack size set to 2048.\n[    0.000000] \tRCU: \tRCU callback thread stack size set to 2048.\n[    0.000000] \tRCU: \tRCU callback thread stack size set to 2048.\n[    0.000000] \tRCU: \tRCU callback thread stack size set to 2048.\n[    0.000000] \tRCU: \tRCU callback thread stack size set to 2048.\n[    0.000000] \tRCU: \tRCU callback thread stack size set to 2048.\n[    0.000000] \tRCU: \tRCU callback thread stack size set to 2048.\n[    0.000000] \tRCU: \tRCU callback thread stack size set to 2048.\n[    0.000000] \tRCU: \tRCU callback thread stack size set to 2048.\n[    0.000000] \tRCU: \tRCU callback thread stack size set to 2048.\n[    0.000000] \tRCU: \tRCU callback thread stack size set to 2048.\n[    0.000000] \tRCU: \tRCU callback thread stack size set to 2048.\n[    0.000000] \tRCU: \tRCU callback thread stack size set to 2048.\n[    0.000000] \tRCU: \tRCU callback thread stack size set to 2048.\n[    0.000000] \tRCU: \tRCU callback thread stack size set to 2048.\n[    0.000000] \tRCU: \tRCU callback thread stack size set to 2048.\n[    0.000000] \tRCU: \tRCU callback thread stack size set to 2048.\n[    0.000000] \tRCU: \tRCU callback thread stack size set to 2048.\n[    0.000000] \tRCU: \tRCU callback thread stack size set to 2048.\n[    0.000000] \tRCU: \tRCU callback thread stack size set to 2048.\n[    0.000000] \tRCU: \tRCU callback thread stack size set to 2048.\n[    0.000000] \tRCU: \tRCU callback thread stack size set to 2048.\n[    0.000000] \tRCU: \tRCU callback thread stack size set to 2048.\n[    0.000000] \tRCU: \tRCU callback thread stack size set to 2048.\n[    0.000000] \tRCU: \tRCU callback thread stack size set to 2048.\n[    0.000000] \tRCU: \tRCU callback thread stack size set to 2048.\n[    0.000000] \tRCU: \tRCU callback thread stack size set to 2048.\n[    0.000000] \tRCU: \tRCU callback thread stack size set to 2048.\n[    0.000000] \tRCU: \tRCU callback thread stack size set to 2048.\n[    0.000000] \tRCU: \tRCU callback thread stack size set to 2048.\n[    0.000000] \tRCU: \tRCU callback thread stack size set to 2048.\n[    0.000000] \tRCU: \tRCU callback thread stack size set to 2048.\n[    0.000000] \tRCU: \tRCU callback thread stack size set to 2048.\n[    0.000000] \tRCU: \tRCU callback thread stack size set to 2048.\n[    0.000000] \tRCU: \tRCU callback thread stack size set to 2048.\n[    0.000000] \tRCU: \tRCU callback thread stack size set to 2048.\n[    0.000000] \tRCU: \tRCU callback thread stack size set to 2048.\n[    0.000000] \tRCU: \tRCU callback thread stack size set to 2048.\n[    0.000000] \tRCU: \tRCU callback thread stack size set to 2048.\n[    0.000000] \tRCU: \tRCU callback thread stack size set to 2048.\n[    0.000000] \tRCU: \tRCU callback thread stack size set to 2048.\n[    0.000000] \tRCU: \tRCU callback thread stack size set to 2048.\n[    0.000000] \tRCU: \tRCU callback thread stack size set to 2048.\n[    0.000000] \tRCU: \tRCU callback thread stack size set to 2048.\n[    0.000000] \tRCU: \tRCU callback thread stack size set to 2048.\n[    0.000000] \tRCU: \tRCU callback thread stack size set to 2048.\n[    0.000000] \tRCU: \tRCU callback thread stack size set to 2048.\n[    0.000000] \tRCU: \tRCU callback thread stack size set to 2048.\n[    0.000000] \tRCU: \tRCU callback thread stack size set to 2048.\n[    0.000000] \tRCU: \tRCU callback thread stack size set to 2048.\n[    0.000000] \tRCU: \tRCU callback thread stack size set to 2048.\n[    0.000000] \tRCU: \tRCU callback thread stack size set to 2048.\n[    0.000000] \tRCU: \tRCU callback thread stack size set to 2048.\n[    0.000000] \tRCU: \tRCU callback thread stack size set to 2048.\n[    0.000000] \tRCU: \tRCU callback thread stack size set to 2048.\n[    0.000000] \tRCU: \tRCU callback thread stack size set to 2048.\n[    0.000000] \tRCU: \tRCU callback thread stack size set to 2048.\n[    0.000000] \tRCU: \tRCU callback thread stack size set to 2048.\n[    0.000000] \tRCU: \tRCU callback thread stack size set to 2048.\n[    0.000000] \tRCU: \tRCU callback thread stack size set to 2048.\n[    0.000000] \tRCU: \tRCU callback thread stack size set to 2048.\n[    0.000000] \tRCU: \tRCU callback thread stack size set to 2048.\n[    0.000000] \tRCU: \tRCU callback thread stack size set to 2048.\n[    0.000000] \tRCU: \tRCU callback thread stack size set to 2048.\n[    0.000000] \tRCU: \tRCU callback thread stack size set to 2048.\n[    0.000000] \tRCU: \tRCU callback thread stack size set to 2048.\n[    0.000000] \tRCU: \tRCU callback thread stack size set to 2048.\n[    0.000000] \tRCU: \tRCU callback thread stack size set to 2048.\n[    0.000000] \tRCU: \tRCU callback thread stack size set to 2048.\n[    0.000000] \tRCU: \tRCU callback thread stack size set to 2048.\n[    0.000000] \tRCU: \tRCU callback thread stack size set to 2048.\n[    0.000000] \tRCU: \tRCU callback thread stack size set to 2048.\n[    0.000000] \tRCU: \tRCU callback thread stack size set to 2048.\n[    0.000000] \tRCU: \tRCU callback thread stack size set to 2048.\n[    0.000000] \tRCU: \tRCU callback thread stack size set to 2048.\n[    0.000000] \tRCU: \tRCU callback thread stack size set to 2048.\n[    0.000000] \tRCU: \tRCU callback thread stack size set to 2048.\n[    0.000000] \tRCU: \tRCU callback thread stack size set to 2048.\n[    0.000000] \tRCU: \tRCU callback thread stack size set to 2048.\n[    0.000000] \tRCU: \tRCU callback thread stack size set to 2048.\n[    0.000000] \tRCU: \tRCU callback thread stack size set to 2048.\n[    0.000000] \tRCU: \tRCU callback thread stack size set to 2048.\n[    0.000000] \tRCU: \tRCU callback thread stack size set to 2048.\n[    0.000000] \tRCU: \tRCU callback thread stack size set to 2048.\n[    0.000000] \tRCU: \tRCU callback thread stack size set to 2048.\n[    0.000000] \tRCU: \tRCU callback thread stack size set to 2048.\n[    0.000000] \tRCU: \tRCU callback thread stack size set to 2048.\n[    0.000000] \tRCU: \tRCU callback thread stack size set to 2048.\n[    0.000000] \tRCU: \tRCU callback thread stack size set to 2048.\n[    0.000000] \tRCU: \tRCU callback thread stack size set to 2048.\n[    0.000000] \tRCU: \tRCU callback thread stack size set to 2048.\n[    0.000000] \tRCU: \tRCU callback thread stack size set to 2048.\n[    0.000000] \tRCU: \tRCU callback thread stack size set to 2048.\n[    0.000000] \tRCU: \tRCU callback thread stack size set to 2048.\n[    0.000000] \tRCU: \tRCU callback thread stack size set to 2048.\n[    0.000000] \tRCU: \tRCU callback thread stack size set to 2048.\n[    0.000000] \tRCU: \tRCU callback thread stack size set to 2048.\n[    0.000000] \tRCU: \tRCU callback thread stack size set to 2048.\n[    0.000000] \tRCU: \tRCU callback thread stack size set to 2048.\n[    0.000000] \tRCU: \tRCU callback thread stack size set to 2048.\n[    0.000000] \tRCU: \tRCU callback thread stack size set to 2048.\n[    0.000000] \tRCU: \tRCU callback thread stack size set to 2048.\n[    0.000000] \tRCU: \tRCU callback thread stack size set to 2048.\n[    0.000000] \tRCU: \tRCU callback thread stack size set to 2048.\n[    0.000000] \tRCU: \tRCU callback thread stack size set to 2048.\n[    0.000000] \tRCU: \tRCU callback thread stack size set to 2048.\n[    0.000000] \tRCU: \tRCU callback thread stack size set to 2048.\n[    0.000000] \tRCU: \tRCU callback thread stack size set to 2048.\n[    0.000000] \tRCU: \tRCU callback thread stack size set to 2048.\n[    0.000000] \tRCU: \tRCU callback thread stack size set to 2048.\n[    0.000000] \tRCU: \tRCU callback thread stack size set to 2048.\n[    0.000000] \tRCU: \tRCU callback thread stack size set to 2048.\n[    0.000000] \tRCU: \tRCU callback thread stack size set to 2048.\n[    0.000000] \tRCU: \tRCU callback thread stack size set to 2048.\n[    0.000000] \tRCU: \tRCU callback thread stack size set to 2048.\n[    0.000000] \tRCU: \tRCU callback thread stack size set to 2048.\n[    0.000000] \tRCU: \tRCU callback thread stack size set to 2048.\n[    0.000000] \tRCU: \tRCU callback thread stack size set to 2048.\n[    0.000000] \tRCU: \tRCU callback thread stack size set to 2048.\n[    0.000000] \tRCU: \tRCU callback thread stack size set to 2048.\n[    0.000000] \tRCU: \tRCU callback thread stack size set to 2048.\n[    0.000000] \tRCU: \tRCU callback thread stack size set to 2048.\n[    0.000000] \tRCU: \tRCU callback thread stack size set to 2048.\n[    0.000000] \tRCU: \tRCU callback thread stack size set to 2048.\n[    0.000000] \tRCU: \tRCU callback thread stack size set to 2048.\n[    0.000000] \tRCU: \tRCU callback thread stack size set to 2048.\n[    0.000000] \tRCU: \tRCU callback thread stack size set to 2048.\n[    0.000000] \tRCU: \tRCU callback thread stack size set to 2048.\n[    0.000000] \tRCU: \tRCU callback thread stack size set to 2048.\n[    0.000000] \tRCU: \tRCU callback thread stack size set to 2048.\n[    0.000000] \tRCU: \tRCU callback thread stack size set to 2048.\n[    0.000000] \tRCU: \tRCU callback thread stack size set to 2048.\n[    0.000000] \tRCU: \tRCU callback thread stack size set to 2048.\n[    0.000000] \tRCU: \tRCU callback thread stack size set to 2048.\n[    0.000000] \tRCU: \tRCU callback thread stack size set to 2048.\n[    0.000000] \tRCU: \tRCU callback thread stack size set to 2048.\n[    0.000000] \tRCU: \tRCU callback thread stack size set to 2048.\n[    0.000000] \tRCU: \tRCU callback thread stack size set to 2048.\n[    0.000000] \tRCU: \tRCU callback thread stack size set to 2048.\n[    0.000000] \tRCU: \tRCU callback thread stack size set to 2048.\n[    0.000000] \tRCU: \tRCU callback thread stack size set to 2048.\n[    0.000000] \tRCU: \tRCU callback thread stack size set to 2048.\n[    0.000000] \tRCU: \tRCU callback thread stack size set to 2048.\n[    0.000000] \tRCU: \tRCU callback thread stack size set to 2048.\n[    0.000000] \tRCU: \tRCU callback thread stack size set to 2048.\n[    0.000000] \tRCU: \tRCU callback thread stack size set to 2048.\n[    0.000000] \tRCU: \tRCU callback thread stack size set to 2048.\n[    0.000000] \tRCU: \tRCU callback thread stack size set to 2048.\n[    0.000000] \tRCU: \tRCU callback thread stack size set to 2048.\n[    0.000000] \tRCU: \tRCU callback thread stack size set to 2048.\n[    0.000000] \tRCU: \tRCU callback thread stack size set to 2048.\n[    0.000000] \tRCU: \tRCU callback thread stack size set to 2048.\n[    0.000000] \tRCU: \tRCU callback thread stack size set to 2048.\n[    0.000000] \tRCU: \tRCU callback thread stack size set to 2048.\n[    0.000000] \tRCU: \tRCU callback thread stack size set to 2048.\n[    0.000000] \tRCU: \tRCU callback thread stack size set to 2048.\n[    0.000000] \tRCU: \tRCU callback thread stack size set to 2048.\n[    0.000000] \tRCU: \tRCU callback thread stack size set to 2048.\n[    0.000000] \tRCU: \tRCU callback thread stack size set to 2048.\n[    0.000000] \tRCU: \tRCU callback thread stack size set to 2048.\n[    0.000000] \tRCU: \tRCU callback thread stack size set to 2048.\n[    0.000000] \tRCU: \tRCU callback thread stack size set to 2048.\n[    0.000000] \tRCU: \tRCU callback thread stack size set to 2048.\n[    0.000000] \tRCU: \tRCU callback thread stack size set to 2048.\n[    0.000000] \tRCU: \tRCU callback thread stack size set to 2048.\n[    0.000000] \tRCU: \tRCU callback thread stack size set to 2048.\n[    0.000000] \tRCU: \tRCU callback thread stack size set to 2048.\n[    0.000000] \tRCU: \tRCU callback thread stack size set to 2048.\n[    0.000000] \tRCU: \tRCU callback thread stack size set to 2048.\n[    0.000000] \tRCU: \tRCU callback thread stack size set to 2048.\n[    0.000000] \tRCU: \tRCU callback thread stack size set to 2048.\n[    0.000000] \tRCU: \tRCU callback thread stack size set to 2048.\n[    0.000000] \tRCU: \tRCU callback thread stack size set to 2048.\n[    0.000000] \tRCU: \tRCU callback thread stack size set to 2048.\n[    0.000000] \tRCU: \tRCU callback thread stack size set to 2048.\n[    0.000000] \tRCU: \tRCU callback thread stack size set to 2048.\n[    0.000000] \tRCU: \tRCU callback thread stack size set to 2048.\n[    0.000000] \tRCU: \tRCU callback thread stack size set to 2048.\n[    0.000000] \tRCU: \tRCU callback thread stack size set to 2048.\n[    0.000000] \tRCU: \tRCU callback thread stack size set to 2048.\n[    0.000000] \tRCU: \tRCU callback thread stack size set to 2048.\n[    0.000000] \tRCU: \tRCU callback thread stack size set to 2048.\n[    0.000000] \tRCU: \tRCU callback thread stack size set to 2048.\n[    0.000000] \tRCU: \tRCU callback thread stack size set to 2048.\n[    0.000000] \tRCU: \tRCU callback thread stack size set to 2048.\n[    0.000000] \tRCU: \tRCU callback thread stack size set to 2048.\n[    0.000000] \tRCU: \tRCU callback thread stack size set to 2048.\n[    0.000000] \tRCU: \tRCU callback thread stack size set to 2048.\n[    0.000000] \tRCU: \tRCU callback thread stack size set to 2048.\n[    0.000000] \tRCU: \tRCU callback thread stack size set to 2048.\n[    0.000000] \tRCU: \tRCU callback thread stack size set to 2048.\n[    0.000000] \tRCU: \tRCU callback thread stack size set to 2048.\n[    0.000000] \tRCU: \tRCU callback thread stack size set to 2048.\n[    0.000000] \tRCU: \tRCU callback thread stack size set to 2048.\n[    0.000000] \tRCU: \tRCU callback thread stack size set to 2048.\n[    0.000000] \tRCU: \tRCU callback thread stack size set to 2048.\n[    0.000000] \tRCU: \tRCU callback thread stack size set to 2048.\n[    0.000000] \tRCU: \tRCU callback thread stack size set to 2048.\n[    0.000000] \tRCU: \tRCU callback thread stack size set to 2048.\n[    0.000000] \tRCU: \tRCU callback thread stack size set to 2048.\n[    0.000000] \tRCU: \tRCU callback thread stack size set to 2048.\n[    0.000000] \tRCU: \tRCU callback thread stack size set to 2048.\n[    0.000000] \tRCU: \tRCU callback thread stack size set to 2048.\n[    0.000000] \tRCU: \tRCU callback thread stack size set to 2048.\n[    0.000000] \tRCU: \tRCU callback thread stack size set to 2048.\n[    0.000000] \tRCU: \tRCU callback thread stack size set to 2048.\n[    0.000000] \tRCU: \tRCU callback thread stack size set to 2048.\n[    0.000000] \tRCU: \tRCU callback thread stack size set to 2048.\n[    0.000000] \tRCU: \tRCU callback thread stack size set to 2048.\n[    0.000000] \tRCU: \tRCU callback thread stack size set to 2048.\n[    0.000000] \tRCU: \tRCU callback thread stack size set to 2048.\n[    0.000000] \tRCU: \tRCU callback thread stack size set to 2048.\n[    0.000000] \tRCU: \tRCU callback thread stack size set to 2048.\n[    0.000000] \tRCU: \tRCU callback thread stack size set to 2048.\n[    0.000000] \tRCU: \tRCU callback thread stack size set to 2048.\n[    0.000000] \tRCU: \tRCU callback thread stack size set to 2048.\n[    0.000000] \tRCU: \tRCU callback thread stack size set to 2048.\n[    0.000000] \tRCU: \tRCU callback thread stack size set to 2048.\n[    0.000000] \tRCU: \tRCU callback thread stack size set to 2048.\n[    0.000000] \tRCU: \tRCU callback thread stack size set to 2048.\n[    0.000000] \tRCU: \tRCU callback thread stack size set to 2048.\n[    0.000000] \tRCU: \tRCU callback thread stack size set to 2048.\n[    0.000000] \tRCU: \tRCU callback thread stack size set to 2048.\n[    0.000000] \tRCU: \tRCU callback thread stack size set to 2048.\n[    0.000000] \tRCU: \tRCU callback thread stack size set to 2048.\n[    0.000000] \tRCU: \tRCU callback thread stack size set to 2048.\n[    0.000000] \tRCU: \tRCU callback thread stack size set to 2048.\n[    0.000000] \tRCU: \tRCU callback thread stack size set to 2048.\n[    0.000000] \tRCU: \tRCU callback thread stack size set to 2048.\n[    0.000000] \tRCU: \tRCU callback thread stack size set to 2048.\n[    0.000000] \tRCU: \tRCU callback thread stack size set to 2048.\n[    0.000000] \tRCU: \tRCU callback thread stack size set to 2048.\n[    0.000000] \tRCU: \tRCU callback thread stack size set to 2048.\n[    0.000000] \tRCU: \tRCU callback thread stack size set to 2048.\n[    0.000000] \tRCU: \tRCU callback thread stack size set to 2048.\n[    0.000000] \tRCU: \tRCU callback thread stack size set to 2048.\n[    0.000000] \tRCU: \tRCU callback thread stack size set to 2048.\n[    0.000000] \tRCU: \tRCU callback thread stack size set to 2048.\n[    0.000000] \tRCU: \tRCU callback thread stack size set to 2048.\n[    0.000000] \tRCU: \tRCU callback thread stack size set to 2048.\n[    0.000000] \tRCU: \tRCU callback thread stack size set to 2048.\n[    0.000000] \tRCU: \tRCU callback thread stack size set to 2048.\n[    0.000000] \tRCU: \tRCU callback thread stack size set to 2048.\n[    0.000000] \tRCU: \tRCU callback thread stack size set to 2048.\n[    0.000000] \tRCU: \tRCU callback thread stack size set to 2048.\n[    0.000000] \tRCU: \tRCU callback thread stack size set to 2048.\n[    0.000000] \tRCU: \tRCU callback thread stack size set to 2048.\n[    0.000000] \tRCU: \tRCU callback thread stack size set to 2048.\n[    0.000000] \tRCU: \tRCU callback thread stack size set to 2048.\n[    0.000000] \tRCU: \tRCU callback thread stack size set to 2048.\n[    0.000000] \tRCU: \tRCU callback thread stack size set to 2048.\n[    0.000000] \tRCU: \tRCU callback thread stack size set to 2048.\n[    0.000000] \tRCU: \tRCU callback thread stack size set to 2048.\n[    0.000000] \tRCU: \tRCU callback thread stack size set to 2048.\n[    0.000000] \tRCU: \tRCU callback thread stack size set to 2048.\n[    0.000000] \tRCU: \tRCU callback thread stack size set to 2048.\n[    0.000000] \tRCU: \tRCU callback thread stack size set to 2048.\n[    0.000000] \tRCU: \tRCU callback thread stack size set to 2048.\n[    0.000000] \tRCU: \tRCU callback thread stack size set to 2048.\n[    0.000000] \tRCU: \tRCU callback thread stack size set to 2048.\n[    0.000000] \tRCU: \tRCU callback thread stack size set to 2048.\n[    0.000000] \tRCU: \tRCU callback thread stack size set to 2048.\n[    0.000000] \tRCU: \tRCU callback thread stack size set to 2048.\n[    0.000000] \tRCU: \tRCU callback thread stack size set to 2048.\n[    0.000000] \tRCU: \tRCU callback thread stack size set to 2048.\n[    0.000000] \tRCU: \tRCU callback thread stack size set to 2048.\n[    0.000000] \tRCU: \tRCU callback thread stack size set to 2048.\n[    0.000000] \tRCU: \tRCU callback thread stack size set to 2048.\n[    0.000000] \tRCU: \tRCU callback thread stack size set to 2048.\n[    0.000000] \tRCU: \tRCU callback thread stack size set to 2048.\n[    0.000000] \tRCU: \tRCU callback thread stack size set to 2048.\n[    0.000000] \tRCU: \tRCU callback thread stack size set to 2048.\n[    0.000000] \tRCU: \tRCU callback thread stack size set to 2048.\n[    0.000000] \tRCU: \tRCU callback thread stack size set to 2048.\n[    0.000000] \tRCU: \tRCU callback thread stack size set to 2048.\n[    0.000000] \tRCU: \tRCU callback thread stack size set to 2048.\n[    0.000000] \tRCU: \tRCU callback thread stack size set to 2048.\n[    0.000000] \tRCU: \tRCU callback thread stack size set to 2048.\n[    0.000000] \tRCU: \tRCU callback thread stack size set to 2048.\n[    0.000000] \tRCU: \tRCU callback thread stack size set to 2048.\n[    0.000000] \tRCU: \tRCU callback thread stack size set to 2048.\n[    0.000000] \tRCU: \tRCU callback thread stack size set to 2048.\n[    0.000000] \tRCU: \tRCU callback thread stack size set to 2048.\n[    0.000000] \tRCU: \tRCU callback thread stack size set to 2048.\n[    0.000000] \tRCU: \tRCU callback thread stack size set to 2048.\n[    0.000000] \tRCU: \tRCU callback thread stack size set to 2048.\n[    0.000000] \tRCU: \tRCU callback thread stack size set to 2048.\n[    0.000000] \tRCU: \tRCU callback thread stack size set to 2048.\n[    0.000000] \tRCU: \tRCU callback thread stack size set to 2048.\n[    0.000000] \tRCU: \tRCU callback thread stack size set to 2048.\n[    0.000000] \tRCU: \tRCU callback thread stack size set to 2048.\n[    0.000000] \tRCU: \tRCU callback thread stack size set to 2048.\n[    0.000000] \tRCU: \tRCU callback thread stack size set to 2048.\n[    0.000000] \tRCU: \tRCU callback thread stack size set to 2048.\n[    0.000000] \tRCU: \tRCU callback thread stack size set to 2048.\n[    0.000000] \tRCU: \tRCU callback thread stack size set to 2048.\n[    0.000000] \tRCU: \tRCU callback thread stack size set to 2048.\n[    0.000000] \tRCU: \tRCU callback thread stack size set to 2048.\n[    0.000000] \tRCU: \tRCU callback thread stack size set to 2048.\n[    0.000000] \tRCU: \tRCU callback thread stack size set to 2048.\n[    0.000000] \tRCU: \tRCU callback thread stack size set to 2048.\n[    0.000000] \tRCU: \tRCU callback thread stack size set to 2048.\n[    0.000000] \tRCU: \tRCU callback thread stack size set to 2048.\n[    0.000000] \tRCU: \tRCU callback thread stack size set to 2048.\n[    0.000000] \tRCU: \tRCU callback thread stack size set to 2048.\n[    0.000000] \tRCU: \tRCU callback thread stack size set to 2048.\n[    0.000000] \tRCU: \tRCU callback thread stack size set to 2048.\n[    0.000000] \tRCU: \tRCU callback thread stack size set to 2048.\n[    0.000000] \tRCU: \tRCU callback thread stack size set to 2048.\n[    0.000000] \tRCU: \tRCU callback thread stack size set to 2048.\n[    0.000000] \tRCU: \tRCU callback thread stack size set to 2048.\n[    0.000000] \tRCU: \tRCU callback thread stack size set to 2048.\n[    0.000000] \tRCU: \tRCU callback thread stack size set to 2048.\n[    0.000000] \tRCU: \tRCU callback thread stack size set to 2048.\n[    0.000000] \tRCU: \tRCU callback thread stack size set to 2048.\n[    0.000000] \tRCU: \tRCU callback thread stack size set to 2048.\n[    0.000000] \tRCU: \tRCU callback thread stack size set to 2048.\n[    0.000000] \tRCU: \tRCU callback thread stack size set to 2048.\n[    0.000000] \tRCU: \tRCU callback thread stack size set to 2048.\n[    0.000000] \tRCU: \tRCU callback thread stack size set to 2048.\n[    0.000000] \tRCU: \tRCU callback thread stack size set to 2048.\n[    0.000000] \tRCU: \tRCU callback thread stack size set to 2048.\n[    0.000000] \tRCU: \tRCU callback thread stack size set to 2048.\n[    0.000000] \tRCU: \tRCU callback thread stack size set to 2048.\n[    0.000000] \tRCU: \tRCU callback thread stack size set to 2048.\n[    0.000000] \tRCU: \tRCU callback thread stack size set to 2048.\n[    0.000000] \tRCU: \tRCU callback thread stack size set to 2048.\n[    0.000000] \tRCU: \tRCU callback thread stack size set to 2048.\n[    0.000000] \tRCU: \tRCU callback thread stack size set to 2048.\n[    0.000000] \tRCU: \tRCU callback thread stack size set to 2048.\n[    0.000000] \tRCU: \tRCU callback thread stack size set to 2048.\n[    0.000000] \tRCU: \tRCU callback thread stack size set to 2048.\n[    0.000000] \tRCU: \tRCU callback thread stack size set to 2048.\n[    0.000000] \tRCU: \tRCU callback thread stack size set to 2048.\n[    0.000000] \tRCU: \tRCU callback thread stack size set to 2048.\n[    0.000000] \tRCU: \tRCU callback thread stack size set to 2048.\n[    0.000000] \tRCU: \tRCU callback thread stack size set to 2048.\n[    0.000000] \tRCU: \tRCU callback thread stack size set to 2048.\n[    0.000000] \tRCU: \tRCU callback thread stack size set to 2048.\n[    0.000000] \tRCU: \tRCU callback thread stack size set to 2048.\n[    0.000000] \tRCU: \tRCU callback thread stack size set to 2048.\n[    0.000000] \tRCU: \tRCU callback thread stack size set to 2048.\n[    0.000000] \tRCU: \tRCU callback thread stack size set to 2048.\n[    0.000000] \tRCU: \tRCU callback thread stack size set to 2048.\n[    0.000000] \tRCU: \tRCU callback thread stack size set to 2048.\n[    0.000000] \tRCU: \tRCU callback thread stack size set to 2048.\n[    0.000000] \tRCU: \tRCU callback thread stack size set to 2048.\n[    0.000000] \tRCU: \tRCU callback thread stack size set to 2048.\n[    0.000000] \tRCU: \tRCU callback thread stack size set to 2048.\n[    0.000000] \tRCU: \tRCU callback thread stack size set to 2048.\n[    0.000000] \tRCU: \tRCU callback thread stack size set to 2048.\n[    0.000000] \tRCU: \tRCU callback thread stack size set to 2048.\n[    0.000000] \tRCU: \tRCU callback thread stack size set to 2048.\n[    0.000000] \tRCU: \tRCU callback thread stack size set to 2048.\n[    0.000000] \tRCU: \tRCU callback thread stack size set to 2048.\n[    0.000000] \tRCU: \tRCU callback thread stack size set to 2048.\n[    0.000000] \tRCU: \tRCU callback thread stack size set to 2048.\n[    0.000000] \tRCU: \tRCU callback thread stack size set to 2048.\n[    0.000000] \tRCU: \tRCU callback thread stack size set to 2048.\n[    0.000000] \tRCU: \tRCU callback thread stack size set to 2048.\n[    0.000000] \tRCU: \tRCU callback thread stack size set to 2048.\n[    0.000000] \tRCU: \tRCU callback thread stack size set to 2048.\n[    0.000000] \tRCU: \tRCU callback thread stack size set to 2048.\n[    0.000000] \tRCU: \tRCU callback thread stack size set to 2048.\n[    0.000000] \tRCU: \tRCU callback thread stack size set to 2048.\n[    0.000000] \tRCU: \tRCU callback thread stack size set to 2048.\n[    0.000000] \tRCU: \tRCU callback thread stack size set to 2048.\n[    0.000000] \tRCU: \tRCU callback thread stack size set to 2048.\n[    0.000000] \tRCU: \tRCU callback thread stack size set to 2048.\n[    0.000000] \tRCU: \tRCU callback thread stack size set to 2048.\n[    0.000000] \tRCU: \tRCU callback thread stack size set to 2048.\n[    0.000000] \tRCU: \tRCU callback thread stack size set to 2048.\n[    0.000000] \tRCU: \tRCU callback thread stack size set to 2048.\n[    0.000000] \tRCU: \tRCU callback thread stack size set to 2048.\n[    0.000000] \tRCU: \tRCU callback thread stack size set to 2048.\n[    0.000000] \tRCU: \tRCU callback thread stack size set to 2048.\n[    0.000000] \tRCU: \tRCU callback thread stack size set to 2048.\n[    0.000000] \tRCU: \tRCU callback thread stack size set to 2048.\n[    0.000000] \tRCU: \tRCU callback thread stack size set to 2048.\n[    0.000000] \tRCU: \tRCU callback thread stack size set to 2048.\n[    0.000000] \tRCU: \tRCU callback thread stack size set to 2048.\n[    0.000000] \tRCU: \tRCU callback thread stack size set to 2048.\n[    0.000000] \tRCU: \tRCU callback thread stack size set to 2048.\n[    0.000000] \tRCU: \tRCU callback thread stack size set to 2048.\n[    0.000000] \tRCU: \tRCU callback thread stack size set to 2048.\n[    0.000000] \tRCU: \tRCU callback thread stack size set to 2048.\n[    0.000000] \tRCU: \tRCU callback thread stack size set to 2048.\n[    0.000000] \tRCU: \tRCU callback thread stack size set to 2048.\n[    0.000000] \tRCU: \tRCU callback thread stack size set to 2048.\n[    0.000000] \tRCU: \tRCU callback thread stack size set to 2048.\n[    0.000000] \tRCU: \tRCU callback thread stack size set to 2048.\n[    0.000000] \tRCU: \tRCU callback thread stack size set to 2048.\n[    0.000000] \tRCU: \tRCU callback thread stack size set to 2048.\n[    0.000000] \tRCU: \tRCU callback thread stack size set to 2048.\n[    0.000000] \tRCU: \tRCU callback thread stack size set to 2048.\n[    0.000",
  "perl -ne 'print if 1 .. 3' /etc/passwd": "root:x:0:0:root:/root:/bin/bash\ndaemon:x:1:1:daemon:/usr/sbin:/usr/sbin/nologin\nbin:x:2:2:bin:/bin:/usr/sbin/nologin",
  "ps aux": "USER       PID %CPU %MEM    VSZ   RSS TTY      STAT START   TIME COMMAND\nroot         1  0.0  0.0  10364   896 ?        Ss   Oct01   0:00 /sbin/init\nroot         2  0.0  0.0      0     0 ?        S    Oct01   0:00 [kthreadd]\nroot         3  0.0  0.0      0     0 ?        I<   Oct01   0:00 [rcu_gp]\nroot         4  0.0  0.0      0     0 ?        I<   Oct01   0:00 [rcu_par_gp]\nroot         5  0.0  0.0      0     0 ?        S    Oct01   0:00 [kworker/0:0H]\nroot         6  0.0  0.0      0     0 ?        S    Oct01   0:00 [kworker/u2:0]\nroot         7  0.0  0.0      0     0 ?        S    Oct01   0:00 [migration/0]\nroot         8  0.0  0.0      0     0 ?        S    Oct01   0:00 [ksoftirqd/0]\nroot         9  0.0  0.0      0     0 ?        I<   Oct01   0:00 [rcu_sched]\nroot        10  0.0  0.0      0     0 ?        S    Oct01   0:00 [migration/1]\nroot        11  0.0  0.0      0     0 ?        S    Oct01   0:00 [ksoftirqd/1]\nroot        12  0.0  0.0      0     0 ?        I<   Oct01   0:00 [rcu_sched]\nroot        13  0.0  0.0      0     0 ?        S    Oct01   0:00 [migration/2]\nroot        14  0.0  0.0      0     0 ?        S    Oct01   0:00 [ksoftirqd/2]\nroot        15  0.0  0.0      0     0 ?        I<   Oct01   0:00 [rcu_sched]\nroot        16  0.0  0.0      0     0 ?        S    Oct01   0:00 [migration/3]\nroot        17  0.0  0.0      0     0 ?        S    Oct01   0:00 [ksoftirqd/3]\nroot        18  0.0  0.0      0     0 ?        I<   Oct01   0:00 [rcu_sched]\nroot        19  0.0  0.0      0     0 ?        S    Oct01   0:00 [migration/4]\nroot        20  0.0  0.0      0     0 ?        S    Oct01   0:00 [ksoftirqd/4]\nroot        21  0.0  0.0      0     0 ?        I<   Oct01   0:00 [rcu_sched]\nroot        22  0.0  0.0      0     0 ?        S    Oct01   0:00 [migration/5]\nroot        23  0.0  0.0      0     0 ?        S    Oct01   0:00 [ksoftirqd/5]\nroot        24  0.0  0.0      0     0 ?        I<   Oct01   0:00 [rcu_sched]\nroot        25  0.0  0.0      0     0 ?        S    Oct01   0:00 [migration/6]\nroot        26  0.0  0.0      0     0 ?        S    Oct01   0:00 [ksoftirqd/6]\nroot        27  0.0  0.0      0     0 ?        I<   Oct01   0:00 [rcu_sched]\nroot        28  0.0  0.0      0     0 ?        S    Oct01   0:00 [migration/7]\nroot        29  0.0  0.0      0     0 ?        S    Oct01   0:00 [ksoftirqd/7]\nroot        30  0.0  0.0      0     0 ?        I<   Oct01   0:00 [rcu_sched]\nroot        31  0.0  0.0      0     0 ?        S    Oct01   0:00 [migration/8]\nroot        32  0.0  0.0      0     0 ?        S    Oct01   0:00 [ksoftirqd/8]\nroot        33  0.0  0.0      0     0 ?        I<   Oct01   0:00 [rcu_sched]\nroot        34  0.0  0.0      0     0 ?        S    Oct01   0:00 [migration/9]\nroot        35  0.0  0.0      0     0 ?        S    Oct01   0:00 [ksoftirqd/9]\nroot        36  0.0  0.0      0     0 ?        I<   Oct01   0:00 [rcu_sched]\nroot        37  0.0  0.0      0     0 ?        S    Oct01   0:00 [migration/10]\nroot        38  0.0  0.0      0     0 ?        S    Oct01   0:00 [ksoftirqd/10]\nroot        39  0.0  0.0      0     0 ?        I<   Oct01   0:00 [rcu_sched]\nroot        40  0.0  0.0      0     0 ?        S    Oct01   0:00 [migration/11]\nroot        41  0.0  0.0      0     0 ?        S    Oct01   0:00 [ksoftirqd/11]\nroot        42  0.0  0.0      0     0 ?        I<   Oct01   0:00 [rcu_sched]\nroot        43  0.0  0.0      0     0 ?        S    Oct01   0:00 [migration/12]\nroot        44  0.0  0.0      0     0 ?        S    Oct01   0:00 [ksoftirqd/12]\nroot        45  0.0  0.0      0     0 ?        I<   Oct01   0:00 [rcu_sched]\nroot        46  0.0  0.0      0     0 ?        S    Oct01   0:00 [migration/13]\nroot        47  0.0  0.0      0     0 ?        S    Oct01   0:00 [ksoftirqd/13]\nroot        48  0.0  0.0      0     0 ?        I<   Oct01   0:00 [rcu_sched]\nroot        49  0.0  0.0      0     0 ?        S    Oct01   0:00 [migration/14]\nroot        50  0.0  0.0      0     0 ?        S    Oct01   0:00 [ksoftirqd/14]\nroot        51  0.0  0.0      0     0 ?        I<   Oct01   0:00 [rcu_sched]\nroot        52  0.0  0.0      0     0 ?        S    Oct01   0:00 [migration/15]\nroot        53  0.0  0.0      0     0 ?        S    Oct01   0:00 [ksoftirqd/15]\nroot        54  0.0  0.0      0     0 ?        I<   Oct01   0:00 [rcu_sched]\nroot        55  0.0  0.0      0     0 ?        S    Oct01   0:00 [migration/16]\nroot        56  0.0  0.0      0     0 ?        S    Oct01   0:00 [ksoftirqd/16]\nroot        57  0.0  0.0      0     0 ?        I<   Oct01   0:00 [rcu_sched]\nroot        58  0.0  0.0      0     0 ?        S    Oct01   0:00 [migration/17]\nroot        59  0.0  0.0      0     0 ?        S    Oct01   0:00 [ksoftirqd/17]\nroot        60  0.0  0.0      0     0 ?        I<   Oct01   0:00 [rcu_sched]\nroot        61  0.0  0.0      0     0 ?        S    Oct01   0:00 [migration/18]\nroot        62  0.0  0.0      0     0 ?        S    Oct01   0:00 [ksoftirqd/18]\nroot        63  0.0  0.0      0     0 ?        I<   Oct01   0:00 [rcu_sched]\nroot        64  0.0  0.0      0     0 ?        S    Oct01   0:00 [migration/19]\nroot        65  0.0  0.0      0     0 ?        S    Oct01   0:00 [ksoftirqd/19]\nroot        66  0.0  0.0      0     0 ?        I<   Oct01   0:00 [rcu_sched]\nroot        67  0.0  0.0      0     0 ?        S    Oct01   0:00 [migration/20]\nroot        68  0.0  0.0      0     0 ?        S    Oct01   0:00 [ksoftirqd/20]\nroot        69  0.0  0.0      0     0 ?        I<   Oct01   0:00 [rcu_sched]\nroot        70  0.0  0.0      0     0 ?        S    Oct01   0:00 [migration/21]\nroot        71  0.0  0.0      0     0 ?        S    Oct01   0:00 [ksoftirqd/21]\nroot        72  0.0  0.0      0     0 ?        I<   Oct01   0:00 [rcu_sched]\nroot        73  0.0  0.0      0     0 ?        S    Oct01   0:00 [migration/22]\nroot        74  0.0  0.0      0     0 ?        S    Oct01   0:00 [ksoftirqd/22]\nroot        75  0.0  0.0      0     0 ?        I<   Oct01   0:00 [rcu_sched]\nroot        76  0.0  0.0      0     0 ?        S    Oct01   0:00 [migration/23]\nroot        77  0.0  0.0      0     0 ?        S    Oct01   0:00 [ksoftirqd/23]\nroot        78  0.0  0.0      0     0 ?        I<   Oct01   0:00 [rcu_sched]\nroot        79  0.0  0.0      0     0 ?        S    Oct01   0:00 [migration/24]\nroot        80  0.0  0.0      0     0 ?        S    Oct01   0:00 [ksoftirqd/24]\nroot        81  0.0  0.0      0     0 ?        I<   Oct01   0:00 [rcu_sched]\nroot        82  0.0  0.0      0     0 ?        S    Oct01   0:00 [migration/25]\nroot        83  0.0  0.0      0     0 ?        S    Oct01   0:00 [ksoftirqd/25]\nroot        84  0.0  0.0      0     0 ?        I<   Oct01   0:00 [rcu_sched]\nroot        85  0.0  0.0      0     0 ?        S    Oct01   0:00 [migration/26]\nroot        86  0.0  0.0      0     0 ?        S    Oct01   0:00 [ksoftirqd/26]\nroot        87  0.0  0.0      0     0 ?        I<   Oct01   0:00 [rcu_sched]\nroot        88  0.0  0.0      0     0 ?        S    Oct01   0:00 [migration/27]\nroot        89  0.0  0.0      0     0 ?        S    Oct01   0:00 [ksoftirqd/27]\nroot        90  0.0  0.0      0     0 ?        I<   Oct01   0:00 [rcu_sched]\nroot        91  0.0  0.0      0     0 ?        S    Oct01   0:00 [migration/28]\nroot        92  0.0  0.0      0     0 ?        S    Oct01   0:00 [ksoftirqd/28]\nroot        93  0.0  0.0      0     0 ?        I<   Oct01   0:00 [rcu_sched]\nroot        94  0.0  0.0      0     0 ?        S    Oct01   0:00 [migration/29]\nroot        95  0.0  0.0      0     0 ?        S    Oct01   0:00 [ksoftirqd/29]\nroot        96  0.0  0.0      0     0 ?        I<   Oct01   0:00 [rcu_sched]\nroot        97  0.0  0.0      0     0 ?        S    Oct01   0:00 [migration/30]\nroot        98  0.0  0.0      0     0 ?        S    Oct01   0:00 [ksoftirqd/30]\nroot        99  0.0  0.0      0     0 ?        I<   Oct01   0:00 [rcu_sched]\nroot       100  0.0  0.0      0     0 ?        S    Oct01   0:00 [migration/31]\nroot       101  0.0  0.0      0     0 ?        S    Oct01   0:00 [ksoftirqd/31]\nroot       102  0.0  0.0      0     0 ?        I<   Oct01   0:00 [rcu_sched]\nroot       103  0.0  0.0      0     0 ?        S    Oct01   0:00 [migration/32]\nroot       104  0.0  0.0      0     0 ?        S    Oct01   0:00 [ksoftirqd/32]\nroot       105  0.0  0.0      0     0 ?        I<   Oct01   0:00 [rcu_sched]\nroot       106  0.0  0.0      0     0 ?        S    Oct01   0:00 [migration/33]\nroot       107  0.0  0.0      0     0 ?        S    Oct01   0:00 [ksoftirqd/33]\nroot       108  0.0  0.0      0     0 ?        I<   Oct01   0:00 [rcu_sched]\nroot       109  0.0  0.0      0     0 ?        S    Oct01   0:00 [migration/34]\nroot       110  0.0  0.0      0     0 ?        S    Oct01   0:00 [ksoftirqd/34]\nroot       111  0.0  0.0      0     0 ?        I<   Oct01   0:00 [rcu_sched]\nroot       112  0.0  0.0      0     0 ?        S    Oct01   0:00 [migration/35]\nroot       113  0.0  0.0      0     0 ?        S    Oct01   0:00 [ksoftirqd/35]\nroot       114  0.0  0.0      0     0 ?        I<   Oct01   0:00 [rcu_sched]\nroot       115  0.0  0.0      0     0 ?        S    Oct01   0:00 [migration/36]\nroot       116  0.0  0.0      0     0 ?        S    Oct01   0:00 [ksoftirqd/36]\nroot       117  0.0  0.0      0     0 ?        I<   Oct01   0:00 [rcu_sched]\nroot       118  0.0  0.0      0     0 ?        S    Oct01   0:00 [migration/37]\nroot       119  0.0  0.0      0     0 ?        S    Oct01   0:00 [ksoftirqd/37]\nroot       120  0.0  0.0      0     0 ?        I<   Oct01   0:00 [rcu_sched]\nroot       121  0.0  0.0      0     0 ?        S    Oct01   0:00 [migration/38]\nroot       122  0.0  0.0      0     0 ?        S    Oct01   0:00 [ksoftirqd/38]\nroot       123  0.0  0.0      0     0 ?        I<   Oct01   0:00 [rcu_sched]\nroot       124  0.0  0.0      0     0 ?        S    Oct01   0:00 [migration/39]\nroot       125  0.0  0.0      0     0 ?        S    Oct01   0:00 [ksoftirqd/39]\nroot       126  0.0  0.0      0     0 ?        S    Oct01   0:00 [khelper]\nroot       127  0.0  0.0      0     0 ?        S    Oct01   0:00 [netns]\nroot       128  0.0  0.0      0     0 ?        S    Oct01   0:00 [khungtaskd]\nroot       129  0.0  0.0      0     0 ?        S    Oct01   0:00 [oom_reaper]\nroot       130  0.0  0.0      0     0 ?        S    Oct01   0:00 [writeback]\nroot       131  0.0  0.0      0     0 ?        S    Oct01   0:00 [kcompactd0]\nroot       132  0.0  0.0      0     0 ?        S    Oct01   0:00 [ksmd]\nroot       133  0.0  0.0      0     0 ?        S    Oct01   0:00 [khugepaged]\nroot       134  0.0  0.0      0     0 ?        S    Oct01   0:00 [kintegrityd]\nroot       135  0.0  0.0      0     0 ?        S    Oct01   0:00 [kblockd]\nroot       136  0.0  0.0      0     0 ?        S    Oct01   0:00 [ata_sff]\nroot       137  0.0  0.0      0     0 ?        S    Oct01   0:00 [md]\nroot       138  0.0  0.0      0     0 ?        S    Oct01   0:00 [devfreq_wq]\nroot       139  0.0  0.0      0     0 ?        S    Oct01   0:00 [kswapd0]\nroot       140  0.0  0.0      0     0 ?        S    Oct01   0:00 [ksmd]\nroot       141  0.0  0.0      0     0 ?        S    Oct01   0:00 [khugepaged]\nroot       142  0.0  0.0      0     0 ?        S    Oct01   0:00 [kblockd]\nroot       143  0.0  0.0      0     0 ?        S    Oct01   0:00 [ata_sff]\nroot       144  0.0  0.0      0     0 ?        S    Oct01   0:00 [md]\nroot       145  0.0  0.0      0     0 ?        S    Oct01   0:00 [devfreq_wq]\nroot       146  0.0  0.0      0     0 ?        S    Oct01   0:00 [kswapd0]\nroot       147  0.0  0.0      0     0 ?        S    Oct01   0:00 [ksmd]\nroot       148  0.0  0.0      0     0 ?        S    Oct01   0:00 [khugepaged]\nroot       149  0.0  0.0      0     0 ?        S    Oct01   0:00 [kblockd]\nroot       150  0.0  0.0      0     0 ?        S    Oct01   0:00 [ata_sff]\nroot       151  0.0  0.0      0     0 ?        S    Oct01   0:00 [md]\nroot       152  0.0  0.0      0     0 ?        S    Oct01   0:00 [devfreq_wq]\nroot       153  0.0  0.0      0     0 ?        S    Oct01   0:00 [kswapd0]\nroot       154  0.0  0.0      0     0 ?        S    Oct01   0:00 [ksmd]\nroot       155  0.0  0.0      0     0 ?        S    Oct01   0:00 [khugepaged]\nroot       156  0.0  0.0      0     0 ?        S    Oct01   0:00 [kblockd]\nroot       157  0.0  0.0      0     0 ?        S    Oct01   0:00 [ata_sff]\nroot       158  0.0  0.0      0     0 ?        S    Oct01   0:00 [md]\nroot       159  0.0  0.0      0     0 ?        S    Oct01   0:00 [devfreq_wq]\nroot       160  0.0  0.0      0     0 ?        S    Oct01   0:00 [kswapd0]\nroot       161  0.0  0.0      0     0 ?        S    Oct01   0:00 [ksmd]\nroot       162  0.0  0.0      0     0 ?        S    Oct01   0:00 [khugepaged]\nroot       163  0.0  0.0      0     0 ?        S    Oct01   0:00 [kblockd]\nroot       164  0.0  0.0      0     0 ?        S    Oct01   0:00 [ata_sff]\nroot       165  0.0  0.0      0     0 ?        S    Oct01   0:00 [md]\nroot       166  0.0  0.0      0     0 ?        S    Oct01   0:00 [devfreq_wq]\nroot       167  0.0  0.0      0     0 ?        S    Oct01   0:00 [kswapd0]\nroot       168  0.0  0.0      0     0 ?        S    Oct01   0:00 [ksmd]\nroot       169  0.0  0.0      0     0 ?        S    Oct01   0:00 [khugepaged]\nroot       170  0.0  0.0      0     0 ?        S    Oct01   0:00 [kblockd]\nroot       171  0.0  0.0      0     0 ?        S    Oct01   0:00 [ata_sff]\nroot       172  0.0  0.0      0     0 ?        S    Oct01   0:00 [md]\nroot       173  0.0  0.0      0     0 ?        S    Oct01   0:00 [devfreq_wq]\nroot       174  0.0  0.0      0     0 ?        S    Oct01   0:00 [kswapd0]\nroot       175  0.0  0.0      0     0 ?        S    Oct01   0:00 [ksmd]\nroot       176  0.0  0.0      0     0 ?        S    Oct01   0:00 [khugepaged]\nroot       177  0.0  0.0      0     0 ?        S    Oct01   0:00 [kblockd]\nroot       178  0.0  0.0      0     0 ?        S    Oct01   0:00 [ata_sff]\nroot       179  0.0  0.0      0     0 ?        S    Oct01   0:00 [md]\nroot       180  0.0  0.0      0     0 ?        S    Oct01   0:00 [devfreq_wq]\nroot       181  0.0  0.0      0     0 ?        S    Oct01   0:00 [kswapd0]\nroot       182  0.0  0.0      0     0 ?        S    Oct01   0:00 [ksmd]\nroot       183  0.0  0.0      0     0 ?        S    Oct01   0:00 [khugepaged]\nroot       184  0.0  0.0      0     0 ?        S    Oct01   0:00 [kblockd]\nroot       185  0.0  0.0      0     0 ?        S    Oct01   0:00 [ata_sff]\nroot       186  0.0  0.0      0     0 ?        S    Oct01   0:00 [md]\nroot       187  0.0  0.0      0     0 ?        S    Oct01   0:00 [devfreq_wq]\nroot       188  0.0  0.0      0     0 ?        S    Oct01   0:00 [kswapd0]\nroot       189  0.0  0.0      0     0 ?        S    Oct01   0:00 [ksmd]\nroot       190  0.0  0.0      0     0 ?        S    Oct01   0:00 [khugepaged]\nroot       191  0.0  0.0      0     0 ?        S    Oct01   0:00 [kblockd]\nroot       192  0.0  0.0      0     0 ?        S    Oct01   0:00 [ata_sff]\nroot       193  0.0  0.0      0     0 ?        S    Oct01   0:00 [md]\nroot       194  0.0  0.0      0     0 ?        S    Oct01   0:00 [devfreq_wq]\nroot       195  0.0  0.0      0     0 ?        S    Oct01   0:00 [kswapd0]\nroot       196  0.0  0.0      0     0 ?        S    Oct01   0:00 [ksmd]\nroot       197  0.0  0.0      0     0 ?        S    Oct01   0:00 [khugepaged]\nroot       198  0.0  0.0      0     0 ?        S    Oct01   0:00 [kblockd]\nroot       199  0.0  0.0      0     0 ?        S    Oct01   0:00 [ata_sff]\nroot       200  0.0  0.0      0     0 ?        S    Oct01   0:00 [md]\nroot       201  0.0  0.0      0     0 ?        S    Oct01   0:00 [devfreq_wq]\nroot       202  0.0  0.0      0     0 ?        S    Oct01   0:00 [kswapd0]\nroot       203  0.0  0.0      0     0 ?        S    Oct01   0:00 [ksmd]\nroot       204  0.0  0.0      0     0 ?        S    Oct01   0:00 [khugepaged]\nroot       205  0.0  0.0      0     0 ?        S    Oct01   0:00 [kblockd]\nroot       206  0.0  0.0      0     0 ?        S    Oct01   0:00 [ata_sff]\nroot       207  0.0  0.0      0     0 ?        S    Oct01   0:00 [md]\nroot       208  0.0  0.0      0     0 ?        S    Oct01   0:00 [devfreq_wq]\nroot       209  0.0  0.0      0     0 ?        S    Oct01   0:00 [kswapd0]\nroot       210  0.0  0.0      0     0 ?        S    Oct01   0:00 [ksmd]\nroot       211  0.0  0.0      0     0 ?        S    Oct01   0:00 [khugepaged]\nroot       212  0.0  0.0      0     0 ?        S    Oct01   0:00 [kblockd]\nroot       213  0.0  0.0      0     0 ?        S    Oct01   0:00 [ata_sff]\nroot       214  0.0  0.0      0     0 ?        S    Oct01   0:00 [md]\nroot       215  0.0  0.0      0     0 ?        S    Oct01   0:00 [devfreq_wq]\nroot       216  0.0  0.0      0     0 ?        S    Oct01   0:00 [kswapd0]\nroot       217  0.0  0.0      0     0 ?        S    Oct01   0:00 [ksmd]\nroot       218  0.0  0.0      0     0 ?        S    Oct01   0:00 [khugepaged]\nroot       219  0.0  0.0      0     0 ?        S    Oct01   0:00 [kblockd]\nroot       220  0.0  0.0      0     0 ?        S    Oct01   0:00 [ata_sff]\nroot       221  0.0  0.0      0     0 ?        S    Oct01   0:00 [md]\nroot       222  0.0  0.0      0     0 ?        S    Oct01   0:00 [devfreq_wq]\nroot       223  0.0  0.0      0     0 ?        S    Oct01   0:00 [kswapd0]\nroot       224  0.0  0.0      0     0 ?        S    Oct01   0:00 [ksmd]\nroot       225  0.0  0.0      0     0 ?        S    Oct01   0:00 [khugepaged]\nroot       226  0.0  0.0      0     0 ?        S    Oct01   0:00 [kblockd]\nroot       227  0.0  0.0      0     0 ?        S    Oct01   0:00 [ata_sff]\nroot       228  0.0  0.0      0     0 ?        S    Oct01   0:00 [md]\nroot       229  0.0  0.0      0     0 ?        S    Oct01   0:00 [devfreq_wq]\nroot       230  0.0  0.0      0     0 ?        S    Oct01   0:00 [kswapd0]\nroot       231  0.0  0.0      0     0 ?        S    Oct01   0:00 [ksmd]\nroot       232  0.0  0.0      0     0 ?        S    Oct01   0:00 [khugepaged]\nroot       233  0.0  0.0      0     0 ?        S    Oct01   0:00 [kblockd]\nroot       234  0.0  0.0      0     0 ?        S    Oct01   0:00 [ata_sff]\nroot       235  0.0  0.0      0     0 ?        S    Oct01   0:00 [md]\nroot       236  0.0  0.0      0     0 ?        S    Oct01   0:00 [devfreq_wq]\nroot       237  0.0  0.0      0     0 ?        S    Oct01   0:00 [kswapd0]\nroot       238  0.0  0.0      0     0 ?        S    Oct01   0:00 [ksmd]\nroot       239  0.0  0.0      0     0 ?        S    Oct01   0:00 [khugepaged]\nroot       240  0.0  0.0      0     0 ?        S    Oct01   0:00 [kblockd]\nroot       241  0.0  0.0      0     0 ?        S    Oct01   0:00 [ata_sff]\nroot       242  0.0  0.0      0     0 ?        S    Oct01   0:00 [md]\nroot       243  0.0  0.0      0     0 ?        S    Oct01   0:00 [devfreq_wq]\nroot       244  0.0  0.0      0     0 ?        S    Oct01   0:00 [kswapd0]\nroot       245  0.0  0.0      0     0 ?        S    Oct01   0:00 [ksmd]\nroot       246  0.0  0.0      0     0 ?        S    Oct01   0:00 [khugepaged]\nroot       247  0.0  0.0      0     0 ?        S    Oct01   0:00 [kblockd]\nroot       248  0.0  0.0      0     0 ?        S    Oct01   0:00 [ata_sff]\nroot       249  0.0  0.0      0     0 ?        S    Oct01   0:00 [md]\nroot       250  0.0  0.0      0     0 ?        S    Oct01   0:00 [devfreq_wq]\nroot       251  0.0  0.0      0     0 ?        S    Oct01   0:00 [kswapd0]\nroot       252  0.0  0.0      0     0 ?        S    Oct01   0:00 [ksmd]\nroot       253  0.0  0.0      0     0 ?        S    Oct01   0:00 [khugepaged]\nroot       254  0.0  0.0      0     0 ?        S    Oct01   0:00 [kblockd]\nroot       255  0.0  0.0      0     0 ?        S    Oct01   0:00 [ata_sff]\nroot       256  0.0  0.0      0     0 ?        S    Oct01   0:00 [md]\nroot       257  0.0  0.0      0     0 ?        S    Oct01   0:00 [devfreq_wq]\nroot       258  0.0  0.0      0     0 ?        S    Oct01   0:00 [kswapd0]\nroot       259  0.0  0.0      0     0 ?        S    Oct01   0:00 [ksmd]\nroot       260  0.0  0.0      0     0 ?        S    Oct01   0:00 [khugepaged]\nroot       261  0.0  0.0      0     0 ?        S    Oct01   0:00 [kblockd]\nroot       262  0.0  0.0      0     0 ?        S    Oct01   0:00 [ata_sff]\nroot       263  0.0  0.0      0     0 ?        S    Oct01   0:00 [md]\nroot       264  0.0  0.0      0     0 ?        S    Oct01   0:00 [devfreq_wq]\nroot       265  0.0  0.0      0     0 ?        S    Oct01   0:00 [kswapd0]\nroot       266  0.0  0.0      0     0 ?        S    Oct01   0:00 [ksmd]\nroot       267  0.0  0.0      0     0 ?        S    Oct01   0:00 [khugepaged]\nroot       268  0.0  0.0      0     0 ?        S    Oct01   0:00 [kblockd]\nroot       269  0.0  0.0      0     0 ?        S    Oct01   0:00 [ata_sff]\nroot       270  0.0  0.0      0     0 ?        S    Oct01   0:00 [md]\nroot       271  0.0  0.0      0     0 ?        S    Oct01   0:00 [devfreq_wq]\nroot       272  0.0  0.0      0     0 ?        S    Oct01   0:00 [kswapd0]\nroot       273  0.0  0.0      0     0 ?        S    Oct01   0:00 [ksmd]\nroot       274  0.0  0.0      0     0 ?        S    Oct01   0:00 [khugepaged]\nroot       275  0.0  0.0      0     0 ?        S    Oct01   0:00 [kblockd]\nroot       276  0.0  0.0      0     0 ?        S    Oct01   0:00 [ata_sff]\nroot       277  0.0  0.0      0     0 ?        S    Oct01   0:00 [md]\nroot       278  0.0  0.0      0     0 ?        S    Oct01   0:00 [devfreq_wq]\nroot       279  0.0  0.0      0     0 ?        S    Oct01   0:00 [kswapd0]\nroot       280  0.0  0.0      0     0 ?        S    Oct01   0:00 [ksmd]\nroot       281  0.0  0.0      0     0 ?        S    Oct01   0:00 [khugepaged]\nroot       282  0.0  0.0      0     0 ?        S    Oct01   0:00 [kblockd]\nroot       283  0.0  0.0      0     0 ?        S    Oct01   0:00 [ata_sff]\nroot       284  0.0  0.0      0     0 ?        S    Oct01   0:00 [md]\nroot       285  0.0  0.0      0     0 ?        S    Oct01   0:00 [devfreq_wq]\nroot       286  0.0  0.0      0     0 ?        S    Oct01   0:00 [kswapd0]\nroot       287  0.0  0.0      0     0 ?        S    Oct01   0:00 [ksmd]\nroot       288  0.0  0.0      0     0 ?        S    Oct01   0:00 [khugepaged]\nroot       289  0.0  0.0      0     0 ?        S    Oct01   0:00 [kblockd]\nroot       290  0.0  0.0      0     0 ?        S    Oct01   0:00 [ata_sff]\nroot       291  0.0  0.0      0     0 ?        S    Oct01   0:00 [md]\nroot       292  0.0  0.0      0     0 ?        S    Oct01   0:00 [devfreq_wq]\nroot       293  0.0  0.0      0     0 ?        S    Oct01   0:00 [kswapd0]\nroot       294  0.0  0.0      0     0 ?        S    Oct01   0:00 [ksmd]\nroot       295  0.0  0.0      0     0 ?        S    Oct01   0:00 [khugepaged]\nroot       296  0.0  0.0      0     0 ?        S    Oct01   0:00 [kblockd]\nroot       297  0.0  0.0      0     0 ?        S    Oct01   0:00 [ata_sff]\nroot       298  0.0  0.0      0     0 ?        S    Oct01   0:00 [md]\nroot       299  0.0  0.0      0     0 ?        S    Oct01   0:00 [devfreq_wq]\nroot       300  0.0  0.0      0     0 ?        S    Oct01   0:00 [kswapd0]\nroot       301  0.0  0.0      0     0 ?        S    Oct01   0:00 [ksmd]\nroot       302  0.0  0.0      0     0 ?        S    Oct01   0:00 [khugepaged]\nroot       303  0.0  0.0      0     0 ?        S    Oct01   0:00 [kblockd]\nroot       304  0.0  0.0      0     0 ?        S    Oct01   0:00 [ata_sff]\nroot       305  0.0  0.0      0     0 ?        S    Oct01   0:00 [md]\nroot       306  0.0  0.0      0     0 ?        S    Oct01   0:00 [devfreq_wq]\nroot       307  0.0  0.0      0     0 ?        S    Oct01   0:00 [kswapd0]\nroot       308  0.0  0.0      0     0 ?        S    Oct01   0:00 [ksmd]\nroot       309  0.0  0.0      0     0 ?        S    Oct01   0:00 [khugepaged]\nroot       310  0.0  0.0      0     0 ?        S    Oct01   0:00 [kblockd]\nroot       311  0.0  0.0      0     0 ?        S    Oct01   0:00 [ata_sff]\nroot       312  0.0  0.0      0     0 ?        S    Oct01   0:00 [md]\nroot       313  0.0  0.0      0     0 ?        S    Oct01   0:00 [devfreq_wq]\nroot       314  0.0  0.0      0     0 ?        S    Oct01   0:00 [kswapd0]\nroot       315  0.0  0.0      0     0 ?        S    Oct01   0:00 [ksmd]\nroot       316  0.0  0.0      0     0 ?        S    Oct01   0:00 [khugepaged]\nroot       317  0.0  0.0      0     0 ?        S    Oct01   0:00 [kblockd]\nroot       318  0.0  0.0      0     0 ?        S    Oct01   0:00 [ata_sff]\nroot       319  0.0  0.0      0     0 ?        S    Oct01   0:00 [md]\nroot       320  0.0  0.0      0     0 ?        S    Oct01   0:00 [devfreq_wq]\nroot       321  0.0  0.0      0     0 ?        S    Oct01   0:00 [kswapd0]\nroot       322  0.0  0.0      0     0 ?        S    Oct01   0:00 [ksmd]\nroot       323  0.0  0.0      0     0 ?        S    Oct01   0:00 [khugepaged]\nroot       324  0.0  0.0      0     0 ?        S    Oct01   0:00 [kblockd]\nroot       325  0.0  0.0      0     0 ?        S    Oct01   0:00 [ata_sff]\nroot       326  0.0  0.0      0     0 ?        S    Oct01   0:00 [md]\nroot       327  0.0  0.0      0     0 ?        S    Oct01   0:00 [devfreq_wq]\nroot       328  0.0  0.0      0     0 ?        S    Oct01   0:00 [kswapd0]\nroot       329  0.0  0.0      0     0 ?        S    Oct01   0:00 [ksmd]\nroot       330  0.0  0.0      0     0 ?        S    Oct01   0:00 [khugepaged]\nroot       331  0.0  0.0      0     0 ?        S    Oct01   0:00 [kblockd]\nroot       332  0.0  0.0      0     0 ?        S    Oct01   0:00 [ata_sff]\nroot       333  0.0  0.0      0     0 ?        S    Oct01   0:00 [md]\nroot       334  0.0  0.0      0     0 ?        S    Oct01   0:00 [devfreq_wq]\nroot       335  0.0  0.0      0     0 ?        S    Oct01   0:00 [kswapd0]\nroot       336  0.0  0.0      0     0 ?        S    Oct01   0:00 [ksmd]\nroot       337  0.0  0.0      0     0 ?        S    Oct01   0:00 [khugepaged]\nroot       338  0.0  0.0      0     0 ?        S    Oct01   0:00 [kblockd]\nroot       339  0.0  0.0      0     0 ?        S    Oct01   0:00 [ata_sff]\nroot       340  0.0  0.0      0     0 ?        S    Oct01   0:00 [md]\nroot       341  0.0  0.0      0     0 ?        S    Oct01   0:00 [devfreq_wq]\nroot       342  0.0  0.0      0     0 ?        S    Oct01   0:00 [kswapd0]\nroot       343  0.0  0.0      0     0 ?        S    Oct01   0:00 [ksmd]\nroot       344  0.0  0.0      0     0 ?        S    Oct01   0:00 [khugepaged]\nroot       345  0.0  0.0      0     0 ?        S    Oct01   0:00 [kblockd]\nroot       346  0.0  0.0      0     0 ?        S    Oct01   0:00 [ata_sff]\nroot       347  0.0  0.0      0     0 ?        S    Oct01   0:00 [md]\nroot       348  0.0  0.0      0     0 ?        S    Oct01   0:00 [devfreq_wq]\nroot       349  0.0  0.0      0     0 ?        S    Oct01   0:00 [kswapd0]\nroot       350  0.0  0.0      0     0 ?        S    Oct01   0:00 [ksmd]\nroot       351  0.0  0.0      0     0 ?        S    Oct01   0:00 [khugepaged]\nroot       352  0.0  0.0      0     0 ?        S    Oct01   0:00 [kblockd]\nroot       353  0.0  0.0      0     0 ?        S    Oct01   0:00 [ata_sff]\nroot       354  0.0  0.0      0     0 ?        S    Oct01   0:00 [md]\nroot       355  0.0  0.0      0     0 ?        S    Oct01   0:00 [devfreq_wq]\nroot       356  0.0  0.0      0     0 ?        S    Oct01   0:00 [kswapd0]\nroot       357  0.0  0.0      0     0 ?        S    Oct01   0:00 [ksmd]\nroot       358  0.0  0.0      0     0 ?        S    Oct01   0:00 [khugepaged]\nroot       359  0.0  0.0      0     0 ?        S    Oct01   0:00 [kblockd]\nroot       360  0.0  0.0      0     0 ?        S    Oct01   0:00 [ata_sff]\nroot       361  0.0  0.0      0     0 ?        S    Oct01   0:00 [md]\nroot       362  0.0  0.0      0     0 ?        S    Oct01   0:00 [devfreq_wq]\nroot       363  0.0  0.0      0     0 ?        S    Oct01   0:00 [kswapd0]\nroot       364  0.0  0.0      0     0 ?        S    Oct01   0:00 [ksmd]\nroot       365  0.0  0.0      0     0 ?        S    Oct01   0:00 [khugepaged]\nroot       366  0.0  0.0      0     0 ?        S    Oct01   0:00 [kblockd]\nroot       367  0.0  0.0      0     0 ?        S    Oct01   0:00 [ata_sff]\nroot       368  0.0  0.0      0     0 ?        S    Oct01   0:00 [md]\nroot       369  0.0  0.0      0     0 ?        S    Oct01   0:00 [devfreq_wq]\nroot       370  0.0  0.0      0     0 ?        S    Oct01   0:00 [kswapd0]\nroot       371  0.0  0.0      0     0 ?        S    Oct01   0:00 [ksmd]\nroot       372  0.0  0.0      0     0 ?        S    Oct01   0:00 [khugepaged]\nroot       373  0.0  0.0      0     0 ?        S    Oct01   0:00 [kblockd]\nroot       374  0.0  0.0      0     0 ?        S    Oct01   0:00 [ata_sff]\nroot       375  0.0  0.0      0     0 ?        S    Oct01   0:00 [md]\nroot       376  0.0  0.0      0     0 ?        S    Oct01   0:00 [devfreq_wq]\nroot       377  0.0  0.0      0     0 ?        S    Oct01   0:00 [kswapd0]\nroot       378  0.0  0.0      0     0 ?        S    Oct01   0:00 [ksmd]\nroot       379  0.0  0.0      0     0 ?        S    Oct01   0:00 [khugepaged]\nroot       380  0.0  0.0      0     0 ?        S    Oct01   0:00 [kblockd]\nroot       381  0.0  0.0      0     0 ?        S    Oct01   0:00 [ata_sff]\nroot       382  0.0  0.0      0     0 ?        S    Oct01   0:00 [md]\nroot       383  0.0  0.0      0     0 ?        S    Oct01   0:00 [devfreq_wq]\nroot       384  0.0  0.0      0     0 ?        S    Oct01   0:00 [kswapd0]\nroot       385  0.0  0.0      0     0 ?        S    Oct01   0:00 [ksmd]\nroot       386  0.0  0.0      0     0 ?        S    Oct01   0:00 [khugepaged]\nroot       387  0.0  0.0      0     0 ?        S    Oct01   0:00 [kblockd]\nroot       388  0.0  0.0      0     0 ?        S    Oct01   0:00 [ata_sff]\nroot       389  0.0  0.0      0     0 ?        S    Oct01   0:00 [md]\nroot       390  0.0  0.0      0     0 ?        S    Oct01   0:00 [devfreq_wq]\nroot       391  0.0  0.0      0     0 ?        S    Oct01   0:00 [kswapd0]\nroot       392  0.0  0.0      0     0 ?        S    Oct01   0:00 [ksmd]\nroot       393  0.0  0.0      0     0 ?        S    Oct01   0:00 [khugepaged]\nroot       394  0.0  0.0      0     0 ?        S    Oct01   0:00 [kblockd]\nroot       395  0.0  0.0      0     0 ?        S    Oct01   0:00 [ata_sff]\nroot       396  0.0  0.0      0     0 ?        S    Oct01   0:00 [md]\nroot       397  0.0  0.0      0     0 ?        S    Oct01   0:00 [devfreq_wq]\nroot       398  0.0  0.0      0     0 ?        S    Oct01   0:00 [kswapd0]\nroot       399  0.0  0.0      0     0 ?        S    Oct01   0:00 [ksmd]\nroot       400  0.0  0.0      0     0 ?        S    Oct01   0:00 [khugepaged]\nroot       401  0.0  0.0      0     0 ?        S    Oct01   0:00 [kblockd]\nroot       402  0.0  0.0      0     0 ?        S    Oct01   0:00 [ata_sff]\nroot       403  0.0  0.0      0     0 ?        S    Oct01   0:00 [md]\nroot       404  0.0  0.0      0     0 ?        S    Oct01   0:00 [devfreq_wq]\nroot       405  0.0  0.0      0     0 ?        S    Oct01   0:00 [kswapd0]\nroot       406  0.0  0.0      0     0 ?        S    Oct01   0:00 [ksmd]\nroot       407  0.0  0.0      0     0 ?        S    Oct01   0:00 [khugepaged]\nroot       408  0.0  0.0      0     0 ?        S    Oct01   0:00 [kblockd]\nroot       409  0.0  0.0      0     0 ?        S    Oct01   0:00 [ata_sff]\nroot       410  0.0  0.0      0     0 ?        S    Oct01   0:00 [md]\nroot       411  0.0  0.0      0     0 ?        S    Oct01   0:00 [devfreq_wq]\nroot       412  0.0  0.0      0     0 ?        S    Oct01   0:00 [kswapd0]\nroot       413  0.0  0.0      0     0 ?        S    Oct01   0:00 [ksmd]\nroot       414  0.0  0.0      0     0 ?        S    Oct01   0:00 [khugepaged]\nroot       415  0.0  0.0      0     0 ?        S    Oct01   0:00 [kblockd]\nroot       416  0.0  0.0      0     0 ?        S    Oct01   0:00 [ata_sff]\nroot       417  0.0  0.0      0     0 ?        S    Oct01   0:00 [md]\nroot       418  0.0  0.0      0     0 ?        S    Oct01   0:00 [devfreq_wq]\nroot       419  0.0  0.0      0     0 ?        S    Oct01   0:00 [kswapd0]\nroot       420  0.0  0.0      0     0 ?        S    Oct01   0:00 [ksmd]\nroot       421  0.0  0.0      0     0 ?        S    Oct01   0:00 [khugepaged]\nroot       422  0.0  0.0      0     0 ?        S    Oct01   0:00 [kblockd]\nroot       423  0.0  0.0      0     0 ?        S    Oct01   0:00 [ata_sff]\nroot       424  0.0  0.0      0     0 ?        S    Oct01   0:00 [md]\nroot       425  0.0  0.0      0     0 ?        S    Oct01   0:00 [devfreq_wq]\nroot       426  0.0  0.0      0     0 ?        S    Oct01   0:00 [kswapd0]\nroot       427  0.0  0.0      0     0 ?        S    Oct01   0:00 [ksmd]\nroot       428  0.0  0.0      0     0 ?        S    Oct01   0:00 [khugepaged]\nroot       429  0.0  0.0      0     0 ?        S    Oct01   0:00 [kblockd]\nroot       430  0.0  0.0      0     0 ?        S    Oct01   0:00 [ata_sff]\nroot       431  0.0  0.0      0     0 ?        S    Oct01   0:00 [md]\nroot       432  0.0  0.0      0     0 ?        S    Oct01   0:00 [devfreq_wq]\nroot       433  0.0  0.0      0     0 ?        S    Oct01   0:00 [kswapd0]\nroot       434  0.0  0.0      0     0 ?        S    Oct01   0:00 [ksmd]\nroot       435  0.0  0.0      0     0 ?        S    Oct01   0:00 [khugepaged]\nroot       436  0.0  0.0      0     0 ?        S    Oct01   0:00 [kblockd]\nroot       437  0.0  0.0      0     0 ?        S    Oct01   0:00 [ata_sff]\nroot       438  0.0  0.0      0     0 ?        S    Oct01   0:00 [md]\nroot       439  0.0  0.0      0     0 ?        S    Oct01   0:00 [devfreq_wq]\nroot       440  0.0  0.0      0     0 ?        S    Oct01   0:00 [kswapd0]\nroot       441  0.0  0.0      0     0 ?        S    Oct01   0:00 [ksmd]\nroot       442  0.0  0.0      0     0 ?        S    Oct01   0:00 [khugepaged]\nroot       443  0.0  0.0      0     0 ?        S    Oct01   0:00 [kblockd]\nroot       444  0.0  0.0      0     0 ?        S    Oct01   0:00 [ata_sff]\nroot       445  0.0  0.0      0     0 ?        S    Oct01   0:00 [md]\nroot       446  0.0  0.0      0     0 ?        S    Oct01   0:00 [devfreq_wq]\nroot       447  0.0  0.0      0     0 ?        S    Oct01   0:00 [kswapd0]\nroot       448  0.0  0.0      0     0 ?        S    Oct01   0:00 [ksmd]\nroot       449  0.0  0.0      0     0 ?        S    Oct01   0:00 [khugepaged]\nroot       450  0.0  0.0      0     0 ?        S    Oct01   ",
  "getconf -a": null,
  "pwd": "/root",
  "dmesg | head": "[    0.000000] Booting Linux 3.2.0-4-amd64 ...\n[    0.000000] Linux version 3.2.0-4-amd64 (debian-kernel@lists.debian.org) (gcc version 4.7.2 (Debian 4.7.2-5)) #1 SMP Debian 3.2.57-3\n[    0.000000] Command line: BOOT_IMAGE=/vmlinuz-3.2.0-4-amd64 root=/dev/mapper/vg01-root ro quiet\n[    0.000000] BIOS-provided physical RAM map:\n[    0.000000]  BIOS-e820: 0000000000000000 - 000000000009fc00 (usable)\n[    0.000000]  BIOS-e820: 000000000009fc00 - 00000000000a0000 (reserved)\n[    0.000000]  BIOS-e820: 00000000000e0000 - 0000000000100000 (reserved)\n[    0.000000]  BIOS-e820: 0000000000100000 - 000000007ff00000 (usable)\n[    0.000000]  BIOS-e820: 000000007ff00000 - 000000007fffb000 (reserved)\n[    0.000000]  BIOS-e820: 000000007fffb000 - 0000000080000000 (usable)\n[    0.000000]  BIOS-e820: 0000000080000000 - 00000000ffffffff (reserved)",
  "apt-get update": "Get:1 http://deb.debian.org/debian/ wheezy Release.gpg [1,672 B]\nGet:2 http://deb.debian.org/debian/ wheezy-updates Release.gpg [1,672 B]\nGet:3 http://deb.debian.org/debian/ wheezy Release [186 kB]\nGet:4 http://deb.debian.org/debian/ wheezy-updates Release [14.1 kB]\nGet:5 http://deb.debian.org/debian/ wheezy/main amd64 Packages [6,932 kB]\nGet:6 http://deb.debian.org/debian/ wheezy-updates/main amd64 Packages [5,064 B]\nFetched 7,139 kB in 5s (1,295 kB/s)\nReading package lists... Done",
  "last | head": null,
  "last": null,
  "sysctl -a | grep tcp": "net.ipv4.tcp_available_congestion_control = reno cubic\nnet.ipv4.tcp_congestion_control = cubic\nnet.ipv4.tcp_fin_timeout = 60\nnet.ipv4.tcp_keepalive_intvl = 75\nnet.ipv4.tcp_keepalive_probes = 9\nnet.ipv4.tcp_keepalive_time = 7200\nnet.ipv4.tcp_max_syn_backlog = 128\nnet.ipv4.tcp_max_tw_buckets = 180000\nnet.ipv4.tcp_syn_retries = 5\nnet.ipv4.tcp_synack_retries = 5\nnet.ipv4.tcp_timestamps = 1\nnet.ipv4.tcp_tw_reuse = 0\nnet.ipv4.tcp_tw_recycle = 0\nnet.ipv4.tcp_window_scaling = 1\nnet.ipv4.tcp_wmem = 4096 87380 6291456\nnet.ipv4.tcp_rmem = 4096 87380 6291456",
  "sysctl -a | grep tcp_congestion_control": "net.ipv4.tcp_congestion_control = cubic",
  "sysctl -a | grep tcp_congestion_control && sysctl -w net.ipv4.tcp_congestion_control=reno && sysctl -a | grep tcp_congestion_control": "net.ipv4.tcp_congestion_control = cubic\nnet.ipv4.tcp_congestion_control = reno\nnet.ipv4.tcp_congestion_control = reno",
  "whoami": "root",
  "mount": "/dev/mapper/vg01-root on / type ext4 (rw,errors=remount-ro)\n/dev/sda1 on /boot type ext2 (rw)\n/dev/mapper/vg01-swap_1 on swap type swap (pri=100)",
  "ulimit": "unlimited",
  "ulimit -S 2048 && ulimit": "2048",
  "shutdown --help": "Usage: shutdown [OPTION]... [TIME] [MESSAGE]\nShutdown the system.\n\n  -h, --halt            Halt the machine.\n  -r, --reboot          Reboot the machine.\n  -P, --poweroff        Power off the machine.\n  -k                    Don't actually halt, just warn users.\n  -c                    Cancel a pending shutdown.\n  -t, --time=TIME       Time to wait before halting/rebooting (default: 1 min).\n  -n                    Don't sync before halt.\n  -f                    Force halt/reboot without calling init.\n  -h, --help            Display this help message and exit.\n  -V, --version         Output version information and exit.\n\nTIME may be:\n  now, +[NUMBER][m|h|d] (m=minutes, h=hours, d=days) or a specific time.\nMESSAGE is a message to send to all users.",
  "ps --help simple": null,
  "groups": "root",
  "busybox --list": "ash\ncat\nchgrp\nchmod\nchown\ncp\ndate\ndd\ndf\ndmesg\necho\nfalse\nfind\ngrep\nhostname\nkill\nln\nls\nmkdir\nmknod\nmount\nmv\nps\npwd\nrm\nrmdir\nsh\nsleep\nsync\ntar\ntouch\numount\nuname\nuptime\nvi\nwget",
  "ls /": "bin   boot  dev  etc  home  lib  lib64  media  mnt  opt  proc  root  run  sbin  srv  sys  tmp  usr  var",
  "ls /var/log": "alternatives.log  dpkg.log  faillog  kern.log  lastlog  syslog  wtmp",
  "ls /*bin": "/boot/bin: nil\n/dev/bin: nil\n/home/bin: nil\n/lib/bin: nil\n/lib64/bin: nil\n/media/bin: nil\n/mnt/bin: nil\n/opt/bin: nil\n/proc/bin: nil\n/root/bin: nil\n/run/bin: nil\n/sbin/bin: nil\n/srv/bin: nil\n/sys/bin: nil\n/tmp/bin: nil\n/usr/bin: 2to3         2to3-3.2     7z            a2p           aarch64-linux-gnu-gcc  aarch64-linux-gnu-gcc-4.9  aarch64-linux-gnu-gcc-4.9.real  aarch64-linux-gnu-gcc-ar  aarch64-linux-gnu-gcc-nm  aarch64-linux-gnu-gcc-ranlib  aarch64-linux-gnu-ld  aarch64-linux-gnu-ld.bfd  aarch64-linux-gnu-nm  aarch64-linux-gnu-ranlib  aarch64-linux-gnu-readelf  aarch64-linux-gnu-size  aarch64-linux-gnu-strings  aarch64-linux-gnu-strip  ab             add-apt-repository  adduser        apt            apt-cache      apt-config     apt-get       apt-key       apt-mark      apt-show-versions  ar             aspell         awk           basename       bash           bashbug        bzip2         bzip2recover  cal            cat            chgrp         chmod         chown         chsh          cksum         clear          cmp           comm          cp             cpio          crontab       csh            cut           dash           date          dc             dd            df             diff          diff3        dirname        du             echo          ed             egrep         false         fgrep         find          fmt            fold          free          fuser         getent        grep          groups        gunzip        gzip          head          hostname      id             install       join          kill          less          ln             login         logname       ls             lsof          make          man           mkdir         mktemp        more          mount         mv             nice          nl             nohup         passwd        paste         pathchk       pgrep         printenv      printf        ps             pwd           readlink      rm             rmdir         run-parts     sed           sh             sleep         sort          split         stat          su            sudo          sum           sync          tail          tar           tee           test          touch         tr            true          umask         umount        uname         uncompress     uniq          unlink        uptime        vi            vim           wc            which         who           whoami        xargs         yes           zcat          zcmp          zdiff         zegrep        zfgrep        zless        zmore        znew\n/var/bin: nil\n",
  "df -h": "Filesystem              Size  Used Avail Use% Mounted on\n/dev/mapper/vg01-root   9.8G  2.5G  6.9G  27% /\n/dev/sda1              236M   45M  182M  20% /boot\n/dev/mapper/vg01-swap_1  2.0G     0  2.0G   0% [SWAP]",
