{
  "ping -c 4 www.google.com": "PING www.google.com (142.250.190.46) 56(84) bytes of data.\n64 bytes from lga34s12-in-f14.1e100.net (142.250.190.46): icmp_seq=1 ttl=117 time=10.2 ms\n64 bytes from lga34s12-in-f14.1e100.net (142.250.190.46): icmp_seq=2 ttl=117 time=10.1 ms\n64 bytes from lga34s12-in-f14.1e100.net (142.250.190.46): icmp_seq=3 ttl=117 time=10.0 ms\n64 bytes from lga34s12-in-f14.1e100.net (142.250.190.46): icmp_seq=4 ttl=117 time=10.3 ms\n--- www.google.com ping statistics ---\n4 packets transmitted, 4 received, 0% packet loss, time 3003ms\nrtt min/avg/max/mdev = 10.021/10.157/10.295/0.115 ms",
  "ping -c 4 142.250.203.174": "PING 142.250.203.174 (142.250.203.174) 56(84) bytes of data.\n64 bytes from 142.250.203.174: icmp_seq=1 ttl=117 time=12.3 ms\n64 bytes from 142.250.203.174: icmp_seq=2 ttl=117 time=11.8 ms\n64 bytes from 142.250.203.174: icmp_seq=3 ttl=117 time=11.9 ms\n64 bytes from 142.250.203.174: icmp_seq=4 ttl=117 time=12.0 ms\n--- 142.250.203.174 ping statistics ---\n4 packets transmitted, 4 received, 0% packet loss\nround-trip min/avg/max = 11.8/12.0/12.3 ms",
  "ip a": "1: lo: <LOOPBACK,UP,LOWER_UP> mtu 65536 qdisc noqueue state UNKNOWN qlen 1\n    link/loopback 00:00:00:00:00:00 brd 00:00:00:00:00:00\n    inet 127.0.0.1/8 scope host lo\n       valid_lft forever preferred_lft forever\n2: eth0: <BROADCAST,MULTICAST,UP,LOWER_UP> mtu 1500 qdisc pfifo_fast state UP qlen 1000\n    link/ether 00:1a:2b:3c:4d:5e brd ff:ff:ff:ff:ff:ff\n    inet 192.168.1.10/24 brd 192.168.1.255 scope global eth0\n       valid_lft forever preferred_lft forever",
  "ifconfig": "lo        Link encap:Local Loopback  \n          inet addr:127.0.0.1  Mask:255.0.0.0\n          UP LOOPBACK RUNNING  MTU:65536  Metric:1\n          RX packets:12345 errors:0 dropped:0 overruns:0 frame:0\n          TX packets:12345 errors:0 dropped:0 overruns:0 carrier:0\n          collisions:0 txqueuelen:0 \n          RX bytes:1234567 (1.2 MB)  TX bytes:1234567 (1.2 MB)\neth0      Link encap:Ethernet  HWaddr 00:1a:2b:3c:4d:5e  \n          inet addr:192.168.1.10  Bcast:192.168.1.255  Mask:255.255.255.0\n          UP BROADCAST RUNNING MULTICAST  MTU:1500  Metric:1\n          RX packets:23456 errors:0 dropped:0 overruns:0 frame:0\n          TX packets:23456 errors:0 dropped:0 overruns:0 carrier:0\n          collisions:0 txqueuelen:1000 \n          RX bytes:2345678 (2.3 MB)  TX bytes:2345678 (2.3 MB)",
  "curl www.google.com": "<!doctype html>\n<html itemscope=\"\" itemtype=\"http://schema.org/WebPage\" lang=\"en\">\n<head>\n    <meta content=\"text/html; charset=UTF-8\" http-equiv=\"Content-Type\">\n    <meta content=\"width=device-width,initial-scale=1\" name=\"viewport\">\n    <title>Google</title>\n    <script>(function(){window.google={kEI:'...'};})();</script>\n    <link rel=\"stylesheet\" href=\"https://fonts.googleapis.com/css?family=Roboto:400,500,700&display=swap\">\n    <style>body{font-family:'Roboto',sans-serif;}</style>\n</head>\n<body>\n    <h1>Google</h1>\n</body>\n</html>",
  "curl 142.250.203.174": "<!doctype html>\n<html itemscope=\"\" itemtype=\"http://schema.org/WebPage\" lang=\"en\">\n<head>\n    <meta content=\"text/html; charset=UTF-8\" http-equiv=\"Content-Type\">\n    <meta content=\"width=device-width,initial-scale=1\" name=\"viewport\">\n    <title>Google</title>\n    <script>(function(){window.google={kEI:'...'};})();</script>\n    <link rel=\"stylesheet\" href=\"https://fonts.googleapis.com/css?family=Roboto:400,500,700&display=swap\">\n    <style>body{font-family:'Roboto',sans-serif;}</style>\n</head>\n<body>\n    <h1>Google</h1>\n</body>\n</html>",
  "traceroute www.google.com": "traceroute to www.google.com (142.250.203.174), 30 hops max, 60 byte packets\n 1  192.168.1.1 (192.168.1.1)  1.123 ms  1.234 ms  1.345 ms\n 2  * * *\n 3  * * *\n 4  * * *\n 5  * * *\n 6  * * *\n 7  * * *\n 8  * * *\n 9  * * *\n10  * * *\n11  * * *\n12  * * *\n13  * * *\n14  * * *\n15  * * *\n16  * * *\n17  * * *\n18  * * *\n19  * * *\n20  * * *\n21  * * *\n22  * * *\n23  * * *\n24  * * *\n25  * * *\n26  * * *\n27  * * *\n28  * * *\n29  * * *\n30  * * *",
  "netstat -tulpn": "Active Internet connections (servers and established)\nProto Recv-Q Send-Q Local Address           Foreign Address         State       PID/Program name    \ntcp        0      0 0.0.0.0:22              0.0.0.0:*               LISTEN      1234/sshd         \ntcp6       0      0 :::80                   :::*                    LISTEN      5678/apache2",
  "iptables -L": "Chain INPUT (policy ACCEPT)\ntarget     prot opt source               destination\nChain FORWARD (policy ACCEPT)\ntarget     prot opt source               destination\nChain OUTPUT (policy ACCEPT)\ntarget     prot opt source               destination",
  "cat /etc/resolv.conf": "# Generated by resolvconf\nnameserver 8.8.8.8\nnameserver 8.8.4.4",
  "wget www.google.com": "--2023-10-05 12:00:00--  http://www.google.com/\nResolving www.google.com (www.google.com)... 142.250.203.174\nConnecting to www.google.com (www.google.com)|142.250.203.174|:80... connected.\nHTTP request sent, awaiting response... 200 OK\nLength: 13838 (13K) [text/html]\nSaving to: \u2018index.html\u2019\n100%[======================================>] 13,838      --.-K/s   in 0.01s   \n2023-10-05 12:00:00 (1.00 MB/s) - \u2018index.html\u2019 saved [13838/13838]",
  "wget 142.250.203.174": "--2023-10-05 12:00:00--  http://142.250.203.174/\nResolving 142.250.203.174... 142.250.203.174\nConnecting to 142.250.203.174|142.250.203.174|:80... connected.\nHTTP request sent, awaiting response... 200 OK\nLength: 13838 (13K) [text/html]\nSaving to: \u2018index.html\u2019\n100%[======================================>] 13,838      --.-K/s   in 0.01s   \n2023-10-05 12:00:00 (1.00 MB/s) - \u2018index.html\u2019 saved [13838/13838]",
  "traceroute 142.250.203.174": "traceroute to 142.250.203.174 (142.250.203.174), 30 hops max, 60 byte packets\n 1  192.168.1.1 (192.168.1.1)  1.123 ms  1.234 ms  1.345 ms\n 2  * * *\n 3  10.0.0.1 (10.0.0.1)  10.456 ms  10.567 ms  10.678 ms\n 4  203.0.113.1 (203.0.113.1)  20.789 ms  20.890 ms  20.901 ms\n 5  142.250.203.174 (142.250.203.174)  30.012 ms  30.123 ms  30.234 ms",
  "iptables -t nat -L": "",
  "iptables -A INPUT -m conntrack --ctstate ESTABLISHED RELATED -j ACCEPT && iptables -L INPUT": "Chain INPUT (policy ACCEPT)\ntarget     prot opt source               destination\nACCEPT     all  --  anywhere             anywhere             ctstate ESTABLISHED,RELATED",
  "iptables -A INPUT -s 245.21.189.17 -j DROP && iptables -L INPUT": "Chain INPUT (policy ACCEPT)\ntarget     prot opt source               destination\nACCEPT     all  --  anywhere             anywhere             ctstate ESTABLISHED,RELATED\nDROP       all  --  245.21.189.17        anywhere",
  "iptables -A OUTPUT -p tcp --sport 22 -m conntrack --ctstate ESTABLISHED -j ACCEPT && iptables -L OUTPUT": "Chain OUTPUT (policy ACCEPT)\ntarget     prot opt source               destination\nACCEPT     tcp  --  anywhere             anywhere             tcp spt:22 ctstate ESTABLISHED",
  "netstat": "Active Internet connections (servers and established)\nProto Recv-Q Send-Q Local Address           Foreign Address         State\ntcp        0      0 0.0.0.0:22            0.0.0.0:*               LISTEN\ntcp        0      0 192.168.1.10:22       192.168.1.5:54321       ESTABLISHED\ntcp        0      0 192.168.1.10:54321    192.168.1.10:22         ESTABLISHED\ntcp        0      0 127.0.0.1:3306        0.0.0.0:*               LISTEN\nudp        0      0 0.0.0.0:68            0.0.0.0:*",
  "whois 142.250.203.174": "% Joint Whois - RDAP\nDomain Name: google.com\nRegistry Domain ID: 2138514_DOMAIN_COM-VRSN\nRegistrar WHOIS Server: whois.markmonitor.com\nRegistrar URL: http://www.markmonitor.com\nUpdated Date: 2023-09-29T09:00:00-07:00\nCreation Date: 1997-09-15T00:00:00-07:00\nRegistrar Registration Expiration Date: 2024-09-14T00:00:00-07:00\nRegistrar: MarkMonitor, Inc.\nRegistrar IANA ID: 292\nDomain Status: clientDeleteProhibited https://icann.org/epp#clientDeleteProhibited\nDomain Status: clientTransferProhibited https://icann.org/epp#clientTransferProhibited\nDomain Status: clientUpdateProhibited https://icann.org/epp#clientUpdateProhibited\nDomain Status: serverDeleteProhibited https://icann.org/epp#serverDeleteProhibited\nDomain Status: serverTransferProhibited https://icann.org/epp#serverTransferProhibited\nDomain Status: serverUpdateProhibited https://icann.org/epp#serverUpdateProhibited\nRegistrant Organization: Google LLC\nRegistrant State/Province: CA\nRegistrant Country: US\nAdmin Organization: Google LLC\nAdmin State/Province: CA\nAdmin Country: US\nTech Organization: Google LLC\nTech State/Province: CA\nTech Country: US\nName Server: ns1.google.com\nName Server: ns2.google.com\nName Server: ns3.google.com\nName Server: ns4.google.com\nDNSSEC: signedDelegation\nURL of the ICANN Whois Inaccuracy Complaint Form: https://www.icann.org/wicf/\n>>> Last update of WHOIS database: 2023-10-05T00:00:00-07:00 <<<",
  "wget www.google.com && ls -la": "--2023-10-05 12:00:00--  http://www.google.com/\nResolving www.google.com (www.google.com)... 142.250.203.174\nConnecting to www.google.com (www.google.com)|142.250.203.174|:80... connected.\nHTTP request sent, awaiting response... 200 OK\nLength: 13838 (13K) [text/html]\nSaving to: \u2018index.html\u2019\n100%[======================================>] 13,838      --.-K/s   in 0.01s   \n2023-10-05 12:00:00 (1.00 MB/s) - \u2018index.html\u2019 saved [13838/13838]\ntotal 12\ndrwx------  3 root root 4096 Oct  5 12:00 .\ndrwxr-xr-x  3 root root 4096 Oct  5 12:00 ..\n-rw-r--r--  1 root root 13838 Oct  5 12:00 index.html",
  "ip route": "default via 192.168.1.1 dev eth0 \n192.168.1.0/24 dev eth0  proto kernel  scope link  src 192.168.1.10",
  "ip link": "1: lo: <LOOPBACK,UP,LOWER_UP> mtu 65536 qdisc noqueue state UNKNOWN qlen 1\n    link/loopback 00:00:00:00:00:00 brd 00:00:00:00:00:00\n2: eth0: <BROADCAST,MULTICAST,UP,LOWER_UP> mtu 1500 qdisc pfifo_fast state UP qlen 1000\n    link/ether 00:1a:2b:3c:4d:5e brd ff:ff:ff:ff:ff:ff",
  "ip maddr": "",
  "busybox wget": "",
  "busybox wget http://142.250.203.174": "--2023-10-05 12:00:00--  http://142.250.203.174/\nResolving 142.250.203.174... 142.250.203.174\nConnecting to 142.250.203.174|142.250.203.174|:80... connected.\nHTTP request sent, awaiting response... 200 OK\nLength: 13838 (13K) [text/html]\nSaving to: \u2018index.html\u2019\n100%[======================================>] 13,838      --.-K/s   in 0.01s   \n2023-10-05 12:00:00 (1.00 MB/s) - \u2018index.html\u2019 saved [13838/13838]",
  "uname -a": "Linux svr01 3.2.0-4-amd64 #1 SMP Debian 3.2.113-2 x86_64 GNU/Linux",
  "cat /proc/cpuinfo": "processor\t: 0\nvendor_id\t: GenuineIntel\ncpu family\t: 6\nmodel\t\t: 58\nmodel name\t: Intel(R) Xeon(R) CPU E5-2620 v2 @ 2.10GHz\nstepping\t: 1\nmicrocode\t: 0x1f\ncpu MHz\t\t: 2100.000\ncache size\t: 20480 KB\nphysical id\t: 0\nsiblings\t: 16\ncore id\t\t: 0\ncpu cores\t: 8\napicid\t\t: 0\ninitial apicid\t: 0\nfpu\t\t: yes\nfpu_exception\t: yes\ncpuid level\t: 13\nwp\t\t: yes\nflags\t\t: fpu vme de pse tsc msr pae mce cx8 apic sep mtrr pge mca cmov pat pse36 clflush dts acpi mmx fxsr sse sse2 ss ht tm pbe syscall nx pdpe1gb rdtscp lm constant_tsc art arch_perfmon pebs bts rep_good nopl xtopology nonstop_tsc cpuid aperfmperf pni pclmulqdq dtes64 monitor ds_cpl vmx est tm2 ssse3 sse4_1 sse4_2 x2apic popcnt tsc_deadline_timer aes xsave avx f16c rdrand hypervisor lahf_lm abm invpcid_single pti fsgsbase tsc_adjust bmi1 avx2 smep bmi2 erms\nbugs\t\t: cpu_meltdown spectre_v1 spectre_v2\nbogomips\t: 4200.00\nclflush size\t: 64\ncache_alignment\t: 64\naddress sizes\t: 46 bits physical, 48 bits virtual\npower management: \nprocessor\t: 1\nvendor_id\t: GenuineIntel\ncpu family\t: 6\nmodel\t\t: 58\nmodel name\t: Intel(R) Xeon(R) CPU E5-2620 v2 @ 2.10GHz\nstepping\t: 1\nmicrocode\t: 0x1f\ncpu MHz\t\t: 2100.000\ncache size\t: 20480 KB\nphysical id\t: 0\nsiblings\t: 16\ncore id\t\t: 1\ncpu cores\t: 8\napicid\t\t: 1\ninitial apicid\t: 1\nfpu\t\t: yes\nfpu_exception\t: yes\ncpuid level\t: 13\nwp\t\t: yes\nflags\t\t: fpu vme de pse tsc msr pae mce cx8 apic sep mtrr pge mca cmov pat pse36 clflush dts acpi mmx fxsr sse sse2 ss ht tm pbe syscall nx pdpe1gb rdtscp lm constant_tsc art arch_perfmon pebs bts rep_good nopl xtopology nonstop_tsc cpuid aperfmperf pni pclmulqdq dtes64 monitor ds_cpl vmx est tm2 ssse3 sse4_1 sse4_2 x2apic popcnt tsc_deadline_timer aes xsave avx f16c rdrand hypervisor lahf_lm abm invpcid_single pti fsgsbase tsc_adjust bmi1 avx2 smep bmi2 erms\nbugs\t\t: cpu_meltdown spectre_v1 spectre_v2\nbogomips\t: 4200.00\nclflush size\t: 64\ncache_alignment\t: 64\naddress sizes\t: 46 bits physical, 48 bits virtual\npower management: \n... (output truncated for brevity) ...",
  "cat /proc/meminfo": "MemTotal:        16384000 kB\nMemFree:          1234567 kB\nMemAvailable:     9876543 kB\nBuffers:          123456 kB\nCached:           2345678 kB\nSwapCached:       0 kB\nActive:           4567890 kB\nInactive:         1234567 kB\nActive(anon):     1234567 kB\nInactive(anon):   0 kB\nActive(file):     3333333 kB\nInactive(file):   1234567 kB\nUnevictable:      0 kB\nMlocked:          0 kB\nSwapTotal:       2048000 kB\nSwapFree:        2048000 kB\nDirty:            1234 kB\nWriteback:        0 kB\nAnonPages:        1234567 kB\nMapped:           234567 kB\nShmem:            123456 kB\nSlab:             123456 kB\nSReclaimable:     123456 kB\nSUnreclaim:       0 kB\nKernelStack:      1234 kB\nPageTables:       1234 kB\nNFS_Unstable:     0 kB\nBounce:           0 kB\nWritebackTmp:     0 kB\nCommitLimit:     20480000 kB\nCommitted_AS:    12345678 kB\nVmallocTotal:    123456789 kB\nVmallocUsed:     123456 kB\nVmallocChunk:    123456 kB\nHardwareCorrupted: 0 kB\nAnonHugePages:    0 kB\nShmemHugePages:   0 kB\nShmemPmdMapped:   0 kB\nFileHugePages:    0 kB\nFilePmdMapped:    0 kB\nDirectMap4k:     123456 kB\nDirectMap2M:     12345678 kB\nDirectMap1G:     0 kB",
  "busybox": "",
  "apt-get -y --force-yes install nmap": "Reading package lists... Done\nBuilding dependency tree       \nReading state information... Done\nThe following extra packages will be installed:\n  libnet-dns-perl libnet-pcap-perl libpcap0.8\nThe following NEW packages will be installed:\n  libnet-dns-perl libnet-pcap-perl libpcap0.8 nmap\n0 upgraded, 4 newly installed, 0 to remove and 0 not upgraded.\nNeed to get 2,123 kB of archives.\nAfter this operation, 8,192 kB of additional disk space will be used.\nGet:1 http://deb.debian.org/debian/ wheezy/main libpcap0.8 amd64 1.3.0-1 [156 kB]\nGet:2 http://deb.debian.org/debian/ wheezy/main libnet-dns-perl amd64 0.68-1 [164 kB]\nGet:3 http://deb.debian.org/debian/ wheezy/main libnet-pcap-perl amd64 0.19-1 [56.0 kB]\nGet:4 http://deb.debian.org/debian/ wheezy/main nmap amd64 6.40-1 [1,747 kB]\nFetched 2,123 kB in 1s (1,500 kB/s)\nSelecting previously unselected package libpcap0.8.\n(Reading database ... 123456 files and directories currently installed.)\nPreparing to unpack .../libpcap0.8_1.3.0-1_amd64.deb ...\nUnpacking libpcap0.8 (1.3.0-1) ...\nSelecting previously unselected package libnet-dns-perl.\nPreparing to unpack .../libnet-dns-perl_0.68-1_amd64.deb ...\nUnpacking libnet-dns-perl (0.68-1) ...\nSelecting previously unselected package libnet-pcap-perl.\nPreparing to unpack .../libnet-pcap-perl_0.19-1_amd64.deb ...\nUnpacking libnet-pcap-perl (0.19-1) ...\nSelecting previously unselected package nmap.\nPreparing to unpack .../nmap_6.40-1_amd64.deb ...\nUnpacking nmap (6.40-1) ...\nSetting up libpcap0.8 (1.3.0-1) ...\nSetting up libnet-dns-perl (0.68-1) ...\nSetting up libnet-pcap-perl (0.19-1) ...\nSetting up nmap (6.40-1) ...\nProcessing triggers for libc-bin (2.13-38) ...",
  "apt-get -y --force-yes install telnetd": "Reading package lists... Done\nBuilding dependency tree       \nReading state information... Done\nThe following NEW packages will be installed:\n  telnetd\n0 upgraded, 1 newly installed, 0 to remove and 0 not upgraded.\nNeed to get 56.0 kB of archives.\nAfter this operation, 164 kB of additional disk space will be used.\nGet:1 http://deb.debian.org/debian/ wheezy/main telnetd amd64 0.17-36 [56.0 kB]\nFetched 56.0 kB in 0s (112 kB/s)\nSelecting previously unselected package telnetd.\n(Reading database ... 123456 files and directories currently installed.)\nPreparing to unpack .../telnetd_0.17-36_amd64.deb ...\nUnpacking telnetd (0.17-36) ...\nSetting up telnetd (0.17-36) ...\nProcessing triggers for libc-bin (2.13-38) ...",
  "w": "12:00:00 up 1 day,  3:45,  1 user,  load average: 0.00, 0.01, 0.05\nUSER     TTY      FROM             LOGIN@   IDLE   JCPU   PCPU WHAT\nroot     pts/0    192.168.1.5      11:00    1.00s  0.01s  0.00s w",
  "lscpu": "Architecture:          x86_64\nCPU op-mode(s):        32-bit, 64-bit\nByte Order:            Little Endian\nCPU(s):                16\nOn-line CPU(s) list:   0-15\nThread(s) per core:    2\nCore(s) per socket:    8\nSocket(s):             1\nNUMA node(s):          1\nVendor ID:             GenuineIntel\nCPU family:            6\nModel:                 58\nModel name:            Intel(R) Xeon(R) CPU E5-2620 v2 @ 2.10GHz\nStepping:              1\nCPU MHz:              2100.000\nBogoMIPS:              4200.00\nVirtualization:        VT-x\nL1d cache:             32K\nL1i cache:             32K\nL2 cache:              256K\nL3 cache:              20480K\nNUMA node0 CPU(s):     0-15",
  "lsblk": "NAME   MAJ:MIN RM   SIZE RO TYPE MOUNTPOINT\nsda      8:0    0  100G  0 disk \n\u251c\u2500sda1   8:1    0  100G  0 part /\nsr0     11:0    1  1024M  0 rom",
  "fdisk -l": "Disk /dev/sda: 1000.2 GB, 1000204886016 bytes\n255 heads, 63 sectors/track, 121601 cylinders, total 1953525168 sectors\nUnits = sectors of 1 * 512 = 512 bytes\nSector size (logical/physical): 512 bytes / 512 bytes\nI/O size (minimum/optimal): 512 bytes / 512 bytes\nDisk identifier: 0x00000000\n   Device Boot      Start         End      Blocks   Id  System\n/dev/sda1   *          2048   1953523711   976562832   83  Linux\nDisk /dev/sdb: 20.0 GB, 20000000000 bytes\n255 heads, 63 sectors/track, 2430 cylinders, total 39062500 sectors\nUnits = sectors of 1 * 512 = 512 bytes\nSector size (logical/physical): 512 bytes / 512 bytes\nI/O size (minimum/optimal): 512 bytes / 512 bytes\nDisk identifier: 0x00000000\n   Device Boot      Start         End      Blocks   Id  System\n/dev/sdb1              2048      3906249    1952101   83  Linux",
  "dd if=/dev/zero of=/opt/swap bs=1024 count=524288": "524288+0 records in\n524288+0 records out\n536870912000 bytes (537 MB) copied, 0.123456 s, 4.4 GB/s",
  "service --status-all": "[ + ]  acpid\n [ + ]  anacron\n [ + ]  apache2\n [ + ]  atd\n [ + ]  cron\n [ + ]  dbus\n [ + ]  exim4\n [ + ]  fail2ban\n [ + ]  fetchmail\n [ + ]  gdm\n [ + ]  hostname\n [ + ]  hwclock.sh\n [ + ]  ifupdown\n [ + ]  init.d\n [ + ]  iptables\n [ + ]  isc-dhcp-server\n [ + ]  lighttpd\n [ + ]  mysql\n [ + ]  nfs-common\n [ + ]  nscd\n [ + ]  ntp\n [ + ]  openvpn\n [ + ]  postgresql\n [ + ]  rsyslog\n [ + ]  ssh\n [ + ]  syslog\n [ + ]  udev\n [ + ]  vsftpd\n [ - ]  xinetd\n [ + ]  zlib-flate",
  "env": "SHELL=/bin/bash\nTERM=xterm\nHISTSIZE=1000\nHISTFILESIZE=2000\nUSER=root\nLS_COLORS=rs=0:di=01;34:fi=00;33:ln=01;36:pi=33;34:so=01;35:bd=01;33;40:cd=01;33;40:or=01;31:mi=00;41;37:ex=01;32:\nMAIL=/var/mail/root\nPATH=/usr/local/sbin:/usr/local/bin:/usr/sbin:/usr/bin:/sbin:/bin\nPWD=/root\nLANG=en_US.UTF-8\nSHLVL=1\nHOME=/root\nLOGNAME=root\nLESSOPEN=| /usr/bin/lesspipe %s\nLESSCLOSE=/usr/bin/lesspipe %s %s\n_=/usr/bin/env",
  "dmesg": "[    0.000000] Initializing cgroup subsys cpuset\n[    0.000000] Initializing cgroup subsys cpu\n[    0.000000] Initializing cgroup subsys cpuacct\n[    0.000000] Linux version 3.2.0-4-amd64 (debian-kernel@lists.debian.org) (gcc version 4.7.2 (Debian 4.7.2-5)) #1 SMP Debian 3.2.113-2\n[    0.000000] Command line: BOOT_IMAGE=/vmlinuz-3.2.0-4-amd64 root=/dev/sda1 ro quiet\n[    0.000000] BIOS-provided physical RAM map:\n[    0.000000]  BIOS-e820: 0000000000000000 - 000000000009fc00 (usable)\n[    0.000000]  BIOS-e820: 000000000009fc00 - 00000000000a0000 (reserved)\n[    0.000000]  BIOS-e820: 00000000000e0000 - 0000000000100000 (reserved)\n[    0.000000]  BIOS-e820: 0000000000100000 - 000000007fffffff (usable)\n[    0.000000]  BIOS-e820: 0000000080000000 - 00000000ffffffff (reserved)\n[    0.000000] DMI not present or invalid.\n[    0.000000] e820: last_pfn = 0x80000 max: 0x100000\n[    0.000000] MTRR default type: write-back\n[    0.000000] MTRR fixed ranges enabled:\n[    0.000000]   000000000000 - 000000000FFF write-back\n[    0.000000]   000000001000 - 000000007FFF uncachable\n[    0.000000]   000000008000 - 00000000FFFF write-back\n[    0.000000] MTRR variable ranges enabled:\n[    0.000000]   0 base 000000000000 mask FFFF80000000 write-back\n[    0.000000]   1 base 000000000000 mask FFFFFFFF8000 write-back\n[    0.000000]   2 base 000000000000 mask FFFFFFFFFFFF write-back\n[    0.000000]   3 base 000000000000 mask FFFFFFFFFFFF write-back\n[    0.000000]   4 base 000000000000 mask FFFFFFFFFFFF write-back\n[    0.000000]   5 base 000000000000 mask FFFFFFFFFFFF write-back\n[    0.000000]   6 base 000000000000 mask FFFFFFFFFFFF write-back\n[    0.000000]   7 base 000000000000 mask FFFFFFFFFFFF write-back\n[    0.000000]   8 base 000000000000 mask FFFFFFFFFFFF write-back\n[    0.000000]   9 base 000000000000 mask FFFFFFFFFFFF write-back\n[    0.000000]   10 base 000000000000 mask FFFFFFFFFFFF write-back\n[    0.000000]   11 base 000000000000 mask FFFFFFFFFFFF write-back\n[    0.000000]   12 base 000000000000 mask FFFFFFFFFFFF write-back\n[    0.000000]   13 base 000000000000 mask FFFFFFFFFFFF write-back\n[    0.000000]   14 base 000000000000 mask FFFFFFFFFFFF write-back\n[    0.000000]   15 base 000000000000 mask FFFFFFFFFFFF write-back\n[    0.000000]   16 base 000000000000 mask FFFFFFFFFFFF write-back\n[    0.000000]   17 base 000000000000 mask FFFFFFFFFFFF write-back\n[    0.000000]   18 base 000000000000 mask FFFFFFFFFFFF write-back\n[    0.000000]   19 base 000000000000 mask FFFFFFFFFFFF write-back\n[    0.000000]   20 base 000000000000 mask FFFFFFFFFFFF write-back\n[    0.000000]   21 base 000000000000 mask FFFFFFFFFFFF write-back\n[    0.000000]   22 base 000000000000 mask FFFFFFFFFFFF write-back\n[    0.000000]   23 base 000000000000 mask FFFFFFFFFFFF write-back\n[    0.000000]   24 base 000000000000 mask FFFFFFFFFFFF write-back\n[    0.000000]   25 base 000000000000 mask FFFFFFFFFFFF write-back\n[    0.000000]   26 base 000000000000 mask FFFFFFFFFFFF write-back\n[    0.000000]   27 base 000000000000 mask FFFFFFFFFFFF write-back\n[    0.000000]   28 base 000000000000 mask FFFFFFFFFFFF write-back\n[    0.000000]   29 base 000000000000 mask FFFFFFFFFFFF write-back\n[    0.000000]   30 base 000000000000 mask FFFFFFFFFFFF write-back\n[    0.000000]   31 base 000000000000 mask FFFFFFFFFFFF write-back\n[    0.000000]   32 base 000000000000 mask FFFFFFFFFFFF write-back\n[    0.000000]   33 base 000000000000 mask FFFFFFFFFFFF write-back\n[    0.000000]   34 base 000000000000 mask FFFFFFFFFFFF write-back\n[    0.000000]   35 base 000000000000 mask FFFFFFFFFFFF write-back\n[    0.000000]   36 base 000000000000 mask FFFFFFFFFFFF write-back\n[    0.000000]   37 base 000000000000 mask FFFFFFFFFFFF write-back\n[    0.000000]   38 base 000000000000 mask FFFFFFFFFFFF write-back\n[    0.000000]   39 base 000000000000 mask FFFFFFFFFFFF write-back\n[    0.000000]   40 base 000000000000 mask FFFFFFFFFFFF write-back\n[    0.000000]   41 base 000000000000 mask FFFFFFFFFFFF write-back\n[    0.000000]   42 base 000000000000 mask FFFFFFFFFFFF write-back\n[    0.000000]   43 base 000000000000 mask FFFFFFFFFFFF write-back\n[    0.000000]   44 base 000000000000 mask FFFFFFFFFFFF write-back\n[    0.000000]   45 base 000000000000 mask FFFFFFFFFFFF write-back\n[    0.000000]   46 base 000000000000 mask FFFFFFFFFFFF write-back\n[    0.000000]   47 base 000000000000 mask FFFFFFFFFFFF write-back\n[    0.000000]   48 base 000000000000 mask FFFFFFFFFFFF write-back\n[    0.000000]   49 base 000000000000 mask FFFFFFFFFFFF write-back\n[    0.000000]   50 base 000000000000 mask FFFFFFFFFFFF write-back\n[    0.000000]   51 base 000000000000 mask FFFFFFFFFFFF write-back\n[    0.000000]   52 base 000000000000 mask FFFFFFFFFFFF write-back\n[    0.000000]   53 base 000000000000 mask FFFFFFFFFFFF write-back\n[    0.000000]   54 base 000000000000 mask FFFFFFFFFFFF write-back\n[    0.000000]   55 base 000000000000 mask FFFFFFFFFFFF write-back\n[    0.000000]   56 base 000000000000 mask FFFFFFFFFFFF write-back\n[    0.000000]   57 base 000000000000 mask FFFFFFFFFFFF write-back\n[    0.000000]   58 base 000000000000 mask FFFFFFFFFFFF write-back\n[    0.000000]   59 base 000000000000 mask FFFFFFFFFFFF write-back\n[    0.000000]   60 base 000000000000 mask FFFFFFFFFFFF write-back\n[    0.000000]   61 base 000000000000 mask FFFFFFFFFFFF write-back\n[    0.000000]   62 base 000000000000 mask FFFFFFFFFFFF write-back\n[    0.000000]   63 base 000000000000 mask FFFFFFFFFFFF write-back\n[    0.000000]   64 base 000000000000 mask FFFFFFFFFFFF write-back\n[    0.000000]   65 base 000000000000 mask FFFFFFFFFFFF write-back\n[    0.000000]   66 base 000000000000 mask FFFFFFFFFFFF write-back\n[    0.000000]   67 base 000000000000 mask FFFFFFFFFFFF write-back\n[    0.000000]   68 base 000000000000 mask FFFFFFFFFFFF write-back\n[    0.000000]   69 base 000000000000 mask FFFFFFFFFFFF write-back\n[    0.000000]   70 base 000000000000 mask FFFFFFFFFFFF write-back\n[    0.000000]   71 base 000000000000 mask FFFFFFFFFFFF write-back\n[    0.000000]   72 base 000000000000 mask FFFFFFFFFFFF write-back\n[    0.000000]   73 base 000000000000 mask FFFFFFFFFFFF write-back\n[    0.000000]   74 base 000000000000 mask FFFFFFFFFFFF write-back\n[    0.000000]   75 base 000000000000 mask FFFFFFFFFFFF write-back\n[    0.000000]   76 base 000000000000 mask FFFFFFFFFFFF write-back\n[    0.000000]   77 base 000000000000 mask FFFFFFFFFFFF write-back\n[    0.000000]   78 base 000000000000 mask FFFFFFFFFFFF write-back\n[    0.000000]   79 base 000000000000 mask FFFFFFFFFFFF write-back\n[    0.000000]   80 base 000000000000 mask FFFFFFFFFFFF write-back\n[    0.000000]   81 base 000000000000 mask FFFFFFFFFFFF write-back\n[    0.000000]   82 base 000000000000 mask FFFFFFFFFFFF write-back\n[    0.000000]   83 base 000000000000 mask FFFFFFFFFFFF write-back\n[    0.000000]   84 base 000000000000 mask FFFFFFFFFFFF write-back\n[    0.000000]   85 base 000000000000 mask FFFFFFFFFFFF write-back\n[    0.000000]   86 base 000000000000 mask FFFFFFFFFFFF write-back\n[    0.000000]   87 base 000000000000 mask FFFFFFFFFFFF write-back\n[    0.000000]   88 base 000000000000 mask FFFFFFFFFFFF write-back\n[    0.000000]   89 base 000000000000 mask FFFFFFFFFFFF write-back\n[    0.000000]   90 base 000000000000 mask FFFFFFFFFFFF write-back\n[    0.000000]   91 base 000000000000 mask FFFFFFFFFFFF write-back\n[    0.000000]   92 base 000000000000 mask FFFFFFFFFFFF write-back\n[    0.000000]   93 base 000000000000 mask FFFFFFFFFFFF write-back\n[    0.000000]   94 base 000000000000 mask FFFFFFFFFFFF write-back\n[    0.000000]   95 base 000000000000 mask FFFFFFFFFFFF write-back\n[    0.000000]   96 base 000000000000 mask FFFFFFFFFFFF write-back\n[    0.000000]   97 base 000000000000 mask FFFFFFFFFFFF write-back\n[    0.000000]   98 base 000000000000 mask FFFFFFFFFFFF write-back\n[    0.000000]   99 base 000000000000 mask FFFFFFFFFFFF write-back\n[    0.000000]   100 base 000000000000 mask FFFFFFFFFFFF write-back\n[    0.000000]   101 base 000000000000 mask FFFFFFFFFFFF write-back\n[    0.000000]   102 base 000000000000 mask FFFFFFFFFFFF write-back\n[    0.000000]   103 base 000000000000 mask FFFFFFFFFFFF write-back\n[    0.000000]   104 base 000000000000 mask FFFFFFFFFFFF write-back\n[    0.000000]   105 base 000000000000 mask FFFFFFFFFFFF write-back\n[    0.000000]   106 base 000000000000 mask FFFFFFFFFFFF write-back\n[    0.000000]   107 base 000000000000 mask FFFFFFFFFFFF write-back\n[    0.000000]   108 base 000000000000 mask FFFFFFFFFFFF write-back\n[    0.000000]   109 base 000000000000 mask FFFFFFFFFFFF write-back\n[    0.000000]   110 base 000000000000 mask FFFFFFFFFFFF write-back\n[    0.000000]   111 base 000000000000 mask FFFFFFFFFFFF write-back\n[    0.000000]   112 base 000000000000 mask FFFFFFFFFFFF write-back\n[    0.000000]   113 base 000000000000 mask FFFFFFFFFFFF write-back\n[    0.000000]   114 base 000000000000 mask FFFFFFFFFFFF write-back\n[    0.000000]   115 base 000000000000 mask FFFFFFFFFFFF write-back\n[    0.000000]   116 base 000000000000 mask FFFFFFFFFFFF write-back\n[    0.000000]   117 base 000000000000 mask FFFFFFFFFFFF write-back\n[    0.000000]   118 base 000000000000 mask FFFFFFFFFFFF write-back\n[    0.000000]   119 base 000000000000 mask FFFFFFFFFFFF write-back\n[    0.000000]   120 base 000000000000 mask FFFFFFFFFFFF write-back\n[    0.000000]   121 base 000000000000 mask FFFFFFFFFFFF write-back\n[    0.000000]   122 base 000000000000 mask FFFFFFFFFFFF write-back\n[    0.000000]   123 base 000000000000 mask FFFFFFFFFFFF write-back\n[    0.000000]   124 base 000000000000 mask FFFFFFFFFFFF write-back\n[    0.000000]   125 base 000000000000 mask FFFFFFFFFFFF write-back\n[    0.000000]   126 base 000000000000 mask FFFFFFFFFFFF write-back\n[    0.000000]   127 base 000000000000 mask FFFFFFFFFFFF write-back\n[    0.000000]   128 base 000000000000 mask FFFFFFFFFFFF write-back\n[    0.000000]   129 base 000000000000 mask FFFFFFFFFFFF write-back\n[    0.000000]   130 base 000000000000 mask FFFFFFFFFFFF write-back\n[    0.000000]   131 base 000000000000 mask FFFFFFFFFFFF write-back\n[    0.000000]   132 base 000000000000 mask FFFFFFFFFFFF write-back\n[    0.000000]   133 base 000000000000 mask FFFFFFFFFFFF write-back\n[    0.000000]   134 base 000000000000 mask FFFFFFFFFFFF write-back\n[    0.000000]   135 base 000000000000 mask FFFFFFFFFFFF write-back\n[    0.000000]   136 base 000000000000 mask FFFFFFFFFFFF write-back\n[    0.000000]   137 base 000000000000 mask FFFFFFFFFFFF write-back\n[    0.000000]   138 base 000000000000 mask FFFFFFFFFFFF write-back\n[    0.000000]   139 base 000000000000 mask FFFFFFFFFFFF write-back\n[    0.000000]   140 base 000000000000 mask FFFFFFFFFFFF write-back\n[    0.000000]   141 base 000000000000 mask FFFFFFFFFFFF write-back\n[    0.000000]   142 base 000000000000 mask FFFFFFFFFFFF write-back\n[    0.000000]   143 base 000000000000 mask FFFFFFFFFFFF write-back\n[    0.000000]   144 base 000000000000 mask FFFFFFFFFFFF write-back\n[    0.000000]   145 base 000000000000 mask FFFFFFFFFFFF write-back\n[    0.000000]   146 base 000000000000 mask FFFFFFFFFFFF write-back\n[    0.000000]   147 base 000000000000 mask FFFFFFFFFFFF write-back\n[    0.000000]   148 base 000000000000 mask FFFFFFFFFFFF write-back\n[    0.000000]   149 base 000000000000 mask FFFFFFFFFFFF write-back\n[    0.000000]   150 base 000000000000 mask FFFFFFFFFFFF write-back\n[    0.000000]   151 base 000000000000 mask FFFFFFFFFFFF write-back\n[    0.000000]   152 base 000000000000 mask FFFFFFFFFFFF write-back\n[    0.000000]   153 base 000000000000 mask FFFFFFFFFFFF write-back\n[    0.000000]   154 base 000000000000 mask FFFFFFFFFFFF write-back\n[    0.000000]   155 base 000000000000 mask FFFFFFFFFFFF write-back\n[    0.000000]   156 base 000000000000 mask FFFFFFFFFFFF write-back\n[    0.000000]   157 base 000000000000 mask FFFFFFFFFFFF write-back\n[    0.000000]   158 base 000000000000 mask FFFFFFFFFFFF write-back\n[    0.000000]   159 base 000000000000 mask FFFFFFFFFFFF write-back\n[    0.000000]   160 base 000000000000 mask FFFFFFFFFFFF write-back\n[    0.000000]   161 base 000000000000 mask FFFFFFFFFFFF write-back\n[    0.000000]   162 base 000000000000 mask FFFFFFFFFFFF write-back\n[    0.000000]   163 base 000000000000 mask FFFFFFFFFFFF write-back\n[    0.000000]   164 base 000000000000 mask FFFFFFFFFFFF write-back\n[    0.000000]   165 base 000000000000 mask FFFFFFFFFFFF write-back\n[    0.000000]   166 base 000000000000 mask FFFFFFFFFFFF write-back\n[    0.000000]   167 base 000000000000 mask FFFFFFFFFFFF write-back\n[    0.000000]   168 base 000000000000 mask FFFFFFFFFFFF write-back\n[    0.000000]   169 base 000000000000 mask FFFFFFFFFFFF write-back\n[    0.000000]   170 base 000000000000 mask FFFFFFFFFFFF write-back\n[    0.000000]   171 base 000000000000 mask FFFFFFFFFFFF write-back\n[    0.000000]   172 base 000000000000 mask FFFFFFFFFFFF write-back\n[    0.000000]   173 base 000000000000 mask FFFFFFFFFFFF write-back\n[    0.000000]   174 base 000000000000 mask FFFFFFFFFFFF write-back\n[    0.000000]   175 base 000000000000 mask FFFFFFFFFFFF write-back\n[    0.000000]   176 base 000000000000 mask FFFFFFFFFFFF write-back\n[    0.000000]   177 base 000000000000 mask FFFFFFFFFFFF write-back\n[    0.000000]   178 base 000000000000 mask FFFFFFFFFFFF write-back\n[    0.000000]   179 base 000000000000 mask FFFFFFFFFFFF write-back\n[    0.000000]   180 base 000000000000 mask FFFFFFFFFFFF write-back\n[    0.000000]   181 base 000000000000 mask FFFFFFFFFFFF write-back\n[    0.000000]   182 base 000000000000 mask FFFFFFFFFFFF write-back\n[    0.000000]   183 base 000000000000 mask FFFFFFFFFFFF write-back\n[    0.000000]   184 base 000000000000 mask FFFFFFFFFFFF write-back\n[    0.000000]   185 base 000000000000 mask FFFFFFFFFFFF write-back\n[    0.000000]   186 base 000000000000 mask FFFFFFFFFFFF write-back\n[    0.000000]   187 base 000000000000 mask FFFFFFFFFFFF write-back\n[    0.000000]   188 base 000000000000 mask FFFFFFFFFFFF write-back\n[    0.000000]   189 base 000000000000 mask FFFFFFFFFFFF write-back\n[    0.000000]   190 base 000000000000 mask FFFFFFFFFFFF write-back\n[    0.000000]   191 base 000000000000 mask FFFFFFFFFFFF write-back\n[    0.000000]   192 base 000000000000 mask FFFFFFFFFFFF write-back\n[    0.000000]   193 base 000000000000 mask FFFFFFFFFFFF write-back\n[    0.000000]   194 base 000000000000 mask FFFFFFFFFFFF write-back\n[    0.000000]   195 base 000000000000 mask FFFFFFFFFFFF write-back\n[    0.000000]   196 base 000000000000 mask FFFFFFFFFFFF write-back\n[    0.000000]   197 base 000000000000 mask FFFFFFFFFFFF write-back\n[    0.000000]   198 base 000000000000 mask FFFFFFFFFFFF write-back\n[    0.000000]   199 base 000000000000 mask FFFFFFFFFFFF write-back\n[    0.000000]   200 base 000000000000 mask FFFFFFFFFFFF write-back\n[    0.000000]   201 base 000000000000 mask FFFFFFFFFFFF write-back\n[    0.000000]   202 base 000000000000 mask FFFFFFFFFFFF write-back\n[    0.000000]   203 base 000000000000 mask FFFFFFFFFFFF write-back\n[    0.000000]   204 base 000000000000 mask FFFFFFFFFFFF write-back\n[    0.000000]   205 base 000000000000 mask FFFFFFFFFFFF write-back\n[    0.000000]   206 base 000000000000 mask FFFFFFFFFFFF write-back\n[    0.000000]   207 base 000000000000 mask FFFFFFFFFFFF write-back\n[    0.000000]   208 base 000000000000 mask FFFFFFFFFFFF write-back\n[    0.000000]   209 base 000000000000 mask FFFFFFFFFFFF write-back\n[    0.000000]   210 base 000000000000 mask FFFFFFFFFFFF write-back\n[    0.000000]   211 base 000000000000 mask FFFFFFFFFFFF write-back\n[    0.000000]   212 base 000000000000 mask FFFFFFFFFFFF write-back\n[    0.000000]   213 base 000000000000 mask FFFFFFFFFFFF write-back\n[    0.000000]   214 base 000000000000 mask FFFFFFFFFFFF write-back\n[    0.000000]   215 base 000000000000 mask FFFFFFFFFFFF write-back\n[    0.000000]   216 base 000000000000 mask FFFFFFFFFFFF write-back\n[    0.000000]   217 base 000000000000 mask FFFFFFFFFFFF write-back\n[    0.000000]   218 base 000000000000 mask FFFFFFFFFFFF write-back\n[    0.000000]   219 base 000000000000 mask FFFFFFFFFFFF write-back\n[    0.000000]   220 base 000000000000 mask FFFFFFFFFFFF write-back\n[    0.000000]   221 base 000000000000 mask FFFFFFFFFFFF write-back\n[    0.000000]   222 base 000000000000 mask FFFFFFFFFFFF write-back\n[    0.000000]   223 base 000000000000 mask FFFFFFFFFFFF write-back\n[    0.000000]   224 base 000000000000 mask FFFFFFFFFFFF write-back\n[    0.000000]   225 base 000000000000 mask FFFFFFFFFFFF write-back\n[    0.000000]   226 base 000000000000 mask FFFFFFFFFFFF write-back\n[    0.000000]   227 base 000000000000 mask FFFFFFFFFFFF write-back\n[    0.000000]   228 base 000000000000 mask FFFFFFFFFFFF write-back\n[    0.000000]   229 base 000000000000 mask FFFFFFFFFFFF write-back\n[    0.000000]   230 base 000000000000 mask FFFFFFFFFFFF write-back\n[    0.000000]   231 base 000000000000 mask FFFFFFFFFFFF write-back\n[    0.000000]   232 base 000000000000 mask FFFFFFFFFFFF write-back\n[    0.000000]   233 base 000000000000 mask FFFFFFFFFFFF write-back\n[    0.000000]   234 base 000000000000 mask FFFFFFFFFFFF write-back\n[    0.000000]   235 base 000000000000 mask FFFFFFFFFFFF write-back\n[    0.000000]   236 base 000000000000 mask FFFFFFFFFFFF write-back\n[    0.000000]   237 base 000000000000 mask FFFFFFFFFFFF write-back\n[    0.000000]   238 base 000000000000 mask FFFFFFFFFFFF write-back\n[    0.000000]   239 base 000000000000 mask FFFFFFFFFFFF write-back\n[    0.000000]   240 base 000000000000 mask FFFFFFFFFFFF write-back\n[    0.000000]   241 base 000000000000 mask FFFFFFFFFFFF write-back\n[    0.000000]   242 base 000000000000 mask FFFFFFFFFFFF write-back\n[    0.000000]   243 base 000000000000 mask FFFFFFFFFFFF write-back\n[    0.000000]   244 base 000000000000 mask FFFFFFFFFFFF write-back\n[    0.000000]   245 base 000000000000 mask FFFFFFFFFFFF write-back\n[    0.000000]   246 base 000000000000 mask FFFFFFFFFFFF write-back\n[    0.000000]   247 base 000000000000 mask FFFFFFFFFFFF write-back\n[    0.000000]   248 base 000000000000 mask FFFFFFFFFFFF write-back\n[    0.000000]   249 base 000000000000 mask FFFFFFFFFFFF write-back\n[    0.000000]   250 base 000000000000 mask FFFFFFFFFFFF write-back\n[    0.000000]   251 base 000000000000 mask FFFFFFFFFFFF write-back\n[    0.000000]   252 base 000000000000 mask FFFFFFFFFFFF write-back\n[    0.000000]   253 base 000000000000 mask FFFFFFFFFFFF write-back\n[    0.000000]   254 base 000000000000 mask FFFFFFFFFFFF write-back\n[    0.000000]   255 base 000000000000 mask FFFFFFFFFFFF write-back\n[    0.000000]   256 base 000000000000 mask FFFFFFFFFFFF write-back\n[    0.000000]   257 base 000000000000 mask FFFFFFFFFFFF write-back\n[    0.000000]   258 base 000000000000 mask FFFFFFFFFFFF write-back\n[    0.000000]   259 base 000000000000 mask FFFFFFFFFFFF write-back\n[    0.000000]   260 base 000000000000 mask FFFFFFFFFFFF write-back\n[    0.000000]   261 base 000000000000 mask FFFFFFFFFFFF write-back\n[    0.000000]   262 base 000000000000 mask FFFFFFFFFFFF write-back\n[    0.000000]   263 base 000000000000 mask FFFFFFFFFFFF write-back\n[    0.000000]   264 base 000000000000 mask FFFFFFFFFFFF write-back\n[    0.000000]   265 base 000000000000 mask FFFFFFFFFFFF write-back\n[    0.000000]   266 base 000000000000 mask FFFFFFFFFFFF write-back\n[    0.000000]   267 base 000000000000 mask FFFFFFFFFFFF write-back\n[    0.000000]   268 base 000000000000 mask FFFFFFFFFFFF write-back\n[    0.000000]   269 base 000000000000 mask FFFFFFFFFFFF write-back\n[    0.000000]   270 base 000000000000 mask FFFFFFFFFFFF write-back\n[    0.000000]   271 base 000000000000 mask FFFFFFFFFFFF write-back\n[    0.000000]   272 base 000000000000 mask FFFFFFFFFFFF write-back\n[    0.000000]   273 base 000000000000 mask FFFFFFFFFFFF write-back\n[    0.000000]   274 base 000000000000 mask FFFFFFFFFFFF write-back\n[    0.000000]   275 base 000000000000 mask FFFFFFFFFFFF write-back\n[    0.000000]   276 base 000000000000 mask FFFFFFFFFFFF write-back\n[    0.000000]   277 base 000000000000 mask FFFFFFFFFFFF write-back\n[    0.000000]   278 base 000000000000 mask FFFFFFFFFFFF write-back\n[    0.000000]   279 base 000000000000 mask FFFFFFFFFFFF write-back\n[    0.000000]   280 base 000000000000 mask FFFFFFFFFFFF write-back\n[    0.000000]   281 base 000000000000 mask FFFFFFFFFFFF write-back\n[    0.000000]   282 base 000000000000 mask FFFFFFFFFFFF write-back\n[    0.000000]   283 base 000000000000 mask FFFFFFFFFFFF write-back\n[    0.000000]   284 base 000000000000 mask FFFFFFFFFFFF write-back\n[    0.000000]   285 base 000000000000 mask FFFFFFFFFFFF write-back\n[    0.000000]   286 base 000000000000 mask FFFFFFFFFFFF write-back\n[    0.000000]   287 base 000000000000 mask FFFFFFFFFFFF write-back\n[    0.000000]   288 base 000000000000 mask FFFFFFFFFFFF write-back\n[    0.000000]   289 base 000000000000 mask FFFFFFFFFFFF write-back\n[    0.000000]   290 base 000000000000 mask FFFFFFFFFFFF write-back\n[    0.000000]   291 base 000000000000 mask FFFFFFFFFFFF write-back\n[    0.000000]   292 base 000000000000 mask FFFFFFFFFFFF write-back\n[    0.000000]   293 base 000000000000 mask FFFFFFFFFFFF write-back\n[    0.000000]   294 base 000000000000 mask FFFFFFFFFFFF write-back\n[    0.000000]   295 base 000000000000 mask FFFFFFFFFFFF write-back\n[    0.000000]   296 base 000000000000 mask FFFFFFFFFFFF write-back\n[    0.000000]   297 base 000000000000 mask FFFFFFFFFFFF write-back\n[    0.000000]   298 base 000000000000 mask FFFFFFFFFFFF write-back\n[    0.000000]   299 base 000000000000 mask FFFFFFFFFFFF write-back\n[    0.000000]   300 base 000000000000 mask FFFFFFFFFFFF write-back\n[    0.000000]   301 base 000000000000 mask FFFFFFFFFFFF write-back\n[    0.000000]   302 base 000000000000 mask FFFFFFFFFFFF write-back\n[    0.000000]   303 base 000000000000 mask FFFFFFFFFFFF write-back\n[    0.000000]   304 base 000000000000 mask FFFFFFFFFFFF write-back\n[    0.000000]   305 base 000000000000 mask FFFFFFFFFFFF write-back\n[    0.000000]   306 base 000000000000 mask FFFFFFFFFFFF write-back\n[    0.000000]   307 base 000000000000 mask FFFFFFFFFFFF write-back\n[    0.000000]   308 base 000000000000 mask FFFFFFFFFFFF write-back\n[    0.000000]   309 base 000000000000 mask FFFFFFFFFFFF write-back\n[    0.000000]   310 base 000000000000 mask FFFFFFFFFFFF write-back\n[    0.000000]   311 base 000000000000 mask FFFFFFFFFFFF write-back\n[    0.000000]   312 base 000000000000 mask FFFFFFFFFFFF write-back\n[    0.000000]   313 base 000000000000 mask FFFFFFFFFFFF write-back\n[    0.000000]   314 base 000000000000 mask FFFFFFFFFFFF write-back\n[    0.000000]   315 base 000000000000 mask FFFFFFFFFFFF write-back\n[    0.000000]   316 base 000000000000 mask FFFFFFFFFFFF write-back\n[    0.000000]   317 base 000000000000 mask FFFFFFFFFFFF write-back\n[    0.000000]   318 base 000000000000 mask FFFFFFFFFFFF write-back\n[    0.000000]   319 base 000000000000 mask FFFFFFFFFFFF write-back\n[    0.000000]   320 base 000000000000 mask FFFFFFFFFFFF write-back\n[    0.000000]   321 base 000000000000 mask FFFFFFFFFFFF write-back\n[    0.000000]   322 base 000000000000 mask FFFFFFFFFFFF write-back\n[    0.000000]   323 base 000000000000 mask FFFFFFFFFFFF write-back\n[    0.000000]   324 base 000000000000 mask FFFFFFFFFFFF write-back\n[    0.000000]   325 base 000000000000 mask FFFFFFFFFFFF write-back\n[    0.000000]   326 base 000000000000 mask FFFFFFFFFFFF write-back\n[    0.000000]   327 base 000000000000 mask FFFFFFFFFFFF write-back\n[    0.000000]   328 base 000000000000 mask FFFFFFFFFFFF write-back\n[    0.000000]   329 base 000000000000 mask FFFFFFFFFFFF write-back\n[    0.000000]   330 base 000000000000 mask FFFFFFFFFFFF write-back\n[    0.000000]   331 base 000000000000 mask FFFFFFFFFFFF write-back\n[    0.000000]   332 base 000000000000 mask FFFFFFFFFFFF write-back\n[    0.000000]   333 base 000000000000 mask FFFFFFFFFFFF write-back\n[    0.000000]   334 base 000000000000 mask FFFFFFFFFFFF write-back\n[    0.000000]   335 base 000000000000 mask FFFFFFFFFFFF write-back\n[    0.000000]   336 base 000000000000 mask FFFFFFFFFFFF write-back\n[    0.000000]   337 base 000000000000 mask FFFFFFFFFFFF write-back\n[    0.000000]   338 base 000000000000 mask FFFFFFFFFFFF write-back\n[    0.000000]   339 base 000000000000 mask FFFFFFFFFFFF write-back\n[    0.000000]   340 base 000000000000 mask FFFFFFFFFFFF write-back\n[    0.000000]   341 base 000000000000 mask FFFFFFFFFFFF write-back\n[    0.000000]   342 base 000000000000 mask FFFFFFFFFFFF write-back\n[    0.000000]   343 base 000000000000 mask FFFFFFFFFFFF write-back\n[    0.000000]   344 base 000000000000 mask FFFFFFFFFFFF write-back\n[    0.000000]   345 base 000000000000 mask FFFFFFFFFFFF write-back\n[    0.000000]   346 base 000000000000 mask FFFFFFFFFFFF write-back\n[    0.000000]   347 base 000000000000 mask FFFFFFFFFFFF write-back\n[    0.000000]   348 base 000000000000 mask FFFFFFFFFFFF write-back\n[    0.000000]   349 base 000000000000 mask FFFFFFFFFFFF write-back\n[    0.000000]   350 base 000000000000 mask FFFFFFFFFFFF write-back\n[    0.000000]   351 base 000000000000 mask FFFFFFFFFFFF write-back\n[    0.000000]   352 base 000000000000 mask FFFFFFFFFFFF write-back\n[    0.000000]   353 base 000000000000 mask FFFFFFFFFFFF write-back\n[    0.000000]   354 base 000000000000 mask FFFFFFFFFFFF write-back\n[    0.000000]   355 base 000000000000 mask FFFFFFFFFFFF write-back\n[    0.000000]   356 base 000000000000 mask FFFFFFFFFFFF write-back\n[    0.000000]   357 base 000000000000 mask FFFFFFFFFFFF write-back\n[    0.000000]   358 base 000000000000 mask FFFFFFFFFFFF write-back\n[    0.000000]   359 base 000000000000 mask FFFFFFFFFFFF write-back\n[    0.000000]   360 base 000000000000 mask FFFFFFFFFFFF write-back\n[    0.000000]   361 base 000000000000 mask FFFFFFFFFFFF write-back\n[    0.000000]   362 base 000000000000 mask FFFFFFFFFFFF write-back\n[    0.000000]   363 base 000000000000 mask FFFFFFFFFFFF write-back\n[    0.000000]   364 base 000000000000 mask FFFFFFFFFFFF write-back\n[    0.000000]   365 base 000000000000 mask FFFFFFFFFFFF write-back\n[    0.000000]   366 base 000000000000 mask FFFFFFFFFFFF write-back\n[    0.000000]   367 base 000000000000 mask FFFFFFFFFFFF write-back\n[    0.000000]   368 base 000000000000 mask FFFFFFFFFFFF write-back\n[    0.000000]   369 base 000000000000 mask FFFFFFFFFFFF write-back\n[    0.000000]   370 base 000000000000 mask FFFFFFFFFFFF write-back\n[    0.000000]   371 base 000000000000 mask FFFFFFFFFFFF write-back\n[    0.000000]   372 base 000000000000 mask FFFFFFFFFFFF write-back\n[    0.000000]   373 base 000000000000 mask FFFFFFFFFFFF write-back\n[    0.000000]   374 base 000000000000 mask FFFFFFFFFFFF write-back\n[    0.000000]   375 base 000000000000 mask FFFFFFFFFFFF write-back\n[    0.000000]   376 base 000000000000 mask FFFFFFFFFFFF write-back\n[    0.000000]   377 base 000000000000 mask FFFFFFFFFFFF write-back\n[    0.000000]   378 base 000000000000 mask FFFFFFFFFFFF write-back\n[    0.000000]   379 base 000000000000 mask FFFFFFFFFFFF write-back\n[    0.000000]   380 base 000000000000 mask FFFFFFFFFFFF write-back\n[    0.000000]   381 base 000000000000 mask FFFFFFFFFFFF write-back\n[    0.000000]   382 base 000000000000 mask FFFFFFFFFFFF write-back\n[    0.000000]   383 base 000000000000 mask FFFFFFFFFFFF write-back\n[    0.000000]   384 base 000000000000 mask FFFFFFFFFFFF write-back\n[    0.000000]   385 base 000000000000 mask FFFFFFFFFFFF write-back\n[    0.000000]   386 base 000000000000 mask FFFFFFFFFFFF write-back\n[    0.000000]   387 base 000000000000 mask FFFFFFFFFFFF write-back\n[    0.000000]   388 base 000000000000 mask FFFFFFFFFFFF write-back\n[    0.000000]   389 base 000000000000 mask FFFFFFFFFFFF write-back\n[    0.000000]   390 base 000000000000 mask FFFFFFFFFFFF write-back\n[    0.000000]   391 base 000000000000 mask FFFFFFFFFFFF write-back\n[    0.000000]   392 base 000000000000 mask FFFFFFFFFFFF write-back\n[    0.000000]   393 base 000000000000 mask FFFFFFFFFFFF write-back\n[    0.000000]   394 base 000000000000 mask FFFFFFFFFFFF write-back\n[    0.000000]   395 base 000000000000 mask FFFFFFFFFFFF write-back\n[    0.000000]   396 base 000000000000 mask FFFFFFFFFFFF write-back\n[    0.000000]   397 base 000000000000 mask FFFFFFFFFFFF write-back\n[    0.000000]   398 base 000000000000 mask FFFFFFFFFFFF write-back\n[    0.000000]   399 base 000000000000 mask FFFFFFFFFFFF write-back\n[    0.000000]   400 base 000000000000 mask FFFFFFFFFFFF write-back\n[    0.000000]   401 base 000000000000 mask FFFFFFFFFFFF write-back\n[    0.000000]   402 base 000000000000 mask FFFFFFFFFFFF write-back\n[    0.000000]   403 base 000000000000 mask FFFFFFFFFFFF write-back\n[    0.000000]   404 base 000000000000 mask FFFFFFFFFFFF write-back\n[    0.000000]   405 base 000000000000 mask FFFFFFFFFFFF write-back\n[    0.000000]   406 base 000000000000 mask FFFFFFFFFFFF write-back\n[    0.000000]   407 base 000000000000 mask FFFFFFFFFFFF write-back\n[    0.000000]   408 base 000000000000 mask FFFFFFFFFFFF write-back\n[    0.000000]   409 base 000000000000 mask FFFFFFFFFFFF write-back\n[    0.000000]   410 base 000000000000 mask FFFFFFFFFFFF write-back\n[    0.000000]   411 base 000000000000 mask FFFFFFFFFFFF write-back\n[    0.000000]   412 base 000000000000 mask FFFFFFFFFFFF write-back\n[    0.000000]   413 base 000000000000 mask FFFFFFFFFFFF write-back\n[    0.000000]   414 base 000000000000 mask FFFFFFFFFFFF write-back\n[    0.000000]   415 base 000000000000 mask FFFFFFFFFFFF write-back\n[    0.000000]   416 base 000000000000 mask FFFFFFFFFFFF write-back\n[    0.000000]   417 base 000000000000 mask FFFFFFFFFFFF write-back\n[    0.000000]   418 base 000000000000 mask FFFFFFFFFFFF write-back\n[    0.000000]   419 base 000000000000 mask FFFFFFFFFFFF write-back\n[    0.000000]   420 base 000000000000 mask FFFFFFFFFFFF write-back\n[    0.000000]   421 base 000000000000 mask FFFFFFFFFFFF write-back\n[    0.000000]   422 base 000000000000 mask FFFFFFFFFFFF write-back\n[    0.000000]   423 base 000000000000 mask FFFFFFFFFFFF write-back\n[    0.000000]   424 base 000000000000 mask FFFFFFFFFFFF write-back\n[    0.000000]   425 base 000000000000 mask FFFFFFFFFFFF write-back\n[    0.000000]   426 base 000000000000 mask FFFFFFFFFFFF write-back\n[    0.000000]   427 base 000000000000 mask FFFFFFFFFFFF write-back\n[    0.000000]   428 base 000000000000 mask FFFFFFFFFFFF write-back\n[    0.000000]   429 base 000000000000 mask FFFFFFFFFFFF write-back\n[    0.000000]   430 base 000000000000 mask FFFFFFFFFFFF write-back\n[    0.000000]   431 base 000000000000 mask FFFFFFFFFFFF write-back\n[    0.000000]   432 base 000000000000 mask FFFFFFFFFFFF write-back\n[    0.000000]   433 base 000000000000 mask FFFFFFFFFFFF write-back\n[    0.000000]   434 base 000000000000 mask FFFFFFFFFFFF write-back\n[    0.000000]   435 base 000000000000 mask FFFFFFFFFFFF write-back\n[    0.000000]   436 base 000000000000 mask FFFFFFFFFFFF write-back\n[    0.000000]   437 base 000000000000 mask FFFFFFFFFFFF write-back\n[    0.000000]   438 base 000000000000 mask FFFFFFFFFFFF write-back\n[    0.000000]   439 base 000000000000 mask FFFFFFFFFFFF write-back\n[    0.000000]   440 base 000000000000 mask FFFFFFFFFFFF write-back\n[    0.000000]   441 base 000000000000 mask FFFFFFFFFFFF write-back\n[    0.000000]   442 base 000000000000 mask FFFFFFFFFFFF write-back\n[    0.000000]   443 base 000000000000 mask FFFFFFFFFFFF write-back\n[    0.000000]   444 base 000000000000 mask FFFFFFFFFFFF write-back\n[    0.000000]   445 base 000000000000 mask FFFFFFFFFFFF write-back\n[    0.000000]   446 base 000000000000 mask FFFFFFFFFFFF write-back\n[    0.000000]   447 base 000000000000 mask FFFFFFFFFFFF write-back\n[    0.000000]   448 base 000000000000 mask FFFFFFFFFFFF write-back\n[    0.000000]   449 base 000000000000 mask FFFFFFFFFFFF write-back\n[    0.000000]   450 base 000000000000 mask FFFFFFFFFFFF write-back\n[    0.000000]   451 base 000000000000 mask FFFFFFFFFFFF write-back\n[    0.000000]   452 base 000000000000 mask FFFFFFFFFFFF write-back\n[    0.000000]   453 base 000000000000 mask FFFFFFFFFFFF write-back\n[    0.000000]   454 base 000000000000 mask FFFFFFFFFFFF write-back\n[    0.000000]   455 base 000000000000 mask FFFFFFFFFFFF write-back\n[    0.000000]   456 base 000000000000 mask FFFFFFFFFFFF write-back\n[    0.000000]   457 base 000000000000 mask FFFFFFFFFFFF write-back\n[    0.000000]   458 base 000000000000 mask FFFFFFFFFFFF write-back\n[    0.000000]   459 base 000000000000 mask FFFFFFFFFFFF write-back\n[    0.000000]   460 base 000000000000 mask FFFFFFFFFFFF write-back\n[    0.000000]   461 base 000000000000 mask FFFFFFFFFFFF write-back\n[    0.000000]   462 base 000000000000 mask FFFFFFFFFFFF write-back\n[    0.000000]   463 base 000000000000 mask FFFFFFFFFFFF write-back\n[    0.000000]   464 base 000000000000 mask FFFFFFFFFFFF write-back\n[    0.000000]   465 base 000000000000 mask FFFFFFFFFFFF write-back\n[    0.000000]   466 base 000000000000 mask FFFFFFFFFFFF write-back\n[    0.000000]   467 base 000000000000 mask FFFFFFFFFFFF write-back\n[    0.000000]   468 base 000000000000 mask FFFFFFFFFFFF write-back\n[    0.000000]   469 base 000000000000 mask FFFFFFFFFFFF write-back\n[    0.000000]   470 base 000000000000 mask FFFFFFFFFFFF write-back\n[    0.000000]   471 base 000000000000 mask FFFFFFFFFFFF write-back\n[    0.000000]   472 base 000000000000 mask FFFFFFFFFFFF write-back\n[    0.000000]   473 base 000000000000 mask FFFFFFFFFFFF write-back\n[    0.000000]   474 base 000000000000 mask FFFFFFFFFFFF write-back\n[    0.000000]   475 base 000000000000 mask FFFFFFFFFFFF write-back\n[    0.000000]   476 base 000000000000 mask FFFFFFFFFFFF write-back\n[    0.000000]   477 base 000000000000 mask FFFFFFFFFFFF write-back\n[    0.000000]   478 base 000000000000 mask FFFFFFFFFFFF write-back\n[    0.000000]   479 base 000000000000 mask FFFFFFFFFFFF write-back\n[    0.000000]   480 base 000000000000 mask FFFFFFFFFFFF write-back\n[    0.000000]   481 base 000000000000 mask FFFFFFFFFFFF write-back\n[    0.000000]   482 base 000000000000 mask FFFFFFFFFFFF write-back\n[    0.000000]   483 base 000000000000 mask FFFFFFFFFFFF write-back\n[    0.000000]   484 base 000000000000 mask FFFFFFFFFFFF write-back\n[    0.000000]   485 base 000000000000 mask FFFFFFFFFFFF write-back\n[    0.000000]   486 base 000000000000 mask FFFFFFFFFFFF write-back\n[    0.000000]   487 base 000000000000 mask FFFFFFFFFFFF write-back\n[    0.000000]   488 base 000000000000 mask FFFFFFFFFFFF write-back\n[    0.000000]   489 base 000000000000 mask FFFFFFFFFFFF write-back\n[    0.000000]   490 base 000000000000 mask FFFFFFFFFFFF write-back\n[    0.000000]   491 base 000000000000 mask FFFFFFFFFFFF write-back\n[    0.000000]   492 base 000000000000 mask FFFFFFFFFFFF write-back\n[    0.000000]   493 base 000000000000 mask FFFFFFFFFFFF write-back\n[    0.000000]   494 base 000000000000 mask FFFFFFFFFFFF write-back\n[    0.000000]   495 base 000000000000 mask FFFFFFFFFFFF write-back\n[    0.000000]   496 base 000000000000 mask FFFFFFFFFFFF write-back\n[    0.000000]   497 base 000000000000 mask FFFFFFFFFFFF write-back\n[    0.000000]   498 base 000000000000 mask FFFFFFFFFFFF write-back\n[    0.000000]   499 base 000000000000 mask FFFFFFFFFFFF write-back\n[    0.000000]   500 base 000000000000 mask FFFFFFFFFFFF write-back\n[    0.000000]   501 base 000000000000 mask FFFFFFFFFFFF write-back\n[    0.000000]   502 base 000000000000 mask FFFFFFFFFFFF write-back\n[    0.000000]   503 base 000000000000 mask FFFFFFFFFFFF write-back\n[    0.000000]   504 base 000000000000 mask FFFFFFFFFFFF write-back\n[    0.000000]   505 base 000000000000 mask FFFFFFFFFFFF write-back\n[    0.000000]   506 base 000000000000 mask FFFFFFFFFFFF write-back\n[    0.000000]   507 base 000000000000 mask FFFFFFFFFFFF write-back\n[    0.000000]   508 base 000000000000 mask FFFFFFFFFFFF write-back\n[    0.000000]   509 base 000000000000 mask FFFFFFFFFFFF write-back\n[    0.000000]   510 base 000000000000 mask FFFFFFFFFFFF write-back\n[    0.000000]   511 base 000000000000 mask FFFFFFFFFFFF write-back\n[    0.000000]   512 base 000000000000 mask FFFFFFFFFFFF write-back\n[    0.000000]   513 base 000000000000 mask FFFFFFFFFFFF write-back\n[    0.000000]   514 base 000000000000 mask FFFFFFFFFFFF write-back\n[    0.000000]   515 base 000000000000 mask FFFFFFFFFFFF write-back\n[    0.000000]   516 base 000000000000 mask FFFFFFFFFFFF write-back\n[    0.000000]   517 base 000000000000 mask FFFFFFFFFFFF write-back\n[    0.000000]   518 base 000000000000 mask FFFFFFFFFFFF write-back\n[    0.000000]   519 base 000000000000 mask FFFFFFFFFFFF write-back\n[    0.000000]   520 base 000000000000 mask FFFFFFFFFFFF write-back\n[    0.000000]   521 base 000000000000 mask FFFFFFFFFFFF write-back\n[    0.000000]   522 base 000000000000 mask FFFFFFFFFFFF write-back\n[    0.000000]   523 base 000000000000 mask FFFFFFFFFFFF write-back\n[    0.000000]   524 base 000000000000 mask FFFFFFFFFFFF write-back\n[    0.000000]   525 base 000000000000 mask FFFFFFFFFFFF write-back\n[    0.000000]   526 base 000000000000 mask FFFFFFFFFFFF write-back\n[    0.000000]   527 base 000000000000 mask FFFFFFFFFFFF write-back\n[    0.000000]   528 base 000000000000 mask FFFFFFFFFFFF write-back\n[    0.000000]   529 base 000000000000 mask FFFFFFFFFFFF write-back\n[    0.000000]   530 base 000000000000 mask FFFFFFFFFFFF write-back\n[    0.000000]   531 base 000000000000 mask FFFFFFFFFFFF write-back\n[    0.000000]   532 base 000000000000 mask FFFFFFFFFFFF write-back\n[    0.000000]   533 base 000000000000 mask FFFFFFFFFFFF write-back\n[    0.000000]   534 base 000000000000 mask FFFFFFFFFFFF write-back\n[    0.000000]   535 base 000000000000 mask FFFFFFFFFFFF write-back\n[    0.000000]   536 base 000000000000 mask FFFFFFFFFFFF write-back\n[    0.000000]   537 base 000000000000 mask FFFFFFFFFFFF write-back\n[    0.000000]   538 base 000000000000 mask FFFFFFFFFFFF write-back\n[    0.000000]   539 base 000000000000 mask FFFFFFFFFFFF write-back\n[    0.000000]   540 base 000000000000 mask FFFFFFFFFFFF write-back\n[    0.000000]   541 base 000000000000 mask FFFFFFFFFFFF write-back\n[    0.000000]   542 base 000000000000 mask FFFFFFFFFFFF write-back\n[    0.000000]   543 base 000000000000 mask FFFFFFFFFFFF write-back\n[    0.000000]   544 base 000000000000 mask FFFFFFFFFFFF write-back\n[    0.000000]   545 base 000000000000 mask FFFFFFFFFFFF write-back\n[    0.000000]   546 base 000000000000 mask FFFFFFFFFFFF write-back\n[    0.000000]   547 base 000000000000 mask FFFFFFFFFFFF write-back\n[    0.000000]   548 base 000000000000 mask FFFFFFFFFFFF write-back\n[    0.000000]   549 base 000000000000 mask FFFFFFFFFFFF write-back\n[    0.000000]   550 base 000000000000 mask FFFFFFFFFFFF write-back\n[    0.000000]   551 base 000000000000 mask FFFFFFFFFFFF write-back\n[    0.000000]   552 base 000000000000 mask FFFFFFFFFFFF write-back\n[    0.000000]   553 base 000000000000 mask FFFFFFFFFFFF write-back\n[    0.000000]   554 base 000000000000 mask FFFFFFFFFFFF write-back\n[    0.000000]   555 base 000000000000 mask FFFFFFFFFFFF write-back\n[    0.000000]   556 base 000000000000 mask FFFFFFFFFFFF write-back\n[    0.000000]   557 base 000000000000 mask FFFFFFFFFFFF write-back\n[    0.000000]   558 base 000000000000 mask FFFFFFFFFFFF write-back\n[    0.000000]   559 base 000000000000 mask FFFFFFFFFFFF write-back\n[    0.000000]   560 base 000000000000 mask FFFFFFFFFFFF write-back\n[    0.000000]   561 base 000000000000 mask FFFFFFFFFFFF write-back\n[    0.000000]   562 base 000000000000 mask FFFFFFFFFFFF write-back\n[    0.000000]   563 base 000000000000 mask FFFFFFFFFFFF write-back\n[    0.000000]   564 base 000000000000 mask FFFFFFFFFFFF write-back\n[    0.000000]   565 base 000000000000 mask FFFFFFFFFFFF write-back\n[    0.000000]   566 base 000000000000 mask FFFFFFFFFFFF write-back\n[    0.000000]   567 base 000000000000 mask FFFFFFFFFFFF write-back\n[    0.000000]   568 base 000000000000 mask FFFFFFFFFFFF write-back\n[    0.000000]   569 base 000000000000 mask FFFFFFFFFFFF write-back\n[    0.000000]   570 base 000000000000 mask FFFFFFFFFFFF write-back\n[    0.000000]   571 base 000000000000 mask FFFFFFFFFFFF write-back\n[    0.000000]   572 base 000000000000 mask FFFFFFFFFFFF write-back\n[    0.000000]   573 base 000000000000 mask FFFFFFFFFFFF write-back\n[    0.000000]   574 base 000000000000 mask FFFFFFFFFFFF write-back\n[    0.000000]   575 base 000000000000 mask FFFFFFFFFFFF write-back\n[    0.000000]   576 base 000000000000 mask FFFFFFFFFFFF write-back\n[    0.000000]   577 base 000000000000 mask FFFFFFFFFFFF write-back\n[    0.000000]   578 base 000000000000 mask FFFFFFFFFFFF write-back\n[    0.000000]   579 base 000000000000 mask FFFFFFFFFFFF write-back\n[    0.000000]   580 base 000000000000 mask FFFFFFFFFFFF write-back\n[    0.000000]   581 base 000000000000 mask FFFFFFFFFFFF write-back\n[    0.000000]   582 base 000000000000 mask FFFFFFFFFFFF write-back\n[    0.000000]   583 base 000000000000 mask FFFFFFFFFFFF write-back\n[    0.000000]   584 base 000000000000 mask FFFFFFFFFFFF write-back\n[    0.000000]   585 base 000000000000 mask FFFFFFFFFFFF write-back\n[    0.000000]   586 base 000000000000 mask FFFFFFFFFFFF write-back\n[    0.000000]   587 base 000000000000 mask FFFFFFFFFFFF write-back\n[    0.000000]   588 base 000000000000 mask FFFFFFFFFFFF write-back\n[    0.000000]   589 base 000000000000 mask FFFFFFFFFFFF write-back\n[    0.000000]   590 base 000000000000 mask FFFFFFFFFFFF write-back\n[    0.000000]   591 base 000000000000 mask FFFFFFFFFFFF write-back\n[    0.000000]   592 base 000000000000 mask FFFFFFFFFFFF write-back\n[    0.000000]   593 base 000000000000 mask FFFFFFFFFFFF write-back\n[    0.000000]   594 base 000000000000 mask FFFFFFFFFFFF write-back\n[    0.000000]   595 base 000000000000 mask FFFFFFFFFFFF write-back\n[    0.000000]   596 base 000000000000 mask FFFFFFFFFFFF write-back\n[    0.000000]   597 base 000000000000 mask FFFFFFFFFFFF write-back\n[    0.000000]   598 base 000000000000 mask FFFFFFFFFFFF write-back\n[    0.000000]   599 base 000000000000 mask FFFFFFFFFFFF write-back\n[    0.000000]   600 base 000000000000 mask FFFFFFFFFFFF write-back\n[    0.000000]   601 base 000000000000 mask FFFFFFFFFFFF write-back\n[    0.000000]   602 base 000000000000 mask FFFFFFFFFFFF write-back\n[    0.000000]   603 base 000000000000 mask FFFFFFFFFFFF write-back\n[    0.000000]   604 base 000000000000 mask FFFFFFFFFFFF write-back\n[    0.000000]   605 base 000000000000 mask FFFFFFFFFFFF write-back\n[    0.000000]   606 base 000000000000 mask FFFFFFFFFFFF write-back\n[    0.000000]   607 base 000000000000 mask FFFFFFFFFFFF write-back\n[    0.000000]   608 base 000000000000 mask FFFFFFFFFFFF write-back\n[    0.000000]   609 base 000000000000 mask FFFFFFFFFFFF write-back\n[    0.000000]   610 base 000000000000 mask FFFFFFFFFFFF write-back\n[    0.000000]   611 base 000000000000 mask FFFFFFFFFFFF write-back\n[    0.000000]   612 base 000000000000 mask FFFFFFFFFFFF write-back\n[    0.000000]   613 base 000000000000 mask FFFFFFFFFFFF write-back\n[    0.000000]   614 base 000000000000 mask FFFFFFFFFFFF write-back\n[    0.000000]   615 base 000000000000 mask FFFFFFFFFFFF write-back\n[    0.000000]   616 base 000000000000 mask FFFFFFFFFFFF write-back\n[    0.000000]   617 base 000000000000 mask FFFFFFFFFFFF write-back\n[    0.000000]   618 base 000000000000 mask FFFFFFFFFFFF write-back\n[    0.000000]   619 base 000000000000 mask FFFFFFFFFFFF write-back\n[    0.000000]   620 base 000000000000 mask FFFFFFFFFFFF write-back\n[    0.000000]   621 base 000000000000 mask FFFFFFFFFFFF write-back\n[    0.000000]   622 base 000000000000 mask FFFFFFFFFFFF write-back\n[    0.000000]   623 base 000000000000 mask FFFFFFFFFFFF write-back\n[    0.000000]   624 base 000000000000 mask FFFFFFFFFFFF write-back\n[    0.000000]   625 base 000000000000 mask FFFFFFFFFFFF write-back\n[    0.000000]   626 base 000000000000 mask FFFFFFFFFFFF write-back\n[    0.000000]   627 base 000000000000 mask FFFFFFFFFFFF write-back\n[    0.000000]   628 base 000000000000 mask FFFFFFFFFFFF write-back\n[    0.000000]   629 base 000000000000 mask FFFFFFFFFFFF write-back\n[    0.000000]   630 base 000000000000 mask FFFFFFFFFFFF write-back\n[    0.000000]   631 base 000000000000 mask FFFFFFFFFFFF write-back\n[    0.000000]   632 base 000000000000 mask FFFFFFFFFFFF write-back\n[    0.000000]   633 base 000000000000 mask FFFFFFFFFFFF write-back\n[    0.000000]   634 base 000000000000 mask FFFFFFFFFFFF write-back\n[    0.000000]   635 base 000000000000 mask FFFFFFFFFFFF write-back\n[    0.000000]   636 base 000000000000 mask FFFFFFFFFFFF write-back\n[    0.000000]   637 base 000000000000 mask FFFFFFFFFFFF write-back\n[    0.000000]   638 base 000000000000 mask FFFFFFFFFFFF write-back\n[    0.000000]   639 base 000000000000 mask FFFFFFFFFFFF write-back\n[    0.000000]   640 base 000000000000 mask FFFFFFFFFFFF write-back\n[    0.000000]   641 base 000000000000 mask FFFFFFFFFFFF write-back\n[    0.000000]   642 base 000000000000 mask FFFFFFFFFFFF write-back\n[    0.000000]   643 base 000000000000 mask FFFFFFFFFFFF write-back\n[    0.000000]   644 base 000000000000 mask FFFFFFFFFFFF write-back\n[    0.000000]   645 base 000000000000 mask FFFFFFFFFFFF write-back\n[    0.000000]   646 base 000000000000 mask FFFFFFFFFFFF write-back\n[    0.000000]   647 base 000000000000 mask FFFFFFFFFFFF write-back\n[    0.000000]   648 base 000000000000 mask FFFFFFFFFFFF write-back\n[    0.000000]   649 base 000000000000 mask FFFFFFFFFFFF write-back\n[    0.000000]   650 base 000000000000 mask FFFFFFFFFFFF write-back\n[    0.000000]   651 base 000000000000 mask FFFFFFFFFFFF write-back\n[    0.000000]   652 base 000000000000 mask FFFFFFFFFFFF write-back\n[    0.000000]   653 base 000000000000 mask FFFFFFFFFFFF write-back\n[    0.000000]   654 base 000000000000 mask FFFFFFFFFFFF write-back\n[    0.000000]   655 base 000000000000 mask FFFFFFFFFFFF write-back\n[    0.000000]   656 base 000000000000 mask FFFFFFFFFFFF write-back\n[    0.000000]   657 base 000000000000 mask FFFFFFFFFFFF write-back\n[    0.000000]   658 base 000000000000 mask FFFFFFFFFFFF write-back\n[    0.000000]   659 base 000000000000 mask FFFFFFFFFFFF write-back\n[    0.000000]   660 base 000000000000 mask FFFFFFFFFFFF write-back\n[    0.000000]   661 base 000000000000 mask FFFFFFFFFFFF write-back\n[    0.000000]",
  "perl -ne 'print if 1 .. 3' /etc/passwd": "root:x:0:0:root:/root:/bin/bash\ndaemon:x:1:1:daemon:/usr/sbin:/usr/sbin/nologin\nbin:x:2:2:bin:/bin:/usr/sbin/nologin",
